frame:0/5479  totaltime:141.9939ms  frame time:141.9939ms  delay_time:101.9939ms
frame:1/5479  totaltime:236.9951ms  frame time:95.0012ms  delay_time:156.9951ms
frame:2/5479  totaltime:291.9964ms  frame time:55.0013ms  delay_time:171.9964ms
frame:3/5479  totaltime:400.0196ms  frame time:108.0232ms  delay_time:240.0196ms
frame:4/5479  totaltime:505.9935ms  frame time:105.9739ms  delay_time:305.9935ms
frame:5/5479  totaltime:588.0002ms  frame time:81.0065ms  delay_time:348.0002ms
frame:6/5479  totaltime:705.999ms  frame time:117.9988ms  delay_time:425.999ms
frame:7/5479  totaltime:822.2276ms  frame time:116.2286ms  delay_time:502.2276ms
frame:8/5479  totaltime:890.2243ms  frame time:67.9967ms  delay_time:530.2243ms
frame:9/5479  totaltime:953.3863ms  frame time:63.162ms  delay_time:553.3863ms
frame:10/5479  totaltime:1.044513s  frame time:91.1267ms  delay_time:604.513ms
frame:11/5479  totaltime:1.1165143s  frame time:72.0013ms  delay_time:636.5143ms
frame:12/5479  totaltime:1.2075161s  frame time:91.0018ms  delay_time:687.5161ms
frame:13/5479  totaltime:1.2915125s  frame time:83.9964ms  delay_time:731.5125ms
frame:14/5479  totaltime:1.3735171s  frame time:82.0046ms  delay_time:773.5171ms
frame:15/5479  totaltime:1.4405157s  frame time:66.9986ms  delay_time:800.5157ms
frame:16/5479  totaltime:1.545514s  frame time:104.9983ms  delay_time:865.514ms
frame:17/5479  totaltime:1.5915536s  frame time:46.0396ms  delay_time:871.5536ms
frame:18/5479  totaltime:1.7147389s  frame time:123.1853ms  delay_time:954.7389ms
frame:19/5479  totaltime:1.7897439s  frame time:75.005ms  delay_time:989.7439ms
frame:20/5479  totaltime:1.8518311s  frame time:62.0872ms  delay_time:1.0118311s
frame:21/5479  totaltime:1.951832s  frame time:100.0009ms  delay_time:1.071832s
frame:22/5479  totaltime:2.0089772s  frame time:57.1452ms  delay_time:1.0889772s
frame:23/5479  totaltime:2.169982s  frame time:161.0048ms  delay_time:1.209982s
frame:24/5479  totaltime:2.289978s  frame time:119.996ms  delay_time:1.289978s
frame:25/5479  totaltime:2.4039782s  frame time:114.0002ms  delay_time:1.3639782s
frame:26/5479  totaltime:2.4669786s  frame time:63.0004ms  delay_time:1.3869786s
frame:27/5479  totaltime:2.5619769s  frame time:94.9983ms  delay_time:1.4419769s
frame:28/5479  totaltime:2.7009903s  frame time:139.0134ms  delay_time:1.5409903s
frame:29/5479  totaltime:2.7739772s  frame time:72.9869ms  delay_time:1.5739772s
frame:30/5479  totaltime:2.8371419s  frame time:63.1647ms  delay_time:1.5971419s
frame:31/5479  totaltime:2.9171421s  frame time:80.0002ms  delay_time:1.6371421s
frame:32/5479  totaltime:3.0102925s  frame time:93.1504ms  delay_time:1.6902925s
frame:33/5479  totaltime:3.0992947s  frame time:89.0022ms  delay_time:1.7392947s
frame:34/5479  totaltime:3.2092976s  frame time:110.0029ms  delay_time:1.8092976s
frame:35/5479  totaltime:3.3052934s  frame time:95.9958ms  delay_time:1.8652934s
frame:36/5479  totaltime:3.3822971s  frame time:77.0037ms  delay_time:1.9022971s
frame:37/5479  totaltime:3.4643058s  frame time:82.0087ms  delay_time:1.9443058s
frame:38/5479  totaltime:3.5662956s  frame time:101.9898ms  delay_time:2.0062956s
frame:39/5479  totaltime:3.6752942s  frame time:107.9973ms  delay_time:2.0752942s
frame:40/5479  totaltime:3.757298s  frame time:82.0038ms  delay_time:2.117298s
frame:41/5479  totaltime:3.8205268s  frame time:63.2288ms  delay_time:2.1405268s
frame:42/5479  totaltime:3.9547642s  frame time:134.2374ms  delay_time:2.2347642s
frame:43/5479  totaltime:4.0909276s  frame time:136.1634ms  delay_time:2.3309276s
frame:44/5479  totaltime:4.2069278s  frame time:116.0002ms  delay_time:2.4069278s
frame:45/5479  totaltime:4.3429236s  frame time:135.9958ms  delay_time:2.5029236s
frame:46/5479  totaltime:4.404926s  frame time:62.0024ms  delay_time:2.524926s
frame:47/5479  totaltime:4.4909278s  frame time:86.0018ms  delay_time:2.5709278s
frame:48/5479  totaltime:4.5699241s  frame time:78.9963ms  delay_time:2.6099241s
frame:49/5479  totaltime:4.6159262s  frame time:46.0021ms  delay_time:2.6159262s
frame:50/5479  totaltime:4.6849255s  frame time:68.9993ms  delay_time:2.6449255s
frame:51/5479  totaltime:4.7579278s  frame time:73.0023ms  delay_time:2.6779278s
frame:52/5479  totaltime:4.8620658s  frame time:104.138ms  delay_time:2.7420658s
frame:53/5479  totaltime:4.9620718s  frame time:100.006ms  delay_time:2.8020718s
frame:54/5479  totaltime:5.0330667s  frame time:70.9949ms  delay_time:2.8330667s
frame:55/5479  totaltime:5.1050662s  frame time:71.9995ms  delay_time:2.8650662s
frame:56/5479  totaltime:5.1700656s  frame time:64.9994ms  delay_time:2.8900656s
frame:57/5479  totaltime:5.2732025s  frame time:103.1369ms  delay_time:2.9532025s
frame:58/5479  totaltime:5.3392022s  frame time:65.9997ms  delay_time:2.9792022s
frame:59/5479  totaltime:5.4422002s  frame time:102.998ms  delay_time:3.0422002s
frame:60/5479  totaltime:5.5362792s  frame time:94.079ms  delay_time:3.0962792s
frame:61/5479  totaltime:5.589279s  frame time:52.9998ms  delay_time:3.109279s
frame:62/5479  totaltime:5.6704017s  frame time:81.1227ms  delay_time:3.1504017s
frame:63/5479  totaltime:5.7555309s  frame time:85.1292ms  delay_time:3.1955309s
frame:64/5479  totaltime:5.8205353s  frame time:65.0044ms  delay_time:3.2205353s
frame:65/5479  totaltime:5.9136433s  frame time:93.108ms  delay_time:3.2736433s
frame:66/5479  totaltime:5.9927511s  frame time:79.1078ms  delay_time:3.3127511s
frame:67/5479  totaltime:6.040897s  frame time:48.1459ms  delay_time:3.320897s
frame:68/5479  totaltime:6.0959023s  frame time:54.0001ms  delay_time:3.3359023s
frame:69/5479  totaltime:6.1720096s  frame time:76.1073ms  delay_time:3.3720096s
frame:70/5479  totaltime:6.2750129s  frame time:103.0033ms  delay_time:3.4350129s
frame:71/5479  totaltime:6.3730125s  frame time:97.9996ms  delay_time:3.4930125s
frame:72/5479  totaltime:6.4940402s  frame time:121.0277ms  delay_time:3.5740402s
frame:73/5479  totaltime:6.579026s  frame time:84.9858ms  delay_time:3.619026s
frame:74/5479  totaltime:6.6040101s  frame time:24.9841ms  delay_time:3.6040101s
frame:75/5479  totaltime:6.6180098s  frame time:13.9997ms  delay_time:3.5780098s
frame:76/5479  totaltime:6.6380085s  frame time:19.9987ms  delay_time:3.5580085s
frame:77/5479  totaltime:6.6540104s  frame time:16.0019ms  delay_time:3.5340104s
frame:78/5479  totaltime:6.672009s  frame time:17.9986ms  delay_time:3.512009s
frame:79/5479  totaltime:6.6900111s  frame time:18.0021ms  delay_time:3.4900111s
frame:80/5479  totaltime:6.7060097s  frame time:15.9986ms  delay_time:3.4660097s
frame:81/5479  totaltime:6.7360578s  frame time:30.0481ms  delay_time:3.4560578s
frame:82/5479  totaltime:6.8020565s  frame time:65.9987ms  delay_time:3.4820565s
frame:83/5479  totaltime:6.9103157s  frame time:108.2592ms  delay_time:3.5503157s
frame:84/5479  totaltime:6.9773208s  frame time:67.0051ms  delay_time:3.5773208s
frame:85/5479  totaltime:7.0933179s  frame time:115.9971ms  delay_time:3.6533179s
frame:86/5479  totaltime:7.1673199s  frame time:73.0039ms  delay_time:3.6873199s
frame:87/5479  totaltime:7.2243206s  frame time:57.0007ms  delay_time:3.7043206s
frame:88/5479  totaltime:7.3023186s  frame time:77.998ms  delay_time:3.7423186s
frame:89/5479  totaltime:7.3433184s  frame time:40.9998ms  delay_time:3.7433184s
frame:90/5479  totaltime:7.4274546s  frame time:84.1362ms  delay_time:3.7874546s
frame:91/5479  totaltime:7.5084806s  frame time:81.026ms  delay_time:3.8284806s
frame:92/5479  totaltime:7.5834537s  frame time:74.9731ms  delay_time:3.8634537s
frame:93/5479  totaltime:7.6944509s  frame time:110.9972ms  delay_time:3.9344509s
frame:94/5479  totaltime:7.7444527s  frame time:50.0018ms  delay_time:3.9444527s
frame:95/5479  totaltime:7.7924553s  frame time:48.0026ms  delay_time:3.9524553s
frame:96/5479  totaltime:7.8784529s  frame time:85.9976ms  delay_time:3.9984529s
frame:97/5479  totaltime:7.940452s  frame time:61.9991ms  delay_time:4.020452s
frame:98/5479  totaltime:8.0024521s  frame time:62.0001ms  delay_time:4.0424521s
frame:99/5479  totaltime:8.1054522s  frame time:103.0001ms  delay_time:4.1054522s
frame:100/5479  totaltime:8.187452s  frame time:81.9998ms  delay_time:4.147452s
frame:101/5479  totaltime:8.2534572s  frame time:66.0052ms  delay_time:4.1734572s
frame:102/5479  totaltime:8.358483s  frame time:105.0258ms  delay_time:4.238483s
frame:103/5479  totaltime:8.445455s  frame time:86.972ms  delay_time:4.285455s
frame:104/5479  totaltime:8.5126172s  frame time:67.1622ms  delay_time:4.3126172s
frame:105/5479  totaltime:8.5716167s  frame time:58.9995ms  delay_time:4.3316167s
frame:106/5479  totaltime:8.5886158s  frame time:16.9991ms  delay_time:4.3086158s
frame:107/5479  totaltime:8.602621s  frame time:14.0052ms  delay_time:4.282621s
frame:108/5479  totaltime:8.6186156s  frame time:15.9946ms  delay_time:4.2586156s
frame:109/5479  totaltime:8.6336182s  frame time:15.0026ms  delay_time:4.2336182s
frame:110/5479  totaltime:8.6496176s  frame time:15.9994ms  delay_time:4.2096176s
frame:111/5479  totaltime:8.6636219s  frame time:14.0043ms  delay_time:4.1836219s
frame:112/5479  totaltime:8.6776167s  frame time:13.9948ms  delay_time:4.1576167s
frame:113/5479  totaltime:8.7206184s  frame time:43.0017ms  delay_time:4.1606184s
frame:114/5479  totaltime:8.8096194s  frame time:89.001ms  delay_time:4.2096194s
frame:115/5479  totaltime:8.899752s  frame time:90.1326ms  delay_time:4.259752s
frame:116/5479  totaltime:8.971984s  frame time:72.232ms  delay_time:4.291984s
frame:117/5479  totaltime:9.0371268s  frame time:64.1406ms  delay_time:4.3171268s
frame:118/5479  totaltime:9.1262441s  frame time:89.1173ms  delay_time:4.3662441s
frame:119/5479  totaltime:9.1912958s  frame time:65.0517ms  delay_time:4.3912958s
frame:120/5479  totaltime:9.2842944s  frame time:92.9986ms  delay_time:4.4442944s
frame:121/5479  totaltime:9.3892945s  frame time:105.0001ms  delay_time:4.5092945s
frame:122/5479  totaltime:9.4533912s  frame time:64.0967ms  delay_time:4.5333912s
frame:123/5479  totaltime:9.5393881s  frame time:85.9969ms  delay_time:4.5793881s
frame:124/5479  totaltime:9.6395085s  frame time:100.1204ms  delay_time:4.6395085s
frame:125/5479  totaltime:9.7015076s  frame time:61.9991ms  delay_time:4.6615076s
frame:126/5479  totaltime:9.7766515s  frame time:75.1439ms  delay_time:4.6966515s
frame:127/5479  totaltime:9.8779024s  frame time:101.2509ms  delay_time:4.7579024s
frame:128/5479  totaltime:9.9679131s  frame time:90.0107ms  delay_time:4.8079131s
frame:129/5479  totaltime:10.0159042s  frame time:47.9911ms  delay_time:4.8159042s
frame:130/5479  totaltime:10.1270411s  frame time:111.1369ms  delay_time:4.8870411s
frame:131/5479  totaltime:10.1880216s  frame time:60.9805ms  delay_time:4.9080216s
frame:132/5479  totaltime:10.2510209s  frame time:62.9993ms  delay_time:4.9310209s
frame:133/5479  totaltime:10.3380188s  frame time:86.9979ms  delay_time:4.9780188s
frame:134/5479  totaltime:10.3880192s  frame time:50.0004ms  delay_time:4.9880192s
frame:135/5479  totaltime:10.4430221s  frame time:55.0029ms  delay_time:5.0030221s
frame:136/5479  totaltime:10.5590599s  frame time:116.0378ms  delay_time:5.0790599s
frame:137/5479  totaltime:10.6351207s  frame time:76.0608ms  delay_time:5.1151207s
frame:138/5479  totaltime:10.7171502s  frame time:82.0295ms  delay_time:5.1571502s
frame:139/5479  totaltime:10.8061138s  frame time:88.9636ms  delay_time:5.2061138s
frame:140/5479  totaltime:10.865123s  frame time:59.0092ms  delay_time:5.225123s
frame:141/5479  totaltime:10.8991195s  frame time:33.9965ms  delay_time:5.2191195s
frame:142/5479  totaltime:10.9521173s  frame time:52.9978ms  delay_time:5.2321173s
frame:143/5479  totaltime:10.9921204s  frame time:40.0031ms  delay_time:5.2321204s
frame:144/5479  totaltime:11.1432226s  frame time:151.1022ms  delay_time:5.3432226s
frame:145/5479  totaltime:11.1902206s  frame time:46.998ms  delay_time:5.3502206s
frame:146/5479  totaltime:11.2192252s  frame time:29.0046ms  delay_time:5.3392252s
frame:147/5479  totaltime:11.2892201s  frame time:69.9949ms  delay_time:5.3692201s
frame:148/5479  totaltime:11.3802232s  frame time:91.0031ms  delay_time:5.4202232s
frame:149/5479  totaltime:11.4232225s  frame time:42.9993ms  delay_time:5.4232225s
frame:150/5479  totaltime:11.4872204s  frame time:63.9979ms  delay_time:5.4472204s
frame:151/5479  totaltime:11.5212252s  frame time:34.0048ms  delay_time:5.4412252s
frame:152/5479  totaltime:11.5532225s  frame time:31.9973ms  delay_time:5.4332225s
frame:153/5479  totaltime:11.6590802s  frame time:105.8577ms  delay_time:5.4990802s
frame:154/5479  totaltime:11.8220798s  frame time:162.9996ms  delay_time:5.6220798s
frame:155/5479  totaltime:11.895319s  frame time:73.2392ms  delay_time:5.655319s
frame:156/5479  totaltime:12.0113186s  frame time:115.9996ms  delay_time:5.7313186s
frame:157/5479  totaltime:12.1113265s  frame time:100.0079ms  delay_time:5.7913265s
frame:158/5479  totaltime:12.157319s  frame time:45.9925ms  delay_time:5.797319s
frame:159/5479  totaltime:12.2593203s  frame time:102.0013ms  delay_time:5.8593203s
frame:160/5479  totaltime:12.3404004s  frame time:81.0801ms  delay_time:5.9004004s
frame:161/5479  totaltime:12.457402s  frame time:117.0016ms  delay_time:5.977402s
frame:162/5479  totaltime:12.526537s  frame time:69.135ms  delay_time:6.006537s
frame:163/5479  totaltime:12.6845526s  frame time:158.0156ms  delay_time:6.1245526s
frame:164/5479  totaltime:12.7995332s  frame time:114.9806ms  delay_time:6.1995332s
frame:165/5479  totaltime:12.9265367s  frame time:127.0035ms  delay_time:6.2865367s
frame:166/5479  totaltime:13.0205321s  frame time:93.9954ms  delay_time:6.3405321s
frame:167/5479  totaltime:13.1245329s  frame time:104.0008ms  delay_time:6.4045329s
frame:168/5479  totaltime:13.2455453s  frame time:121.0124ms  delay_time:6.4855453s
frame:169/5479  totaltime:13.3245326s  frame time:78.9873ms  delay_time:6.5245326s
frame:170/5479  totaltime:13.4425333s  frame time:118.0007ms  delay_time:6.6025333s
frame:171/5479  totaltime:13.5085914s  frame time:66.0581ms  delay_time:6.6285914s
frame:172/5479  totaltime:13.6196132s  frame time:111.0218ms  delay_time:6.6996132s
frame:173/5479  totaltime:13.6558817s  frame time:36.2685ms  delay_time:6.6958817s
frame:174/5479  totaltime:13.6918957s  frame time:36.014ms  delay_time:6.6918957s
frame:175/5479  totaltime:13.7848965s  frame time:93.0008ms  delay_time:6.7448965s
frame:176/5479  totaltime:13.8568971s  frame time:72.0006ms  delay_time:6.7768971s
frame:177/5479  totaltime:13.9568966s  frame time:99.9995ms  delay_time:6.8368966s
frame:178/5479  totaltime:14.027957s  frame time:71.0604ms  delay_time:6.867957s
frame:179/5479  totaltime:14.1008979s  frame time:72.9409ms  delay_time:6.9008979s
frame:180/5479  totaltime:14.1781237s  frame time:77.2258ms  delay_time:6.9381237s
frame:181/5479  totaltime:14.236176s  frame time:58.0523ms  delay_time:6.956176s
frame:182/5479  totaltime:14.2861767s  frame time:50.0007ms  delay_time:6.9661767s
frame:183/5479  totaltime:14.3471785s  frame time:61.0018ms  delay_time:6.9871785s
frame:184/5479  totaltime:14.4121765s  frame time:64.998ms  delay_time:7.0121765s
frame:185/5479  totaltime:14.4541775s  frame time:42.001ms  delay_time:7.0141775s
frame:186/5479  totaltime:14.477177s  frame time:22.9995ms  delay_time:6.997177s
frame:187/5479  totaltime:14.5341786s  frame time:57.0016ms  delay_time:7.0141786s
frame:188/5479  totaltime:14.5987137s  frame time:64.5351ms  delay_time:7.0387137s
frame:189/5479  totaltime:14.6437425s  frame time:45.0288ms  delay_time:7.0437425s
frame:190/5479  totaltime:14.7377431s  frame time:94.0006ms  delay_time:7.0977431s
frame:191/5479  totaltime:14.8077448s  frame time:70.0017ms  delay_time:7.1277448s
frame:192/5479  totaltime:14.9037409s  frame time:95.9961ms  delay_time:7.1837409s
frame:193/5479  totaltime:14.9887463s  frame time:85.0054ms  delay_time:7.2287463s
frame:194/5479  totaltime:15.0927422s  frame time:103.9959ms  delay_time:7.2927422s
frame:195/5479  totaltime:15.1757421s  frame time:82.9999ms  delay_time:7.3357421s
frame:196/5479  totaltime:15.272742s  frame time:96.9999ms  delay_time:7.392742s
frame:197/5479  totaltime:15.3467438s  frame time:74.0018ms  delay_time:7.4267438s
frame:198/5479  totaltime:15.4399238s  frame time:93.18ms  delay_time:7.4799238s
frame:199/5479  totaltime:15.5570068s  frame time:117.083ms  delay_time:7.5570068s
frame:200/5479  totaltime:15.6261348s  frame time:69.128ms  delay_time:7.5861348s
frame:201/5479  totaltime:15.7093733s  frame time:83.2385ms  delay_time:7.6293733s
frame:202/5479  totaltime:15.7883714s  frame time:78.9981ms  delay_time:7.6683714s
frame:203/5479  totaltime:15.8563728s  frame time:68.0014ms  delay_time:7.6963728s
frame:204/5479  totaltime:15.9403678s  frame time:83.995ms  delay_time:7.7403678s
frame:205/5479  totaltime:16.025369s  frame time:85.0012ms  delay_time:7.785369s
frame:206/5479  totaltime:16.1383676s  frame time:112.9986ms  delay_time:7.8583676s
frame:207/5479  totaltime:16.2114983s  frame time:73.1307ms  delay_time:7.8914983s
frame:208/5479  totaltime:16.2744993s  frame time:63.001ms  delay_time:7.9144993s
frame:209/5479  totaltime:16.4267315s  frame time:152.2322ms  delay_time:8.0267315s
frame:210/5479  totaltime:16.5377333s  frame time:111.0018ms  delay_time:8.0977333s
frame:211/5479  totaltime:16.6087305s  frame time:70.9972ms  delay_time:8.1287305s
frame:212/5479  totaltime:16.6887299s  frame time:79.9994ms  delay_time:8.1687299s
frame:213/5479  totaltime:16.7569492s  frame time:67.2193ms  delay_time:8.1969492s
frame:214/5479  totaltime:16.8439527s  frame time:87.0035ms  delay_time:8.2439527s
frame:215/5479  totaltime:16.9089498s  frame time:64.9971ms  delay_time:8.2689498s
frame:216/5479  totaltime:17.010979s  frame time:101.0275ms  delay_time:8.330979s
frame:217/5479  totaltime:17.0770079s  frame time:66.0289ms  delay_time:8.3570079s
frame:218/5479  totaltime:17.1431431s  frame time:66.1352ms  delay_time:8.3831431s
frame:219/5479  totaltime:17.2431136s  frame time:99.9705ms  delay_time:8.4431136s
frame:220/5479  totaltime:17.3644667s  frame time:121.3531ms  delay_time:8.5244667s
frame:221/5479  totaltime:17.4284638s  frame time:63.9971ms  delay_time:8.5484638s
frame:222/5479  totaltime:17.5084651s  frame time:80.0013ms  delay_time:8.5884651s
frame:223/5479  totaltime:17.5604638s  frame time:51.9987ms  delay_time:8.6004638s
frame:224/5479  totaltime:17.6444639s  frame time:84.0001ms  delay_time:8.6444639s
frame:225/5479  totaltime:17.7855768s  frame time:141.1129ms  delay_time:8.7455768s
frame:226/5479  totaltime:17.9036892s  frame time:118.1124ms  delay_time:8.8236892s
frame:227/5479  totaltime:18.0096912s  frame time:106.002ms  delay_time:8.8896912s
frame:228/5479  totaltime:18.0776914s  frame time:68.0002ms  delay_time:8.9176914s
frame:229/5479  totaltime:18.1686884s  frame time:90.997ms  delay_time:8.9686884s
frame:230/5479  totaltime:18.2536907s  frame time:85.0023ms  delay_time:9.0136907s
frame:231/5479  totaltime:18.3296903s  frame time:75.9996ms  delay_time:9.0496903s
frame:232/5479  totaltime:18.4728158s  frame time:143.1255ms  delay_time:9.1528158s
frame:233/5479  totaltime:18.5708438s  frame time:98.028ms  delay_time:9.2108438s
frame:234/5479  totaltime:18.6168275s  frame time:45.0102ms  delay_time:9.2168275s
frame:235/5479  totaltime:18.7088199s  frame time:91.9924ms  delay_time:9.2688199s
frame:236/5479  totaltime:18.8349486s  frame time:126.1287ms  delay_time:9.3549486s
frame:237/5479  totaltime:18.9359466s  frame time:100.998ms  delay_time:9.4159466s
frame:238/5479  totaltime:19.0069636s  frame time:71.017ms  delay_time:9.4469636s
frame:239/5479  totaltime:19.0789448s  frame time:71.9812ms  delay_time:9.4789448s
frame:240/5479  totaltime:19.1829402s  frame time:103.9954ms  delay_time:9.5429402s
frame:241/5479  totaltime:19.2549405s  frame time:72.0003ms  delay_time:9.5749405s
frame:242/5479  totaltime:19.2989401s  frame time:43.9996ms  delay_time:9.5789401s
frame:243/5479  totaltime:19.37394s  frame time:74.9999ms  delay_time:9.61394s
frame:244/5479  totaltime:19.4759414s  frame time:102.0014ms  delay_time:9.6759414s
frame:245/5479  totaltime:19.5263182s  frame time:50.3768ms  delay_time:9.6863182s
frame:246/5479  totaltime:19.5551519s  frame time:28.8337ms  delay_time:9.6751519s
frame:247/5479  totaltime:19.5959525s  frame time:40.8006ms  delay_time:9.6759525s
frame:248/5479  totaltime:19.6899524s  frame time:93.9999ms  delay_time:9.7299524s
frame:249/5479  totaltime:19.7389531s  frame time:49.0007ms  delay_time:9.7389531s
frame:250/5479  totaltime:19.8259507s  frame time:86.9976ms  delay_time:9.7859507s
frame:251/5479  totaltime:19.8849489s  frame time:58.9982ms  delay_time:9.8049489s
frame:252/5479  totaltime:19.9869507s  frame time:102.0018ms  delay_time:9.8669507s
frame:253/5479  totaltime:20.0649527s  frame time:78.002ms  delay_time:9.9049527s
frame:254/5479  totaltime:20.0969537s  frame time:32.001ms  delay_time:9.8969537s
frame:255/5479  totaltime:20.1709887s  frame time:74.035ms  delay_time:9.9309887s
frame:256/5479  totaltime:20.2591007s  frame time:88.112ms  delay_time:9.9791007s
frame:257/5479  totaltime:20.3461569s  frame time:87.0562ms  delay_time:10.0261569s
frame:258/5479  totaltime:20.4001586s  frame time:54.0017ms  delay_time:10.0401586s
frame:259/5479  totaltime:20.4741645s  frame time:74.0059ms  delay_time:10.0741645s
frame:260/5479  totaltime:20.5672006s  frame time:93.0361ms  delay_time:10.1272006s
frame:261/5479  totaltime:20.6252001s  frame time:57.9995ms  delay_time:10.1452001s
frame:262/5479  totaltime:20.6732034s  frame time:48.0033ms  delay_time:10.1532034s
frame:263/5479  totaltime:20.7723594s  frame time:99.156ms  delay_time:10.2123594s
frame:264/5479  totaltime:20.8345058s  frame time:62.1464ms  delay_time:10.2345058s
frame:265/5479  totaltime:20.8885092s  frame time:54.0034ms  delay_time:10.2485092s
frame:266/5479  totaltime:20.9935054s  frame time:104.9962ms  delay_time:10.3135054s
frame:267/5479  totaltime:21.1196407s  frame time:126.1353ms  delay_time:10.3996407s
frame:268/5479  totaltime:21.1826719s  frame time:63.0312ms  delay_time:10.4226719s
frame:269/5479  totaltime:21.2740521s  frame time:91.3802ms  delay_time:10.4740521s
frame:270/5479  totaltime:21.3100867s  frame time:36.0346ms  delay_time:10.4700867s
frame:271/5479  totaltime:21.3620822s  frame time:51.9955ms  delay_time:10.4820822s
frame:272/5479  totaltime:21.4463605s  frame time:84.2783ms  delay_time:10.5263605s
frame:273/5479  totaltime:21.5433563s  frame time:96.9958ms  delay_time:10.5833563s
frame:274/5479  totaltime:21.6114533s  frame time:68.097ms  delay_time:10.6114533s
frame:275/5479  totaltime:21.6684551s  frame time:57.0018ms  delay_time:10.6284551s
frame:276/5479  totaltime:21.7184522s  frame time:49.9971ms  delay_time:10.6384522s
frame:277/5479  totaltime:21.8035896s  frame time:85.1374ms  delay_time:10.6835896s
frame:278/5479  totaltime:21.8656381s  frame time:62.0485ms  delay_time:10.7056381s
frame:279/5479  totaltime:21.9197278s  frame time:54.0897ms  delay_time:10.7197278s
frame:280/5479  totaltime:22.0157357s  frame time:96.0079ms  delay_time:10.7757357s
frame:281/5479  totaltime:22.097731s  frame time:81.9953ms  delay_time:10.817731s
frame:282/5479  totaltime:22.112731s  frame time:15ms  delay_time:10.792731s
frame:283/5479  totaltime:22.1537284s  frame time:40.9974ms  delay_time:10.7937284s
frame:284/5479  totaltime:22.1867278s  frame time:32.9994ms  delay_time:10.7867278s
frame:285/5479  totaltime:22.242735s  frame time:56.0072ms  delay_time:10.802735s
frame:286/5479  totaltime:22.2987313s  frame time:55.9963ms  delay_time:10.8187313s
frame:287/5479  totaltime:22.3827684s  frame time:84.0371ms  delay_time:10.8627684s
frame:288/5479  totaltime:22.4687295s  frame time:85.9611ms  delay_time:10.9087295s
frame:289/5479  totaltime:22.5497749s  frame time:81.0454ms  delay_time:10.9497749s
frame:290/5479  totaltime:22.6057742s  frame time:55.9993ms  delay_time:10.9657742s
frame:291/5479  totaltime:22.6658084s  frame time:60.0342ms  delay_time:10.9858084s
frame:292/5479  totaltime:22.7377746s  frame time:71.9662ms  delay_time:11.0177746s
frame:293/5479  totaltime:22.8008992s  frame time:63.1246ms  delay_time:11.0408992s
frame:294/5479  totaltime:22.881903s  frame time:81.0038ms  delay_time:11.081903s
frame:295/5479  totaltime:22.9378943s  frame time:55.9913ms  delay_time:11.0978943s
frame:296/5479  totaltime:22.986024s  frame time:48.1297ms  delay_time:11.106024s
frame:297/5479  totaltime:23.0450245s  frame time:59.0005ms  delay_time:11.1250245s
frame:298/5479  totaltime:23.0970242s  frame time:51.9997ms  delay_time:11.1370242s
frame:299/5479  totaltime:23.1260577s  frame time:29.0335ms  delay_time:11.1260577s
frame:300/5479  totaltime:23.1690292s  frame time:42.0062ms  delay_time:11.1290292s
frame:301/5479  totaltime:23.2400243s  frame time:70.9951ms  delay_time:11.1600243s
frame:302/5479  totaltime:23.3160271s  frame time:76.0028ms  delay_time:11.1960271s
frame:303/5479  totaltime:23.3570526s  frame time:41.0255ms  delay_time:11.1970526s
frame:304/5479  totaltime:23.4080294s  frame time:50.9768ms  delay_time:11.2080294s
frame:305/5479  totaltime:23.4890277s  frame time:80.9983ms  delay_time:11.2490277s
frame:306/5479  totaltime:23.5410255s  frame time:51.9978ms  delay_time:11.2610255s
frame:307/5479  totaltime:23.6500372s  frame time:109.0117ms  delay_time:11.3300372s
frame:308/5479  totaltime:23.7150263s  frame time:64.9891ms  delay_time:11.3550263s
frame:309/5479  totaltime:23.7670281s  frame time:52.0018ms  delay_time:11.3670281s
frame:310/5479  totaltime:23.8330226s  frame time:65.9945ms  delay_time:11.3930226s
frame:311/5479  totaltime:23.9040262s  frame time:71.0036ms  delay_time:11.4240262s
frame:312/5479  totaltime:23.9671573s  frame time:63.1311ms  delay_time:11.4471573s
frame:313/5479  totaltime:24.0331572s  frame time:65.9999ms  delay_time:11.4731572s
frame:314/5479  totaltime:24.0853028s  frame time:52.1456ms  delay_time:11.4853028s
frame:315/5479  totaltime:24.1573003s  frame time:71.9975ms  delay_time:11.5173003s
frame:316/5479  totaltime:24.2223014s  frame time:65.0011ms  delay_time:11.5423014s
frame:317/5479  totaltime:24.2593032s  frame time:35.9979ms  delay_time:11.5393032s
frame:318/5479  totaltime:24.2973034s  frame time:37.0011ms  delay_time:11.5373034s
frame:319/5479  totaltime:24.3602992s  frame time:62.9958ms  delay_time:11.5602992s
frame:320/5479  totaltime:24.456496s  frame time:96.1968ms  delay_time:11.616496s
frame:321/5479  totaltime:24.585615s  frame time:129.119ms  delay_time:11.705615s
frame:322/5479  totaltime:24.6786239s  frame time:93.0089ms  delay_time:11.7586239s
frame:323/5479  totaltime:24.7376138s  frame time:58.9899ms  delay_time:11.7776138s
frame:324/5479  totaltime:24.7866168s  frame time:49.003ms  delay_time:11.7866168s
frame:325/5479  totaltime:24.867733s  frame time:81.1162ms  delay_time:11.827733s
frame:326/5479  totaltime:24.9377354s  frame time:70.0024ms  delay_time:11.8577354s
frame:327/5479  totaltime:25.0158389s  frame time:78.1035ms  delay_time:11.8958389s
frame:328/5479  totaltime:25.1179457s  frame time:102.1068ms  delay_time:11.9579457s
frame:329/5479  totaltime:25.1819409s  frame time:63.9952ms  delay_time:11.9819409s
frame:330/5479  totaltime:25.2509391s  frame time:68.9982ms  delay_time:12.0109391s
frame:331/5479  totaltime:25.3359481s  frame time:85.009ms  delay_time:12.0559481s
frame:332/5479  totaltime:25.3939682s  frame time:58.0201ms  delay_time:12.0739682s
frame:333/5479  totaltime:25.4569428s  frame time:62.9746ms  delay_time:12.0969428s
frame:334/5479  totaltime:25.5721032s  frame time:115.1604ms  delay_time:12.1721032s
frame:335/5479  totaltime:25.6580958s  frame time:85.9926ms  delay_time:12.2180958s
frame:336/5479  totaltime:25.7170936s  frame time:58.9978ms  delay_time:12.2370936s
frame:337/5479  totaltime:25.7351002s  frame time:18.0066ms  delay_time:12.2151002s
frame:338/5479  totaltime:25.7430945s  frame time:7.9943ms  delay_time:12.1830945s
frame:339/5479  totaltime:25.7710974s  frame time:28.0029ms  delay_time:12.1710974s
frame:340/5479  totaltime:25.7941331s  frame time:23.0357ms  delay_time:12.1541331s
frame:341/5479  totaltime:25.8820993s  frame time:87.9662ms  delay_time:12.2020993s
frame:342/5479  totaltime:25.9390938s  frame time:56.9945ms  delay_time:12.2190938s
frame:343/5479  totaltime:26.0070941s  frame time:68.0003ms  delay_time:12.2470941s
frame:344/5479  totaltime:26.0680983s  frame time:61.0042ms  delay_time:12.2680983s
frame:345/5479  totaltime:26.1381086s  frame time:70.0103ms  delay_time:12.2981086s
frame:346/5479  totaltime:26.2060984s  frame time:67.9898ms  delay_time:12.3260984s
frame:347/5479  totaltime:26.2853461s  frame time:79.2477ms  delay_time:12.3653461s
frame:348/5479  totaltime:26.307348s  frame time:22.0019ms  delay_time:12.347348s
frame:349/5479  totaltime:26.3373469s  frame time:29.9989ms  delay_time:12.3373469s
frame:350/5479  totaltime:26.3893462s  frame time:51.9993ms  delay_time:12.3493462s
frame:351/5479  totaltime:26.4493425s  frame time:59.9963ms  delay_time:12.3693425s
frame:352/5479  totaltime:26.5113429s  frame time:62.0004ms  delay_time:12.3913429s
frame:353/5479  totaltime:26.5653453s  frame time:54.0024ms  delay_time:12.4053453s
frame:354/5479  totaltime:26.6073431s  frame time:41.9978ms  delay_time:12.4073431s
frame:355/5479  totaltime:26.6263461s  frame time:19.003ms  delay_time:12.3863461s
frame:356/5479  totaltime:26.6413458s  frame time:14.9997ms  delay_time:12.3613458s
frame:357/5479  totaltime:26.6553467s  frame time:14.0009ms  delay_time:12.3353467s
frame:358/5479  totaltime:26.6713485s  frame time:16.0018ms  delay_time:12.3113485s
frame:359/5479  totaltime:26.6883482s  frame time:16.9997ms  delay_time:12.2883482s
frame:360/5479  totaltime:26.6953425s  frame time:6.9943ms  delay_time:12.2553425s
frame:361/5479  totaltime:26.7103458s  frame time:15.0033ms  delay_time:12.2303458s
frame:362/5479  totaltime:26.7283452s  frame time:17.9994ms  delay_time:12.2083452s
frame:363/5479  totaltime:26.7553412s  frame time:26.996ms  delay_time:12.1953412s
frame:364/5479  totaltime:26.7883474s  frame time:33.0062ms  delay_time:12.1883474s
frame:365/5479  totaltime:26.868346s  frame time:79.9986ms  delay_time:12.228346s
frame:366/5479  totaltime:26.9264004s  frame time:58.0544ms  delay_time:12.2464004s
frame:367/5479  totaltime:27.0073786s  frame time:80.9782ms  delay_time:12.2873786s
frame:368/5479  totaltime:27.0704649s  frame time:63.0863ms  delay_time:12.3104649s
frame:369/5479  totaltime:27.1324648s  frame time:61.9999ms  delay_time:12.3324648s
frame:370/5479  totaltime:27.271545s  frame time:139.0802ms  delay_time:12.431545s
frame:371/5479  totaltime:27.3305435s  frame time:58.9985ms  delay_time:12.4505435s
frame:372/5479  totaltime:27.3675428s  frame time:36.9993ms  delay_time:12.4475428s
frame:373/5479  totaltime:27.3975456s  frame time:30.0028ms  delay_time:12.4375456s
frame:374/5479  totaltime:27.4425467s  frame time:45.0011ms  delay_time:12.4425467s
frame:375/5479  totaltime:27.5266386s  frame time:84.0919ms  delay_time:12.4866386s
frame:376/5479  totaltime:27.5916419s  frame time:65.0033ms  delay_time:12.5116419s
frame:377/5479  totaltime:27.6786428s  frame time:87.0009ms  delay_time:12.5586428s
frame:378/5479  totaltime:27.7426449s  frame time:64.0021ms  delay_time:12.5826449s
frame:379/5479  totaltime:27.7986402s  frame time:55.9953ms  delay_time:12.5986402s
frame:380/5479  totaltime:27.8856387s  frame time:86.9985ms  delay_time:12.6456387s
frame:381/5479  totaltime:27.9866424s  frame time:101.0037ms  delay_time:12.7066424s
frame:382/5479  totaltime:28.0426403s  frame time:55.9979ms  delay_time:12.7226403s
frame:383/5479  totaltime:28.1066424s  frame time:64.0021ms  delay_time:12.7466424s
frame:384/5479  totaltime:28.1797735s  frame time:73.1311ms  delay_time:12.7797735s
frame:385/5479  totaltime:28.2247758s  frame time:45.0023ms  delay_time:12.7847758s
frame:386/5479  totaltime:28.3269111s  frame time:102.1353ms  delay_time:12.8469111s
frame:387/5479  totaltime:28.4410048s  frame time:114.0937ms  delay_time:12.9210048s
frame:388/5479  totaltime:28.4890071s  frame time:48.0023ms  delay_time:12.9290071s
frame:389/5479  totaltime:28.5350049s  frame time:45.9978ms  delay_time:12.9350049s
frame:390/5479  totaltime:28.5930083s  frame time:58.0034ms  delay_time:12.9530083s
frame:391/5479  totaltime:28.6760039s  frame time:82.9956ms  delay_time:12.9960039s
frame:392/5479  totaltime:28.736008s  frame time:60.0041ms  delay_time:13.016008s
frame:393/5479  totaltime:28.8190089s  frame time:83.0009ms  delay_time:13.0590089s
frame:394/5479  totaltime:28.9101129s  frame time:91.104ms  delay_time:13.1101129s
frame:395/5479  totaltime:28.9661139s  frame time:56.001ms  delay_time:13.1261139s
frame:396/5479  totaltime:29.0202133s  frame time:54.0994ms  delay_time:13.1402133s
frame:397/5479  totaltime:29.0632173s  frame time:43.004ms  delay_time:13.1432173s
frame:398/5479  totaltime:29.0752403s  frame time:12.023ms  delay_time:13.1152403s
frame:399/5479  totaltime:29.0882349s  frame time:12.9946ms  delay_time:13.0882349s
frame:400/5479  totaltime:29.1022142s  frame time:13.9793ms  delay_time:13.0622142s
frame:401/5479  totaltime:29.1162138s  frame time:13.9996ms  delay_time:13.0362138s
frame:402/5479  totaltime:29.1302139s  frame time:14.0001ms  delay_time:13.0102139s
frame:403/5479  totaltime:29.1432138s  frame time:12.9999ms  delay_time:12.9832138s
frame:404/5479  totaltime:29.1562139s  frame time:13.0001ms  delay_time:12.9562139s
frame:405/5479  totaltime:29.172372s  frame time:16.1581ms  delay_time:12.932372s
frame:406/5479  totaltime:29.1883715s  frame time:15.9995ms  delay_time:12.9083715s
frame:407/5479  totaltime:29.2043747s  frame time:16.0032ms  delay_time:12.8843747s
frame:408/5479  totaltime:29.2123694s  frame time:7.9947ms  delay_time:12.8523694s
frame:409/5479  totaltime:29.2263685s  frame time:13.9991ms  delay_time:12.8263685s
frame:410/5479  totaltime:29.245369s  frame time:19.0005ms  delay_time:12.805369s
frame:411/5479  totaltime:29.2593708s  frame time:14.0018ms  delay_time:12.7793708s
frame:412/5479  totaltime:29.2743695s  frame time:14.9987ms  delay_time:12.7543695s
frame:413/5479  totaltime:29.2903723s  frame time:16.0028ms  delay_time:12.7303723s
frame:414/5479  totaltime:29.3063697s  frame time:15.9974ms  delay_time:12.7063697s
frame:415/5479  totaltime:29.3203692s  frame time:13.9995ms  delay_time:12.6803692s
frame:416/5479  totaltime:29.3373705s  frame time:17.0013ms  delay_time:12.6573705s
frame:417/5479  totaltime:29.345372s  frame time:8.0015ms  delay_time:12.625372s
frame:418/5479  totaltime:29.3583712s  frame time:12.9992ms  delay_time:12.5983712s
frame:419/5479  totaltime:29.3753716s  frame time:17.0004ms  delay_time:12.5753716s
frame:420/5479  totaltime:29.3913713s  frame time:15.9997ms  delay_time:12.5513713s
frame:421/5479  totaltime:29.4113713s  frame time:20ms  delay_time:12.5313713s
frame:422/5479  totaltime:29.4253726s  frame time:14.0013ms  delay_time:12.5053726s
frame:423/5479  totaltime:29.4424893s  frame time:16.116ms  delay_time:12.4824893s
frame:424/5479  totaltime:29.4614926s  frame time:19.0033ms  delay_time:12.4614926s
frame:425/5479  totaltime:29.4754906s  frame time:12.9999ms  delay_time:12.4354906s
frame:426/5479  totaltime:29.4935154s  frame time:18.0248ms  delay_time:12.4135154s
frame:427/5479  totaltime:29.5114903s  frame time:17.9749ms  delay_time:12.3914903s
frame:428/5479  totaltime:29.5314927s  frame time:20.0024ms  delay_time:12.3714927s
frame:429/5479  totaltime:29.5454895s  frame time:13.9968ms  delay_time:12.3454895s
frame:430/5479  totaltime:29.5594896s  frame time:14.0001ms  delay_time:12.3194896s
frame:431/5479  totaltime:29.5794899s  frame time:20.0003ms  delay_time:12.2994899s
frame:432/5479  totaltime:29.5994916s  frame time:20.0017ms  delay_time:12.2794916s
frame:433/5479  totaltime:29.6194892s  frame time:19.9976ms  delay_time:12.2594892s
frame:434/5479  totaltime:29.632491s  frame time:13.0018ms  delay_time:12.232491s
frame:435/5479  totaltime:29.6464915s  frame time:14.0005ms  delay_time:12.2064915s
frame:436/5479  totaltime:29.6605206s  frame time:14.0291ms  delay_time:12.1805206s
frame:437/5479  totaltime:29.7854939s  frame time:124.9733ms  delay_time:12.2654939s
frame:438/5479  totaltime:29.8584907s  frame time:72.9968ms  delay_time:12.2984907s
frame:439/5479  totaltime:29.9265s  frame time:68.0093ms  delay_time:12.3265s
frame:440/5479  totaltime:30.0364904s  frame time:109.9904ms  delay_time:12.3964904s
frame:441/5479  totaltime:30.1045141s  frame time:68.0237ms  delay_time:12.4245141s
frame:442/5479  totaltime:30.1734889s  frame time:68.9748ms  delay_time:12.4534889s
frame:443/5479  totaltime:30.2315033s  frame time:58.0144ms  delay_time:12.4715033s
frame:444/5479  totaltime:30.2954918s  frame time:63.9885ms  delay_time:12.4954918s
frame:445/5479  totaltime:30.4364905s  frame time:140.9987ms  delay_time:12.5964905s
frame:446/5479  totaltime:30.4956171s  frame time:59.1266ms  delay_time:12.6156171s
frame:447/5479  totaltime:30.6056175s  frame time:110.0004ms  delay_time:12.6856175s
frame:448/5479  totaltime:30.6566175s  frame time:51ms  delay_time:12.6966175s
frame:449/5479  totaltime:30.7006204s  frame time:44.0029ms  delay_time:12.7006204s
frame:450/5479  totaltime:30.7336157s  frame time:32.9953ms  delay_time:12.6936157s
frame:451/5479  totaltime:30.7956138s  frame time:61.9981ms  delay_time:12.7156138s
frame:452/5479  totaltime:30.8407249s  frame time:45.1111ms  delay_time:12.7207249s
frame:453/5479  totaltime:30.9548654s  frame time:114.1405ms  delay_time:12.7948654s
frame:454/5479  totaltime:31.0218714s  frame time:67.006ms  delay_time:12.8218714s
frame:455/5479  totaltime:31.0848613s  frame time:62.9899ms  delay_time:12.8448613s
frame:456/5479  totaltime:31.1999s  frame time:115.0387ms  delay_time:12.9199s
frame:457/5479  totaltime:31.2749956s  frame time:75.0956ms  delay_time:12.9549956s
frame:458/5479  totaltime:31.4009861s  frame time:125.9905ms  delay_time:13.0409861s
frame:459/5479  totaltime:31.4641024s  frame time:63.1163ms  delay_time:13.0641024s
frame:460/5479  totaltime:31.4761044s  frame time:12.002ms  delay_time:13.0361044s
frame:461/5479  totaltime:31.4890992s  frame time:12.9948ms  delay_time:13.0090992s
frame:462/5479  totaltime:31.4961029s  frame time:7.0037ms  delay_time:12.9761029s
frame:463/5479  totaltime:31.5090985s  frame time:12.9956ms  delay_time:12.9490985s
frame:464/5479  totaltime:31.5261017s  frame time:17.0032ms  delay_time:12.9261017s
frame:465/5479  totaltime:31.5391018s  frame time:13.0001ms  delay_time:12.8991018s
frame:466/5479  totaltime:31.5531024s  frame time:14.0006ms  delay_time:12.8731024s
frame:467/5479  totaltime:31.5600992s  frame time:6.9968ms  delay_time:12.8400992s
frame:468/5479  totaltime:31.5730991s  frame time:12.9999ms  delay_time:12.8130991s
frame:469/5479  totaltime:31.5871001s  frame time:14.001ms  delay_time:12.7871001s
frame:470/5479  totaltime:31.600102s  frame time:13.0019ms  delay_time:12.760102s
frame:471/5479  totaltime:31.6201017s  frame time:19.9997ms  delay_time:12.7401017s
frame:472/5479  totaltime:31.6412431s  frame time:21.1414ms  delay_time:12.7212431s
frame:473/5479  totaltime:31.6592414s  frame time:17.9983ms  delay_time:12.6992414s
frame:474/5479  totaltime:31.6793751s  frame time:20.1337ms  delay_time:12.6793751s
frame:475/5479  totaltime:31.6973811s  frame time:18.006ms  delay_time:12.6573811s
frame:476/5479  totaltime:31.71238s  frame time:14.9989ms  delay_time:12.63238s
frame:477/5479  totaltime:31.7263771s  frame time:13.9971ms  delay_time:12.6063771s
frame:478/5479  totaltime:31.7393788s  frame time:13.0017ms  delay_time:12.5793788s
frame:479/5479  totaltime:31.7533772s  frame time:13.9984ms  delay_time:12.5533772s
frame:480/5479  totaltime:31.7604041s  frame time:7.0269ms  delay_time:12.5204041s
frame:481/5479  totaltime:31.774378s  frame time:13.9739ms  delay_time:12.494378s
frame:482/5479  totaltime:31.79441s  frame time:20.032ms  delay_time:12.47441s
frame:483/5479  totaltime:31.8083975s  frame time:13.9875ms  delay_time:12.4483975s
frame:484/5479  totaltime:31.823377s  frame time:14.9795ms  delay_time:12.423377s
frame:485/5479  totaltime:31.8393761s  frame time:15.9991ms  delay_time:12.3993761s
frame:486/5479  totaltime:31.8553767s  frame time:16.0006ms  delay_time:12.3753767s
frame:487/5479  totaltime:31.8713766s  frame time:15.9999ms  delay_time:12.3513766s
frame:488/5479  totaltime:31.8893772s  frame time:18.0006ms  delay_time:12.3293772s
frame:489/5479  totaltime:31.896405s  frame time:7.0278ms  delay_time:12.296405s
frame:490/5479  totaltime:31.9103779s  frame time:13.9729ms  delay_time:12.2703779s
frame:491/5479  totaltime:31.9273754s  frame time:16.9975ms  delay_time:12.2473754s
frame:492/5479  totaltime:31.9423756s  frame time:15.0002ms  delay_time:12.2223756s
frame:493/5479  totaltime:31.9613762s  frame time:19.0006ms  delay_time:12.2013762s
frame:494/5479  totaltime:31.9753761s  frame time:13.9999ms  delay_time:12.1753761s
frame:495/5479  totaltime:31.9933775s  frame time:18.0014ms  delay_time:12.1533775s
frame:496/5479  totaltime:32.0673791s  frame time:74.0016ms  delay_time:12.1873791s
frame:497/5479  totaltime:32.1693803s  frame time:102.0012ms  delay_time:12.2493803s
frame:498/5479  totaltime:32.268801s  frame time:99.4207ms  delay_time:12.308801s
frame:499/5479  totaltime:32.3228021s  frame time:54.0011ms  delay_time:12.3228021s
frame:500/5479  totaltime:32.3488028s  frame time:26.0007ms  delay_time:12.3088028s
frame:501/5479  totaltime:32.4058041s  frame time:57.0013ms  delay_time:12.3258041s
frame:502/5479  totaltime:32.4868004s  frame time:80.9963ms  delay_time:12.3668004s
frame:503/5479  totaltime:32.5598352s  frame time:73.0348ms  delay_time:12.3998352s
frame:504/5479  totaltime:32.6558184s  frame time:95.0193ms  delay_time:12.4558184s
frame:505/5479  totaltime:32.7227987s  frame time:65.9985ms  delay_time:12.4827987s
frame:506/5479  totaltime:32.7737999s  frame time:51.0012ms  delay_time:12.4937999s
frame:507/5479  totaltime:32.8578016s  frame time:84.0017ms  delay_time:12.5378016s
frame:508/5479  totaltime:32.9498057s  frame time:92.0041ms  delay_time:12.5898057s
frame:509/5479  totaltime:33.0198241s  frame time:70.0184ms  delay_time:12.6198241s
frame:510/5479  totaltime:33.0698993s  frame time:50.0752ms  delay_time:12.6298993s
frame:511/5479  totaltime:33.0998962s  frame time:29.9969ms  delay_time:12.6198962s
frame:512/5479  totaltime:33.1719028s  frame time:72.0066ms  delay_time:12.6519028s
frame:513/5479  totaltime:33.2348944s  frame time:62.9916ms  delay_time:12.6748944s
frame:514/5479  totaltime:33.3068931s  frame time:71.9987ms  delay_time:12.7068931s
frame:515/5479  totaltime:33.3778958s  frame time:71.0027ms  delay_time:12.7378958s
frame:516/5479  totaltime:33.453985s  frame time:76.0892ms  delay_time:12.773985s
frame:517/5479  totaltime:33.5380887s  frame time:84.1037ms  delay_time:12.8180887s
frame:518/5479  totaltime:33.582086s  frame time:43.9973ms  delay_time:12.822086s
frame:519/5479  totaltime:33.6610879s  frame time:79.0019ms  delay_time:12.8610879s
frame:520/5479  totaltime:33.6930898s  frame time:32.0019ms  delay_time:12.8530898s
frame:521/5479  totaltime:33.7672398s  frame time:74.15ms  delay_time:12.8872398s
frame:522/5479  totaltime:33.8312474s  frame time:64.0076ms  delay_time:12.9112474s
frame:523/5479  totaltime:33.8952395s  frame time:63.9921ms  delay_time:12.9352395s
frame:524/5479  totaltime:33.9562394s  frame time:60.9999ms  delay_time:12.9562394s
frame:525/5479  totaltime:34.0383634s  frame time:82.124ms  delay_time:12.9983634s
frame:526/5479  totaltime:34.1153881s  frame time:77.0247ms  delay_time:13.0353881s
frame:527/5479  totaltime:34.158388s  frame time:42.9999ms  delay_time:13.038388s
frame:528/5479  totaltime:34.2503895s  frame time:92.0015ms  delay_time:13.0903895s
frame:529/5479  totaltime:34.2683901s  frame time:18.0006ms  delay_time:13.0683901s
frame:530/5479  totaltime:34.2843893s  frame time:15.9992ms  delay_time:13.0443893s
frame:531/5479  totaltime:34.3623932s  frame time:78.0039ms  delay_time:13.0823932s
frame:532/5479  totaltime:34.3813903s  frame time:18.9971ms  delay_time:13.0613903s
frame:533/5479  totaltime:34.3953883s  frame time:13.998ms  delay_time:13.0353883s
frame:534/5479  totaltime:34.4103884s  frame time:15.0001ms  delay_time:13.0103884s
frame:535/5479  totaltime:34.4244173s  frame time:14.0289ms  delay_time:12.9844173s
frame:536/5479  totaltime:34.4393886s  frame time:13.9657ms  delay_time:12.9593886s
frame:537/5479  totaltime:34.4544218s  frame time:15.0332ms  delay_time:12.9344218s
frame:538/5479  totaltime:34.4704205s  frame time:15.9987ms  delay_time:12.9104205s
frame:539/5479  totaltime:34.4853889s  frame time:14.9684ms  delay_time:12.8853889s
frame:540/5479  totaltime:34.4993884s  frame time:13.9995ms  delay_time:12.8593884s
frame:541/5479  totaltime:34.5144175s  frame time:15.0291ms  delay_time:12.8344175s
frame:542/5479  totaltime:34.5283901s  frame time:13.9726ms  delay_time:12.8083901s
frame:543/5479  totaltime:34.54339s  frame time:14.9999ms  delay_time:12.78339s
frame:544/5479  totaltime:34.5583883s  frame time:14.9983ms  delay_time:12.7583883s
frame:545/5479  totaltime:34.57339s  frame time:15.0017ms  delay_time:12.73339s
frame:546/5479  totaltime:34.5874171s  frame time:14.0271ms  delay_time:12.7074171s
frame:547/5479  totaltime:34.6013899s  frame time:13.9728ms  delay_time:12.6813899s
frame:548/5479  totaltime:34.6153904s  frame time:14.0005ms  delay_time:12.6553904s
frame:549/5479  totaltime:34.6293891s  frame time:13.9987ms  delay_time:12.6293891s
frame:550/5479  totaltime:34.6363904s  frame time:7.0013ms  delay_time:12.5963904s
frame:551/5479  totaltime:34.6513882s  frame time:14.9978ms  delay_time:12.5713882s
frame:552/5479  totaltime:34.665425s  frame time:14.0368ms  delay_time:12.545425s
frame:553/5479  totaltime:34.6793901s  frame time:13.9651ms  delay_time:12.5193901s
frame:554/5479  totaltime:34.6943903s  frame time:15.0002ms  delay_time:12.4943903s
frame:555/5479  totaltime:34.7084167s  frame time:14.0264ms  delay_time:12.4684167s
frame:556/5479  totaltime:34.7223894s  frame time:13.9727ms  delay_time:12.4423894s
frame:557/5479  totaltime:34.7363906s  frame time:14.0012ms  delay_time:12.4163906s
frame:558/5479  totaltime:34.7513903s  frame time:14.9997ms  delay_time:12.3913903s
frame:559/5479  totaltime:34.7664118s  frame time:15.0215ms  delay_time:12.3664118s
frame:560/5479  totaltime:34.7803905s  frame time:13.9787ms  delay_time:12.3403905s
frame:561/5479  totaltime:34.7953912s  frame time:15.0007ms  delay_time:12.3153912s
frame:562/5479  totaltime:34.810417s  frame time:15.0258ms  delay_time:12.290417s
frame:563/5479  totaltime:34.8254164s  frame time:14.9994ms  delay_time:12.2654164s
frame:564/5479  totaltime:34.8403905s  frame time:14.9741ms  delay_time:12.2403905s
frame:565/5479  totaltime:34.8553886s  frame time:14.9981ms  delay_time:12.2153886s
frame:566/5479  totaltime:34.8713914s  frame time:16.0028ms  delay_time:12.1913914s
frame:567/5479  totaltime:34.8873884s  frame time:15.997ms  delay_time:12.1673884s
frame:568/5479  totaltime:34.9024235s  frame time:15.0351ms  delay_time:12.1424235s
frame:569/5479  totaltime:34.9164222s  frame time:13.9987ms  delay_time:12.1164222s
frame:570/5479  totaltime:34.9303882s  frame time:13.966ms  delay_time:12.0903882s
frame:571/5479  totaltime:34.9443881s  frame time:13.9999ms  delay_time:12.0643881s
frame:572/5479  totaltime:34.9583889s  frame time:14.0008ms  delay_time:12.0383889s
frame:573/5479  totaltime:34.9723899s  frame time:14.001ms  delay_time:12.0123899s
frame:574/5479  totaltime:34.9883901s  frame time:16.0002ms  delay_time:11.9883901s
frame:575/5479  totaltime:35.0023882s  frame time:13.9981ms  delay_time:11.9623882s
frame:576/5479  totaltime:35.0173883s  frame time:15.0001ms  delay_time:11.9373883s
frame:577/5479  totaltime:35.0323901s  frame time:15.0018ms  delay_time:11.9123901s
frame:578/5479  totaltime:35.046389s  frame time:13.9989ms  delay_time:11.886389s
frame:579/5479  totaltime:35.0603899s  frame time:14.0009ms  delay_time:11.8603899s
frame:580/5479  totaltime:35.07539s  frame time:15.0001ms  delay_time:11.83539s
frame:581/5479  totaltime:35.0893882s  frame time:13.9982ms  delay_time:11.8093882s
frame:582/5479  totaltime:35.1053883s  frame time:16.0001ms  delay_time:11.7853883s
frame:583/5479  totaltime:35.1193899s  frame time:14.0016ms  delay_time:11.7593899s
frame:584/5479  totaltime:35.1344217s  frame time:15.0318ms  delay_time:11.7344217s
frame:585/5479  totaltime:35.1483905s  frame time:13.9688ms  delay_time:11.7083905s
frame:586/5479  totaltime:35.162391s  frame time:14.0005ms  delay_time:11.682391s
frame:587/5479  totaltime:35.1694215s  frame time:7.0305ms  delay_time:11.6494215s
frame:588/5479  totaltime:35.1833889s  frame time:13.9674ms  delay_time:11.6233889s
frame:589/5479  totaltime:35.1973915s  frame time:14.0026ms  delay_time:11.5973915s
frame:590/5479  totaltime:35.2113905s  frame time:13.999ms  delay_time:11.5713905s
frame:591/5479  totaltime:35.2263903s  frame time:14.9998ms  delay_time:11.5463903s
frame:592/5479  totaltime:35.24139s  frame time:14.9997ms  delay_time:11.52139s
frame:593/5479  totaltime:35.2554183s  frame time:14.0283ms  delay_time:11.4954183s
frame:594/5479  totaltime:35.2703893s  frame time:14.971ms  delay_time:11.4703893s
frame:595/5479  totaltime:35.2853892s  frame time:14.9999ms  delay_time:11.4453892s
frame:596/5479  totaltime:35.3003891s  frame time:14.9999ms  delay_time:11.4203891s
frame:597/5479  totaltime:35.3153884s  frame time:14.9993ms  delay_time:11.3953884s
frame:598/5479  totaltime:35.3293908s  frame time:14.0024ms  delay_time:11.3693908s
frame:599/5479  totaltime:35.344391s  frame time:15.0002ms  delay_time:11.344391s
frame:600/5479  totaltime:35.3603877s  frame time:15.9967ms  delay_time:11.3203877s
frame:601/5479  totaltime:35.3764141s  frame time:16.0264ms  delay_time:11.2964141s
frame:602/5479  totaltime:35.3914217s  frame time:15.0076ms  delay_time:11.2714217s
frame:603/5479  totaltime:35.405411s  frame time:13.9893ms  delay_time:11.245411s
frame:604/5479  totaltime:35.420389s  frame time:14.978ms  delay_time:11.220389s
frame:605/5479  totaltime:35.4353883s  frame time:14.9993ms  delay_time:11.1953883s
frame:606/5479  totaltime:35.4513875s  frame time:15.9992ms  delay_time:11.1713875s
frame:607/5479  totaltime:35.4663892s  frame time:15.0017ms  delay_time:11.1463892s
frame:608/5479  totaltime:35.4814125s  frame time:15.0233ms  delay_time:11.1214125s
frame:609/5479  totaltime:35.496389s  frame time:14.9765ms  delay_time:11.096389s
frame:610/5479  totaltime:35.5093883s  frame time:12.9993ms  delay_time:11.0693883s
frame:611/5479  totaltime:35.5243899s  frame time:15.0016ms  delay_time:11.0443899s
frame:612/5479  totaltime:35.53939s  frame time:15.0001ms  delay_time:11.01939s
frame:613/5479  totaltime:35.553417s  frame time:14.027ms  delay_time:10.993417s
frame:614/5479  totaltime:35.5673892s  frame time:13.9722ms  delay_time:10.9673892s
frame:615/5479  totaltime:35.5823893s  frame time:15.0001ms  delay_time:10.9423893s
frame:616/5479  totaltime:35.5953934s  frame time:13.0041ms  delay_time:10.9153934s
frame:617/5479  totaltime:35.6103883s  frame time:14.9949ms  delay_time:10.8903883s
frame:618/5479  totaltime:35.6183888s  frame time:8.0005ms  delay_time:10.8583888s
frame:619/5479  totaltime:35.6323899s  frame time:14.0011ms  delay_time:10.8323899s
frame:620/5479  totaltime:35.6543895s  frame time:21.9996ms  delay_time:10.8143895s
frame:621/5479  totaltime:35.6623884s  frame time:7.9989ms  delay_time:10.7823884s
frame:622/5479  totaltime:35.6773881s  frame time:14.9997ms  delay_time:10.7573881s
frame:623/5479  totaltime:35.6923884s  frame time:15.0003ms  delay_time:10.7323884s
frame:624/5479  totaltime:35.7074224s  frame time:15.034ms  delay_time:10.7074224s
frame:625/5479  totaltime:35.7204219s  frame time:12.9995ms  delay_time:10.6804219s
frame:626/5479  totaltime:35.7364168s  frame time:15.9949ms  delay_time:10.6564168s
frame:627/5479  totaltime:35.7504237s  frame time:14.0069ms  delay_time:10.6304237s
frame:628/5479  totaltime:35.7653893s  frame time:14.9656ms  delay_time:10.6053893s
frame:629/5479  totaltime:35.7803906s  frame time:15.0013ms  delay_time:10.5803906s
frame:630/5479  totaltime:35.7953891s  frame time:14.9985ms  delay_time:10.5553891s
frame:631/5479  totaltime:35.8093908s  frame time:14.0017ms  delay_time:10.5293908s
frame:632/5479  totaltime:35.8243899s  frame time:14.9991ms  delay_time:10.5043899s
frame:633/5479  totaltime:35.8394116s  frame time:15.0217ms  delay_time:10.4794116s
frame:634/5479  totaltime:35.852417s  frame time:13.0054ms  delay_time:10.452417s
frame:635/5479  totaltime:35.8674187s  frame time:15.0017ms  delay_time:10.4274187s
frame:636/5479  totaltime:35.8813904s  frame time:13.9717ms  delay_time:10.4013904s
frame:637/5479  totaltime:35.8953905s  frame time:14.0001ms  delay_time:10.3753905s
frame:638/5479  totaltime:35.9023885s  frame time:6.998ms  delay_time:10.3423885s
frame:639/5479  totaltime:35.9173886s  frame time:15.0001ms  delay_time:10.3173886s
frame:640/5479  totaltime:35.9323886s  frame time:15ms  delay_time:10.2923886s
frame:641/5479  totaltime:35.947392s  frame time:15.0034ms  delay_time:10.267392s
frame:642/5479  totaltime:35.9613887s  frame time:13.9967ms  delay_time:10.2413887s
frame:643/5479  totaltime:35.9763882s  frame time:14.9995ms  delay_time:10.2163882s
frame:644/5479  totaltime:35.9903896s  frame time:14.0014ms  delay_time:10.1903896s
frame:645/5479  totaltime:36.005387s  frame time:14.9974ms  delay_time:10.165387s
frame:646/5479  totaltime:36.0203871s  frame time:15.0001ms  delay_time:10.1403871s
frame:647/5479  totaltime:36.0353887s  frame time:15.0016ms  delay_time:10.1153887s
frame:648/5479  totaltime:36.0503906s  frame time:15.0019ms  delay_time:10.0903906s
frame:649/5479  totaltime:36.0653889s  frame time:14.9983ms  delay_time:10.0653889s
frame:650/5479  totaltime:36.0803891s  frame time:15.0002ms  delay_time:10.0403891s
frame:651/5479  totaltime:36.0944162s  frame time:14.0271ms  delay_time:10.0144162s
frame:652/5479  totaltime:36.1093889s  frame time:14.9727ms  delay_time:9.9893889s
frame:653/5479  totaltime:36.124417s  frame time:15.0281ms  delay_time:9.964417s
frame:654/5479  totaltime:36.1393888s  frame time:14.9718ms  delay_time:9.9393888s
frame:655/5479  totaltime:36.1533906s  frame time:14.0018ms  delay_time:9.9133906s
frame:656/5479  totaltime:36.1673907s  frame time:14.0001ms  delay_time:9.8873907s
frame:657/5479  totaltime:36.1814173s  frame time:14.0266ms  delay_time:9.8614173s
frame:658/5479  totaltime:36.1953883s  frame time:13.971ms  delay_time:9.8353883s
frame:659/5479  totaltime:36.2094221s  frame time:13.0317ms  delay_time:9.8094221s
frame:660/5479  totaltime:36.2243901s  frame time:14.968ms  delay_time:9.7843901s
frame:661/5479  totaltime:36.2393903s  frame time:15.0002ms  delay_time:9.7593903s
frame:662/5479  totaltime:36.2533891s  frame time:13.9988ms  delay_time:9.7333891s
frame:663/5479  totaltime:36.2693877s  frame time:15.9986ms  delay_time:9.7093877s
frame:664/5479  totaltime:36.2833901s  frame time:14.0024ms  delay_time:9.6833901s
frame:665/5479  totaltime:36.2973949s  frame time:14.0048ms  delay_time:9.6573949s
frame:666/5479  totaltime:36.3123881s  frame time:14.9932ms  delay_time:9.6323881s
frame:667/5479  totaltime:36.3263883s  frame time:14.0002ms  delay_time:9.6063883s
frame:668/5479  totaltime:36.3413892s  frame time:15.0009ms  delay_time:9.5813892s
frame:669/5479  totaltime:36.3563883s  frame time:14.9991ms  delay_time:9.5563883s
frame:670/5479  totaltime:36.37039s  frame time:14.0017ms  delay_time:9.53039s
frame:671/5479  totaltime:36.3863902s  frame time:16.0002ms  delay_time:9.5063902s
frame:672/5479  totaltime:36.4003899s  frame time:13.9997ms  delay_time:9.4803899s
frame:673/5479  totaltime:36.4143946s  frame time:14.0047ms  delay_time:9.4543946s
frame:674/5479  totaltime:36.4274185s  frame time:13.0239ms  delay_time:9.4274185s
frame:675/5479  totaltime:36.4423882s  frame time:14.9697ms  delay_time:9.4023882s
frame:676/5479  totaltime:36.456389s  frame time:14.0008ms  delay_time:9.376389s
frame:677/5479  totaltime:36.4713905s  frame time:15.0015ms  delay_time:9.3513905s
frame:678/5479  totaltime:36.4853889s  frame time:13.9984ms  delay_time:9.3253889s
frame:679/5479  totaltime:36.4933908s  frame time:8.0019ms  delay_time:9.2933908s
frame:680/5479  totaltime:36.514416s  frame time:21.0252ms  delay_time:9.274416s
frame:681/5479  totaltime:36.5223884s  frame time:7.9724ms  delay_time:9.2423884s
frame:682/5479  totaltime:36.5433901s  frame time:21.0017ms  delay_time:9.2233901s
frame:683/5479  totaltime:36.5573885s  frame time:13.9984ms  delay_time:9.1973885s
frame:684/5479  totaltime:36.565392s  frame time:8.0035ms  delay_time:9.165392s
frame:685/5479  totaltime:36.579425s  frame time:14.033ms  delay_time:9.139425s
frame:686/5479  totaltime:36.5934181s  frame time:13.9931ms  delay_time:9.1134181s
frame:687/5479  totaltime:36.6073904s  frame time:13.9723ms  delay_time:9.0873904s
frame:688/5479  totaltime:36.62139s  frame time:13.9996ms  delay_time:9.06139s
frame:689/5479  totaltime:36.6354249s  frame time:14.0349ms  delay_time:9.0354249s
frame:690/5479  totaltime:36.64939s  frame time:13.9651ms  delay_time:9.00939s
frame:691/5479  totaltime:36.662417s  frame time:13.027ms  delay_time:8.982417s
frame:692/5479  totaltime:36.67739s  frame time:14.973ms  delay_time:8.95739s
frame:693/5479  totaltime:36.6914162s  frame time:14.0262ms  delay_time:8.9314162s
frame:694/5479  totaltime:36.7063898s  frame time:14.9736ms  delay_time:8.9063898s
frame:695/5479  totaltime:36.7203883s  frame time:13.9985ms  delay_time:8.8803883s
frame:696/5479  totaltime:36.73439s  frame time:14.0017ms  delay_time:8.85439s
frame:697/5479  totaltime:36.7494177s  frame time:15.0277ms  delay_time:8.8294177s
frame:698/5479  totaltime:36.7643906s  frame time:14.9729ms  delay_time:8.8043906s
frame:699/5479  totaltime:36.7783889s  frame time:13.9983ms  delay_time:8.7783889s
frame:700/5479  totaltime:36.7933906s  frame time:15.0017ms  delay_time:8.7533906s
frame:701/5479  totaltime:36.8083905s  frame time:14.9999ms  delay_time:8.7283905s
frame:702/5479  totaltime:36.8233937s  frame time:15.0032ms  delay_time:8.7033937s
frame:703/5479  totaltime:36.8384222s  frame time:15.0285ms  delay_time:8.6784222s
frame:704/5479  totaltime:36.8524178s  frame time:13.9956ms  delay_time:8.6524178s
frame:705/5479  totaltime:36.8673904s  frame time:14.9726ms  delay_time:8.6273904s
frame:706/5479  totaltime:36.8843898s  frame time:16.9994ms  delay_time:8.6043898s
frame:707/5479  totaltime:36.9013886s  frame time:16.9988ms  delay_time:8.5813886s
frame:708/5479  totaltime:36.9173899s  frame time:16.0013ms  delay_time:8.5573899s
frame:709/5479  totaltime:36.9343882s  frame time:15.9993ms  delay_time:8.5343882s
frame:710/5479  totaltime:36.9513882s  frame time:17ms  delay_time:8.5113882s
frame:711/5479  totaltime:36.968389s  frame time:17.0008ms  delay_time:8.488389s
frame:712/5479  totaltime:36.9863889s  frame time:17.9999ms  delay_time:8.4663889s
frame:713/5479  totaltime:37.0033912s  frame time:17.0023ms  delay_time:8.4433912s
frame:714/5479  totaltime:37.0253886s  frame time:21.9974ms  delay_time:8.4253886s
frame:715/5479  totaltime:37.0413888s  frame time:16.0002ms  delay_time:8.4013888s
frame:716/5479  totaltime:37.0563889s  frame time:15.0001ms  delay_time:8.3763889s
frame:717/5479  totaltime:37.0713912s  frame time:15.0023ms  delay_time:8.3513912s
frame:718/5479  totaltime:37.0853924s  frame time:14.0012ms  delay_time:8.3253924s
frame:719/5479  totaltime:37.100388s  frame time:14.9956ms  delay_time:8.300388s
frame:720/5479  totaltime:37.1073871s  frame time:6.9991ms  delay_time:8.2673871s
frame:721/5479  totaltime:37.1214233s  frame time:14.0362ms  delay_time:8.2414233s
frame:722/5479  totaltime:37.1354217s  frame time:13.9984ms  delay_time:8.2154217s
frame:723/5479  totaltime:37.1503902s  frame time:14.9685ms  delay_time:8.1903902s
frame:724/5479  totaltime:37.1644182s  frame time:14.028ms  delay_time:8.1644182s
frame:725/5479  totaltime:37.1783901s  frame time:13.9719ms  delay_time:8.1383901s
frame:726/5479  totaltime:37.1924222s  frame time:14.0321ms  delay_time:8.1124222s
frame:727/5479  totaltime:37.2064222s  frame time:14ms  delay_time:8.0864222s
frame:728/5479  totaltime:37.2213883s  frame time:14.9661ms  delay_time:8.0613883s
frame:729/5479  totaltime:37.2353892s  frame time:14.0009ms  delay_time:8.0353892s
frame:730/5479  totaltime:37.2493879s  frame time:13.9987ms  delay_time:8.0093879s
frame:731/5479  totaltime:37.2653909s  frame time:16.003ms  delay_time:7.9853909s
frame:732/5479  totaltime:37.2733901s  frame time:7.9992ms  delay_time:7.9533901s
frame:733/5479  totaltime:37.28739s  frame time:13.9999ms  delay_time:7.92739s
frame:734/5479  totaltime:37.3033904s  frame time:16.0004ms  delay_time:7.9033904s
frame:735/5479  totaltime:37.3173884s  frame time:13.998ms  delay_time:7.8773884s
frame:736/5479  totaltime:37.3324245s  frame time:15.0361ms  delay_time:7.8524245s
frame:737/5479  totaltime:37.3473919s  frame time:14.9674ms  delay_time:7.8273919s
frame:738/5479  totaltime:37.3613906s  frame time:13.9987ms  delay_time:7.8013906s
frame:739/5479  totaltime:37.3763923s  frame time:15.0017ms  delay_time:7.7763923s
frame:740/5479  totaltime:37.3914189s  frame time:15.0266ms  delay_time:7.7514189s
frame:741/5479  totaltime:37.405417s  frame time:13.9981ms  delay_time:7.725417s
frame:742/5479  totaltime:37.4203907s  frame time:14.9737ms  delay_time:7.7003907s
frame:743/5479  totaltime:37.43539s  frame time:14.9993ms  delay_time:7.67539s
frame:744/5479  totaltime:37.4493902s  frame time:14.0002ms  delay_time:7.6493902s
frame:745/5479  totaltime:37.4654216s  frame time:16.0314ms  delay_time:7.6254216s
frame:746/5479  totaltime:37.478417s  frame time:12.9954ms  delay_time:7.598417s
frame:747/5479  totaltime:37.4933881s  frame time:14.9711ms  delay_time:7.5733881s
frame:748/5479  totaltime:37.5073913s  frame time:14.0032ms  delay_time:7.5473913s
frame:749/5479  totaltime:37.5223901s  frame time:14.9988ms  delay_time:7.5223901s
frame:750/5479  totaltime:37.5363902s  frame time:14.0001ms  delay_time:7.4963902s
frame:751/5479  totaltime:37.5513879s  frame time:14.9977ms  delay_time:7.4713879s
frame:752/5479  totaltime:37.5663882s  frame time:15.0003ms  delay_time:7.4463882s
frame:753/5479  totaltime:37.581392s  frame time:15.0038ms  delay_time:7.421392s
frame:754/5479  totaltime:37.59639s  frame time:14.998ms  delay_time:7.39639s
frame:755/5479  totaltime:37.6113883s  frame time:14.9983ms  delay_time:7.3713883s
frame:756/5479  totaltime:37.6263877s  frame time:14.9994ms  delay_time:7.3463877s
frame:757/5479  totaltime:37.6403875s  frame time:13.9998ms  delay_time:7.3203875s
frame:758/5479  totaltime:37.6543882s  frame time:14.0007ms  delay_time:7.2943882s
frame:759/5479  totaltime:37.6693899s  frame time:15.0017ms  delay_time:7.2693899s
frame:760/5479  totaltime:37.6763899s  frame time:7ms  delay_time:7.2363899s
frame:761/5479  totaltime:37.6913899s  frame time:15ms  delay_time:7.2113899s
frame:762/5479  totaltime:37.7063901s  frame time:15.0002ms  delay_time:7.1863901s
frame:763/5479  totaltime:37.7213936s  frame time:15.0035ms  delay_time:7.1613936s
frame:764/5479  totaltime:37.7363921s  frame time:14.9985ms  delay_time:7.1363921s
frame:765/5479  totaltime:37.7513929s  frame time:15.0008ms  delay_time:7.1113929s
frame:766/5479  totaltime:37.7663917s  frame time:14.9988ms  delay_time:7.0863917s
frame:767/5479  totaltime:37.7813946s  frame time:15.0029ms  delay_time:7.0613946s
frame:768/5479  totaltime:37.7953921s  frame time:13.9975ms  delay_time:7.0353921s
frame:769/5479  totaltime:37.8093936s  frame time:14.0015ms  delay_time:7.0093936s
frame:770/5479  totaltime:37.8244227s  frame time:15.0291ms  delay_time:6.9844227s
frame:771/5479  totaltime:37.8404176s  frame time:14.9956ms  delay_time:6.9604176s
frame:772/5479  totaltime:37.8543906s  frame time:13.973ms  delay_time:6.9343906s
frame:773/5479  totaltime:37.8693875s  frame time:14.9969ms  delay_time:6.9093875s
frame:774/5479  totaltime:37.8844165s  frame time:15.029ms  delay_time:6.8844165s
frame:775/5479  totaltime:37.8993899s  frame time:14.9734ms  delay_time:6.8593899s
frame:776/5479  totaltime:37.913389s  frame time:13.9991ms  delay_time:6.833389s
frame:777/5479  totaltime:37.9273891s  frame time:14.0001ms  delay_time:6.8073891s
frame:778/5479  totaltime:37.9423879s  frame time:14.9988ms  delay_time:6.7823879s
frame:779/5479  totaltime:37.9563872s  frame time:13.9993ms  delay_time:6.7563872s
frame:780/5479  totaltime:37.9733874s  frame time:17.0002ms  delay_time:6.7333874s
frame:781/5479  totaltime:37.9883914s  frame time:15.004ms  delay_time:6.7083914s
frame:782/5479  totaltime:38.0043891s  frame time:15.9977ms  delay_time:6.6843891s
frame:783/5479  totaltime:38.0233886s  frame time:18.9995ms  delay_time:6.6633886s
frame:784/5479  totaltime:38.0533903s  frame time:30.0017ms  delay_time:6.6533903s
frame:785/5479  totaltime:38.070412s  frame time:17.0217ms  delay_time:6.630412s
frame:786/5479  totaltime:38.0923891s  frame time:21.9771ms  delay_time:6.6123891s
frame:787/5479  totaltime:38.1063915s  frame time:14.0024ms  delay_time:6.5863915s
frame:788/5479  totaltime:38.121389s  frame time:14.9975ms  delay_time:6.561389s
frame:789/5479  totaltime:38.1363873s  frame time:14.9983ms  delay_time:6.5363873s
frame:790/5479  totaltime:38.1513878s  frame time:15.0005ms  delay_time:6.5113878s
frame:791/5479  totaltime:38.1663908s  frame time:15.003ms  delay_time:6.4863908s
frame:792/5479  totaltime:38.1823903s  frame time:15.9995ms  delay_time:6.4623903s
frame:793/5479  totaltime:38.1973955s  frame time:14.0062ms  delay_time:6.4373955s
frame:794/5479  totaltime:38.212391s  frame time:14.9955ms  delay_time:6.412391s
frame:795/5479  totaltime:38.2263911s  frame time:14.0001ms  delay_time:6.3863911s
frame:796/5479  totaltime:38.2413899s  frame time:14.9988ms  delay_time:6.3613899s
frame:797/5479  totaltime:38.2563901s  frame time:15.0002ms  delay_time:6.3363901s
frame:798/5479  totaltime:38.2713885s  frame time:14.9984ms  delay_time:6.3113885s
frame:799/5479  totaltime:38.2854188s  frame time:14.0303ms  delay_time:6.2854188s
frame:800/5479  totaltime:38.2993884s  frame time:13.9696ms  delay_time:6.2593884s
frame:801/5479  totaltime:38.3073875s  frame time:7.9991ms  delay_time:6.2273875s
frame:802/5479  totaltime:38.3213902s  frame time:14.0027ms  delay_time:6.2013902s
frame:803/5479  totaltime:38.3354233s  frame time:14.0331ms  delay_time:6.1754233s
frame:804/5479  totaltime:38.3503901s  frame time:14.9668ms  delay_time:6.1503901s
frame:805/5479  totaltime:38.36539s  frame time:14.9999ms  delay_time:6.12539s
frame:806/5479  totaltime:38.3853896s  frame time:19.9996ms  delay_time:6.1053896s
frame:807/5479  totaltime:38.4013909s  frame time:16.0013ms  delay_time:6.0813909s
frame:808/5479  totaltime:38.4164226s  frame time:15.0317ms  delay_time:6.0564226s
frame:809/5479  totaltime:38.4324222s  frame time:15.9996ms  delay_time:6.0324222s
frame:810/5479  totaltime:38.4483923s  frame time:15.9701ms  delay_time:6.0083923s
frame:811/5479  totaltime:38.4643908s  frame time:15.9985ms  delay_time:5.9843908s
frame:812/5479  totaltime:38.4783885s  frame time:13.9977ms  delay_time:5.9583885s
frame:813/5479  totaltime:38.4923872s  frame time:13.9987ms  delay_time:5.9323872s
frame:814/5479  totaltime:38.5073902s  frame time:15.003ms  delay_time:5.9073902s
frame:815/5479  totaltime:38.5233892s  frame time:15.999ms  delay_time:5.8833892s
frame:816/5479  totaltime:38.53739s  frame time:14.0008ms  delay_time:5.85739s
frame:817/5479  totaltime:38.5523875s  frame time:14.9975ms  delay_time:5.8323875s
frame:818/5479  totaltime:38.5673904s  frame time:15.0029ms  delay_time:5.8073904s
frame:819/5479  totaltime:38.58139s  frame time:13.9996ms  delay_time:5.78139s
frame:820/5479  totaltime:38.5963889s  frame time:14.9989ms  delay_time:5.7563889s
frame:821/5479  totaltime:38.6103901s  frame time:14.0012ms  delay_time:5.7303901s
frame:822/5479  totaltime:38.6254115s  frame time:15.0214ms  delay_time:5.7054115s
frame:823/5479  totaltime:38.6403901s  frame time:14ms  delay_time:5.6803901s
frame:824/5479  totaltime:38.6553901s  frame time:15ms  delay_time:5.6553901s
frame:825/5479  totaltime:38.67039s  frame time:14.9999ms  delay_time:5.63039s
frame:826/5479  totaltime:38.68539s  frame time:15ms  delay_time:5.60539s
frame:827/5479  totaltime:38.70139s  frame time:16ms  delay_time:5.58139s
frame:828/5479  totaltime:38.7153903s  frame time:14.0003ms  delay_time:5.5553903s
frame:829/5479  totaltime:38.7313909s  frame time:16.0006ms  delay_time:5.5313909s
frame:830/5479  totaltime:38.7453881s  frame time:13.9972ms  delay_time:5.5053881s
frame:831/5479  totaltime:38.7604155s  frame time:15.0274ms  delay_time:5.4804155s
frame:832/5479  totaltime:38.7743901s  frame time:13.9746ms  delay_time:5.4543901s
frame:833/5479  totaltime:38.7893888s  frame time:14.9987ms  delay_time:5.4293888s
frame:834/5479  totaltime:38.8043882s  frame time:14.9994ms  delay_time:5.4043882s
frame:835/5479  totaltime:38.819417s  frame time:15.0288ms  delay_time:5.379417s
frame:836/5479  totaltime:38.8343902s  frame time:14.9732ms  delay_time:5.3543902s
frame:837/5479  totaltime:38.8483922s  frame time:14.002ms  delay_time:5.3283922s
frame:838/5479  totaltime:38.8623907s  frame time:13.9985ms  delay_time:5.3023907s
frame:839/5479  totaltime:38.8763901s  frame time:13.9994ms  delay_time:5.2763901s
frame:840/5479  totaltime:38.8903902s  frame time:14.0001ms  delay_time:5.2503902s
frame:841/5479  totaltime:38.9063907s  frame time:16.0005ms  delay_time:5.2263907s
frame:842/5479  totaltime:38.9213899s  frame time:14.9992ms  delay_time:5.2013899s
frame:843/5479  totaltime:38.9353901s  frame time:14.0002ms  delay_time:5.1753901s
frame:844/5479  totaltime:38.9503902s  frame time:15.0001ms  delay_time:5.1503902s
frame:845/5479  totaltime:38.9663893s  frame time:15.9991ms  delay_time:5.1263893s
frame:846/5479  totaltime:38.9813908s  frame time:15.0015ms  delay_time:5.1013908s
frame:847/5479  totaltime:38.9963945s  frame time:15.0037ms  delay_time:5.0763945s
frame:848/5479  totaltime:39.0113886s  frame time:14.9941ms  delay_time:5.0513886s
frame:849/5479  totaltime:39.0253963s  frame time:14.0077ms  delay_time:5.0253963s
frame:850/5479  totaltime:39.0414229s  frame time:16.0266ms  delay_time:5.0014229s
frame:851/5479  totaltime:39.0553886s  frame time:13.9657ms  delay_time:4.9753886s
frame:852/5479  totaltime:39.0723882s  frame time:16.9996ms  delay_time:4.9523882s
frame:853/5479  totaltime:39.0873907s  frame time:15.0025ms  delay_time:4.9273907s
frame:854/5479  totaltime:39.1033903s  frame time:15.9996ms  delay_time:4.9033903s
frame:855/5479  totaltime:39.1193903s  frame time:16ms  delay_time:4.8793903s
frame:856/5479  totaltime:39.1343884s  frame time:14.9981ms  delay_time:4.8543884s
frame:857/5479  totaltime:39.1473911s  frame time:13.0027ms  delay_time:4.8273911s
frame:858/5479  totaltime:39.1613883s  frame time:13.9972ms  delay_time:4.8013883s
frame:859/5479  totaltime:39.1694233s  frame time:8.035ms  delay_time:4.7694233s
frame:860/5479  totaltime:39.1833899s  frame time:13.9666ms  delay_time:4.7433899s
frame:861/5479  totaltime:39.1973934s  frame time:14.0035ms  delay_time:4.7173934s
frame:862/5479  totaltime:39.2113881s  frame time:13.9947ms  delay_time:4.6913881s
frame:863/5479  totaltime:39.2264122s  frame time:15.0241ms  delay_time:4.6664122s
frame:864/5479  totaltime:39.2403896s  frame time:13.9774ms  delay_time:4.6403896s
frame:865/5479  totaltime:39.2543902s  frame time:14.0006ms  delay_time:4.6143902s
frame:866/5479  totaltime:39.270391s  frame time:16.0008ms  delay_time:4.590391s
frame:867/5479  totaltime:39.2863888s  frame time:15.9978ms  delay_time:4.5663888s
frame:868/5479  totaltime:39.3013912s  frame time:15.0024ms  delay_time:4.5413912s
frame:869/5479  totaltime:39.3153902s  frame time:13.999ms  delay_time:4.5153902s
frame:870/5479  totaltime:39.3303914s  frame time:15.0012ms  delay_time:4.4903914s
frame:871/5479  totaltime:39.3444186s  frame time:14.0272ms  delay_time:4.4644186s
frame:872/5479  totaltime:39.3583909s  frame time:13.9723ms  delay_time:4.4383909s
frame:873/5479  totaltime:39.3724166s  frame time:14.0257ms  delay_time:4.4124166s
frame:874/5479  totaltime:39.38739s  frame time:14.9734ms  delay_time:4.38739s
frame:875/5479  totaltime:39.4013905s  frame time:14.0005ms  delay_time:4.3613905s
frame:876/5479  totaltime:39.4163899s  frame time:14.9994ms  delay_time:4.3363899s
frame:877/5479  totaltime:39.4303899s  frame time:14ms  delay_time:4.3103899s
frame:878/5479  totaltime:39.4443905s  frame time:14.0006ms  delay_time:4.2843905s
frame:879/5479  totaltime:39.45939s  frame time:14.9995ms  delay_time:4.25939s
frame:880/5479  totaltime:39.4743869s  frame time:14.9969ms  delay_time:4.2343869s
frame:881/5479  totaltime:39.4883882s  frame time:14.0013ms  delay_time:4.2083882s
frame:882/5479  totaltime:39.5023891s  frame time:14.0009ms  delay_time:4.1823891s
frame:883/5479  totaltime:39.5173871s  frame time:14.998ms  delay_time:4.1573871s
frame:884/5479  totaltime:39.5313877s  frame time:14.0006ms  delay_time:4.1313877s
frame:885/5479  totaltime:39.5453868s  frame time:13.9991ms  delay_time:4.1053868s
frame:886/5479  totaltime:39.5603871s  frame time:15.0003ms  delay_time:4.0803871s
frame:887/5479  totaltime:39.5743886s  frame time:14.0015ms  delay_time:4.0543886s
frame:888/5479  totaltime:39.5883882s  frame time:13.9996ms  delay_time:4.0283882s
frame:889/5479  totaltime:39.6023884s  frame time:14.0002ms  delay_time:4.0023884s
frame:890/5479  totaltime:39.6163877s  frame time:13.9993ms  delay_time:3.9763877s
frame:891/5479  totaltime:39.6243885s  frame time:8.0008ms  delay_time:3.9443885s
frame:892/5479  totaltime:39.6384181s  frame time:14.0296ms  delay_time:3.9184181s
frame:893/5479  totaltime:39.6524197s  frame time:14.0016ms  delay_time:3.8924197s
frame:894/5479  totaltime:39.6663935s  frame time:13.9738ms  delay_time:3.8663935s
frame:895/5479  totaltime:39.6803987s  frame time:14.0052ms  delay_time:3.8403987s
frame:896/5479  totaltime:39.6943909s  frame time:13.9922ms  delay_time:3.8143909s
frame:897/5479  totaltime:39.7093895s  frame time:13.9992ms  delay_time:3.7893895s
frame:898/5479  totaltime:39.7243904s  frame time:15.0009ms  delay_time:3.7643904s
frame:899/5479  totaltime:39.7393889s  frame time:14.9985ms  delay_time:3.7393889s
frame:900/5479  totaltime:39.7533893s  frame time:14.0004ms  delay_time:3.7133893s
frame:901/5479  totaltime:39.7674276s  frame time:14.0383ms  delay_time:3.6874276s
frame:902/5479  totaltime:39.7813963s  frame time:13.9687ms  delay_time:3.6613963s
frame:903/5479  totaltime:39.789387s  frame time:7.9907ms  delay_time:3.629387s
frame:904/5479  totaltime:39.8103887s  frame time:21.0017ms  delay_time:3.6103887s
frame:905/5479  totaltime:39.8254162s  frame time:15.0275ms  delay_time:3.5854162s
frame:906/5479  totaltime:39.841391s  frame time:15.9748ms  delay_time:3.561391s
frame:907/5479  totaltime:39.856415s  frame time:15.024ms  delay_time:3.536415s
frame:908/5479  totaltime:39.8723908s  frame time:15.9758ms  delay_time:3.5123908s
frame:909/5479  totaltime:39.8873944s  frame time:15.0036ms  delay_time:3.4873944s
frame:910/5479  totaltime:39.90339s  frame time:15.9956ms  delay_time:3.46339s
frame:911/5479  totaltime:39.918391s  frame time:15.001ms  delay_time:3.438391s
frame:912/5479  totaltime:39.9333883s  frame time:14.9973ms  delay_time:3.4133883s
frame:913/5479  totaltime:39.9483915s  frame time:15.0032ms  delay_time:3.3883915s
frame:914/5479  totaltime:39.9614176s  frame time:13.0261ms  delay_time:3.3614176s
frame:915/5479  totaltime:39.9754216s  frame time:14.004ms  delay_time:3.3354216s
frame:916/5479  totaltime:39.9893889s  frame time:13.9673ms  delay_time:3.3093889s
frame:917/5479  totaltime:40.0043901s  frame time:15.0012ms  delay_time:3.2843901s
frame:918/5479  totaltime:40.0114177s  frame time:7.0276ms  delay_time:3.2514177s
frame:919/5479  totaltime:40.0263876s  frame time:14.9699ms  delay_time:3.2263876s
frame:920/5479  totaltime:40.0403898s  frame time:14.0022ms  delay_time:3.2003898s
frame:921/5479  totaltime:40.055417s  frame time:15.0272ms  delay_time:3.175417s
frame:922/5479  totaltime:40.0703874s  frame time:14.9704ms  delay_time:3.1503874s
frame:923/5479  totaltime:40.0854174s  frame time:15.03ms  delay_time:3.1254174s
frame:924/5479  totaltime:40.1003905s  frame time:14.9731ms  delay_time:3.1003905s
frame:925/5479  totaltime:40.1153903s  frame time:14.9998ms  delay_time:3.0753903s
frame:926/5479  totaltime:40.1313873s  frame time:15.997ms  delay_time:3.0513873s
frame:927/5479  totaltime:40.1463911s  frame time:15.0038ms  delay_time:3.0263911s
frame:928/5479  totaltime:40.1693896s  frame time:22.9985ms  delay_time:3.0093896s
frame:929/5479  totaltime:40.1863902s  frame time:17.0006ms  delay_time:2.9863902s
frame:930/5479  totaltime:40.2033923s  frame time:17.0021ms  delay_time:2.9633923s
frame:931/5479  totaltime:40.2194145s  frame time:16.0222ms  delay_time:2.9394145s
frame:932/5479  totaltime:40.2354219s  frame time:16.0074ms  delay_time:2.9154219s
frame:933/5479  totaltime:40.2493965s  frame time:13.9746ms  delay_time:2.8893965s
frame:934/5479  totaltime:40.273389s  frame time:23.9925ms  delay_time:2.873389s
frame:935/5479  totaltime:40.2884223s  frame time:15.0333ms  delay_time:2.8484223s
frame:936/5479  totaltime:40.3023876s  frame time:13.9653ms  delay_time:2.8223876s
frame:937/5479  totaltime:40.31739s  frame time:15.0024ms  delay_time:2.79739s
frame:938/5479  totaltime:40.3323872s  frame time:14.9972ms  delay_time:2.7723872s
frame:939/5479  totaltime:40.3484224s  frame time:16.0352ms  delay_time:2.7484224s
frame:940/5479  totaltime:40.3623884s  frame time:13.966ms  delay_time:2.7223884s
frame:941/5479  totaltime:40.377389s  frame time:15.0006ms  delay_time:2.697389s
frame:942/5479  totaltime:40.3914166s  frame time:14.0276ms  delay_time:2.6714166s
frame:943/5479  totaltime:40.4073901s  frame time:15.9735ms  delay_time:2.6473901s
frame:944/5479  totaltime:40.4213891s  frame time:13.999ms  delay_time:2.6213891s
frame:945/5479  totaltime:40.4374297s  frame time:16.0406ms  delay_time:2.5974297s
frame:946/5479  totaltime:40.4514224s  frame time:13.9927ms  delay_time:2.5714224s
frame:947/5479  totaltime:40.4673894s  frame time:15.967ms  delay_time:2.5473894s
frame:948/5479  totaltime:40.482389s  frame time:14.9996ms  delay_time:2.522389s
frame:949/5479  totaltime:40.4974111s  frame time:15.0221ms  delay_time:2.4974111s
frame:950/5479  totaltime:40.5123894s  frame time:14.9783ms  delay_time:2.4723894s
frame:951/5479  totaltime:40.5274178s  frame time:15.0284ms  delay_time:2.4474178s
frame:952/5479  totaltime:40.5433921s  frame time:15.9743ms  delay_time:2.4233921s
frame:953/5479  totaltime:40.5593899s  frame time:15.9978ms  delay_time:2.3993899s
frame:954/5479  totaltime:40.5753901s  frame time:16.0002ms  delay_time:2.3753901s
frame:955/5479  totaltime:40.5903889s  frame time:14.9988ms  delay_time:2.3503889s
frame:956/5479  totaltime:40.6043884s  frame time:13.9995ms  delay_time:2.3243884s
frame:957/5479  totaltime:40.6193911s  frame time:15.0027ms  delay_time:2.2993911s
frame:958/5479  totaltime:40.6334177s  frame time:14.0266ms  delay_time:2.2734177s
frame:959/5479  totaltime:40.647394s  frame time:13.9763ms  delay_time:2.247394s
frame:960/5479  totaltime:40.6613884s  frame time:13.9944ms  delay_time:2.2213884s
frame:961/5479  totaltime:40.6753914s  frame time:14.003ms  delay_time:2.1953914s
frame:962/5479  totaltime:40.6913902s  frame time:15.9988ms  delay_time:2.1713902s
frame:963/5479  totaltime:40.7053921s  frame time:14.0019ms  delay_time:2.1453921s
frame:964/5479  totaltime:40.7213912s  frame time:15.9991ms  delay_time:2.1213912s
frame:965/5479  totaltime:40.735389s  frame time:13.9978ms  delay_time:2.095389s
frame:966/5479  totaltime:40.7503888s  frame time:14.9998ms  delay_time:2.0703888s
frame:967/5479  totaltime:40.7664174s  frame time:16.0286ms  delay_time:2.0464174s
frame:968/5479  totaltime:40.7813968s  frame time:14.9794ms  delay_time:2.0213968s
frame:969/5479  totaltime:40.797393s  frame time:15.9962ms  delay_time:1.997393s
frame:970/5479  totaltime:40.811418s  frame time:14.025ms  delay_time:1.971418s
frame:971/5479  totaltime:40.8273883s  frame time:15.9703ms  delay_time:1.9473883s
frame:972/5479  totaltime:40.8414217s  frame time:14.0334ms  delay_time:1.9214217s
frame:973/5479  totaltime:40.8573898s  frame time:15.9681ms  delay_time:1.8973898s
frame:974/5479  totaltime:40.8714225s  frame time:14.0327ms  delay_time:1.8714225s
frame:975/5479  totaltime:40.8854178s  frame time:13.9953ms  delay_time:1.8454178s
frame:976/5479  totaltime:40.9013899s  frame time:15.9721ms  delay_time:1.8213899s
frame:977/5479  totaltime:40.9163883s  frame time:14.9984ms  delay_time:1.7963883s
frame:978/5479  totaltime:40.9313913s  frame time:15.003ms  delay_time:1.7713913s
frame:979/5479  totaltime:40.9453908s  frame time:13.9995ms  delay_time:1.7453908s
frame:980/5479  totaltime:40.9533906s  frame time:7.9998ms  delay_time:1.7133906s
frame:981/5479  totaltime:40.9683896s  frame time:14.999ms  delay_time:1.6883896s
frame:982/5479  totaltime:40.9833884s  frame time:14.9988ms  delay_time:1.6633884s
frame:983/5479  totaltime:41.0053893s  frame time:22.0009ms  delay_time:1.6453893s
frame:984/5479  totaltime:41.0193906s  frame time:14.0013ms  delay_time:1.6193906s
frame:985/5479  totaltime:41.0273904s  frame time:7.9998ms  delay_time:1.5873904s
frame:986/5479  totaltime:41.0423904s  frame time:15ms  delay_time:1.5623904s
frame:987/5479  totaltime:41.05639s  frame time:13.9996ms  delay_time:1.53639s
frame:988/5479  totaltime:41.0713905s  frame time:15.0005ms  delay_time:1.5113905s
frame:989/5479  totaltime:41.0863911s  frame time:15.0006ms  delay_time:1.4863911s
frame:990/5479  totaltime:41.1073886s  frame time:20.9975ms  delay_time:1.4673886s
frame:991/5479  totaltime:41.1223906s  frame time:15.002ms  delay_time:1.4423906s
frame:992/5479  totaltime:41.1373887s  frame time:14.9981ms  delay_time:1.4173887s
frame:993/5479  totaltime:41.1523893s  frame time:15.0006ms  delay_time:1.3923893s
frame:994/5479  totaltime:41.1663892s  frame time:13.9999ms  delay_time:1.3663892s
frame:995/5479  totaltime:41.1813942s  frame time:15.005ms  delay_time:1.3413942s
frame:996/5479  totaltime:41.1973917s  frame time:15.9975ms  delay_time:1.3173917s
frame:997/5479  totaltime:41.2133907s  frame time:15.999ms  delay_time:1.2933907s
frame:998/5479  totaltime:41.2283895s  frame time:14.9988ms  delay_time:1.2683895s
frame:999/5479  totaltime:41.2433879s  frame time:14.9984ms  delay_time:1.2433879s
frame:1000/5479  totaltime:41.2583899s  frame time:15.002ms  delay_time:1.2183899s
frame:1001/5479  totaltime:41.2733907s  frame time:15.0008ms  delay_time:1.1933907s
frame:1002/5479  totaltime:41.2883893s  frame time:14.9986ms  delay_time:1.1683893s
frame:1003/5479  totaltime:41.3033877s  frame time:14.9984ms  delay_time:1.1433877s
frame:1004/5479  totaltime:41.3184165s  frame time:15.0288ms  delay_time:1.1184165s
frame:1005/5479  totaltime:41.3333904s  frame time:14.9739ms  delay_time:1.0933904s
frame:1006/5479  totaltime:41.3473925s  frame time:14.0021ms  delay_time:1.0673925s
frame:1007/5479  totaltime:41.3603916s  frame time:12.9991ms  delay_time:1.0403916s
frame:1008/5479  totaltime:41.3753899s  frame time:14.9983ms  delay_time:1.0153899s
frame:1009/5479  totaltime:41.3903901s  frame time:15.0002ms  delay_time:990.3901ms
frame:1010/5479  totaltime:41.4043904s  frame time:14.0003ms  delay_time:964.3904ms
frame:1011/5479  totaltime:41.4184228s  frame time:14.0324ms  delay_time:938.4228ms
frame:1012/5479  totaltime:41.4323901s  frame time:13.9673ms  delay_time:912.3901ms
frame:1013/5479  totaltime:41.4403894s  frame time:7.9993ms  delay_time:880.3894ms
frame:1014/5479  totaltime:41.4553873s  frame time:14.9979ms  delay_time:855.3873ms
frame:1015/5479  totaltime:41.4703916s  frame time:15.0043ms  delay_time:830.3916ms
frame:1016/5479  totaltime:41.4853905s  frame time:14.9989ms  delay_time:805.3905ms
frame:1017/5479  totaltime:41.5073903s  frame time:21.9998ms  delay_time:787.3903ms
frame:1018/5479  totaltime:41.5163885s  frame time:8.9982ms  delay_time:756.3885ms
frame:1019/5479  totaltime:41.5303952s  frame time:14.0067ms  delay_time:730.3952ms
frame:1020/5479  totaltime:41.5523885s  frame time:21.9933ms  delay_time:712.3885ms
frame:1021/5479  totaltime:41.5603885s  frame time:8ms  delay_time:680.3885ms
frame:1022/5479  totaltime:41.5743876s  frame time:13.9991ms  delay_time:654.3876ms
frame:1023/5479  totaltime:41.588388s  frame time:14.0004ms  delay_time:628.388ms
frame:1024/5479  totaltime:41.6033901s  frame time:15.0021ms  delay_time:603.3901ms
frame:1025/5479  totaltime:41.6173872s  frame time:13.9971ms  delay_time:577.3872ms
frame:1026/5479  totaltime:41.6313911s  frame time:14.0039ms  delay_time:551.3911ms
frame:1027/5479  totaltime:41.6463883s  frame time:14.9972ms  delay_time:526.3883ms
frame:1028/5479  totaltime:41.6613895s  frame time:15.0012ms  delay_time:501.3895ms
frame:1029/5479  totaltime:41.6753915s  frame time:14.002ms  delay_time:475.3915ms
frame:1030/5479  totaltime:41.69039s  frame time:14.9985ms  delay_time:450.39ms
frame:1031/5479  totaltime:41.705388s  frame time:14.998ms  delay_time:425.388ms
frame:1032/5479  totaltime:41.719391s  frame time:14.003ms  delay_time:399.391ms
frame:1033/5479  totaltime:41.7333911s  frame time:14.0001ms  delay_time:373.3911ms
frame:1034/5479  totaltime:41.7493875s  frame time:15.9964ms  delay_time:349.3875ms
frame:1035/5479  totaltime:41.7653908s  frame time:16.0033ms  delay_time:325.3908ms
frame:1036/5479  totaltime:41.7813899s  frame time:15.9991ms  delay_time:301.3899ms
frame:1037/5479  totaltime:41.7963928s  frame time:15.0029ms  delay_time:276.3928ms
frame:1038/5479  totaltime:41.811389s  frame time:14.9962ms  delay_time:251.389ms
frame:1039/5479  totaltime:41.8263892s  frame time:15.0002ms  delay_time:226.3892ms
frame:1040/5479  totaltime:41.8403909s  frame time:14.0017ms  delay_time:200.3909ms
frame:1041/5479  totaltime:41.8553909s  frame time:15ms  delay_time:175.3909ms
frame:1042/5479  totaltime:41.8703912s  frame time:15.0003ms  delay_time:150.3912ms
frame:1043/5479  totaltime:41.884389s  frame time:13.9978ms  delay_time:124.389ms
frame:1044/5479  totaltime:41.89939s  frame time:15.001ms  delay_time:99.39ms
frame:1045/5479  totaltime:41.91239s  frame time:13ms  delay_time:72.39ms
frame:1046/5479  totaltime:41.9263888s  frame time:13.9988ms  delay_time:46.3888ms
frame:1047/5479  totaltime:41.9403904s  frame time:14.0016ms  delay_time:20.3904ms
frame:1048/5479  totaltime:41.9604191s  frame time:20.0287ms  delay_time:419.1µs
frame:1049/5479  totaltime:42.0003878s  frame time:39.9687ms  delay_time:387.8µs
frame:1050/5479  totaltime:42.0403868s  frame time:39.999ms  delay_time:386.8µs
frame:1051/5479  totaltime:42.0803879s  frame time:40.0011ms  delay_time:387.9µs
frame:1052/5479  totaltime:42.1203885s  frame time:40.0006ms  delay_time:388.5µs
frame:1053/5479  totaltime:42.1603889s  frame time:40.0004ms  delay_time:388.9µs
frame:1054/5479  totaltime:42.2003901s  frame time:40.0012ms  delay_time:390.1µs
frame:1055/5479  totaltime:42.2403894s  frame time:39.9993ms  delay_time:389.4µs
frame:1056/5479  totaltime:42.280419s  frame time:40.0296ms  delay_time:419µs
frame:1057/5479  totaltime:42.3204166s  frame time:39.9976ms  delay_time:416.6µs
frame:1058/5479  totaltime:42.3604185s  frame time:40.0019ms  delay_time:418.5µs
frame:1059/5479  totaltime:42.4004172s  frame time:39.9987ms  delay_time:417.2µs
frame:1060/5479  totaltime:42.4403906s  frame time:39.9734ms  delay_time:390.6µs
frame:1061/5479  totaltime:42.4803912s  frame time:40.0006ms  delay_time:391.2µs
frame:1062/5479  totaltime:42.5203882s  frame time:39.997ms  delay_time:388.2µs
frame:1063/5479  totaltime:42.5604215s  frame time:40.0333ms  delay_time:421.5µs
frame:1064/5479  totaltime:42.6003893s  frame time:39.9678ms  delay_time:389.3µs
frame:1065/5479  totaltime:42.6404109s  frame time:40.0216ms  delay_time:410.9µs
frame:1066/5479  totaltime:42.6803915s  frame time:39.9806ms  delay_time:391.5µs
frame:1067/5479  totaltime:42.7204173s  frame time:40.0258ms  delay_time:417.3µs
frame:1068/5479  totaltime:42.7603868s  frame time:39.9695ms  delay_time:386.8µs
frame:1069/5479  totaltime:42.8003892s  frame time:40.0024ms  delay_time:389.2µs
frame:1070/5479  totaltime:42.8404178s  frame time:40.0286ms  delay_time:417.8µs
frame:1071/5479  totaltime:42.8803999s  frame time:39.9821ms  delay_time:399.9µs
frame:1072/5479  totaltime:42.9203898s  frame time:39.9899ms  delay_time:389.8µs
frame:1073/5479  totaltime:42.9603904s  frame time:40.0006ms  delay_time:390.4µs
frame:1074/5479  totaltime:43.0003904s  frame time:40ms  delay_time:390.4µs
frame:1075/5479  totaltime:43.0403869s  frame time:39.9965ms  delay_time:386.9µs
frame:1076/5479  totaltime:43.0803919s  frame time:40.005ms  delay_time:391.9µs
frame:1077/5479  totaltime:43.1203889s  frame time:39.997ms  delay_time:388.9µs
frame:1078/5479  totaltime:43.1603901s  frame time:40.0012ms  delay_time:390.1µs
frame:1079/5479  totaltime:43.2003904s  frame time:40.0003ms  delay_time:390.4µs
frame:1080/5479  totaltime:43.2403877s  frame time:39.9973ms  delay_time:387.7µs
frame:1081/5479  totaltime:43.280396s  frame time:40.0083ms  delay_time:396µs
frame:1082/5479  totaltime:43.3203888s  frame time:39.9928ms  delay_time:388.8µs
frame:1083/5479  totaltime:43.3604228s  frame time:40.034ms  delay_time:422.8µs
frame:1084/5479  totaltime:43.4004171s  frame time:39.9943ms  delay_time:417.1µs
frame:1085/5479  totaltime:43.4403905s  frame time:39.9734ms  delay_time:390.5µs
frame:1086/5479  totaltime:43.4803964s  frame time:40.0059ms  delay_time:396.4µs
frame:1087/5479  totaltime:43.5203899s  frame time:39.9935ms  delay_time:389.9µs
frame:1088/5479  totaltime:43.5604183s  frame time:40.0284ms  delay_time:418.3µs
frame:1089/5479  totaltime:43.60039s  frame time:39.9717ms  delay_time:390µs
frame:1090/5479  totaltime:43.6403867s  frame time:39.9967ms  delay_time:386.7µs
frame:1091/5479  totaltime:43.6803907s  frame time:40.004ms  delay_time:390.7µs
frame:1092/5479  totaltime:43.720394s  frame time:40.0033ms  delay_time:394µs
frame:1093/5479  totaltime:43.7604169s  frame time:40.0229ms  delay_time:416.9µs
frame:1094/5479  totaltime:43.8004176s  frame time:40.0007ms  delay_time:417.6µs
frame:1095/5479  totaltime:43.8404175s  frame time:39.9999ms  delay_time:417.5µs
frame:1096/5479  totaltime:43.8803914s  frame time:39.9739ms  delay_time:391.4µs
frame:1097/5479  totaltime:43.920387s  frame time:39.9956ms  delay_time:387µs
frame:1098/5479  totaltime:43.9604175s  frame time:40.0305ms  delay_time:417.5µs
frame:1099/5479  totaltime:44.0003918s  frame time:39.9743ms  delay_time:391.8µs
frame:1100/5479  totaltime:44.0403895s  frame time:39.9977ms  delay_time:389.5µs
frame:1101/5479  totaltime:44.0803926s  frame time:40.0031ms  delay_time:392.6µs
frame:1102/5479  totaltime:44.1203903s  frame time:39.9977ms  delay_time:390.3µs
frame:1103/5479  totaltime:44.1603868s  frame time:39.9965ms  delay_time:386.8µs
frame:1104/5479  totaltime:44.2003888s  frame time:40.002ms  delay_time:388.8µs
frame:1105/5479  totaltime:44.2403883s  frame time:39.9995ms  delay_time:388.3µs
frame:1106/5479  totaltime:44.2803945s  frame time:40.0062ms  delay_time:394.5µs
frame:1107/5479  totaltime:44.3203876s  frame time:39.9931ms  delay_time:387.6µs
frame:1108/5479  totaltime:44.3603884s  frame time:40.0008ms  delay_time:388.4µs
frame:1109/5479  totaltime:44.4003885s  frame time:40.0001ms  delay_time:388.5µs
frame:1110/5479  totaltime:44.4403878s  frame time:39.9993ms  delay_time:387.8µs
frame:1111/5479  totaltime:44.4803921s  frame time:40.0043ms  delay_time:392.1µs
frame:1112/5479  totaltime:44.5203867s  frame time:39.9946ms  delay_time:386.7µs
frame:1113/5479  totaltime:44.5603868s  frame time:40.0001ms  delay_time:386.8µs
frame:1114/5479  totaltime:44.6003872s  frame time:40.0004ms  delay_time:387.2µs
frame:1115/5479  totaltime:44.6404161s  frame time:40.0289ms  delay_time:416.1µs
frame:1116/5479  totaltime:44.680393s  frame time:39.9769ms  delay_time:393µs
frame:1117/5479  totaltime:44.7203922s  frame time:39.9992ms  delay_time:392.2µs
frame:1118/5479  totaltime:44.7603886s  frame time:39.9964ms  delay_time:388.6µs
frame:1119/5479  totaltime:44.8003902s  frame time:40.0016ms  delay_time:390.2µs
frame:1120/5479  totaltime:44.8404184s  frame time:40.0282ms  delay_time:418.4µs
frame:1121/5479  totaltime:44.8803927s  frame time:39.9743ms  delay_time:392.7µs
frame:1122/5479  totaltime:44.9203866s  frame time:39.9939ms  delay_time:386.6µs
frame:1123/5479  totaltime:44.9603873s  frame time:40.0007ms  delay_time:387.3µs
frame:1124/5479  totaltime:45.0004178s  frame time:40.0305ms  delay_time:417.8µs
frame:1125/5479  totaltime:45.0403866s  frame time:39.9688ms  delay_time:386.6µs
frame:1126/5479  totaltime:45.0803903s  frame time:40.0037ms  delay_time:390.3µs
frame:1127/5479  totaltime:45.1204152s  frame time:40.0249ms  delay_time:415.2µs
frame:1128/5479  totaltime:45.1603873s  frame time:39.9721ms  delay_time:387.3µs
frame:1129/5479  totaltime:45.2004157s  frame time:40.0284ms  delay_time:415.7µs
frame:1130/5479  totaltime:45.2403882s  frame time:39.9725ms  delay_time:388.2µs
frame:1131/5479  totaltime:45.2803908s  frame time:40.0026ms  delay_time:390.8µs
frame:1132/5479  totaltime:45.3204151s  frame time:40.0243ms  delay_time:415.1µs
frame:1133/5479  totaltime:45.3604259s  frame time:40.0108ms  delay_time:425.9µs
frame:1134/5479  totaltime:45.4003895s  frame time:39.9636ms  delay_time:389.5µs
frame:1135/5479  totaltime:45.4403869s  frame time:39.9974ms  delay_time:386.9µs
frame:1136/5479  totaltime:45.4803893s  frame time:40.0024ms  delay_time:389.3µs
frame:1137/5479  totaltime:45.520389s  frame time:39.9997ms  delay_time:389µs
frame:1138/5479  totaltime:45.5604171s  frame time:40.0281ms  delay_time:417.1µs
frame:1139/5479  totaltime:45.6003901s  frame time:39.973ms  delay_time:390.1µs
frame:1140/5479  totaltime:45.6404185s  frame time:40.0284ms  delay_time:418.5µs
frame:1141/5479  totaltime:45.680391s  frame time:39.9725ms  delay_time:391µs
frame:1142/5479  totaltime:45.720417s  frame time:40.026ms  delay_time:417µs
frame:1143/5479  totaltime:45.7604179s  frame time:40.0009ms  delay_time:417.9µs
frame:1144/5479  totaltime:45.8003908s  frame time:39.9729ms  delay_time:390.8µs
frame:1145/5479  totaltime:45.8404173s  frame time:40.0265ms  delay_time:417.3µs
frame:1146/5479  totaltime:45.8803886s  frame time:39.9713ms  delay_time:388.6µs
frame:1147/5479  totaltime:45.9204215s  frame time:40.0329ms  delay_time:421.5µs
frame:1148/5479  totaltime:45.9603868s  frame time:39.9653ms  delay_time:386.8µs
frame:1149/5479  totaltime:46.0003869s  frame time:40.0001ms  delay_time:386.9µs
frame:1150/5479  totaltime:46.0403867s  frame time:39.9998ms  delay_time:386.7µs
frame:1151/5479  totaltime:46.0803892s  frame time:40.0025ms  delay_time:389.2µs
frame:1152/5479  totaltime:46.1204233s  frame time:40.0341ms  delay_time:423.3µs
frame:1153/5479  totaltime:46.1603902s  frame time:39.9669ms  delay_time:390.2µs
frame:1154/5479  totaltime:46.2004105s  frame time:40.0203ms  delay_time:410.5µs
frame:1155/5479  totaltime:46.2404173s  frame time:40.0068ms  delay_time:417.3µs
frame:1156/5479  totaltime:46.2804285s  frame time:40.0112ms  delay_time:428.5µs
frame:1157/5479  totaltime:46.3203896s  frame time:39.9611ms  delay_time:389.6µs
frame:1158/5479  totaltime:46.3604234s  frame time:40.0338ms  delay_time:423.4µs
frame:1159/5479  totaltime:46.4004171s  frame time:39.9937ms  delay_time:417.1µs
frame:1160/5479  totaltime:46.4403913s  frame time:39.9742ms  delay_time:391.3µs
frame:1161/5479  totaltime:46.4803965s  frame time:40.0052ms  delay_time:396.5µs
frame:1162/5479  totaltime:46.5203912s  frame time:39.9947ms  delay_time:391.2µs
frame:1163/5479  totaltime:46.5604183s  frame time:40.0271ms  delay_time:418.3µs
frame:1164/5479  totaltime:46.6003905s  frame time:39.9722ms  delay_time:390.5µs
frame:1165/5479  totaltime:46.6404176s  frame time:40.0271ms  delay_time:417.6µs
frame:1166/5479  totaltime:46.6803931s  frame time:39.9755ms  delay_time:393.1µs
frame:1167/5479  totaltime:46.7203881s  frame time:39.995ms  delay_time:388.1µs
frame:1168/5479  totaltime:46.7604168s  frame time:40.0287ms  delay_time:416.8µs
frame:1169/5479  totaltime:46.8003883s  frame time:39.9715ms  delay_time:388.3µs
frame:1170/5479  totaltime:46.8403867s  frame time:39.9984ms  delay_time:386.7µs
frame:1171/5479  totaltime:46.8803902s  frame time:40.0035ms  delay_time:390.2µs
frame:1172/5479  totaltime:46.920387s  frame time:39.9968ms  delay_time:387µs
frame:1173/5479  totaltime:46.9604238s  frame time:40.0368ms  delay_time:423.8µs
frame:1174/5479  totaltime:47.0004233s  frame time:39.9995ms  delay_time:423.3µs
frame:1175/5479  totaltime:47.0404238s  frame time:40.0005ms  delay_time:423.8µs
frame:1176/5479  totaltime:47.0804196s  frame time:39.9958ms  delay_time:419.6µs
frame:1177/5479  totaltime:47.1203865s  frame time:39.9669ms  delay_time:386.5µs
frame:1178/5479  totaltime:47.1603868s  frame time:40.0003ms  delay_time:386.8µs
frame:1179/5479  totaltime:47.2004147s  frame time:40.0279ms  delay_time:414.7µs
frame:1180/5479  totaltime:47.2404215s  frame time:40.0068ms  delay_time:421.5µs
frame:1181/5479  totaltime:47.2804242s  frame time:40.0027ms  delay_time:424.2µs
frame:1182/5479  totaltime:47.3204174s  frame time:39.9932ms  delay_time:417.4µs
frame:1183/5479  totaltime:47.3603869s  frame time:39.9695ms  delay_time:386.9µs
frame:1184/5479  totaltime:47.4003884s  frame time:40.0015ms  delay_time:388.4µs
frame:1185/5479  totaltime:47.4403888s  frame time:40.0004ms  delay_time:388.8µs
frame:1186/5479  totaltime:47.4803954s  frame time:40.0066ms  delay_time:395.4µs
frame:1187/5479  totaltime:47.5203874s  frame time:39.992ms  delay_time:387.4µs
frame:1188/5479  totaltime:47.5604151s  frame time:40.0277ms  delay_time:415.1µs
frame:1189/5479  totaltime:47.6003869s  frame time:39.9718ms  delay_time:386.9µs
frame:1190/5479  totaltime:47.6403866s  frame time:39.9997ms  delay_time:386.6µs
frame:1191/5479  totaltime:47.6803882s  frame time:40.0016ms  delay_time:388.2µs
frame:1192/5479  totaltime:47.720389s  frame time:40.0008ms  delay_time:389µs
frame:1193/5479  totaltime:47.7604171s  frame time:40.0281ms  delay_time:417.1µs
frame:1194/5479  totaltime:47.8004171s  frame time:40ms  delay_time:417.1µs
frame:1195/5479  totaltime:47.8404159s  frame time:39.9988ms  delay_time:415.9µs
frame:1196/5479  totaltime:47.8803904s  frame time:39.9745ms  delay_time:390.4µs
frame:1197/5479  totaltime:47.9204191s  frame time:40.0287ms  delay_time:419.1µs
frame:1198/5479  totaltime:47.9604228s  frame time:40.0037ms  delay_time:422.8µs
frame:1199/5479  totaltime:48.0004237s  frame time:40.0009ms  delay_time:423.7µs
frame:1200/5479  totaltime:48.0404151s  frame time:39.9914ms  delay_time:415.1µs
frame:1201/5479  totaltime:48.080424s  frame time:40.0089ms  delay_time:424µs
frame:1202/5479  totaltime:48.1203883s  frame time:39.9643ms  delay_time:388.3µs
frame:1203/5479  totaltime:48.160389s  frame time:40.0007ms  delay_time:389µs
frame:1204/5479  totaltime:48.2004173s  frame time:40.0283ms  delay_time:417.3µs
frame:1205/5479  totaltime:48.2403902s  frame time:39.9729ms  delay_time:390.2µs
frame:1206/5479  totaltime:48.2803916s  frame time:40.0014ms  delay_time:391.6µs
frame:1207/5479  totaltime:48.3204176s  frame time:40.026ms  delay_time:417.6µs
frame:1208/5479  totaltime:48.360387s  frame time:39.9694ms  delay_time:387µs
frame:1209/5479  totaltime:48.4004154s  frame time:40.0284ms  delay_time:415.4µs
frame:1210/5479  totaltime:48.440391s  frame time:39.9756ms  delay_time:391µs
frame:1211/5479  totaltime:48.4804186s  frame time:40.0276ms  delay_time:418.6µs
frame:1212/5479  totaltime:48.5203901s  frame time:39.9715ms  delay_time:390.1µs
frame:1213/5479  totaltime:48.5603896s  frame time:39.9995ms  delay_time:389.6µs
frame:1214/5479  totaltime:48.6003888s  frame time:39.9992ms  delay_time:388.8µs
frame:1215/5479  totaltime:48.6404278s  frame time:40.039ms  delay_time:427.8µs
frame:1216/5479  totaltime:48.6803903s  frame time:39.9625ms  delay_time:390.3µs
frame:1217/5479  totaltime:48.720417s  frame time:40.0267ms  delay_time:417µs
frame:1218/5479  totaltime:48.7604168s  frame time:39.9998ms  delay_time:416.8µs
frame:1219/5479  totaltime:48.8003912s  frame time:39.9744ms  delay_time:391.2µs
frame:1220/5479  totaltime:48.8404139s  frame time:40.0227ms  delay_time:413.9µs
frame:1221/5479  totaltime:48.8803918s  frame time:39.9779ms  delay_time:391.8µs
frame:1222/5479  totaltime:48.9204187s  frame time:40.0269ms  delay_time:418.7µs
frame:1223/5479  totaltime:48.9603881s  frame time:39.9694ms  delay_time:388.1µs
frame:1224/5479  totaltime:49.0004238s  frame time:40.0357ms  delay_time:423.8µs
frame:1225/5479  totaltime:49.0403891s  frame time:39.9653ms  delay_time:389.1µs
frame:1226/5479  totaltime:49.080392s  frame time:40.0029ms  delay_time:392µs
frame:1227/5479  totaltime:49.1203883s  frame time:39.9963ms  delay_time:388.3µs
frame:1228/5479  totaltime:49.1603901s  frame time:40.0018ms  delay_time:390.1µs
frame:1229/5479  totaltime:49.2004193s  frame time:40.0292ms  delay_time:419.3µs
frame:1230/5479  totaltime:49.2404167s  frame time:39.9974ms  delay_time:416.7µs
frame:1231/5479  totaltime:49.2804194s  frame time:40.0027ms  delay_time:419.4µs
frame:1232/5479  totaltime:49.320393s  frame time:39.9736ms  delay_time:393µs
frame:1233/5479  totaltime:49.3604165s  frame time:40.0235ms  delay_time:416.5µs
frame:1234/5479  totaltime:49.4003904s  frame time:39.9739ms  delay_time:390.4µs
frame:1235/5479  totaltime:49.4403909s  frame time:40.0005ms  delay_time:390.9µs
frame:1236/5479  totaltime:49.480426s  frame time:40.0351ms  delay_time:426µs
frame:1237/5479  totaltime:49.5204232s  frame time:39.9972ms  delay_time:423.2µs
frame:1238/5479  totaltime:49.5604206s  frame time:39.9974ms  delay_time:420.6µs
frame:1239/5479  totaltime:49.6003914s  frame time:39.9708ms  delay_time:391.4µs
frame:1240/5479  totaltime:49.6404168s  frame time:40.0254ms  delay_time:416.8µs
frame:1241/5479  totaltime:49.6804177s  frame time:40.0009ms  delay_time:417.7µs
frame:1242/5479  totaltime:49.7204174s  frame time:39.9997ms  delay_time:417.4µs
frame:1243/5479  totaltime:49.7604195s  frame time:40.0021ms  delay_time:419.5µs
frame:1244/5479  totaltime:49.800391s  frame time:39.9715ms  delay_time:391µs
frame:1245/5479  totaltime:49.8404172s  frame time:40.0262ms  delay_time:417.2µs
frame:1246/5479  totaltime:49.8803926s  frame time:39.9754ms  delay_time:392.6µs
frame:1247/5479  totaltime:49.920388s  frame time:39.9954ms  delay_time:388µs
frame:1248/5479  totaltime:49.9603867s  frame time:39.9987ms  delay_time:386.7µs
frame:1249/5479  totaltime:50.0004152s  frame time:40.0285ms  delay_time:415.2µs
frame:1250/5479  totaltime:50.0404219s  frame time:40.0067ms  delay_time:421.9µs
frame:1251/5479  totaltime:50.0803908s  frame time:39.9689ms  delay_time:390.8µs
frame:1252/5479  totaltime:50.120417s  frame time:40.0262ms  delay_time:417µs
frame:1253/5479  totaltime:50.1603869s  frame time:39.9699ms  delay_time:386.9µs
frame:1254/5479  totaltime:50.2004169s  frame time:40.03ms  delay_time:416.9µs
frame:1255/5479  totaltime:50.2403893s  frame time:39.9724ms  delay_time:389.3µs
frame:1256/5479  totaltime:50.2803956s  frame time:40.0063ms  delay_time:395.6µs
frame:1257/5479  totaltime:50.3203866s  frame time:39.991ms  delay_time:386.6µs
frame:1258/5479  totaltime:50.360391s  frame time:40.0044ms  delay_time:391µs
frame:1259/5479  totaltime:50.4004115s  frame time:40.0205ms  delay_time:411.5µs
frame:1260/5479  totaltime:50.4403904s  frame time:39.9789ms  delay_time:390.4µs
frame:1261/5479  totaltime:50.4804272s  frame time:40.0368ms  delay_time:427.2µs
frame:1262/5479  totaltime:50.5203912s  frame time:39.964ms  delay_time:391.2µs
frame:1263/5479  totaltime:50.560417s  frame time:40.0258ms  delay_time:417µs
frame:1264/5479  totaltime:50.6003878s  frame time:39.9708ms  delay_time:387.8µs
frame:1265/5479  totaltime:50.6404253s  frame time:40.0375ms  delay_time:425.3µs
frame:1266/5479  totaltime:50.6803948s  frame time:39.9695ms  delay_time:394.8µs
frame:1267/5479  totaltime:50.7203884s  frame time:39.9936ms  delay_time:388.4µs
frame:1268/5479  totaltime:50.7603903s  frame time:40.0019ms  delay_time:390.3µs
frame:1269/5479  totaltime:50.8004176s  frame time:40.0273ms  delay_time:417.6µs
frame:1270/5479  totaltime:50.8404116s  frame time:39.994ms  delay_time:411.6µs
frame:1271/5479  totaltime:50.8803927s  frame time:39.9811ms  delay_time:392.7µs
frame:1272/5479  totaltime:50.9204157s  frame time:40.023ms  delay_time:415.7µs
frame:1273/5479  totaltime:50.9603867s  frame time:39.971ms  delay_time:386.7µs
frame:1274/5479  totaltime:51.0003867s  frame time:40ms  delay_time:386.7µs
frame:1275/5479  totaltime:51.0403866s  frame time:39.9999ms  delay_time:386.6µs
frame:1276/5479  totaltime:51.0803887s  frame time:40.0021ms  delay_time:388.7µs
frame:1277/5479  totaltime:51.1204172s  frame time:40.0285ms  delay_time:417.2µs
frame:1278/5479  totaltime:51.1603866s  frame time:39.9694ms  delay_time:386.6µs
frame:1279/5479  totaltime:51.200387s  frame time:40.0004ms  delay_time:387µs
frame:1280/5479  totaltime:51.2403866s  frame time:39.9996ms  delay_time:386.6µs
frame:1281/5479  totaltime:51.2803891s  frame time:40.0025ms  delay_time:389.1µs
frame:1282/5479  totaltime:51.3203891s  frame time:40ms  delay_time:389.1µs
frame:1283/5479  totaltime:51.3603869s  frame time:39.9978ms  delay_time:386.9µs
frame:1284/5479  totaltime:51.4003882s  frame time:40.0013ms  delay_time:388.2µs
frame:1285/5479  totaltime:51.440391s  frame time:40.0028ms  delay_time:391µs
frame:1286/5479  totaltime:51.480419s  frame time:40.028ms  delay_time:419µs
frame:1287/5479  totaltime:51.5203912s  frame time:39.9722ms  delay_time:391.2µs
frame:1288/5479  totaltime:51.5604234s  frame time:40.0322ms  delay_time:423.4µs
frame:1289/5479  totaltime:51.6003867s  frame time:39.9633ms  delay_time:386.7µs
frame:1290/5479  totaltime:51.6404155s  frame time:40.0288ms  delay_time:415.5µs
frame:1291/5479  totaltime:51.6803893s  frame time:39.9738ms  delay_time:389.3µs
frame:1292/5479  totaltime:51.7203884s  frame time:39.9991ms  delay_time:388.4µs
frame:1293/5479  totaltime:51.7604233s  frame time:40.0349ms  delay_time:423.3µs
frame:1294/5479  totaltime:51.8003893s  frame time:39.966ms  delay_time:389.3µs
frame:1295/5479  totaltime:51.8403898s  frame time:40.0005ms  delay_time:389.8µs
frame:1296/5479  totaltime:51.8803904s  frame time:40.0006ms  delay_time:390.4µs
frame:1297/5479  totaltime:51.9204221s  frame time:40.0317ms  delay_time:422.1µs
frame:1298/5479  totaltime:51.9603891s  frame time:39.967ms  delay_time:389.1µs
frame:1299/5479  totaltime:52.0004235s  frame time:40.0344ms  delay_time:423.5µs
frame:1300/5479  totaltime:52.0404169s  frame time:39.9934ms  delay_time:416.9µs
frame:1301/5479  totaltime:52.0803909s  frame time:39.974ms  delay_time:390.9µs
frame:1302/5479  totaltime:52.1204175s  frame time:40.0266ms  delay_time:417.5µs
frame:1303/5479  totaltime:52.1603906s  frame time:39.9731ms  delay_time:390.6µs
frame:1304/5479  totaltime:52.2004221s  frame time:40.0315ms  delay_time:422.1µs
frame:1305/5479  totaltime:52.2404176s  frame time:39.9955ms  delay_time:417.6µs
frame:1306/5479  totaltime:52.280426s  frame time:40.0084ms  delay_time:426µs
frame:1307/5479  totaltime:52.3204219s  frame time:39.9959ms  delay_time:421.9µs
frame:1308/5479  totaltime:52.3604174s  frame time:39.9955ms  delay_time:417.4µs
frame:1309/5479  totaltime:52.4004224s  frame time:40.005ms  delay_time:422.4µs
frame:1310/5479  totaltime:52.4403903s  frame time:39.9679ms  delay_time:390.3µs
frame:1311/5479  totaltime:52.4804256s  frame time:40.0353ms  delay_time:425.6µs
frame:1312/5479  totaltime:52.5203883s  frame time:39.9627ms  delay_time:388.3µs
frame:1313/5479  totaltime:52.5604236s  frame time:40.0353ms  delay_time:423.6µs
frame:1314/5479  totaltime:52.6003899s  frame time:39.9663ms  delay_time:389.9µs
frame:1315/5479  totaltime:52.6404232s  frame time:40.0333ms  delay_time:423.2µs
frame:1316/5479  totaltime:52.6803902s  frame time:39.967ms  delay_time:390.2µs
frame:1317/5479  totaltime:52.7204223s  frame time:40.0321ms  delay_time:422.3µs
frame:1318/5479  totaltime:52.7604219s  frame time:39.9996ms  delay_time:421.9µs
frame:1319/5479  totaltime:52.8003901s  frame time:39.9682ms  delay_time:390.1µs
frame:1320/5479  totaltime:52.8404175s  frame time:40.0274ms  delay_time:417.5µs
frame:1321/5479  totaltime:52.8803927s  frame time:39.9752ms  delay_time:392.7µs
frame:1322/5479  totaltime:52.9204197s  frame time:40.027ms  delay_time:419.7µs
frame:1323/5479  totaltime:52.960391s  frame time:39.9713ms  delay_time:391µs
frame:1324/5479  totaltime:53.0004245s  frame time:40.0335ms  delay_time:424.5µs
frame:1325/5479  totaltime:53.0404166s  frame time:39.9921ms  delay_time:416.6µs
frame:1326/5479  totaltime:53.0803878s  frame time:39.9712ms  delay_time:387.8µs
frame:1327/5479  totaltime:53.1204099s  frame time:40.0221ms  delay_time:409.9µs
frame:1328/5479  totaltime:53.160391s  frame time:39.9811ms  delay_time:391µs
frame:1329/5479  totaltime:53.2004171s  frame time:40.0261ms  delay_time:417.1µs
frame:1330/5479  totaltime:53.2404191s  frame time:40.002ms  delay_time:419.1µs
frame:1331/5479  totaltime:53.2803912s  frame time:39.9721ms  delay_time:391.2µs
frame:1332/5479  totaltime:53.3203889s  frame time:39.9977ms  delay_time:388.9µs
frame:1333/5479  totaltime:53.3603902s  frame time:40.0013ms  delay_time:390.2µs
frame:1334/5479  totaltime:53.4004096s  frame time:40.0194ms  delay_time:409.6µs
frame:1335/5479  totaltime:53.4403914s  frame time:39.9818ms  delay_time:391.4µs
frame:1336/5479  totaltime:53.4804235s  frame time:40.0321ms  delay_time:423.5µs
frame:1337/5479  totaltime:53.5204165s  frame time:39.993ms  delay_time:416.5µs
frame:1338/5479  totaltime:53.5604189s  frame time:40.0024ms  delay_time:418.9µs
frame:1339/5479  totaltime:53.6004182s  frame time:39.9993ms  delay_time:418.2µs
frame:1340/5479  totaltime:53.6404193s  frame time:40.0011ms  delay_time:419.3µs
frame:1341/5479  totaltime:53.6804135s  frame time:39.9942ms  delay_time:413.5µs
frame:1342/5479  totaltime:53.7203902s  frame time:39.9767ms  delay_time:390.2µs
frame:1343/5479  totaltime:53.760416s  frame time:40.0258ms  delay_time:416µs
frame:1344/5479  totaltime:53.800424s  frame time:40.008ms  delay_time:424µs
frame:1345/5479  totaltime:53.8404244s  frame time:40.0004ms  delay_time:424.4µs
frame:1346/5479  totaltime:53.880392s  frame time:39.9676ms  delay_time:392µs
frame:1347/5479  totaltime:53.9204233s  frame time:40.0313ms  delay_time:423.3µs
frame:1348/5479  totaltime:53.9603891s  frame time:39.9658ms  delay_time:389.1µs
frame:1349/5479  totaltime:54.0004173s  frame time:40.0282ms  delay_time:417.3µs
frame:1350/5479  totaltime:54.0404174s  frame time:40.0001ms  delay_time:417.4µs
frame:1351/5479  totaltime:54.0803915s  frame time:39.9741ms  delay_time:391.5µs
frame:1352/5479  totaltime:54.1203905s  frame time:39.999ms  delay_time:390.5µs
frame:1353/5479  totaltime:54.1603883s  frame time:39.9978ms  delay_time:388.3µs
frame:1354/5479  totaltime:54.2004227s  frame time:40.0344ms  delay_time:422.7µs
frame:1355/5479  totaltime:54.2404098s  frame time:39.9871ms  delay_time:409.8µs
frame:1356/5479  totaltime:54.2804243s  frame time:40.0145ms  delay_time:424.3µs
frame:1357/5479  totaltime:54.3203884s  frame time:39.9641ms  delay_time:388.4µs
frame:1358/5479  totaltime:54.3604228s  frame time:40.0344ms  delay_time:422.8µs
frame:1359/5479  totaltime:54.4003909s  frame time:39.9681ms  delay_time:390.9µs
frame:1360/5479  totaltime:54.4403899s  frame time:39.999ms  delay_time:389.9µs
frame:1361/5479  totaltime:54.4804286s  frame time:40.0387ms  delay_time:428.6µs
frame:1362/5479  totaltime:54.5203892s  frame time:39.9606ms  delay_time:389.2µs
frame:1363/5479  totaltime:54.560417s  frame time:40.0278ms  delay_time:417µs
frame:1364/5479  totaltime:54.6003898s  frame time:39.9728ms  delay_time:389.8µs
frame:1365/5479  totaltime:54.6404167s  frame time:40.0269ms  delay_time:416.7µs
frame:1366/5479  totaltime:54.680413s  frame time:39.9963ms  delay_time:413µs
frame:1367/5479  totaltime:54.7204239s  frame time:40.0109ms  delay_time:423.9µs
frame:1368/5479  totaltime:54.7604234s  frame time:39.9995ms  delay_time:423.4µs
frame:1369/5479  totaltime:54.8003903s  frame time:39.9669ms  delay_time:390.3µs
frame:1370/5479  totaltime:54.8404225s  frame time:40.0322ms  delay_time:422.5µs
frame:1371/5479  totaltime:54.8803922s  frame time:39.9697ms  delay_time:392.2µs
frame:1372/5479  totaltime:54.9204204s  frame time:40.0282ms  delay_time:420.4µs
frame:1373/5479  totaltime:54.9603891s  frame time:39.9687ms  delay_time:389.1µs
frame:1374/5479  totaltime:55.0004242s  frame time:40.0351ms  delay_time:424.2µs
frame:1375/5479  totaltime:55.0404178s  frame time:39.9936ms  delay_time:417.8µs
frame:1376/5479  totaltime:55.0803891s  frame time:39.9713ms  delay_time:389.1µs
frame:1377/5479  totaltime:55.120389s  frame time:39.9999ms  delay_time:389µs
frame:1378/5479  totaltime:55.16039s  frame time:40.001ms  delay_time:390µs
frame:1379/5479  totaltime:55.2004229s  frame time:40.0329ms  delay_time:422.9µs
frame:1380/5479  totaltime:55.2404255s  frame time:40.0026ms  delay_time:425.5µs
frame:1381/5479  totaltime:55.280419s  frame time:39.9935ms  delay_time:419µs
frame:1382/5479  totaltime:55.3204099s  frame time:39.9909ms  delay_time:409.9µs
frame:1383/5479  totaltime:55.3604239s  frame time:40.014ms  delay_time:423.9µs
frame:1384/5479  totaltime:55.4004174s  frame time:39.9935ms  delay_time:417.4µs
frame:1385/5479  totaltime:55.440415s  frame time:39.9976ms  delay_time:415µs
frame:1386/5479  totaltime:55.480419s  frame time:40.004ms  delay_time:419µs
frame:1387/5479  totaltime:55.5203891s  frame time:39.9701ms  delay_time:389.1µs
frame:1388/5479  totaltime:55.560418s  frame time:40.0289ms  delay_time:418µs
frame:1389/5479  totaltime:55.60039s  frame time:39.972ms  delay_time:390µs
frame:1390/5479  totaltime:55.6404237s  frame time:40.0337ms  delay_time:423.7µs
frame:1391/5479  totaltime:55.6804183s  frame time:39.9946ms  delay_time:418.3µs
frame:1392/5479  totaltime:55.7203911s  frame time:39.9728ms  delay_time:391.1µs
frame:1393/5479  totaltime:55.7604171s  frame time:40.026ms  delay_time:417.1µs
frame:1394/5479  totaltime:55.8004171s  frame time:40ms  delay_time:417.1µs
frame:1395/5479  totaltime:55.8404163s  frame time:39.9992ms  delay_time:416.3µs
frame:1396/5479  totaltime:55.8803913s  frame time:39.975ms  delay_time:391.3µs
frame:1397/5479  totaltime:55.9204223s  frame time:40.031ms  delay_time:422.3µs
frame:1398/5479  totaltime:55.9604232s  frame time:40.0009ms  delay_time:423.2µs
frame:1399/5479  totaltime:56.0004225s  frame time:39.9993ms  delay_time:422.5µs
frame:1400/5479  totaltime:56.0403879s  frame time:39.9654ms  delay_time:387.9µs
frame:1401/5479  totaltime:56.0804182s  frame time:40.0303ms  delay_time:418.2µs
frame:1402/5479  totaltime:56.1204163s  frame time:39.9981ms  delay_time:416.3µs
frame:1403/5479  totaltime:56.160389s  frame time:39.9727ms  delay_time:389µs
frame:1404/5479  totaltime:56.2004168s  frame time:40.0278ms  delay_time:416.8µs
frame:1405/5479  totaltime:56.2403882s  frame time:39.9714ms  delay_time:388.2µs
frame:1406/5479  totaltime:56.2804187s  frame time:40.0305ms  delay_time:418.7µs
frame:1407/5479  totaltime:56.3204173s  frame time:39.9986ms  delay_time:417.3µs
frame:1408/5479  totaltime:56.3603908s  frame time:39.9735ms  delay_time:390.8µs
frame:1409/5479  totaltime:56.4004167s  frame time:40.0259ms  delay_time:416.7µs
frame:1410/5479  totaltime:56.4403901s  frame time:39.9734ms  delay_time:390.1µs
frame:1411/5479  totaltime:56.4803951s  frame time:40.005ms  delay_time:395.1µs
frame:1412/5479  totaltime:56.5203905s  frame time:39.9954ms  delay_time:390.5µs
frame:1413/5479  totaltime:56.560418s  frame time:40.0275ms  delay_time:418µs
frame:1414/5479  totaltime:56.6003893s  frame time:39.9713ms  delay_time:389.3µs
frame:1415/5479  totaltime:56.6404165s  frame time:40.0272ms  delay_time:416.5µs
frame:1416/5479  totaltime:56.6804s  frame time:39.9835ms  delay_time:400µs
frame:1417/5479  totaltime:56.7203918s  frame time:39.9918ms  delay_time:391.8µs
frame:1418/5479  totaltime:56.7604102s  frame time:40.0184ms  delay_time:410.2µs
frame:1419/5479  totaltime:56.8004021s  frame time:39.9919ms  delay_time:402.1µs
frame:1420/5479  totaltime:56.8404168s  frame time:40.0147ms  delay_time:416.8µs
frame:1421/5479  totaltime:56.8803925s  frame time:39.9757ms  delay_time:392.5µs
frame:1422/5479  totaltime:56.9204165s  frame time:40.024ms  delay_time:416.5µs
frame:1423/5479  totaltime:56.9603912s  frame time:39.9747ms  delay_time:391.2µs
frame:1424/5479  totaltime:57.0004163s  frame time:40.0251ms  delay_time:416.3µs
frame:1425/5479  totaltime:57.0403888s  frame time:39.9725ms  delay_time:388.8µs
frame:1426/5479  totaltime:57.0804191s  frame time:40.0303ms  delay_time:419.1µs
frame:1427/5479  totaltime:57.1204175s  frame time:39.9984ms  delay_time:417.5µs
frame:1428/5479  totaltime:57.1603883s  frame time:39.9708ms  delay_time:388.3µs
frame:1429/5479  totaltime:57.2004169s  frame time:40.0286ms  delay_time:416.9µs
frame:1430/5479  totaltime:57.2403881s  frame time:39.9712ms  delay_time:388.1µs
frame:1431/5479  totaltime:57.2804189s  frame time:40.0308ms  delay_time:418.9µs
frame:1432/5479  totaltime:57.3203881s  frame time:39.9692ms  delay_time:388.1µs
frame:1433/5479  totaltime:57.3604163s  frame time:40.0282ms  delay_time:416.3µs
frame:1434/5479  totaltime:57.4004167s  frame time:40.0004ms  delay_time:416.7µs
frame:1435/5479  totaltime:57.4403911s  frame time:39.9744ms  delay_time:391.1µs
frame:1436/5479  totaltime:57.4803909s  frame time:39.9998ms  delay_time:390.9µs
frame:1437/5479  totaltime:57.520391s  frame time:40.0001ms  delay_time:391µs
frame:1438/5479  totaltime:57.560417s  frame time:40.026ms  delay_time:417µs
frame:1439/5479  totaltime:57.6003881s  frame time:39.9711ms  delay_time:388.1µs
frame:1440/5479  totaltime:57.6404231s  frame time:40.035ms  delay_time:423.1µs
frame:1441/5479  totaltime:57.6804186s  frame time:39.9955ms  delay_time:418.6µs
frame:1442/5479  totaltime:57.7204215s  frame time:40.0029ms  delay_time:421.5µs
frame:1443/5479  totaltime:57.7604215s  frame time:40ms  delay_time:421.5µs
frame:1444/5479  totaltime:57.8003911s  frame time:39.9696ms  delay_time:391.1µs
frame:1445/5479  totaltime:57.8404059s  frame time:40.0148ms  delay_time:405.9µs
frame:1446/5479  totaltime:57.8803911s  frame time:39.9852ms  delay_time:391.1µs
frame:1447/5479  totaltime:57.9204168s  frame time:40.0257ms  delay_time:416.8µs
frame:1448/5479  totaltime:57.960417s  frame time:40.0002ms  delay_time:417µs
frame:1449/5479  totaltime:58.0003885s  frame time:39.9715ms  delay_time:388.5µs
frame:1450/5479  totaltime:58.0404097s  frame time:40.0212ms  delay_time:409.7µs
frame:1451/5479  totaltime:58.080389s  frame time:39.9793ms  delay_time:389µs
frame:1452/5479  totaltime:58.1204171s  frame time:40.0281ms  delay_time:417.1µs
frame:1453/5479  totaltime:58.1603888s  frame time:39.9717ms  delay_time:388.8µs
frame:1454/5479  totaltime:58.2004172s  frame time:40.0284ms  delay_time:417.2µs
frame:1455/5479  totaltime:58.2404179s  frame time:40.0007ms  delay_time:417.9µs
frame:1456/5479  totaltime:58.2804183s  frame time:40.0004ms  delay_time:418.3µs
frame:1457/5479  totaltime:58.3203883s  frame time:39.97ms  delay_time:388.3µs
frame:1458/5479  totaltime:58.3603937s  frame time:40.0054ms  delay_time:393.7µs
frame:1459/5479  totaltime:58.4004231s  frame time:40.0294ms  delay_time:423.1µs
frame:1460/5479  totaltime:58.4403912s  frame time:39.9681ms  delay_time:391.2µs
frame:1461/5479  totaltime:58.4803918s  frame time:40.0006ms  delay_time:391.8µs
frame:1462/5479  totaltime:58.5203899s  frame time:39.9981ms  delay_time:389.9µs
frame:1463/5479  totaltime:58.5604241s  frame time:40.0342ms  delay_time:424.1µs
frame:1464/5479  totaltime:58.60041s  frame time:39.9859ms  delay_time:410µs
frame:1465/5479  totaltime:58.6404169s  frame time:40.0069ms  delay_time:416.9µs
frame:1466/5479  totaltime:58.6804213s  frame time:40.0044ms  delay_time:421.3µs
frame:1467/5479  totaltime:58.7204169s  frame time:39.9956ms  delay_time:416.9µs
frame:1468/5479  totaltime:58.760418s  frame time:40.0011ms  delay_time:418µs
frame:1469/5479  totaltime:58.800417s  frame time:39.999ms  delay_time:417µs
frame:1470/5479  totaltime:58.8404167s  frame time:39.9997ms  delay_time:416.7µs
frame:1471/5479  totaltime:58.8803918s  frame time:39.9751ms  delay_time:391.8µs
frame:1472/5479  totaltime:58.9204165s  frame time:40.0247ms  delay_time:416.5µs
frame:1473/5479  totaltime:58.9603883s  frame time:39.9718ms  delay_time:388.3µs
frame:1474/5479  totaltime:59.0004214s  frame time:40.0331ms  delay_time:421.4µs
frame:1475/5479  totaltime:59.0403871s  frame time:39.9657ms  delay_time:387.1µs
frame:1476/5479  totaltime:59.0804136s  frame time:40.0265ms  delay_time:413.6µs
frame:1477/5479  totaltime:59.1204166s  frame time:40.003ms  delay_time:416.6µs
frame:1478/5479  totaltime:59.1603878s  frame time:39.9712ms  delay_time:387.8µs
frame:1479/5479  totaltime:59.2004236s  frame time:40.0358ms  delay_time:423.6µs
frame:1480/5479  totaltime:59.2403896s  frame time:39.966ms  delay_time:389.6µs
frame:1481/5479  totaltime:59.2804215s  frame time:40.0319ms  delay_time:421.5µs
frame:1482/5479  totaltime:59.3203909s  frame time:39.9694ms  delay_time:390.9µs
frame:1483/5479  totaltime:59.36039s  frame time:39.9991ms  delay_time:390µs
frame:1484/5479  totaltime:59.4003867s  frame time:39.9967ms  delay_time:386.7µs
frame:1485/5479  totaltime:59.4403868s  frame time:40.0001ms  delay_time:386.8µs
frame:1486/5479  totaltime:59.4804181s  frame time:40.0313ms  delay_time:418.1µs
frame:1487/5479  totaltime:59.5203892s  frame time:39.9711ms  delay_time:389.2µs
frame:1488/5479  totaltime:59.5603867s  frame time:39.9975ms  delay_time:386.7µs
frame:1489/5479  totaltime:59.6003886s  frame time:40.0019ms  delay_time:388.6µs
frame:1490/5479  totaltime:59.6403867s  frame time:39.9981ms  delay_time:386.7µs
frame:1491/5479  totaltime:59.6804182s  frame time:40.0315ms  delay_time:418.2µs
frame:1492/5479  totaltime:59.7203918s  frame time:39.9736ms  delay_time:391.8µs
frame:1493/5479  totaltime:59.7604177s  frame time:40.0259ms  delay_time:417.7µs
frame:1494/5479  totaltime:59.8004166s  frame time:39.9989ms  delay_time:416.6µs
frame:1495/5479  totaltime:59.840419s  frame time:40.0024ms  delay_time:419µs
frame:1496/5479  totaltime:59.8803906s  frame time:39.9716ms  delay_time:390.6µs
frame:1497/5479  totaltime:59.9203898s  frame time:39.9992ms  delay_time:389.8µs
frame:1498/5479  totaltime:59.9604096s  frame time:40.0198ms  delay_time:409.6µs
frame:1499/5479  totaltime:1m0.0004241s  frame time:40.0145ms  delay_time:424.1µs
frame:1500/5479  totaltime:1m0.0403891s  frame time:39.965ms  delay_time:389.1µs
frame:1501/5479  totaltime:1m0.0803886s  frame time:39.9995ms  delay_time:388.6µs
frame:1502/5479  totaltime:1m0.120422s  frame time:40.0334ms  delay_time:422µs
frame:1503/5479  totaltime:1m0.1603902s  frame time:39.9682ms  delay_time:390.2µs
frame:1504/5479  totaltime:1m0.2004291s  frame time:40.0389ms  delay_time:429.1µs
frame:1505/5479  totaltime:1m0.2403881s  frame time:39.959ms  delay_time:388.1µs
frame:1506/5479  totaltime:1m0.2804242s  frame time:40.0361ms  delay_time:424.2µs
frame:1507/5479  totaltime:1m0.3204227s  frame time:39.9985ms  delay_time:422.7µs
frame:1508/5479  totaltime:1m0.3604319s  frame time:40.0092ms  delay_time:431.9µs
frame:1509/5479  totaltime:1m0.4003888s  frame time:39.9569ms  delay_time:388.8µs
frame:1510/5479  totaltime:1m0.4403892s  frame time:40.0004ms  delay_time:389.2µs
frame:1511/5479  totaltime:1m0.4804175s  frame time:40.0283ms  delay_time:417.5µs
frame:1512/5479  totaltime:1m0.5203891s  frame time:39.9716ms  delay_time:389.1µs
frame:1513/5479  totaltime:1m0.5603918s  frame time:40.0027ms  delay_time:391.8µs
frame:1514/5479  totaltime:1m0.6004101s  frame time:40.0183ms  delay_time:410.1µs
frame:1515/5479  totaltime:1m0.6404272s  frame time:40.0171ms  delay_time:427.2µs
frame:1516/5479  totaltime:1m0.6804258s  frame time:39.9986ms  delay_time:425.8µs
frame:1517/5479  totaltime:1m0.7203909s  frame time:39.9651ms  delay_time:390.9µs
frame:1518/5479  totaltime:1m0.7604175s  frame time:40.0266ms  delay_time:417.5µs
frame:1519/5479  totaltime:1m0.8004209s  frame time:40.0034ms  delay_time:420.9µs
frame:1520/5479  totaltime:1m0.8404107s  frame time:39.9898ms  delay_time:410.7µs
frame:1521/5479  totaltime:1m0.8803915s  frame time:39.9808ms  delay_time:391.5µs
frame:1522/5479  totaltime:1m0.920417s  frame time:40.0255ms  delay_time:417µs
frame:1523/5479  totaltime:1m0.9604165s  frame time:39.9995ms  delay_time:416.5µs
frame:1524/5479  totaltime:1m1.0004237s  frame time:40.0072ms  delay_time:423.7µs
frame:1525/5479  totaltime:1m1.0404174s  frame time:39.9937ms  delay_time:417.4µs
frame:1526/5479  totaltime:1m1.080391s  frame time:39.9736ms  delay_time:391µs
frame:1527/5479  totaltime:1m1.1204173s  frame time:40.0263ms  delay_time:417.3µs
frame:1528/5479  totaltime:1m1.1604133s  frame time:39.996ms  delay_time:413.3µs
frame:1529/5479  totaltime:1m1.2004191s  frame time:40.0058ms  delay_time:419.1µs
frame:1530/5479  totaltime:1m1.2404232s  frame time:40.0041ms  delay_time:423.2µs
frame:1531/5479  totaltime:1m1.2804244s  frame time:40.0012ms  delay_time:424.4µs
frame:1532/5479  totaltime:1m1.3204222s  frame time:39.9978ms  delay_time:422.2µs
frame:1533/5479  totaltime:1m1.3604172s  frame time:39.995ms  delay_time:417.2µs
frame:1534/5479  totaltime:1m1.40039s  frame time:39.9728ms  delay_time:390µs
frame:1535/5479  totaltime:1m1.440395s  frame time:40.005ms  delay_time:395µs
frame:1536/5479  totaltime:1m1.480392s  frame time:39.997ms  delay_time:392µs
frame:1537/5479  totaltime:1m1.5203905s  frame time:39.9985ms  delay_time:390.5µs
frame:1538/5479  totaltime:1m1.5604174s  frame time:40.0269ms  delay_time:417.4µs
frame:1539/5479  totaltime:1m1.6003885s  frame time:39.9711ms  delay_time:388.5µs
frame:1540/5479  totaltime:1m1.6404219s  frame time:40.0334ms  delay_time:421.9µs
frame:1541/5479  totaltime:1m1.6804191s  frame time:39.9972ms  delay_time:419.1µs
frame:1542/5479  totaltime:1m1.7203883s  frame time:39.9692ms  delay_time:388.3µs
frame:1543/5479  totaltime:1m1.7604246s  frame time:40.0363ms  delay_time:424.6µs
frame:1544/5479  totaltime:1m1.8004169s  frame time:39.9923ms  delay_time:416.9µs
frame:1545/5479  totaltime:1m1.8404176s  frame time:40.0007ms  delay_time:417.6µs
frame:1546/5479  totaltime:1m1.8803905s  frame time:39.9729ms  delay_time:390.5µs
frame:1547/5479  totaltime:1m1.9204168s  frame time:40.0263ms  delay_time:416.8µs
frame:1548/5479  totaltime:1m1.9603867s  frame time:39.9699ms  delay_time:386.7µs
frame:1549/5479  totaltime:1m2.0004123s  frame time:40.0256ms  delay_time:412.3µs
frame:1550/5479  totaltime:1m2.0404166s  frame time:40.0043ms  delay_time:416.6µs
frame:1551/5479  totaltime:1m2.0804s  frame time:39.9834ms  delay_time:400µs
frame:1552/5479  totaltime:1m2.1204179s  frame time:40.0179ms  delay_time:417.9µs
frame:1553/5479  totaltime:1m2.1603882s  frame time:39.9703ms  delay_time:388.2µs
frame:1554/5479  totaltime:1m2.2004173s  frame time:40.0291ms  delay_time:417.3µs
frame:1555/5479  totaltime:1m2.2403883s  frame time:39.971ms  delay_time:388.3µs
frame:1556/5479  totaltime:1m2.2804175s  frame time:40.0292ms  delay_time:417.5µs
frame:1557/5479  totaltime:1m2.3203901s  frame time:39.9726ms  delay_time:390.1µs
frame:1558/5479  totaltime:1m2.3604179s  frame time:40.0278ms  delay_time:417.9µs
frame:1559/5479  totaltime:1m2.4004188s  frame time:40.0009ms  delay_time:418.8µs
frame:1560/5479  totaltime:1m2.440392s  frame time:39.9732ms  delay_time:392µs
frame:1561/5479  totaltime:1m2.480391s  frame time:39.999ms  delay_time:391µs
frame:1562/5479  totaltime:1m2.5203886s  frame time:39.9976ms  delay_time:388.6µs
frame:1563/5479  totaltime:1m2.5604178s  frame time:40.0292ms  delay_time:417.8µs
frame:1564/5479  totaltime:1m2.6003893s  frame time:39.9715ms  delay_time:389.3µs
frame:1565/5479  totaltime:1m2.6404166s  frame time:40.0273ms  delay_time:416.6µs
frame:1566/5479  totaltime:1m2.6803917s  frame time:39.9751ms  delay_time:391.7µs
frame:1567/5479  totaltime:1m2.7203912s  frame time:39.9995ms  delay_time:391.2µs
frame:1568/5479  totaltime:1m2.7604188s  frame time:40.0276ms  delay_time:418.8µs
frame:1569/5479  totaltime:1m2.8003878s  frame time:39.969ms  delay_time:387.8µs
frame:1570/5479  totaltime:1m2.8403897s  frame time:40.0019ms  delay_time:389.7µs
frame:1571/5479  totaltime:1m2.880393s  frame time:40.0033ms  delay_time:393µs
frame:1572/5479  totaltime:1m2.9204198s  frame time:40.0268ms  delay_time:419.8µs
frame:1573/5479  totaltime:1m2.9604099s  frame time:39.9901ms  delay_time:409.9µs
frame:1574/5479  totaltime:1m3.0004175s  frame time:40.0076ms  delay_time:417.5µs
frame:1575/5479  totaltime:1m3.0404168s  frame time:39.9993ms  delay_time:416.8µs
frame:1576/5479  totaltime:1m3.0804252s  frame time:40.0084ms  delay_time:425.2µs
frame:1577/5479  totaltime:1m3.1204169s  frame time:39.9917ms  delay_time:416.9µs
frame:1578/5479  totaltime:1m3.1603884s  frame time:39.9715ms  delay_time:388.4µs
frame:1579/5479  totaltime:1m3.200417s  frame time:40.0286ms  delay_time:417µs
frame:1580/5479  totaltime:1m3.2403924s  frame time:39.9754ms  delay_time:392.4µs
frame:1581/5479  totaltime:1m3.2803948s  frame time:40.0024ms  delay_time:394.8µs
frame:1582/5479  totaltime:1m3.3204171s  frame time:40.0223ms  delay_time:417.1µs
frame:1583/5479  totaltime:1m3.3604171s  frame time:40ms  delay_time:417.1µs
frame:1584/5479  totaltime:1m3.4003898s  frame time:39.9727ms  delay_time:389.8µs
frame:1585/5479  totaltime:1m3.4403901s  frame time:40.0003ms  delay_time:390.1µs
frame:1586/5479  totaltime:1m3.4804197s  frame time:40.0296ms  delay_time:419.7µs
frame:1587/5479  totaltime:1m3.5203893s  frame time:39.9696ms  delay_time:389.3µs
frame:1588/5479  totaltime:1m3.5604168s  frame time:40.0275ms  delay_time:416.8µs
frame:1589/5479  totaltime:1m3.6004192s  frame time:40.0024ms  delay_time:419.2µs
frame:1590/5479  totaltime:1m3.6404167s  frame time:39.9975ms  delay_time:416.7µs
frame:1591/5479  totaltime:1m3.6804183s  frame time:40.0016ms  delay_time:418.3µs
frame:1592/5479  totaltime:1m3.7204247s  frame time:40.0064ms  delay_time:424.7µs
frame:1593/5479  totaltime:1m3.7604171s  frame time:39.9924ms  delay_time:417.1µs
frame:1594/5479  totaltime:1m3.800388s  frame time:39.9709ms  delay_time:388µs
frame:1595/5479  totaltime:1m3.8403884s  frame time:40.0004ms  delay_time:388.4µs
frame:1596/5479  totaltime:1m3.8803901s  frame time:40.0017ms  delay_time:390.1µs
frame:1597/5479  totaltime:1m3.9204219s  frame time:40.0318ms  delay_time:421.9µs
frame:1598/5479  totaltime:1m3.9603916s  frame time:39.9697ms  delay_time:391.6µs
frame:1599/5479  totaltime:1m4.0004176s  frame time:40.026ms  delay_time:417.6µs
frame:1600/5479  totaltime:1m4.0404172s  frame time:39.9996ms  delay_time:417.2µs
frame:1601/5479  totaltime:1m4.0803913s  frame time:39.9741ms  delay_time:391.3µs
frame:1602/5479  totaltime:1m4.120417s  frame time:40.0257ms  delay_time:417µs
frame:1603/5479  totaltime:1m4.1603882s  frame time:39.9712ms  delay_time:388.2µs
frame:1604/5479  totaltime:1m4.2004168s  frame time:40.0286ms  delay_time:416.8µs
frame:1605/5479  totaltime:1m4.2403901s  frame time:39.9733ms  delay_time:390.1µs
frame:1606/5479  totaltime:1m4.2803997s  frame time:40.0096ms  delay_time:399.7µs
frame:1607/5479  totaltime:1m4.3203875s  frame time:39.9878ms  delay_time:387.5µs
frame:1608/5479  totaltime:1m4.360391s  frame time:40.0035ms  delay_time:391µs
frame:1609/5479  totaltime:1m4.4003884s  frame time:39.9974ms  delay_time:388.4µs
frame:1610/5479  totaltime:1m4.4403911s  frame time:40.0027ms  delay_time:391.1µs
frame:1611/5479  totaltime:1m4.4804238s  frame time:40.0327ms  delay_time:423.8µs
frame:1612/5479  totaltime:1m4.5204239s  frame time:40.0001ms  delay_time:423.9µs
frame:1613/5479  totaltime:1m4.5604299s  frame time:40.006ms  delay_time:429.9µs
frame:1614/5479  totaltime:1m4.6003881s  frame time:39.9582ms  delay_time:388.1µs
frame:1615/5479  totaltime:1m4.6404253s  frame time:40.0372ms  delay_time:425.3µs
frame:1616/5479  totaltime:1m4.680424s  frame time:39.9987ms  delay_time:424µs
frame:1617/5479  totaltime:1m4.7204228s  frame time:39.9988ms  delay_time:422.8µs
frame:1618/5479  totaltime:1m4.7604176s  frame time:39.9948ms  delay_time:417.6µs
frame:1619/5479  totaltime:1m4.8003869s  frame time:39.9693ms  delay_time:386.9µs
frame:1620/5479  totaltime:1m4.8404146s  frame time:40.0277ms  delay_time:414.6µs
frame:1621/5479  totaltime:1m4.8803963s  frame time:39.9817ms  delay_time:396.3µs
frame:1622/5479  totaltime:1m4.920421s  frame time:40.0247ms  delay_time:421µs
frame:1623/5479  totaltime:1m4.9603879s  frame time:39.9669ms  delay_time:387.9µs
frame:1624/5479  totaltime:1m5.000415s  frame time:40.0271ms  delay_time:415µs
frame:1625/5479  totaltime:1m5.0403884s  frame time:39.9734ms  delay_time:388.4µs
frame:1626/5479  totaltime:1m5.0803888s  frame time:40.0004ms  delay_time:388.8µs
frame:1627/5479  totaltime:1m5.1204227s  frame time:40.0339ms  delay_time:422.7µs
frame:1628/5479  totaltime:1m5.1604039s  frame time:39.9812ms  delay_time:403.9µs
frame:1629/5479  totaltime:1m5.2004191s  frame time:40.0152ms  delay_time:419.1µs
frame:1630/5479  totaltime:1m5.2404128s  frame time:39.9937ms  delay_time:412.8µs
frame:1631/5479  totaltime:1m5.2804264s  frame time:40.0136ms  delay_time:426.4µs
frame:1632/5479  totaltime:1m5.3203904s  frame time:39.964ms  delay_time:390.4µs
frame:1633/5479  totaltime:1m5.3604094s  frame time:40.019ms  delay_time:409.4µs
frame:1634/5479  totaltime:1m5.4004172s  frame time:40.0078ms  delay_time:417.2µs
frame:1635/5479  totaltime:1m5.4403896s  frame time:39.9724ms  delay_time:389.6µs
frame:1636/5479  totaltime:1m5.4804215s  frame time:40.0319ms  delay_time:421.5µs
frame:1637/5479  totaltime:1m5.5203872s  frame time:39.9657ms  delay_time:387.2µs
frame:1638/5479  totaltime:1m5.5604175s  frame time:40.0303ms  delay_time:417.5µs
frame:1639/5479  totaltime:1m5.6003899s  frame time:39.9724ms  delay_time:389.9µs
frame:1640/5479  totaltime:1m5.6404176s  frame time:40.0277ms  delay_time:417.6µs
frame:1641/5479  totaltime:1m5.6804124s  frame time:39.9948ms  delay_time:412.4µs
frame:1642/5479  totaltime:1m5.720429s  frame time:40.0166ms  delay_time:429µs
frame:1643/5479  totaltime:1m5.7604165s  frame time:39.9875ms  delay_time:416.5µs
frame:1644/5479  totaltime:1m5.8003891s  frame time:39.9726ms  delay_time:389.1µs
frame:1645/5479  totaltime:1m5.8404236s  frame time:40.0345ms  delay_time:423.6µs
frame:1646/5479  totaltime:1m5.8803912s  frame time:39.9676ms  delay_time:391.2µs
frame:1647/5479  totaltime:1m5.9204166s  frame time:40.0254ms  delay_time:416.6µs
frame:1648/5479  totaltime:1m5.9603867s  frame time:39.9701ms  delay_time:386.7µs
frame:1649/5479  totaltime:1m6.000415s  frame time:40.0283ms  delay_time:415µs
frame:1650/5479  totaltime:1m6.0403897s  frame time:39.9747ms  delay_time:389.7µs
frame:1651/5479  totaltime:1m6.0803929s  frame time:40.0032ms  delay_time:392.9µs
frame:1652/5479  totaltime:1m6.1203905s  frame time:39.9976ms  delay_time:390.5µs
frame:1653/5479  totaltime:1m6.1603901s  frame time:39.9996ms  delay_time:390.1µs
frame:1654/5479  totaltime:1m6.2003901s  frame time:40ms  delay_time:390.1µs
frame:1655/5479  totaltime:1m6.2403898s  frame time:39.9997ms  delay_time:389.8µs
frame:1656/5479  totaltime:1m6.2803955s  frame time:40.0057ms  delay_time:395.5µs
frame:1657/5479  totaltime:1m6.3203898s  frame time:39.9943ms  delay_time:389.8µs
frame:1658/5479  totaltime:1m6.3603901s  frame time:40.0003ms  delay_time:390.1µs
frame:1659/5479  totaltime:1m6.4003903s  frame time:40.0002ms  delay_time:390.3µs
frame:1660/5479  totaltime:1m6.4403901s  frame time:39.9998ms  delay_time:390.1µs
frame:1661/5479  totaltime:1m6.4803956s  frame time:40.0055ms  delay_time:395.6µs
frame:1662/5479  totaltime:1m6.5203897s  frame time:39.9941ms  delay_time:389.7µs
frame:1663/5479  totaltime:1m6.5603897s  frame time:40ms  delay_time:389.7µs
frame:1664/5479  totaltime:1m6.6003901s  frame time:40.0004ms  delay_time:390.1µs
frame:1665/5479  totaltime:1m6.6403867s  frame time:39.9966ms  delay_time:386.7µs
frame:1666/5479  totaltime:1m6.6804125s  frame time:40.0258ms  delay_time:412.5µs
frame:1667/5479  totaltime:1m6.7203896s  frame time:39.9771ms  delay_time:389.6µs
frame:1668/5479  totaltime:1m6.76039s  frame time:40.0004ms  delay_time:390µs
frame:1669/5479  totaltime:1m6.8003901s  frame time:40.0001ms  delay_time:390.1µs
frame:1670/5479  totaltime:1m6.8403909s  frame time:40.0008ms  delay_time:390.9µs
frame:1671/5479  totaltime:1m6.880401s  frame time:40.0101ms  delay_time:401µs
frame:1672/5479  totaltime:1m6.9203897s  frame time:39.9887ms  delay_time:389.7µs
frame:1673/5479  totaltime:1m6.960389s  frame time:39.9993ms  delay_time:389µs
frame:1674/5479  totaltime:1m7.000418s  frame time:40.029ms  delay_time:418µs
frame:1675/5479  totaltime:1m7.0403897s  frame time:39.9717ms  delay_time:389.7µs
frame:1676/5479  totaltime:1m7.0803969s  frame time:40.0072ms  delay_time:396.9µs
frame:1677/5479  totaltime:1m7.1203897s  frame time:39.9928ms  delay_time:389.7µs
frame:1678/5479  totaltime:1m7.1603907s  frame time:40.001ms  delay_time:390.7µs
frame:1679/5479  totaltime:1m7.2003911s  frame time:40.0004ms  delay_time:391.1µs
frame:1680/5479  totaltime:1m7.2403897s  frame time:39.9986ms  delay_time:389.7µs
frame:1681/5479  totaltime:1m7.2803946s  frame time:40.0049ms  delay_time:394.6µs
frame:1682/5479  totaltime:1m7.3203894s  frame time:39.9948ms  delay_time:389.4µs
frame:1683/5479  totaltime:1m7.3603902s  frame time:40.0008ms  delay_time:390.2µs
frame:1684/5479  totaltime:1m7.4003895s  frame time:39.9993ms  delay_time:389.5µs
frame:1685/5479  totaltime:1m7.4403905s  frame time:40.001ms  delay_time:390.5µs
frame:1686/5479  totaltime:1m7.4803915s  frame time:40.001ms  delay_time:391.5µs
frame:1687/5479  totaltime:1m7.5204215s  frame time:40.03ms  delay_time:421.5µs
frame:1688/5479  totaltime:1m7.5603867s  frame time:39.9652ms  delay_time:386.7µs
frame:1689/5479  totaltime:1m7.6003907s  frame time:40.004ms  delay_time:390.7µs
frame:1690/5479  totaltime:1m7.6403898s  frame time:39.9991ms  delay_time:389.8µs
frame:1691/5479  totaltime:1m7.6804182s  frame time:40.0284ms  delay_time:418.2µs
frame:1692/5479  totaltime:1m7.7203908s  frame time:39.9726ms  delay_time:390.8µs
frame:1693/5479  totaltime:1m7.7603899s  frame time:39.9991ms  delay_time:389.9µs
frame:1694/5479  totaltime:1m7.8003908s  frame time:40.0009ms  delay_time:390.8µs
frame:1695/5479  totaltime:1m7.8403899s  frame time:39.9991ms  delay_time:389.9µs
frame:1696/5479  totaltime:1m7.8803915s  frame time:40.0016ms  delay_time:391.5µs
frame:1697/5479  totaltime:1m7.9203897s  frame time:39.9982ms  delay_time:389.7µs
frame:1698/5479  totaltime:1m7.9603897s  frame time:40ms  delay_time:389.7µs
frame:1699/5479  totaltime:1m8.0003892s  frame time:39.9995ms  delay_time:389.2µs
frame:1700/5479  totaltime:1m8.0403897s  frame time:40.0005ms  delay_time:389.7µs
frame:1701/5479  totaltime:1m8.0803933s  frame time:40.0036ms  delay_time:393.3µs
frame:1702/5479  totaltime:1m8.12039s  frame time:39.9967ms  delay_time:390µs
frame:1703/5479  totaltime:1m8.1603895s  frame time:39.9995ms  delay_time:389.5µs
frame:1704/5479  totaltime:1m8.2004221s  frame time:40.0326ms  delay_time:422.1µs
frame:1705/5479  totaltime:1m8.2403882s  frame time:39.9661ms  delay_time:388.2µs
frame:1706/5479  totaltime:1m8.2804252s  frame time:40.037ms  delay_time:425.2µs
frame:1707/5479  totaltime:1m8.3204098s  frame time:39.9846ms  delay_time:409.8µs
frame:1708/5479  totaltime:1m8.3604165s  frame time:40.0067ms  delay_time:416.5µs
frame:1709/5479  totaltime:1m8.4004114s  frame time:39.9949ms  delay_time:411.4µs
frame:1710/5479  totaltime:1m8.4403908s  frame time:39.9794ms  delay_time:390.8µs
frame:1711/5479  totaltime:1m8.4803896s  frame time:39.9988ms  delay_time:389.6µs
frame:1712/5479  totaltime:1m8.5204228s  frame time:40.0332ms  delay_time:422.8µs
frame:1713/5479  totaltime:1m8.5604144s  frame time:39.9916ms  delay_time:414.4µs
frame:1714/5479  totaltime:1m8.6004116s  frame time:39.9972ms  delay_time:411.6µs
frame:1715/5479  totaltime:1m8.6404217s  frame time:40.0101ms  delay_time:421.7µs
frame:1716/5479  totaltime:1m8.6804181s  frame time:39.9964ms  delay_time:418.1µs
frame:1717/5479  totaltime:1m8.7204229s  frame time:40.0048ms  delay_time:422.9µs
frame:1718/5479  totaltime:1m8.7603885s  frame time:39.9656ms  delay_time:388.5µs
frame:1719/5479  totaltime:1m8.8003908s  frame time:40.0023ms  delay_time:390.8µs
frame:1720/5479  totaltime:1m8.8404194s  frame time:40.0286ms  delay_time:419.4µs
frame:1721/5479  totaltime:1m8.880391s  frame time:39.9716ms  delay_time:391µs
frame:1722/5479  totaltime:1m8.9203899s  frame time:39.9989ms  delay_time:389.9µs
frame:1723/5479  totaltime:1m8.9604168s  frame time:40.0269ms  delay_time:416.8µs
frame:1724/5479  totaltime:1m9.0004165s  frame time:39.9997ms  delay_time:416.5µs
frame:1725/5479  totaltime:1m9.0403913s  frame time:39.9748ms  delay_time:391.3µs
frame:1726/5479  totaltime:1m9.0803885s  frame time:39.9972ms  delay_time:388.5µs
frame:1727/5479  totaltime:1m9.1204173s  frame time:40.0288ms  delay_time:417.3µs
frame:1728/5479  totaltime:1m9.16039s  frame time:39.9727ms  delay_time:390µs
frame:1729/5479  totaltime:1m9.2004168s  frame time:40.0268ms  delay_time:416.8µs
frame:1730/5479  totaltime:1m9.2403885s  frame time:39.9717ms  delay_time:388.5µs
frame:1731/5479  totaltime:1m9.2804356s  frame time:40.0471ms  delay_time:435.6µs
frame:1732/5479  totaltime:1m9.32039s  frame time:39.9544ms  delay_time:390µs
frame:1733/5479  totaltime:1m9.3604176s  frame time:40.0276ms  delay_time:417.6µs
frame:1734/5479  totaltime:1m9.400417s  frame time:39.9994ms  delay_time:417µs
frame:1735/5479  totaltime:1m9.440391s  frame time:39.974ms  delay_time:391µs
frame:1736/5479  totaltime:1m9.4804279s  frame time:40.0369ms  delay_time:427.9µs
frame:1737/5479  totaltime:1m9.5203901s  frame time:39.9622ms  delay_time:390.1µs
frame:1738/5479  totaltime:1m9.5603905s  frame time:40.0004ms  delay_time:390.5µs
frame:1739/5479  totaltime:1m9.6003898s  frame time:39.9993ms  delay_time:389.8µs
frame:1740/5479  totaltime:1m9.6403897s  frame time:39.9999ms  delay_time:389.7µs
frame:1741/5479  totaltime:1m9.6803932s  frame time:40.0035ms  delay_time:393.2µs
frame:1742/5479  totaltime:1m9.72039s  frame time:39.9968ms  delay_time:390µs
frame:1743/5479  totaltime:1m9.7603896s  frame time:39.9996ms  delay_time:389.6µs
frame:1744/5479  totaltime:1m9.8003905s  frame time:40.0009ms  delay_time:390.5µs
frame:1745/5479  totaltime:1m9.8403891s  frame time:39.9986ms  delay_time:389.1µs
frame:1746/5479  totaltime:1m9.8803981s  frame time:40.009ms  delay_time:398.1µs
frame:1747/5479  totaltime:1m9.9203897s  frame time:39.9916ms  delay_time:389.7µs
frame:1748/5479  totaltime:1m9.9603898s  frame time:40.0001ms  delay_time:389.8µs
frame:1749/5479  totaltime:1m10.0003898s  frame time:40ms  delay_time:389.8µs
frame:1750/5479  totaltime:1m10.0403888s  frame time:39.999ms  delay_time:388.8µs
frame:1751/5479  totaltime:1m10.0803947s  frame time:40.0059ms  delay_time:394.7µs
frame:1752/5479  totaltime:1m10.1203891s  frame time:39.9944ms  delay_time:389.1µs
frame:1753/5479  totaltime:1m10.16039s  frame time:40.0009ms  delay_time:390µs
frame:1754/5479  totaltime:1m10.2003896s  frame time:39.9996ms  delay_time:389.6µs
frame:1755/5479  totaltime:1m10.2403889s  frame time:39.9993ms  delay_time:388.9µs
frame:1756/5479  totaltime:1m10.2803941s  frame time:40.0052ms  delay_time:394.1µs
frame:1757/5479  totaltime:1m10.3203908s  frame time:39.9967ms  delay_time:390.8µs
frame:1758/5479  totaltime:1m10.3603901s  frame time:39.9993ms  delay_time:390.1µs
frame:1759/5479  totaltime:1m10.4003915s  frame time:40.0014ms  delay_time:391.5µs
frame:1760/5479  totaltime:1m10.4403905s  frame time:39.999ms  delay_time:390.5µs
frame:1761/5479  totaltime:1m10.4804179s  frame time:40.0274ms  delay_time:417.9µs
frame:1762/5479  totaltime:1m10.5203866s  frame time:39.9687ms  delay_time:386.6µs
frame:1763/5479  totaltime:1m10.5604251s  frame time:40.0385ms  delay_time:425.1µs
frame:1764/5479  totaltime:1m10.60039s  frame time:39.9649ms  delay_time:390µs
frame:1765/5479  totaltime:1m10.6403899s  frame time:39.9999ms  delay_time:389.9µs
frame:1766/5479  totaltime:1m10.6803919s  frame time:40.002ms  delay_time:391.9µs
frame:1767/5479  totaltime:1m10.7203914s  frame time:39.9995ms  delay_time:391.4µs
frame:1768/5479  totaltime:1m10.7604165s  frame time:40.0251ms  delay_time:416.5µs
frame:1769/5479  totaltime:1m10.8003907s  frame time:39.9742ms  delay_time:390.7µs
frame:1770/5479  totaltime:1m10.84039s  frame time:39.9993ms  delay_time:390µs
frame:1771/5479  totaltime:1m10.8804037s  frame time:40.0137ms  delay_time:403.7µs
frame:1772/5479  totaltime:1m10.9203894s  frame time:39.9857ms  delay_time:389.4µs
frame:1773/5479  totaltime:1m10.96039s  frame time:40.0006ms  delay_time:390µs
frame:1774/5479  totaltime:1m11.0003936s  frame time:40.0036ms  delay_time:393.6µs
frame:1775/5479  totaltime:1m11.0403914s  frame time:39.9978ms  delay_time:391.4µs
frame:1776/5479  totaltime:1m11.0804206s  frame time:40.0292ms  delay_time:420.6µs
frame:1777/5479  totaltime:1m11.1204121s  frame time:39.9915ms  delay_time:412.1µs
frame:1778/5479  totaltime:1m11.16039s  frame time:39.9779ms  delay_time:390µs
frame:1779/5479  totaltime:1m11.2004189s  frame time:40.0289ms  delay_time:418.9µs
frame:1780/5479  totaltime:1m11.2404169s  frame time:39.998ms  delay_time:416.9µs
frame:1781/5479  totaltime:1m11.280424s  frame time:40.0071ms  delay_time:424µs
frame:1782/5479  totaltime:1m11.3204168s  frame time:39.9928ms  delay_time:416.8µs
frame:1783/5479  totaltime:1m11.3603921s  frame time:39.9753ms  delay_time:392.1µs
frame:1784/5479  totaltime:1m11.4003893s  frame time:39.9972ms  delay_time:389.3µs
frame:1785/5479  totaltime:1m11.4403908s  frame time:40.0015ms  delay_time:390.8µs
frame:1786/5479  totaltime:1m11.4804192s  frame time:40.0284ms  delay_time:419.2µs
frame:1787/5479  totaltime:1m11.5204218s  frame time:40.0026ms  delay_time:421.8µs
frame:1788/5479  totaltime:1m11.56042s  frame time:39.9982ms  delay_time:420µs
frame:1789/5479  totaltime:1m11.6003883s  frame time:39.9683ms  delay_time:388.3µs
frame:1790/5479  totaltime:1m11.6404255s  frame time:40.0372ms  delay_time:425.5µs
frame:1791/5479  totaltime:1m11.6804134s  frame time:39.9879ms  delay_time:413.4µs
frame:1792/5479  totaltime:1m11.7204174s  frame time:40.004ms  delay_time:417.4µs
frame:1793/5479  totaltime:1m11.7603893s  frame time:39.9719ms  delay_time:389.3µs
frame:1794/5479  totaltime:1m11.8003912s  frame time:40.0019ms  delay_time:391.2µs
frame:1795/5479  totaltime:1m11.8404188s  frame time:40.0276ms  delay_time:418.8µs
frame:1796/5479  totaltime:1m11.8804117s  frame time:39.9929ms  delay_time:411.7µs
frame:1797/5479  totaltime:1m11.9204229s  frame time:40.0112ms  delay_time:422.9µs
frame:1798/5479  totaltime:1m11.960411s  frame time:39.9881ms  delay_time:411µs
frame:1799/5479  totaltime:1m12.0003898s  frame time:39.9788ms  delay_time:389.8µs
frame:1800/5479  totaltime:1m12.0403867s  frame time:39.9969ms  delay_time:386.7µs
frame:1801/5479  totaltime:1m12.0803907s  frame time:40.004ms  delay_time:390.7µs
frame:1802/5479  totaltime:1m12.1204165s  frame time:40.0258ms  delay_time:416.5µs
frame:1803/5479  totaltime:1m12.1603911s  frame time:39.9746ms  delay_time:391.1µs
frame:1804/5479  totaltime:1m12.2004166s  frame time:40.0255ms  delay_time:416.6µs
frame:1805/5479  totaltime:1m12.2404167s  frame time:40.0001ms  delay_time:416.7µs
frame:1806/5479  totaltime:1m12.280392s  frame time:39.9753ms  delay_time:392µs
frame:1807/5479  totaltime:1m12.3204096s  frame time:40.0176ms  delay_time:409.6µs
frame:1808/5479  totaltime:1m12.3603988s  frame time:39.9892ms  delay_time:398.8µs
frame:1809/5479  totaltime:1m12.4003884s  frame time:39.9896ms  delay_time:388.4µs
frame:1810/5479  totaltime:1m12.4403888s  frame time:40.0004ms  delay_time:388.8µs
frame:1811/5479  totaltime:1m12.4804218s  frame time:40.033ms  delay_time:421.8µs
frame:1812/5479  totaltime:1m12.5203904s  frame time:39.9686ms  delay_time:390.4µs
frame:1813/5479  totaltime:1m12.5603898s  frame time:39.9994ms  delay_time:389.8µs
frame:1814/5479  totaltime:1m12.6003888s  frame time:39.999ms  delay_time:388.8µs
frame:1815/5479  totaltime:1m12.6404171s  frame time:40.0283ms  delay_time:417.1µs
frame:1816/5479  totaltime:1m12.6803913s  frame time:39.9742ms  delay_time:391.3µs
frame:1817/5479  totaltime:1m12.7204206s  frame time:40.0293ms  delay_time:420.6µs
frame:1818/5479  totaltime:1m12.7604188s  frame time:39.9982ms  delay_time:418.8µs
frame:1819/5479  totaltime:1m12.8004191s  frame time:40.0003ms  delay_time:419.1µs
frame:1820/5479  totaltime:1m12.8404169s  frame time:39.9978ms  delay_time:416.9µs
frame:1821/5479  totaltime:1m12.8803908s  frame time:39.9739ms  delay_time:390.8µs
frame:1822/5479  totaltime:1m12.9204286s  frame time:40.0378ms  delay_time:428.6µs
frame:1823/5479  totaltime:1m12.9603866s  frame time:39.958ms  delay_time:386.6µs
frame:1824/5479  totaltime:1m13.0004152s  frame time:40.0286ms  delay_time:415.2µs
frame:1825/5479  totaltime:1m13.0403899s  frame time:39.9747ms  delay_time:389.9µs
frame:1826/5479  totaltime:1m13.0803904s  frame time:40.0005ms  delay_time:390.4µs
frame:1827/5479  totaltime:1m13.1203888s  frame time:39.9984ms  delay_time:388.8µs
frame:1828/5479  totaltime:1m13.1603891s  frame time:40.0003ms  delay_time:389.1µs
frame:1829/5479  totaltime:1m13.2004174s  frame time:40.0283ms  delay_time:417.4µs
frame:1830/5479  totaltime:1m13.240391s  frame time:39.9736ms  delay_time:391µs
frame:1831/5479  totaltime:1m13.2804187s  frame time:40.0277ms  delay_time:418.7µs
frame:1832/5479  totaltime:1m13.3204216s  frame time:40.0029ms  delay_time:421.6µs
frame:1833/5479  totaltime:1m13.3603911s  frame time:39.9695ms  delay_time:391.1µs
frame:1834/5479  totaltime:1m13.4004103s  frame time:40.0192ms  delay_time:410.3µs
frame:1835/5479  totaltime:1m13.4403893s  frame time:39.979ms  delay_time:389.3µs
frame:1836/5479  totaltime:1m13.4804238s  frame time:40.0345ms  delay_time:423.8µs
frame:1837/5479  totaltime:1m13.5203902s  frame time:39.9664ms  delay_time:390.2µs
frame:1838/5479  totaltime:1m13.5604229s  frame time:40.0327ms  delay_time:422.9µs
frame:1839/5479  totaltime:1m13.6004096s  frame time:39.9867ms  delay_time:409.6µs
frame:1840/5479  totaltime:1m13.6404167s  frame time:40.0071ms  delay_time:416.7µs
frame:1841/5479  totaltime:1m13.680418s  frame time:40.0013ms  delay_time:418µs
frame:1842/5479  totaltime:1m13.7203893s  frame time:39.9713ms  delay_time:389.3µs
frame:1843/5479  totaltime:1m13.7604168s  frame time:40.0275ms  delay_time:416.8µs
frame:1844/5479  totaltime:1m13.8003912s  frame time:39.9744ms  delay_time:391.2µs
frame:1845/5479  totaltime:1m13.8404169s  frame time:40.0257ms  delay_time:416.9µs
frame:1846/5479  totaltime:1m13.8803905s  frame time:39.9736ms  delay_time:390.5µs
frame:1847/5479  totaltime:1m13.9204161s  frame time:40.0256ms  delay_time:416.1µs
frame:1848/5479  totaltime:1m13.9603908s  frame time:39.9747ms  delay_time:390.8µs
frame:1849/5479  totaltime:1m14.0004234s  frame time:40.0326ms  delay_time:423.4µs
frame:1850/5479  totaltime:1m14.0404175s  frame time:39.9941ms  delay_time:417.5µs
frame:1851/5479  totaltime:1m14.0804309s  frame time:40.0134ms  delay_time:430.9µs
frame:1852/5479  totaltime:1m14.1204178s  frame time:39.9869ms  delay_time:417.8µs
frame:1853/5479  totaltime:1m14.1604184s  frame time:40.0006ms  delay_time:418.4µs
frame:1854/5479  totaltime:1m14.2004175s  frame time:39.9991ms  delay_time:417.5µs
frame:1855/5479  totaltime:1m14.2404192s  frame time:40.0017ms  delay_time:419.2µs
frame:1856/5479  totaltime:1m14.2804186s  frame time:39.9994ms  delay_time:418.6µs
frame:1857/5479  totaltime:1m14.3203899s  frame time:39.9713ms  delay_time:389.9µs
frame:1858/5479  totaltime:1m14.3603872s  frame time:39.9973ms  delay_time:387.2µs
frame:1859/5479  totaltime:1m14.4004139s  frame time:40.0267ms  delay_time:413.9µs
frame:1860/5479  totaltime:1m14.4403906s  frame time:39.9767ms  delay_time:390.6µs
frame:1861/5479  totaltime:1m14.4804264s  frame time:40.0358ms  delay_time:426.4µs
frame:1862/5479  totaltime:1m14.5203891s  frame time:39.9627ms  delay_time:389.1µs
frame:1863/5479  totaltime:1m14.5604167s  frame time:40.0276ms  delay_time:416.7µs
frame:1864/5479  totaltime:1m14.6004167s  frame time:40ms  delay_time:416.7µs
frame:1865/5479  totaltime:1m14.6404177s  frame time:40.001ms  delay_time:417.7µs
frame:1866/5479  totaltime:1m14.6804238s  frame time:40.0061ms  delay_time:423.8µs
frame:1867/5479  totaltime:1m14.7203919s  frame time:39.9681ms  delay_time:391.9µs
frame:1868/5479  totaltime:1m14.7604191s  frame time:40.0272ms  delay_time:419.1µs
frame:1869/5479  totaltime:1m14.8003908s  frame time:39.9717ms  delay_time:390.8µs
frame:1870/5479  totaltime:1m14.8404096s  frame time:40.0188ms  delay_time:409.6µs
frame:1871/5479  totaltime:1m14.8803912s  frame time:39.9816ms  delay_time:391.2µs
frame:1872/5479  totaltime:1m14.920417s  frame time:40.0258ms  delay_time:417µs
frame:1873/5479  totaltime:1m14.9604165s  frame time:39.9995ms  delay_time:416.5µs
frame:1874/5479  totaltime:1m15.0004175s  frame time:40.001ms  delay_time:417.5µs
frame:1875/5479  totaltime:1m15.0403891s  frame time:39.9716ms  delay_time:389.1µs
frame:1876/5479  totaltime:1m15.0804177s  frame time:40.0286ms  delay_time:417.7µs
frame:1877/5479  totaltime:1m15.1203911s  frame time:39.9734ms  delay_time:391.1µs
frame:1878/5479  totaltime:1m15.1603894s  frame time:39.9983ms  delay_time:389.4µs
frame:1879/5479  totaltime:1m15.2004167s  frame time:40.0273ms  delay_time:416.7µs
frame:1880/5479  totaltime:1m15.2403884s  frame time:39.9717ms  delay_time:388.4µs
frame:1881/5479  totaltime:1m15.2804215s  frame time:40.0331ms  delay_time:421.5µs
frame:1882/5479  totaltime:1m15.3203898s  frame time:39.9683ms  delay_time:389.8µs
frame:1883/5479  totaltime:1m15.3604011s  frame time:40.0113ms  delay_time:401.1µs
frame:1884/5479  totaltime:1m15.4004239s  frame time:40.0228ms  delay_time:423.9µs
frame:1885/5479  totaltime:1m15.4403891s  frame time:39.9652ms  delay_time:389.1µs
frame:1886/5479  totaltime:1m15.4803944s  frame time:40.0053ms  delay_time:394.4µs
frame:1887/5479  totaltime:1m15.5203888s  frame time:39.9944ms  delay_time:388.8µs
frame:1888/5479  totaltime:1m15.5604168s  frame time:40.028ms  delay_time:416.8µs
frame:1889/5479  totaltime:1m15.6003901s  frame time:39.9733ms  delay_time:390.1µs
frame:1890/5479  totaltime:1m15.6404198s  frame time:40.0297ms  delay_time:419.8µs
frame:1891/5479  totaltime:1m15.6803907s  frame time:39.9709ms  delay_time:390.7µs
frame:1892/5479  totaltime:1m15.7204165s  frame time:40.0258ms  delay_time:416.5µs
frame:1893/5479  totaltime:1m15.7604172s  frame time:40.0007ms  delay_time:417.2µs
frame:1894/5479  totaltime:1m15.8003907s  frame time:39.9735ms  delay_time:390.7µs
frame:1895/5479  totaltime:1m15.8403884s  frame time:39.9977ms  delay_time:388.4µs
frame:1896/5479  totaltime:1m15.8804115s  frame time:40.0231ms  delay_time:411.5µs
frame:1897/5479  totaltime:1m15.9204168s  frame time:40.0053ms  delay_time:416.8µs
frame:1898/5479  totaltime:1m15.960391s  frame time:39.9742ms  delay_time:391µs
frame:1899/5479  totaltime:1m16.0004228s  frame time:40.0318ms  delay_time:422.8µs
frame:1900/5479  totaltime:1m16.0403873s  frame time:39.9645ms  delay_time:387.3µs
frame:1901/5479  totaltime:1m16.0803915s  frame time:40.0042ms  delay_time:391.5µs
frame:1902/5479  totaltime:1m16.1204169s  frame time:40.0254ms  delay_time:416.9µs
frame:1903/5479  totaltime:1m16.1603882s  frame time:39.9713ms  delay_time:388.2µs
frame:1904/5479  totaltime:1m16.2004182s  frame time:40.03ms  delay_time:418.2µs
frame:1905/5479  totaltime:1m16.240388s  frame time:39.9698ms  delay_time:388µs
frame:1906/5479  totaltime:1m16.2804181s  frame time:40.0301ms  delay_time:418.1µs
frame:1907/5479  totaltime:1m16.3203882s  frame time:39.9701ms  delay_time:388.2µs
frame:1908/5479  totaltime:1m16.3604163s  frame time:40.0281ms  delay_time:416.3µs
frame:1909/5479  totaltime:1m16.4004167s  frame time:40.0004ms  delay_time:416.7µs
frame:1910/5479  totaltime:1m16.4403924s  frame time:39.9757ms  delay_time:392.4µs
frame:1911/5479  totaltime:1m16.4804178s  frame time:40.0254ms  delay_time:417.8µs
frame:1912/5479  totaltime:1m16.5203901s  frame time:39.9723ms  delay_time:390.1µs
frame:1913/5479  totaltime:1m16.5604177s  frame time:40.0276ms  delay_time:417.7µs
frame:1914/5479  totaltime:1m16.6003881s  frame time:39.9704ms  delay_time:388.1µs
frame:1915/5479  totaltime:1m16.6404226s  frame time:40.0345ms  delay_time:422.6µs
frame:1916/5479  totaltime:1m16.6803899s  frame time:39.9673ms  delay_time:389.9µs
frame:1917/5479  totaltime:1m16.7204187s  frame time:40.0288ms  delay_time:418.7µs
frame:1918/5479  totaltime:1m16.7604226s  frame time:40.0039ms  delay_time:422.6µs
frame:1919/5479  totaltime:1m16.8003936s  frame time:39.971ms  delay_time:393.6µs
frame:1920/5479  totaltime:1m16.8404216s  frame time:40.028ms  delay_time:421.6µs
frame:1921/5479  totaltime:1m16.8803944s  frame time:39.9728ms  delay_time:394.4µs
frame:1922/5479  totaltime:1m16.920417s  frame time:40.0226ms  delay_time:417µs
frame:1923/5479  totaltime:1m16.9604203s  frame time:40.0033ms  delay_time:420.3µs
frame:1924/5479  totaltime:1m17.000423s  frame time:40.0027ms  delay_time:423µs
frame:1925/5479  totaltime:1m17.0403893s  frame time:39.9663ms  delay_time:389.3µs
frame:1926/5479  totaltime:1m17.0803888s  frame time:39.9995ms  delay_time:388.8µs
frame:1927/5479  totaltime:1m17.1204169s  frame time:40.0281ms  delay_time:416.9µs
frame:1928/5479  totaltime:1m17.1603888s  frame time:39.9719ms  delay_time:388.8µs
frame:1929/5479  totaltime:1m17.2004186s  frame time:40.0298ms  delay_time:418.6µs
frame:1930/5479  totaltime:1m17.2403884s  frame time:39.9698ms  delay_time:388.4µs
frame:1931/5479  totaltime:1m17.2804227s  frame time:40.0343ms  delay_time:422.7µs
frame:1932/5479  totaltime:1m17.3204218s  frame time:39.9991ms  delay_time:421.8µs
frame:1933/5479  totaltime:1m17.3603879s  frame time:39.9661ms  delay_time:387.9µs
frame:1934/5479  totaltime:1m17.4004138s  frame time:40.0259ms  delay_time:413.8µs
frame:1935/5479  totaltime:1m17.4403914s  frame time:39.9776ms  delay_time:391.4µs
frame:1936/5479  totaltime:1m17.4804205s  frame time:40.0291ms  delay_time:420.5µs
frame:1937/5479  totaltime:1m17.5204242s  frame time:40.0037ms  delay_time:424.2µs
frame:1938/5479  totaltime:1m17.560417s  frame time:39.9928ms  delay_time:417µs
frame:1939/5479  totaltime:1m17.6004164s  frame time:39.9994ms  delay_time:416.4µs
frame:1940/5479  totaltime:1m17.6404168s  frame time:40.0004ms  delay_time:416.8µs
frame:1941/5479  totaltime:1m17.6804187s  frame time:40.0019ms  delay_time:418.7µs
frame:1942/5479  totaltime:1m17.7204191s  frame time:40.0004ms  delay_time:419.1µs
frame:1943/5479  totaltime:1m17.7604172s  frame time:39.9981ms  delay_time:417.2µs
frame:1944/5479  totaltime:1m17.8004188s  frame time:40.0016ms  delay_time:418.8µs
frame:1945/5479  totaltime:1m17.8404169s  frame time:39.9981ms  delay_time:416.9µs
frame:1946/5479  totaltime:1m17.8803923s  frame time:39.9754ms  delay_time:392.3µs
frame:1947/5479  totaltime:1m17.920417s  frame time:40.0247ms  delay_time:417µs
frame:1948/5479  totaltime:1m17.9604176s  frame time:40.0006ms  delay_time:417.6µs
frame:1949/5479  totaltime:1m18.0004242s  frame time:40.0066ms  delay_time:424.2µs
frame:1950/5479  totaltime:1m18.0404171s  frame time:39.9929ms  delay_time:417.1µs
frame:1951/5479  totaltime:1m18.0803888s  frame time:39.9717ms  delay_time:388.8µs
frame:1952/5479  totaltime:1m18.1204158s  frame time:40.027ms  delay_time:415.8µs
frame:1953/5479  totaltime:1m18.1603889s  frame time:39.9731ms  delay_time:388.9µs
frame:1954/5479  totaltime:1m18.200417s  frame time:40.0281ms  delay_time:417µs
frame:1955/5479  totaltime:1m18.2403881s  frame time:39.9711ms  delay_time:388.1µs
frame:1956/5479  totaltime:1m18.2803911s  frame time:40.003ms  delay_time:391.1µs
frame:1957/5479  totaltime:1m18.3204168s  frame time:40.0257ms  delay_time:416.8µs
frame:1958/5479  totaltime:1m18.3604168s  frame time:40ms  delay_time:416.8µs
frame:1959/5479  totaltime:1m18.4003867s  frame time:39.9699ms  delay_time:386.7µs
frame:1960/5479  totaltime:1m18.4403883s  frame time:40.0016ms  delay_time:388.3µs
frame:1961/5479  totaltime:1m18.480424s  frame time:40.0357ms  delay_time:424µs
frame:1962/5479  totaltime:1m18.5203883s  frame time:39.9643ms  delay_time:388.3µs
frame:1963/5479  totaltime:1m18.5604233s  frame time:40.035ms  delay_time:423.3µs
frame:1964/5479  totaltime:1m18.6003883s  frame time:39.965ms  delay_time:388.3µs
frame:1965/5479  totaltime:1m18.6404168s  frame time:40.0285ms  delay_time:416.8µs
frame:1966/5479  totaltime:1m18.6804216s  frame time:40.0048ms  delay_time:421.6µs
frame:1967/5479  totaltime:1m18.7204176s  frame time:39.996ms  delay_time:417.6µs
frame:1968/5479  totaltime:1m18.7604246s  frame time:40.007ms  delay_time:424.6µs
frame:1969/5479  totaltime:1m18.8003912s  frame time:39.9666ms  delay_time:391.2µs
frame:1970/5479  totaltime:1m18.8403899s  frame time:39.9987ms  delay_time:389.9µs
frame:1971/5479  totaltime:1m18.8803926s  frame time:40.0027ms  delay_time:392.6µs
frame:1972/5479  totaltime:1m18.9203867s  frame time:39.9941ms  delay_time:386.7µs
frame:1973/5479  totaltime:1m18.960415s  frame time:40.0283ms  delay_time:415µs
frame:1974/5479  totaltime:1m19.000389s  frame time:39.974ms  delay_time:389µs
frame:1975/5479  totaltime:1m19.0404168s  frame time:40.0278ms  delay_time:416.8µs
frame:1976/5479  totaltime:1m19.0803903s  frame time:39.9735ms  delay_time:390.3µs
frame:1977/5479  totaltime:1m19.1203912s  frame time:40.0009ms  delay_time:391.2µs
frame:1978/5479  totaltime:1m19.1603891s  frame time:39.9979ms  delay_time:389.1µs
frame:1979/5479  totaltime:1m19.2003899s  frame time:40.0008ms  delay_time:389.9µs
frame:1980/5479  totaltime:1m19.2404163s  frame time:40.0264ms  delay_time:416.3µs
frame:1981/5479  totaltime:1m19.2803933s  frame time:39.977ms  delay_time:393.3µs
frame:1982/5479  totaltime:1m19.3203887s  frame time:39.9954ms  delay_time:388.7µs
frame:1983/5479  totaltime:1m19.3604235s  frame time:40.0348ms  delay_time:423.5µs
frame:1984/5479  totaltime:1m19.4003893s  frame time:39.9658ms  delay_time:389.3µs
frame:1985/5479  totaltime:1m19.4403901s  frame time:40.0008ms  delay_time:390.1µs
frame:1986/5479  totaltime:1m19.4804234s  frame time:40.0333ms  delay_time:423.4µs
frame:1987/5479  totaltime:1m19.5203869s  frame time:39.9635ms  delay_time:386.9µs
frame:1988/5479  totaltime:1m19.5604147s  frame time:40.0278ms  delay_time:414.7µs
frame:1989/5479  totaltime:1m19.6003901s  frame time:39.9754ms  delay_time:390.1µs
frame:1990/5479  totaltime:1m19.6404172s  frame time:40.0271ms  delay_time:417.2µs
frame:1991/5479  totaltime:1m19.6804139s  frame time:39.9967ms  delay_time:413.9µs
frame:1992/5479  totaltime:1m19.7203898s  frame time:39.9759ms  delay_time:389.8µs
frame:1993/5479  totaltime:1m19.7604165s  frame time:40.0267ms  delay_time:416.5µs
frame:1994/5479  totaltime:1m19.8003867s  frame time:39.9702ms  delay_time:386.7µs
frame:1995/5479  totaltime:1m19.8404167s  frame time:40.03ms  delay_time:416.7µs
frame:1996/5479  totaltime:1m19.8804129s  frame time:39.9962ms  delay_time:412.9µs
frame:1997/5479  totaltime:1m19.9204176s  frame time:40.0047ms  delay_time:417.6µs
frame:1998/5479  totaltime:1m19.9604169s  frame time:39.9993ms  delay_time:416.9µs
frame:1999/5479  totaltime:1m20.0003918s  frame time:39.9749ms  delay_time:391.8µs
frame:2000/5479  totaltime:1m20.0403874s  frame time:39.9956ms  delay_time:387.4µs
frame:2001/5479  totaltime:1m20.0803905s  frame time:40.0031ms  delay_time:390.5µs
frame:2002/5479  totaltime:1m20.1203899s  frame time:39.9994ms  delay_time:389.9µs
frame:2003/5479  totaltime:1m20.1603913s  frame time:40.0014ms  delay_time:391.3µs
frame:2004/5479  totaltime:1m20.2003867s  frame time:39.9954ms  delay_time:386.7µs
frame:2005/5479  totaltime:1m20.2404206s  frame time:40.0339ms  delay_time:420.6µs
frame:2006/5479  totaltime:1m20.280418s  frame time:39.9974ms  delay_time:418µs
frame:2007/5479  totaltime:1m20.3203886s  frame time:39.9706ms  delay_time:388.6µs
frame:2008/5479  totaltime:1m20.3604169s  frame time:40.0283ms  delay_time:416.9µs
frame:2009/5479  totaltime:1m20.4003866s  frame time:39.9697ms  delay_time:386.6µs
frame:2010/5479  totaltime:1m20.4403867s  frame time:40.0001ms  delay_time:386.7µs
frame:2011/5479  totaltime:1m20.4803891s  frame time:40.0024ms  delay_time:389.1µs
frame:2012/5479  totaltime:1m20.5203874s  frame time:39.9983ms  delay_time:387.4µs
frame:2013/5479  totaltime:1m20.5603872s  frame time:39.9998ms  delay_time:387.2µs
frame:2014/5479  totaltime:1m20.6003873s  frame time:40.0001ms  delay_time:387.3µs
frame:2015/5479  totaltime:1m20.640423s  frame time:40.0357ms  delay_time:423µs
frame:2016/5479  totaltime:1m20.6803908s  frame time:39.9678ms  delay_time:390.8µs
frame:2017/5479  totaltime:1m20.7203921s  frame time:40.0013ms  delay_time:392.1µs
frame:2018/5479  totaltime:1m20.7604167s  frame time:40.0246ms  delay_time:416.7µs
frame:2019/5479  totaltime:1m20.800391s  frame time:39.9743ms  delay_time:391µs
frame:2020/5479  totaltime:1m20.8403917s  frame time:40.0007ms  delay_time:391.7µs
frame:2021/5479  totaltime:1m20.8803922s  frame time:40.0005ms  delay_time:392.2µs
frame:2022/5479  totaltime:1m20.9204175s  frame time:40.0253ms  delay_time:417.5µs
frame:2023/5479  totaltime:1m20.9603881s  frame time:39.9706ms  delay_time:388.1µs
frame:2024/5479  totaltime:1m21.0004173s  frame time:40.0292ms  delay_time:417.3µs
frame:2025/5479  totaltime:1m21.0404096s  frame time:39.9923ms  delay_time:409.6µs
frame:2026/5479  totaltime:1m21.0804266s  frame time:40.017ms  delay_time:426.6µs
frame:2027/5479  totaltime:1m21.1203899s  frame time:39.9633ms  delay_time:389.9µs
frame:2028/5479  totaltime:1m21.1603912s  frame time:40.0013ms  delay_time:391.2µs
frame:2029/5479  totaltime:1m21.2004176s  frame time:40.0264ms  delay_time:417.6µs
frame:2030/5479  totaltime:1m21.2403886s  frame time:39.971ms  delay_time:388.6µs
frame:2031/5479  totaltime:1m21.2804189s  frame time:40.0303ms  delay_time:418.9µs
frame:2032/5479  totaltime:1m21.3204169s  frame time:39.998ms  delay_time:416.9µs
frame:2033/5479  totaltime:1m21.360388s  frame time:39.9711ms  delay_time:388µs
frame:2034/5479  totaltime:1m21.4003895s  frame time:40.0015ms  delay_time:389.5µs
frame:2035/5479  totaltime:1m21.4403892s  frame time:39.9997ms  delay_time:389.2µs
frame:2036/5479  totaltime:1m21.4804183s  frame time:40.0291ms  delay_time:418.3µs
frame:2037/5479  totaltime:1m21.5203883s  frame time:39.97ms  delay_time:388.3µs
frame:2038/5479  totaltime:1m21.5604166s  frame time:40.0283ms  delay_time:416.6µs
frame:2039/5479  totaltime:1m21.6003901s  frame time:39.9735ms  delay_time:390.1µs
frame:2040/5479  totaltime:1m21.6404241s  frame time:40.034ms  delay_time:424.1µs
frame:2041/5479  totaltime:1m21.6804207s  frame time:39.9966ms  delay_time:420.7µs
frame:2042/5479  totaltime:1m21.7204167s  frame time:39.996ms  delay_time:416.7µs
frame:2043/5479  totaltime:1m21.7604103s  frame time:39.9936ms  delay_time:410.3µs
frame:2044/5479  totaltime:1m21.8003894s  frame time:39.9791ms  delay_time:389.4µs
frame:2045/5479  totaltime:1m21.840417s  frame time:40.0276ms  delay_time:417µs
frame:2046/5479  totaltime:1m21.8803905s  frame time:39.9735ms  delay_time:390.5µs
frame:2047/5479  totaltime:1m21.9204165s  frame time:40.026ms  delay_time:416.5µs
frame:2048/5479  totaltime:1m21.96039s  frame time:39.9735ms  delay_time:390µs
frame:2049/5479  totaltime:1m22.0004167s  frame time:40.0267ms  delay_time:416.7µs
frame:2050/5479  totaltime:1m22.0403908s  frame time:39.9741ms  delay_time:390.8µs
frame:2051/5479  totaltime:1m22.0803918s  frame time:40.001ms  delay_time:391.8µs
frame:2052/5479  totaltime:1m22.1204173s  frame time:40.0255ms  delay_time:417.3µs
frame:2053/5479  totaltime:1m22.1603884s  frame time:39.9711ms  delay_time:388.4µs
frame:2054/5479  totaltime:1m22.2004165s  frame time:40.0281ms  delay_time:416.5µs
frame:2055/5479  totaltime:1m22.2403923s  frame time:39.9758ms  delay_time:392.3µs
frame:2056/5479  totaltime:1m22.280418s  frame time:40.0257ms  delay_time:418µs
frame:2057/5479  totaltime:1m22.3204173s  frame time:39.9993ms  delay_time:417.3µs
frame:2058/5479  totaltime:1m22.360391s  frame time:39.9737ms  delay_time:391µs
frame:2059/5479  totaltime:1m22.4004172s  frame time:40.0262ms  delay_time:417.2µs
frame:2060/5479  totaltime:1m22.4403909s  frame time:39.9737ms  delay_time:390.9µs
frame:2061/5479  totaltime:1m22.4803903s  frame time:39.9994ms  delay_time:390.3µs
frame:2062/5479  totaltime:1m22.5204172s  frame time:40.0269ms  delay_time:417.2µs
frame:2063/5479  totaltime:1m22.5604167s  frame time:39.9995ms  delay_time:416.7µs
frame:2064/5479  totaltime:1m22.60039s  frame time:39.9733ms  delay_time:390µs
frame:2065/5479  totaltime:1m22.6404172s  frame time:40.0272ms  delay_time:417.2µs
frame:2066/5479  totaltime:1m22.6803915s  frame time:39.9743ms  delay_time:391.5µs
frame:2067/5479  totaltime:1m22.7203899s  frame time:39.9984ms  delay_time:389.9µs
frame:2068/5479  totaltime:1m22.7604175s  frame time:40.0276ms  delay_time:417.5µs
frame:2069/5479  totaltime:1m22.8003911s  frame time:39.9736ms  delay_time:391.1µs
frame:2070/5479  totaltime:1m22.8404168s  frame time:40.0257ms  delay_time:416.8µs
frame:2071/5479  totaltime:1m22.8803935s  frame time:39.9767ms  delay_time:393.5µs
frame:2072/5479  totaltime:1m22.9204168s  frame time:40.0233ms  delay_time:416.8µs
frame:2073/5479  totaltime:1m22.96039s  frame time:39.9732ms  delay_time:390µs
frame:2074/5479  totaltime:1m23.0004232s  frame time:40.0332ms  delay_time:423.2µs
frame:2075/5479  totaltime:1m23.0404199s  frame time:39.9967ms  delay_time:419.9µs
frame:2076/5479  totaltime:1m23.0804226s  frame time:40.0027ms  delay_time:422.6µs
frame:2077/5479  totaltime:1m23.1203905s  frame time:39.9679ms  delay_time:390.5µs
frame:2078/5479  totaltime:1m23.1603893s  frame time:39.9988ms  delay_time:389.3µs
frame:2079/5479  totaltime:1m23.2003867s  frame time:39.9974ms  delay_time:386.7µs
frame:2080/5479  totaltime:1m23.2403871s  frame time:40.0004ms  delay_time:387.1µs
frame:2081/5479  totaltime:1m23.2803891s  frame time:40.002ms  delay_time:389.1µs
frame:2082/5479  totaltime:1m23.3203877s  frame time:39.9986ms  delay_time:387.7µs
frame:2083/5479  totaltime:1m23.3603893s  frame time:40.0016ms  delay_time:389.3µs
frame:2084/5479  totaltime:1m23.4003867s  frame time:39.9974ms  delay_time:386.7µs
frame:2085/5479  totaltime:1m23.4403888s  frame time:40.0021ms  delay_time:388.8µs
frame:2086/5479  totaltime:1m23.4803895s  frame time:40.0007ms  delay_time:389.5µs
frame:2087/5479  totaltime:1m23.5203879s  frame time:39.9984ms  delay_time:387.9µs
frame:2088/5479  totaltime:1m23.5604173s  frame time:40.0294ms  delay_time:417.3µs
frame:2089/5479  totaltime:1m23.600416s  frame time:39.9987ms  delay_time:416µs
frame:2090/5479  totaltime:1m23.6404241s  frame time:40.0081ms  delay_time:424.1µs
frame:2091/5479  totaltime:1m23.6804148s  frame time:39.9907ms  delay_time:414.8µs
frame:2092/5479  totaltime:1m23.7204165s  frame time:40.0017ms  delay_time:416.5µs
frame:2093/5479  totaltime:1m23.7604187s  frame time:40.0022ms  delay_time:418.7µs
frame:2094/5479  totaltime:1m23.8003891s  frame time:39.9704ms  delay_time:389.1µs
frame:2095/5479  totaltime:1m23.8404264s  frame time:40.0373ms  delay_time:426.4µs
frame:2096/5479  totaltime:1m23.8803909s  frame time:39.9645ms  delay_time:390.9µs
frame:2097/5479  totaltime:1m23.9203867s  frame time:39.9958ms  delay_time:386.7µs
frame:2098/5479  totaltime:1m23.9603907s  frame time:40.004ms  delay_time:390.7µs
frame:2099/5479  totaltime:1m24.0004229s  frame time:40.0322ms  delay_time:422.9µs
frame:2100/5479  totaltime:1m24.0404241s  frame time:40.0012ms  delay_time:424.1µs
frame:2101/5479  totaltime:1m24.0804174s  frame time:39.9933ms  delay_time:417.4µs
frame:2102/5479  totaltime:1m24.1204225s  frame time:40.0051ms  delay_time:422.5µs
frame:2103/5479  totaltime:1m24.1603872s  frame time:39.9647ms  delay_time:387.2µs
frame:2104/5479  totaltime:1m24.200417s  frame time:40.0298ms  delay_time:417µs
frame:2105/5479  totaltime:1m24.2403876s  frame time:39.9706ms  delay_time:387.6µs
frame:2106/5479  totaltime:1m24.2804147s  frame time:40.0271ms  delay_time:414.7µs
frame:2107/5479  totaltime:1m24.3204217s  frame time:40.007ms  delay_time:421.7µs
frame:2108/5479  totaltime:1m24.3603872s  frame time:39.9655ms  delay_time:387.2µs
frame:2109/5479  totaltime:1m24.4003874s  frame time:40.0002ms  delay_time:387.4µs
frame:2110/5479  totaltime:1m24.4403899s  frame time:40.0025ms  delay_time:389.9µs
frame:2111/5479  totaltime:1m24.480418s  frame time:40.0281ms  delay_time:418µs
frame:2112/5479  totaltime:1m24.5203903s  frame time:39.9723ms  delay_time:390.3µs
frame:2113/5479  totaltime:1m24.5604165s  frame time:40.0262ms  delay_time:416.5µs
frame:2114/5479  totaltime:1m24.6004098s  frame time:39.9933ms  delay_time:409.8µs
frame:2115/5479  totaltime:1m24.6403916s  frame time:39.9818ms  delay_time:391.6µs
frame:2116/5479  totaltime:1m24.6803905s  frame time:39.9989ms  delay_time:390.5µs
frame:2117/5479  totaltime:1m24.7203868s  frame time:39.9963ms  delay_time:386.8µs
frame:2118/5479  totaltime:1m24.7604173s  frame time:40.0305ms  delay_time:417.3µs
frame:2119/5479  totaltime:1m24.8003939s  frame time:39.9766ms  delay_time:393.9µs
frame:2120/5479  totaltime:1m24.8403867s  frame time:39.9928ms  delay_time:386.7µs
frame:2121/5479  totaltime:1m24.8803926s  frame time:40.0059ms  delay_time:392.6µs
frame:2122/5479  totaltime:1m24.9203871s  frame time:39.9945ms  delay_time:387.1µs
frame:2123/5479  totaltime:1m24.9603877s  frame time:40.0006ms  delay_time:387.7µs
frame:2124/5479  totaltime:1m25.000387s  frame time:39.9993ms  delay_time:387µs
frame:2125/5479  totaltime:1m25.0404172s  frame time:40.0302ms  delay_time:417.2µs
frame:2126/5479  totaltime:1m25.0804184s  frame time:40.0012ms  delay_time:418.4µs
frame:2127/5479  totaltime:1m25.1204236s  frame time:40.0052ms  delay_time:423.6µs
frame:2128/5479  totaltime:1m25.1603883s  frame time:39.9647ms  delay_time:388.3µs
frame:2129/5479  totaltime:1m25.2004166s  frame time:40.0283ms  delay_time:416.6µs
frame:2130/5479  totaltime:1m25.2403891s  frame time:39.9725ms  delay_time:389.1µs
frame:2131/5479  totaltime:1m25.2804285s  frame time:40.0394ms  delay_time:428.5µs
frame:2132/5479  totaltime:1m25.3204174s  frame time:39.9889ms  delay_time:417.4µs
frame:2133/5479  totaltime:1m25.3604244s  frame time:40.007ms  delay_time:424.4µs
frame:2134/5479  totaltime:1m25.400411s  frame time:39.9866ms  delay_time:411µs
frame:2135/5479  totaltime:1m25.440391s  frame time:39.98ms  delay_time:391µs
frame:2136/5479  totaltime:1m25.4804201s  frame time:40.0291ms  delay_time:420.1µs
frame:2137/5479  totaltime:1m25.5204273s  frame time:40.0072ms  delay_time:427.3µs
frame:2138/5479  totaltime:1m25.5604168s  frame time:39.9895ms  delay_time:416.8µs
frame:2139/5479  totaltime:1m25.6003881s  frame time:39.9713ms  delay_time:388.1µs
frame:2140/5479  totaltime:1m25.6404168s  frame time:40.0287ms  delay_time:416.8µs
frame:2141/5479  totaltime:1m25.6804345s  frame time:40.0177ms  delay_time:434.5µs
frame:2142/5479  totaltime:1m25.7204172s  frame time:39.9827ms  delay_time:417.2µs
frame:2143/5479  totaltime:1m25.7603911s  frame time:39.9739ms  delay_time:391.1µs
frame:2144/5479  totaltime:1m25.8003909s  frame time:39.9998ms  delay_time:390.9µs
frame:2145/5479  totaltime:1m25.8403885s  frame time:39.9976ms  delay_time:388.5µs
frame:2146/5479  totaltime:1m25.8803911s  frame time:40.0026ms  delay_time:391.1µs
frame:2147/5479  totaltime:1m25.9204169s  frame time:40.0258ms  delay_time:416.9µs
frame:2148/5479  totaltime:1m25.9603882s  frame time:39.9713ms  delay_time:388.2µs
frame:2149/5479  totaltime:1m26.000418s  frame time:40.0298ms  delay_time:418µs
frame:2150/5479  totaltime:1m26.0404167s  frame time:39.9987ms  delay_time:416.7µs
frame:2151/5479  totaltime:1m26.0803887s  frame time:39.972ms  delay_time:388.7µs
frame:2152/5479  totaltime:1m26.1204215s  frame time:40.0328ms  delay_time:421.5µs
frame:2153/5479  totaltime:1m26.1603867s  frame time:39.9652ms  delay_time:386.7µs
frame:2154/5479  totaltime:1m26.2004214s  frame time:40.0347ms  delay_time:421.4µs
frame:2155/5479  totaltime:1m26.2403902s  frame time:39.9688ms  delay_time:390.2µs
frame:2156/5479  totaltime:1m26.2803882s  frame time:39.998ms  delay_time:388.2µs
frame:2157/5479  totaltime:1m26.3203901s  frame time:40.0019ms  delay_time:390.1µs
frame:2158/5479  totaltime:1m26.3604167s  frame time:40.0266ms  delay_time:416.7µs
frame:2159/5479  totaltime:1m26.4004175s  frame time:40.0008ms  delay_time:417.5µs
frame:2160/5479  totaltime:1m26.4403921s  frame time:39.9746ms  delay_time:392.1µs
frame:2161/5479  totaltime:1m26.4803883s  frame time:39.9962ms  delay_time:388.3µs
frame:2162/5479  totaltime:1m26.5203886s  frame time:40.0003ms  delay_time:388.6µs
frame:2163/5479  totaltime:1m26.5604173s  frame time:40.0287ms  delay_time:417.3µs
frame:2164/5479  totaltime:1m26.6004196s  frame time:40.0023ms  delay_time:419.6µs
frame:2165/5479  totaltime:1m26.6404174s  frame time:39.9978ms  delay_time:417.4µs
frame:2166/5479  totaltime:1m26.6803914s  frame time:39.974ms  delay_time:391.4µs
frame:2167/5479  totaltime:1m26.7203909s  frame time:39.9995ms  delay_time:390.9µs
frame:2168/5479  totaltime:1m26.7603914s  frame time:40.0005ms  delay_time:391.4µs
frame:2169/5479  totaltime:1m26.8003909s  frame time:39.9995ms  delay_time:390.9µs
frame:2170/5479  totaltime:1m26.8404167s  frame time:40.0258ms  delay_time:416.7µs
frame:2171/5479  totaltime:1m26.8803887s  frame time:39.972ms  delay_time:388.7µs
frame:2172/5479  totaltime:1m26.9204169s  frame time:40.0282ms  delay_time:416.9µs
frame:2173/5479  totaltime:1m26.9603881s  frame time:39.9712ms  delay_time:388.1µs
frame:2174/5479  totaltime:1m27.0004179s  frame time:40.0298ms  delay_time:417.9µs
frame:2175/5479  totaltime:1m27.0404165s  frame time:39.9986ms  delay_time:416.5µs
frame:2176/5479  totaltime:1m27.0803911s  frame time:39.9746ms  delay_time:391.1µs
frame:2177/5479  totaltime:1m27.1203913s  frame time:40.0002ms  delay_time:391.3µs
frame:2178/5479  totaltime:1m27.1603909s  frame time:39.9996ms  delay_time:390.9µs
frame:2179/5479  totaltime:1m27.2004216s  frame time:40.0307ms  delay_time:421.6µs
frame:2180/5479  totaltime:1m27.2403888s  frame time:39.9672ms  delay_time:388.8µs
frame:2181/5479  totaltime:1m27.2803883s  frame time:39.9995ms  delay_time:388.3µs
frame:2182/5479  totaltime:1m27.3203907s  frame time:40.0024ms  delay_time:390.7µs
frame:2183/5479  totaltime:1m27.3603885s  frame time:39.9978ms  delay_time:388.5µs
frame:2184/5479  totaltime:1m27.4004089s  frame time:40.0204ms  delay_time:408.9µs
frame:2185/5479  totaltime:1m27.440391s  frame time:39.9821ms  delay_time:391µs
frame:2186/5479  totaltime:1m27.4803885s  frame time:39.9975ms  delay_time:388.5µs
frame:2187/5479  totaltime:1m27.520392s  frame time:40.0035ms  delay_time:392µs
frame:2188/5479  totaltime:1m27.5604177s  frame time:40.0257ms  delay_time:417.7µs
frame:2189/5479  totaltime:1m27.6004233s  frame time:40.0056ms  delay_time:423.3µs
frame:2190/5479  totaltime:1m27.6404205s  frame time:39.9972ms  delay_time:420.5µs
frame:2191/5479  totaltime:1m27.6803914s  frame time:39.9709ms  delay_time:391.4µs
frame:2192/5479  totaltime:1m27.7204171s  frame time:40.0257ms  delay_time:417.1µs
frame:2193/5479  totaltime:1m27.7604233s  frame time:40.0062ms  delay_time:423.3µs
frame:2194/5479  totaltime:1m27.8003901s  frame time:39.9668ms  delay_time:390.1µs
frame:2195/5479  totaltime:1m27.840417s  frame time:40.0269ms  delay_time:417µs
frame:2196/5479  totaltime:1m27.8803913s  frame time:39.9743ms  delay_time:391.3µs
frame:2197/5479  totaltime:1m27.9203908s  frame time:39.9995ms  delay_time:390.8µs
frame:2198/5479  totaltime:1m27.9603867s  frame time:39.9959ms  delay_time:386.7µs
frame:2199/5479  totaltime:1m28.000415s  frame time:40.0283ms  delay_time:415µs
frame:2200/5479  totaltime:1m28.040417s  frame time:40.002ms  delay_time:417µs
frame:2201/5479  totaltime:1m28.0803911s  frame time:39.9741ms  delay_time:391.1µs
frame:2202/5479  totaltime:1m28.1204172s  frame time:40.0261ms  delay_time:417.2µs
frame:2203/5479  totaltime:1m28.1604172s  frame time:40ms  delay_time:417.2µs
frame:2204/5479  totaltime:1m28.2004265s  frame time:40.0093ms  delay_time:426.5µs
frame:2205/5479  totaltime:1m28.2403871s  frame time:39.9606ms  delay_time:387.1µs
frame:2206/5479  totaltime:1m28.2804147s  frame time:40.0276ms  delay_time:414.7µs
frame:2207/5479  totaltime:1m28.3203867s  frame time:39.972ms  delay_time:386.7µs
frame:2208/5479  totaltime:1m28.3604166s  frame time:40.0299ms  delay_time:416.6µs
frame:2209/5479  totaltime:1m28.4004219s  frame time:40.0053ms  delay_time:421.9µs
frame:2210/5479  totaltime:1m28.4403911s  frame time:39.9692ms  delay_time:391.1µs
frame:2211/5479  totaltime:1m28.4804164s  frame time:40.0253ms  delay_time:416.4µs
frame:2212/5479  totaltime:1m28.5204167s  frame time:40.0003ms  delay_time:416.7µs
frame:2213/5479  totaltime:1m28.5604165s  frame time:39.9998ms  delay_time:416.5µs
frame:2214/5479  totaltime:1m28.6004123s  frame time:39.9958ms  delay_time:412.3µs
frame:2215/5479  totaltime:1m28.6403897s  frame time:39.9774ms  delay_time:389.7µs
frame:2216/5479  totaltime:1m28.6803922s  frame time:40.0025ms  delay_time:392.2µs
frame:2217/5479  totaltime:1m28.7203898s  frame time:39.9976ms  delay_time:389.8µs
frame:2218/5479  totaltime:1m28.7604223s  frame time:40.0325ms  delay_time:422.3µs
frame:2219/5479  totaltime:1m28.8003909s  frame time:39.9686ms  delay_time:390.9µs
frame:2220/5479  totaltime:1m28.8404169s  frame time:40.026ms  delay_time:416.9µs
frame:2221/5479  totaltime:1m28.8803908s  frame time:39.9739ms  delay_time:390.8µs
frame:2222/5479  totaltime:1m28.920417s  frame time:40.0262ms  delay_time:417µs
frame:2223/5479  totaltime:1m28.9603885s  frame time:39.9715ms  delay_time:388.5µs
frame:2224/5479  totaltime:1m29.0004171s  frame time:40.0286ms  delay_time:417.1µs
frame:2225/5479  totaltime:1m29.0403882s  frame time:39.9711ms  delay_time:388.2µs
frame:2226/5479  totaltime:1m29.0804199s  frame time:40.0317ms  delay_time:419.9µs
frame:2227/5479  totaltime:1m29.1204171s  frame time:39.9972ms  delay_time:417.1µs
frame:2228/5479  totaltime:1m29.1603905s  frame time:39.9734ms  delay_time:390.5µs
frame:2229/5479  totaltime:1m29.2004231s  frame time:40.0326ms  delay_time:423.1µs
frame:2230/5479  totaltime:1m29.2403881s  frame time:39.965ms  delay_time:388.1µs
frame:2231/5479  totaltime:1m29.2804224s  frame time:40.0343ms  delay_time:422.4µs
frame:2232/5479  totaltime:1m29.3203867s  frame time:39.9643ms  delay_time:386.7µs
frame:2233/5479  totaltime:1m29.3604219s  frame time:40.0352ms  delay_time:421.9µs
frame:2234/5479  totaltime:1m29.4004199s  frame time:39.998ms  delay_time:419.9µs
frame:2235/5479  totaltime:1m29.4403927s  frame time:39.9728ms  delay_time:392.7µs
frame:2236/5479  totaltime:1m29.4804171s  frame time:40.0244ms  delay_time:417.1µs
frame:2237/5479  totaltime:1m29.5203901s  frame time:39.973ms  delay_time:390.1µs
frame:2238/5479  totaltime:1m29.560423s  frame time:40.0329ms  delay_time:423µs
frame:2239/5479  totaltime:1m29.6004232s  frame time:40.0002ms  delay_time:423.2µs
frame:2240/5479  totaltime:1m29.6404256s  frame time:40.0024ms  delay_time:425.6µs
frame:2241/5479  totaltime:1m29.6804109s  frame time:39.9853ms  delay_time:410.9µs
frame:2242/5479  totaltime:1m29.7203867s  frame time:39.9758ms  delay_time:386.7µs
frame:2243/5479  totaltime:1m29.7603885s  frame time:40.0018ms  delay_time:388.5µs
frame:2244/5479  totaltime:1m29.8003875s  frame time:39.999ms  delay_time:387.5µs
frame:2245/5479  totaltime:1m29.8404167s  frame time:40.0292ms  delay_time:416.7µs
frame:2246/5479  totaltime:1m29.8803904s  frame time:39.9737ms  delay_time:390.4µs
frame:2247/5479  totaltime:1m29.9204111s  frame time:40.0207ms  delay_time:411.1µs
frame:2248/5479  totaltime:1m29.9604228s  frame time:40.0117ms  delay_time:422.8µs
frame:2249/5479  totaltime:1m30.000388s  frame time:39.9652ms  delay_time:388µs
frame:2250/5479  totaltime:1m30.0404176s  frame time:40.0296ms  delay_time:417.6µs
frame:2251/5479  totaltime:1m30.0803889s  frame time:39.9713ms  delay_time:388.9µs
frame:2252/5479  totaltime:1m30.1203886s  frame time:39.9997ms  delay_time:388.6µs
frame:2253/5479  totaltime:1m30.1603896s  frame time:40.001ms  delay_time:389.6µs
frame:2254/5479  totaltime:1m30.200429s  frame time:40.0394ms  delay_time:429µs
frame:2255/5479  totaltime:1m30.2403921s  frame time:39.9631ms  delay_time:392.1µs
frame:2256/5479  totaltime:1m30.2804218s  frame time:40.0297ms  delay_time:421.8µs
frame:2257/5479  totaltime:1m30.3204096s  frame time:39.9878ms  delay_time:409.6µs
frame:2258/5479  totaltime:1m30.3604279s  frame time:40.0183ms  delay_time:427.9µs
frame:2259/5479  totaltime:1m30.4004165s  frame time:39.9886ms  delay_time:416.5µs
frame:2260/5479  totaltime:1m30.4403911s  frame time:39.9746ms  delay_time:391.1µs
frame:2261/5479  totaltime:1m30.4804187s  frame time:40.0276ms  delay_time:418.7µs
frame:2262/5479  totaltime:1m30.5203906s  frame time:39.9719ms  delay_time:390.6µs
frame:2263/5479  totaltime:1m30.5604105s  frame time:40.0199ms  delay_time:410.5µs
frame:2264/5479  totaltime:1m30.6004213s  frame time:40.0108ms  delay_time:421.3µs
frame:2265/5479  totaltime:1m30.6404203s  frame time:39.999ms  delay_time:420.3µs
frame:2266/5479  totaltime:1m30.6804035s  frame time:39.9832ms  delay_time:403.5µs
frame:2267/5479  totaltime:1m30.7203899s  frame time:39.9864ms  delay_time:389.9µs
frame:2268/5479  totaltime:1m30.7603897s  frame time:39.9998ms  delay_time:389.7µs
frame:2269/5479  totaltime:1m30.8003901s  frame time:40.0004ms  delay_time:390.1µs
frame:2270/5479  totaltime:1m30.8403902s  frame time:40.0001ms  delay_time:390.2µs
frame:2271/5479  totaltime:1m30.8803916s  frame time:40.0014ms  delay_time:391.6µs
frame:2272/5479  totaltime:1m30.9203889s  frame time:39.9973ms  delay_time:388.9µs
frame:2273/5479  totaltime:1m30.96039s  frame time:40.0011ms  delay_time:390µs
frame:2274/5479  totaltime:1m31.0003888s  frame time:39.9988ms  delay_time:388.8µs
frame:2275/5479  totaltime:1m31.0403898s  frame time:40.001ms  delay_time:389.8µs
frame:2276/5479  totaltime:1m31.0803908s  frame time:40.001ms  delay_time:390.8µs
frame:2277/5479  totaltime:1m31.1203903s  frame time:39.9995ms  delay_time:390.3µs
frame:2278/5479  totaltime:1m31.1603937s  frame time:40.0034ms  delay_time:393.7µs
frame:2279/5479  totaltime:1m31.2003899s  frame time:39.9962ms  delay_time:389.9µs
frame:2280/5479  totaltime:1m31.2403897s  frame time:39.9998ms  delay_time:389.7µs
frame:2281/5479  totaltime:1m31.2803932s  frame time:40.0035ms  delay_time:393.2µs
frame:2282/5479  totaltime:1m31.3203898s  frame time:39.9966ms  delay_time:389.8µs
frame:2283/5479  totaltime:1m31.3603905s  frame time:40.0007ms  delay_time:390.5µs
frame:2284/5479  totaltime:1m31.4003901s  frame time:39.9996ms  delay_time:390.1µs
frame:2285/5479  totaltime:1m31.4403903s  frame time:40.0002ms  delay_time:390.3µs
frame:2286/5479  totaltime:1m31.4803907s  frame time:40.0004ms  delay_time:390.7µs
frame:2287/5479  totaltime:1m31.5203899s  frame time:39.9992ms  delay_time:389.9µs
frame:2288/5479  totaltime:1m31.5603902s  frame time:40.0003ms  delay_time:390.2µs
frame:2289/5479  totaltime:1m31.6003891s  frame time:39.9989ms  delay_time:389.1µs
frame:2290/5479  totaltime:1m31.6403898s  frame time:40.0007ms  delay_time:389.8µs
frame:2291/5479  totaltime:1m31.6803906s  frame time:40.0008ms  delay_time:390.6µs
frame:2292/5479  totaltime:1m31.7203906s  frame time:40ms  delay_time:390.6µs
frame:2293/5479  totaltime:1m31.7603898s  frame time:39.9992ms  delay_time:389.8µs
frame:2294/5479  totaltime:1m31.8003896s  frame time:39.9998ms  delay_time:389.6µs
frame:2295/5479  totaltime:1m31.8403895s  frame time:39.9999ms  delay_time:389.5µs
frame:2296/5479  totaltime:1m31.8803905s  frame time:40.001ms  delay_time:390.5µs
frame:2297/5479  totaltime:1m31.9203892s  frame time:39.9987ms  delay_time:389.2µs
frame:2298/5479  totaltime:1m31.9603906s  frame time:40.0014ms  delay_time:390.6µs
frame:2299/5479  totaltime:1m32.0003897s  frame time:39.9991ms  delay_time:389.7µs
frame:2300/5479  totaltime:1m32.0403896s  frame time:39.9999ms  delay_time:389.6µs
frame:2301/5479  totaltime:1m32.0803906s  frame time:40.001ms  delay_time:390.6µs
frame:2302/5479  totaltime:1m32.1204164s  frame time:40.0258ms  delay_time:416.4µs
frame:2303/5479  totaltime:1m32.1603904s  frame time:39.974ms  delay_time:390.4µs
frame:2304/5479  totaltime:1m32.2003897s  frame time:39.9993ms  delay_time:389.7µs
frame:2305/5479  totaltime:1m32.2403867s  frame time:39.997ms  delay_time:386.7µs
frame:2306/5479  totaltime:1m32.2804163s  frame time:40.0296ms  delay_time:416.3µs
frame:2307/5479  totaltime:1m32.3203868s  frame time:39.9705ms  delay_time:386.8µs
frame:2308/5479  totaltime:1m32.3603907s  frame time:40.0039ms  delay_time:390.7µs
frame:2309/5479  totaltime:1m32.4004274s  frame time:40.0367ms  delay_time:427.4µs
frame:2310/5479  totaltime:1m32.4403913s  frame time:39.9639ms  delay_time:391.3µs
frame:2311/5479  totaltime:1m32.4803914s  frame time:40.0001ms  delay_time:391.4µs
frame:2312/5479  totaltime:1m32.5203871s  frame time:39.9957ms  delay_time:387.1µs
frame:2313/5479  totaltime:1m32.5604146s  frame time:40.0275ms  delay_time:414.6µs
frame:2314/5479  totaltime:1m32.6003915s  frame time:39.9769ms  delay_time:391.5µs
frame:2315/5479  totaltime:1m32.640417s  frame time:40.0255ms  delay_time:417µs
frame:2316/5479  totaltime:1m32.6803873s  frame time:39.9703ms  delay_time:387.3µs
frame:2317/5479  totaltime:1m32.7203898s  frame time:40.0025ms  delay_time:389.8µs
frame:2318/5479  totaltime:1m32.7604165s  frame time:40.0267ms  delay_time:416.5µs
frame:2319/5479  totaltime:1m32.800391s  frame time:39.9745ms  delay_time:391µs
frame:2320/5479  totaltime:1m32.8404166s  frame time:40.0256ms  delay_time:416.6µs
frame:2321/5479  totaltime:1m32.8803894s  frame time:39.9728ms  delay_time:389.4µs
frame:2322/5479  totaltime:1m32.9204166s  frame time:40.0272ms  delay_time:416.6µs
frame:2323/5479  totaltime:1m32.9604095s  frame time:39.9929ms  delay_time:409.5µs
frame:2324/5479  totaltime:1m33.000418s  frame time:40.0085ms  delay_time:418µs
frame:2325/5479  totaltime:1m33.0404168s  frame time:39.9988ms  delay_time:416.8µs
frame:2326/5479  totaltime:1m33.080422s  frame time:40.0052ms  delay_time:422µs
frame:2327/5479  totaltime:1m33.1204146s  frame time:39.9926ms  delay_time:414.6µs
frame:2328/5479  totaltime:1m33.1604178s  frame time:40.0032ms  delay_time:417.8µs
frame:2329/5479  totaltime:1m33.200417s  frame time:39.9992ms  delay_time:417µs
frame:2330/5479  totaltime:1m33.2403892s  frame time:39.9722ms  delay_time:389.2µs
frame:2331/5479  totaltime:1m33.2804237s  frame time:40.0345ms  delay_time:423.7µs
frame:2332/5479  totaltime:1m33.3204098s  frame time:39.9861ms  delay_time:409.8µs
frame:2333/5479  totaltime:1m33.3604169s  frame time:40.0071ms  delay_time:416.9µs
frame:2334/5479  totaltime:1m33.4004167s  frame time:39.9998ms  delay_time:416.7µs
frame:2335/5479  totaltime:1m33.4403893s  frame time:39.9726ms  delay_time:389.3µs
frame:2336/5479  totaltime:1m33.4804166s  frame time:40.0273ms  delay_time:416.6µs
frame:2337/5479  totaltime:1m33.5203883s  frame time:39.9717ms  delay_time:388.3µs
frame:2338/5479  totaltime:1m33.5604244s  frame time:40.0361ms  delay_time:424.4µs
frame:2339/5479  totaltime:1m33.6004117s  frame time:39.9873ms  delay_time:411.7µs
frame:2340/5479  totaltime:1m33.6404187s  frame time:40.007ms  delay_time:418.7µs
frame:2341/5479  totaltime:1m33.680391s  frame time:39.9723ms  delay_time:391µs
frame:2342/5479  totaltime:1m33.7204165s  frame time:40.0255ms  delay_time:416.5µs
frame:2343/5479  totaltime:1m33.7604169s  frame time:40.0004ms  delay_time:416.9µs
frame:2344/5479  totaltime:1m33.8003902s  frame time:39.9733ms  delay_time:390.2µs
frame:2345/5479  totaltime:1m33.8404164s  frame time:40.0262ms  delay_time:416.4µs
frame:2346/5479  totaltime:1m33.8803903s  frame time:39.9739ms  delay_time:390.3µs
frame:2347/5479  totaltime:1m33.9204169s  frame time:40.0266ms  delay_time:416.9µs
frame:2348/5479  totaltime:1m33.9604099s  frame time:39.993ms  delay_time:409.9µs
frame:2349/5479  totaltime:1m34.0004312s  frame time:40.0213ms  delay_time:431.2µs
frame:2350/5479  totaltime:1m34.0404233s  frame time:39.9921ms  delay_time:423.3µs
frame:2351/5479  totaltime:1m34.0803909s  frame time:39.9676ms  delay_time:390.9µs
frame:2352/5479  totaltime:1m34.1203884s  frame time:39.9975ms  delay_time:388.4µs
frame:2353/5479  totaltime:1m34.1603891s  frame time:40.0007ms  delay_time:389.1µs
frame:2354/5479  totaltime:1m34.2004175s  frame time:40.0284ms  delay_time:417.5µs
frame:2355/5479  totaltime:1m34.2403866s  frame time:39.9691ms  delay_time:386.6µs
frame:2356/5479  totaltime:1m34.2804154s  frame time:40.0288ms  delay_time:415.4µs
frame:2357/5479  totaltime:1m34.32039s  frame time:39.9746ms  delay_time:390µs
frame:2358/5479  totaltime:1m34.3604193s  frame time:40.0293ms  delay_time:419.3µs
frame:2359/5479  totaltime:1m34.400391s  frame time:39.9717ms  delay_time:391µs
frame:2360/5479  totaltime:1m34.4403899s  frame time:39.9989ms  delay_time:389.9µs
frame:2361/5479  totaltime:1m34.4804165s  frame time:40.0266ms  delay_time:416.5µs
frame:2362/5479  totaltime:1m34.5204165s  frame time:40ms  delay_time:416.5µs
frame:2363/5479  totaltime:1m34.560422s  frame time:40.0055ms  delay_time:422µs
frame:2364/5479  totaltime:1m34.600411s  frame time:39.989ms  delay_time:411µs
frame:2365/5479  totaltime:1m34.640396s  frame time:39.985ms  delay_time:396µs
frame:2366/5479  totaltime:1m34.6804173s  frame time:40.0213ms  delay_time:417.3µs
frame:2367/5479  totaltime:1m34.7204262s  frame time:40.0089ms  delay_time:426.2µs
frame:2368/5479  totaltime:1m34.7604167s  frame time:39.9905ms  delay_time:416.7µs
frame:2369/5479  totaltime:1m34.8003877s  frame time:39.971ms  delay_time:387.7µs
frame:2370/5479  totaltime:1m34.8404165s  frame time:40.0288ms  delay_time:416.5µs
frame:2371/5479  totaltime:1m34.8803905s  frame time:39.974ms  delay_time:390.5µs
frame:2372/5479  totaltime:1m34.9204211s  frame time:40.0306ms  delay_time:421.1µs
frame:2373/5479  totaltime:1m34.9604195s  frame time:39.9984ms  delay_time:419.5µs
frame:2374/5479  totaltime:1m35.0004235s  frame time:40.004ms  delay_time:423.5µs
frame:2375/5479  totaltime:1m35.0404134s  frame time:39.9899ms  delay_time:413.4µs
frame:2376/5479  totaltime:1m35.080417s  frame time:40.0036ms  delay_time:417µs
frame:2377/5479  totaltime:1m35.1204173s  frame time:40.0003ms  delay_time:417.3µs
frame:2378/5479  totaltime:1m35.160392s  frame time:39.9747ms  delay_time:392µs
frame:2379/5479  totaltime:1m35.2004169s  frame time:40.0249ms  delay_time:416.9µs
frame:2380/5479  totaltime:1m35.2404164s  frame time:39.9995ms  delay_time:416.4µs
frame:2381/5479  totaltime:1m35.280389s  frame time:39.9726ms  delay_time:389µs
frame:2382/5479  totaltime:1m35.3203878s  frame time:39.9988ms  delay_time:387.8µs
frame:2383/5479  totaltime:1m35.3604126s  frame time:40.0248ms  delay_time:412.6µs
frame:2384/5479  totaltime:1m35.4004151s  frame time:40.0025ms  delay_time:415.1µs
frame:2385/5479  totaltime:1m35.4403909s  frame time:39.9758ms  delay_time:390.9µs
frame:2386/5479  totaltime:1m35.4804168s  frame time:40.0259ms  delay_time:416.8µs
frame:2387/5479  totaltime:1m35.5204229s  frame time:40.0061ms  delay_time:422.9µs
frame:2388/5479  totaltime:1m35.5604229s  frame time:40ms  delay_time:422.9µs
frame:2389/5479  totaltime:1m35.6003884s  frame time:39.9655ms  delay_time:388.4µs
frame:2390/5479  totaltime:1m35.6404167s  frame time:40.0283ms  delay_time:416.7µs
frame:2391/5479  totaltime:1m35.6804188s  frame time:40.0021ms  delay_time:418.8µs
frame:2392/5479  totaltime:1m35.7204171s  frame time:39.9983ms  delay_time:417.1µs
frame:2393/5479  totaltime:1m35.7603886s  frame time:39.9715ms  delay_time:388.6µs
frame:2394/5479  totaltime:1m35.8004157s  frame time:40.0271ms  delay_time:415.7µs
frame:2395/5479  totaltime:1m35.8403881s  frame time:39.9724ms  delay_time:388.1µs
frame:2396/5479  totaltime:1m35.8803886s  frame time:40.0005ms  delay_time:388.6µs
frame:2397/5479  totaltime:1m35.9204244s  frame time:40.0358ms  delay_time:424.4µs
frame:2398/5479  totaltime:1m35.9604099s  frame time:39.9855ms  delay_time:409.9µs
frame:2399/5479  totaltime:1m36.0004176s  frame time:40.0077ms  delay_time:417.6µs
frame:2400/5479  totaltime:1m36.0404095s  frame time:39.9919ms  delay_time:409.5µs
frame:2401/5479  totaltime:1m36.080392s  frame time:39.9825ms  delay_time:392µs
frame:2402/5479  totaltime:1m36.1204175s  frame time:40.0255ms  delay_time:417.5µs
frame:2403/5479  totaltime:1m36.160391s  frame time:39.9735ms  delay_time:391µs
frame:2404/5479  totaltime:1m36.2004167s  frame time:40.0257ms  delay_time:416.7µs
frame:2405/5479  totaltime:1m36.24039s  frame time:39.9733ms  delay_time:390µs
frame:2406/5479  totaltime:1m36.2804167s  frame time:40.0267ms  delay_time:416.7µs
frame:2407/5479  totaltime:1m36.3204157s  frame time:39.999ms  delay_time:415.7µs
frame:2408/5479  totaltime:1m36.3603911s  frame time:39.9754ms  delay_time:391.1µs
frame:2409/5479  totaltime:1m36.4004233s  frame time:40.0322ms  delay_time:423.3µs
frame:2410/5479  totaltime:1m36.4404156s  frame time:39.9923ms  delay_time:415.6µs
frame:2411/5479  totaltime:1m36.4804243s  frame time:40.0087ms  delay_time:424.3µs
frame:2412/5479  totaltime:1m36.5203911s  frame time:39.9668ms  delay_time:391.1µs
frame:2413/5479  totaltime:1m36.5604207s  frame time:40.0296ms  delay_time:420.7µs
frame:2414/5479  totaltime:1m36.6004153s  frame time:39.9946ms  delay_time:415.3µs
frame:2415/5479  totaltime:1m36.6404203s  frame time:40.005ms  delay_time:420.3µs
frame:2416/5479  totaltime:1m36.680411s  frame time:39.9907ms  delay_time:411µs
frame:2417/5479  totaltime:1m36.7204233s  frame time:40.0123ms  delay_time:423.3µs
frame:2418/5479  totaltime:1m36.7604165s  frame time:39.9932ms  delay_time:416.5µs
frame:2419/5479  totaltime:1m36.8003897s  frame time:39.9732ms  delay_time:389.7µs
frame:2420/5479  totaltime:1m36.8404168s  frame time:40.0271ms  delay_time:416.8µs
frame:2421/5479  totaltime:1m36.8803903s  frame time:39.9735ms  delay_time:390.3µs
frame:2422/5479  totaltime:1m36.9203902s  frame time:39.9999ms  delay_time:390.2µs
frame:2423/5479  totaltime:1m36.9603901s  frame time:39.9999ms  delay_time:390.1µs
frame:2424/5479  totaltime:1m37.0004163s  frame time:40.0262ms  delay_time:416.3µs
frame:2425/5479  totaltime:1m37.040422s  frame time:40.0057ms  delay_time:422µs
frame:2426/5479  totaltime:1m37.0803892s  frame time:39.9672ms  delay_time:389.2µs
frame:2427/5479  totaltime:1m37.1204168s  frame time:40.0276ms  delay_time:416.8µs
frame:2428/5479  totaltime:1m37.1603884s  frame time:39.9716ms  delay_time:388.4µs
frame:2429/5479  totaltime:1m37.2004182s  frame time:40.0298ms  delay_time:418.2µs
frame:2430/5479  totaltime:1m37.240391s  frame time:39.9728ms  delay_time:391µs
frame:2431/5479  totaltime:1m37.2804232s  frame time:40.0322ms  delay_time:423.2µs
frame:2432/5479  totaltime:1m37.3204109s  frame time:39.9877ms  delay_time:410.9µs
frame:2433/5479  totaltime:1m37.3604166s  frame time:40.0057ms  delay_time:416.6µs
frame:2434/5479  totaltime:1m37.4003892s  frame time:39.9726ms  delay_time:389.2µs
frame:2435/5479  totaltime:1m37.4403914s  frame time:40.0022ms  delay_time:391.4µs
frame:2436/5479  totaltime:1m37.4804219s  frame time:40.0305ms  delay_time:421.9µs
frame:2437/5479  totaltime:1m37.520417s  frame time:39.9951ms  delay_time:417µs
frame:2438/5479  totaltime:1m37.5603867s  frame time:39.9697ms  delay_time:386.7µs
frame:2439/5479  totaltime:1m37.6003891s  frame time:40.0024ms  delay_time:389.1µs
frame:2440/5479  totaltime:1m37.6404232s  frame time:40.0341ms  delay_time:423.2µs
frame:2441/5479  totaltime:1m37.6803901s  frame time:39.9669ms  delay_time:390.1µs
frame:2442/5479  totaltime:1m37.7203903s  frame time:40.0002ms  delay_time:390.3µs
frame:2443/5479  totaltime:1m37.7604249s  frame time:40.0346ms  delay_time:424.9µs
frame:2444/5479  totaltime:1m37.8004166s  frame time:39.9917ms  delay_time:416.6µs
frame:2445/5479  totaltime:1m37.8404251s  frame time:40.0085ms  delay_time:425.1µs
frame:2446/5479  totaltime:1m37.8803911s  frame time:39.966ms  delay_time:391.1µs
frame:2447/5479  totaltime:1m37.9204096s  frame time:40.0185ms  delay_time:409.6µs
frame:2448/5479  totaltime:1m37.96039s  frame time:39.9804ms  delay_time:390µs
frame:2449/5479  totaltime:1m38.0004179s  frame time:40.0279ms  delay_time:417.9µs
frame:2450/5479  totaltime:1m38.0404118s  frame time:39.9939ms  delay_time:411.8µs
frame:2451/5479  totaltime:1m38.0803911s  frame time:39.9793ms  delay_time:391.1µs
frame:2452/5479  totaltime:1m38.1204165s  frame time:40.0254ms  delay_time:416.5µs
frame:2453/5479  totaltime:1m38.1603884s  frame time:39.9719ms  delay_time:388.4µs
frame:2454/5479  totaltime:1m38.2004169s  frame time:40.0285ms  delay_time:416.9µs
frame:2455/5479  totaltime:1m38.2403921s  frame time:39.9752ms  delay_time:392.1µs
frame:2456/5479  totaltime:1m38.2804165s  frame time:40.0244ms  delay_time:416.5µs
frame:2457/5479  totaltime:1m38.3204186s  frame time:40.0021ms  delay_time:418.6µs
frame:2458/5479  totaltime:1m38.3604227s  frame time:40.0041ms  delay_time:422.7µs
frame:2459/5479  totaltime:1m38.4004236s  frame time:40.0009ms  delay_time:423.6µs
frame:2460/5479  totaltime:1m38.4403878s  frame time:39.9642ms  delay_time:387.8µs
frame:2461/5479  totaltime:1m38.4804215s  frame time:40.0337ms  delay_time:421.5µs
frame:2462/5479  totaltime:1m38.5204167s  frame time:39.9952ms  delay_time:416.7µs
frame:2463/5479  totaltime:1m38.5604237s  frame time:40.007ms  delay_time:423.7µs
frame:2464/5479  totaltime:1m38.6003882s  frame time:39.9645ms  delay_time:388.2µs
frame:2465/5479  totaltime:1m38.6404266s  frame time:40.0384ms  delay_time:426.6µs
frame:2466/5479  totaltime:1m38.6804176s  frame time:39.991ms  delay_time:417.6µs
frame:2467/5479  totaltime:1m38.7204233s  frame time:40.0057ms  delay_time:423.3µs
frame:2468/5479  totaltime:1m38.7604166s  frame time:39.9933ms  delay_time:416.6µs
frame:2469/5479  totaltime:1m38.8004169s  frame time:40.0003ms  delay_time:416.9µs
frame:2470/5479  totaltime:1m38.840423s  frame time:40.0061ms  delay_time:423µs
frame:2471/5479  totaltime:1m38.8803893s  frame time:39.9663ms  delay_time:389.3µs
frame:2472/5479  totaltime:1m38.9204177s  frame time:40.0284ms  delay_time:417.7µs
frame:2473/5479  totaltime:1m38.9604171s  frame time:39.9994ms  delay_time:417.1µs
frame:2474/5479  totaltime:1m39.0004165s  frame time:39.9994ms  delay_time:416.5µs
frame:2475/5479  totaltime:1m39.0404168s  frame time:40.0003ms  delay_time:416.8µs
frame:2476/5479  totaltime:1m39.0804171s  frame time:40.0003ms  delay_time:417.1µs
frame:2477/5479  totaltime:1m39.1203883s  frame time:39.9712ms  delay_time:388.3µs
frame:2478/5479  totaltime:1m39.1603901s  frame time:40.0018ms  delay_time:390.1µs
frame:2479/5479  totaltime:1m39.2004177s  frame time:40.0276ms  delay_time:417.7µs
frame:2480/5479  totaltime:1m39.2404095s  frame time:39.9918ms  delay_time:409.5µs
frame:2481/5479  totaltime:1m39.2804209s  frame time:40.0114ms  delay_time:420.9µs
frame:2482/5479  totaltime:1m39.3204169s  frame time:39.996ms  delay_time:416.9µs
frame:2483/5479  totaltime:1m39.3604234s  frame time:40.0065ms  delay_time:423.4µs
frame:2484/5479  totaltime:1m39.4004236s  frame time:40.0002ms  delay_time:423.6µs
frame:2485/5479  totaltime:1m39.4403913s  frame time:39.9677ms  delay_time:391.3µs
frame:2486/5479  totaltime:1m39.4804237s  frame time:40.0324ms  delay_time:423.7µs
frame:2487/5479  totaltime:1m39.5203901s  frame time:39.9664ms  delay_time:390.1µs
frame:2488/5479  totaltime:1m39.5604234s  frame time:40.0333ms  delay_time:423.4µs
frame:2489/5479  totaltime:1m39.6003882s  frame time:39.9648ms  delay_time:388.2µs
frame:2490/5479  totaltime:1m39.6404171s  frame time:40.0289ms  delay_time:417.1µs
frame:2491/5479  totaltime:1m39.6803912s  frame time:39.9741ms  delay_time:391.2µs
frame:2492/5479  totaltime:1m39.7204239s  frame time:40.0327ms  delay_time:423.9µs
frame:2493/5479  totaltime:1m39.7604269s  frame time:40.003ms  delay_time:426.9µs
frame:2494/5479  totaltime:1m39.8003904s  frame time:39.9635ms  delay_time:390.4µs
frame:2495/5479  totaltime:1m39.8404166s  frame time:40.0262ms  delay_time:416.6µs
frame:2496/5479  totaltime:1m39.8804127s  frame time:39.9961ms  delay_time:412.7µs
frame:2497/5479  totaltime:1m39.9203882s  frame time:39.9755ms  delay_time:388.2µs
frame:2498/5479  totaltime:1m39.9603872s  frame time:39.999ms  delay_time:387.2µs
frame:2499/5479  totaltime:1m40.0004169s  frame time:40.0297ms  delay_time:416.9µs
frame:2500/5479  totaltime:1m40.040417s  frame time:40.0001ms  delay_time:417µs
frame:2501/5479  totaltime:1m40.0803904s  frame time:39.9734ms  delay_time:390.4µs
frame:2502/5479  totaltime:1m40.1204192s  frame time:40.0288ms  delay_time:419.2µs
frame:2503/5479  totaltime:1m40.1603932s  frame time:39.974ms  delay_time:393.2µs
frame:2504/5479  totaltime:1m40.2004223s  frame time:40.0291ms  delay_time:422.3µs
frame:2505/5479  totaltime:1m40.2403868s  frame time:39.9645ms  delay_time:386.8µs
frame:2506/5479  totaltime:1m40.280422s  frame time:40.0352ms  delay_time:422µs
frame:2507/5479  totaltime:1m40.3204161s  frame time:39.9941ms  delay_time:416.1µs
frame:2508/5479  totaltime:1m40.3603923s  frame time:39.9762ms  delay_time:392.3µs
frame:2509/5479  totaltime:1m40.4004111s  frame time:40.0188ms  delay_time:411.1µs
frame:2510/5479  totaltime:1m40.4403878s  frame time:39.9767ms  delay_time:387.8µs
frame:2511/5479  totaltime:1m40.4803909s  frame time:40.0031ms  delay_time:390.9µs
frame:2512/5479  totaltime:1m40.5203902s  frame time:39.9993ms  delay_time:390.2µs
frame:2513/5479  totaltime:1m40.5604229s  frame time:40.0327ms  delay_time:422.9µs
frame:2514/5479  totaltime:1m40.6004196s  frame time:39.9967ms  delay_time:419.6µs
frame:2515/5479  totaltime:1m40.6403867s  frame time:39.9671ms  delay_time:386.7µs
frame:2516/5479  totaltime:1m40.6803885s  frame time:40.0018ms  delay_time:388.5µs
frame:2517/5479  totaltime:1m40.7204165s  frame time:40.028ms  delay_time:416.5µs
frame:2518/5479  totaltime:1m40.7604216s  frame time:40.0051ms  delay_time:421.6µs
frame:2519/5479  totaltime:1m40.8003901s  frame time:39.9685ms  delay_time:390.1µs
frame:2520/5479  totaltime:1m40.8404234s  frame time:40.0333ms  delay_time:423.4µs
frame:2521/5479  totaltime:1m40.8803908s  frame time:39.9674ms  delay_time:390.8µs
frame:2522/5479  totaltime:1m40.9203866s  frame time:39.9958ms  delay_time:386.6µs
frame:2523/5479  totaltime:1m40.9603877s  frame time:40.0011ms  delay_time:387.7µs
frame:2524/5479  totaltime:1m41.0004208s  frame time:40.0331ms  delay_time:420.8µs
frame:2525/5479  totaltime:1m41.0404163s  frame time:39.9955ms  delay_time:416.3µs
frame:2526/5479  totaltime:1m41.0803871s  frame time:39.9708ms  delay_time:387.1µs
frame:2527/5479  totaltime:1m41.1203876s  frame time:40.0005ms  delay_time:387.6µs
frame:2528/5479  totaltime:1m41.1603867s  frame time:39.9991ms  delay_time:386.7µs
frame:2529/5479  totaltime:1m41.200387s  frame time:40.0003ms  delay_time:387µs
frame:2530/5479  totaltime:1m41.240425s  frame time:40.038ms  delay_time:425µs
frame:2531/5479  totaltime:1m41.2804112s  frame time:39.9862ms  delay_time:411.2µs
frame:2532/5479  totaltime:1m41.3203868s  frame time:39.9756ms  delay_time:386.8µs
frame:2533/5479  totaltime:1m41.3604149s  frame time:40.0281ms  delay_time:414.9µs
frame:2534/5479  totaltime:1m41.4004171s  frame time:40.0022ms  delay_time:417.1µs
frame:2535/5479  totaltime:1m41.440391s  frame time:39.9739ms  delay_time:391µs
frame:2536/5479  totaltime:1m41.4803865s  frame time:39.9955ms  delay_time:386.5µs
frame:2537/5479  totaltime:1m41.5203911s  frame time:40.0046ms  delay_time:391.1µs
frame:2538/5479  totaltime:1m41.5603868s  frame time:39.9957ms  delay_time:386.8µs
frame:2539/5479  totaltime:1m41.6003891s  frame time:40.0023ms  delay_time:389.1µs
frame:2540/5479  totaltime:1m41.6404235s  frame time:40.0344ms  delay_time:423.5µs
frame:2541/5479  totaltime:1m41.6804231s  frame time:39.9996ms  delay_time:423.1µs
frame:2542/5479  totaltime:1m41.7204175s  frame time:39.9944ms  delay_time:417.5µs
frame:2543/5479  totaltime:1m41.7604168s  frame time:39.9993ms  delay_time:416.8µs
frame:2544/5479  totaltime:1m41.8004178s  frame time:40.001ms  delay_time:417.8µs
frame:2545/5479  totaltime:1m41.8403883s  frame time:39.9705ms  delay_time:388.3µs
frame:2546/5479  totaltime:1m41.8803902s  frame time:40.0019ms  delay_time:390.2µs
frame:2547/5479  totaltime:1m41.9204172s  frame time:40.027ms  delay_time:417.2µs
frame:2548/5479  totaltime:1m41.9604241s  frame time:40.0069ms  delay_time:424.1µs
frame:2549/5479  totaltime:1m42.0004166s  frame time:39.9925ms  delay_time:416.6µs
frame:2550/5479  totaltime:1m42.0404199s  frame time:40.0033ms  delay_time:419.9µs
frame:2551/5479  totaltime:1m42.0803952s  frame time:39.9753ms  delay_time:395.2µs
frame:2552/5479  totaltime:1m42.1204171s  frame time:40.0219ms  delay_time:417.1µs
frame:2553/5479  totaltime:1m42.16041s  frame time:39.9929ms  delay_time:410µs
frame:2554/5479  totaltime:1m42.2004168s  frame time:40.0068ms  delay_time:416.8µs
frame:2555/5479  totaltime:1m42.240388s  frame time:39.9712ms  delay_time:388µs
frame:2556/5479  totaltime:1m42.2803925s  frame time:40.0045ms  delay_time:392.5µs
frame:2557/5479  totaltime:1m42.3203886s  frame time:39.9961ms  delay_time:388.6µs
frame:2558/5479  totaltime:1m42.3604252s  frame time:40.0366ms  delay_time:425.2µs
frame:2559/5479  totaltime:1m42.400389s  frame time:39.9638ms  delay_time:389µs
frame:2560/5479  totaltime:1m42.4403903s  frame time:40.0013ms  delay_time:390.3µs
frame:2561/5479  totaltime:1m42.4804179s  frame time:40.0276ms  delay_time:417.9µs
frame:2562/5479  totaltime:1m42.52039s  frame time:39.9721ms  delay_time:390µs
frame:2563/5479  totaltime:1m42.560424s  frame time:40.034ms  delay_time:424µs
frame:2564/5479  totaltime:1m42.6003906s  frame time:39.9666ms  delay_time:390.6µs
frame:2565/5479  totaltime:1m42.6404228s  frame time:40.0322ms  delay_time:422.8µs
frame:2566/5479  totaltime:1m42.6803902s  frame time:39.9674ms  delay_time:390.2µs
frame:2567/5479  totaltime:1m42.7203898s  frame time:39.9996ms  delay_time:389.8µs
frame:2568/5479  totaltime:1m42.7604171s  frame time:40.0273ms  delay_time:417.1µs
frame:2569/5479  totaltime:1m42.80039s  frame time:39.9729ms  delay_time:390µs
frame:2570/5479  totaltime:1m42.8404194s  frame time:40.0294ms  delay_time:419.4µs
frame:2571/5479  totaltime:1m42.8803927s  frame time:39.9733ms  delay_time:392.7µs
frame:2572/5479  totaltime:1m42.9204203s  frame time:40.0276ms  delay_time:420.3µs
frame:2573/5479  totaltime:1m42.9603902s  frame time:39.9699ms  delay_time:390.2µs
frame:2574/5479  totaltime:1m43.0004166s  frame time:40.0264ms  delay_time:416.6µs
frame:2575/5479  totaltime:1m43.0403934s  frame time:39.9768ms  delay_time:393.4µs
frame:2576/5479  totaltime:1m43.0803913s  frame time:39.9979ms  delay_time:391.3µs
frame:2577/5479  totaltime:1m43.120088s  frame time:39.6967ms  delay_time:88µs
frame:2578/5479  totaltime:1m43.1604756s  frame time:40.3876ms  delay_time:475.6µs
frame:2579/5479  totaltime:1m43.2005025s  frame time:40.0269ms  delay_time:502.5µs
frame:2580/5479  totaltime:1m43.2405083s  frame time:40.0058ms  delay_time:508.3µs
frame:2581/5479  totaltime:1m43.2804791s  frame time:39.9708ms  delay_time:479.1µs
frame:2582/5479  totaltime:1m43.3204745s  frame time:39.9954ms  delay_time:474.5µs
frame:2583/5479  totaltime:1m43.3604738s  frame time:39.9993ms  delay_time:473.8µs
frame:2584/5479  totaltime:1m43.4005033s  frame time:40.0295ms  delay_time:503.3µs
frame:2585/5479  totaltime:1m43.4404774s  frame time:39.9741ms  delay_time:477.4µs
frame:2586/5479  totaltime:1m43.4805041s  frame time:40.0267ms  delay_time:504.1µs
frame:2587/5479  totaltime:1m43.5204766s  frame time:39.9725ms  delay_time:476.6µs
frame:2588/5479  totaltime:1m43.5604743s  frame time:39.9977ms  delay_time:474.3µs
frame:2589/5479  totaltime:1m43.600496s  frame time:40.0217ms  delay_time:496µs
frame:2590/5479  totaltime:1m43.6405033s  frame time:40.0073ms  delay_time:503.3µs
frame:2591/5479  totaltime:1m43.6804783s  frame time:39.975ms  delay_time:478.3µs
frame:2592/5479  totaltime:1m43.7204775s  frame time:39.9992ms  delay_time:477.5µs
frame:2593/5479  totaltime:1m43.7604978s  frame time:40.0203ms  delay_time:497.8µs
frame:2594/5479  totaltime:1m43.8004776s  frame time:39.9798ms  delay_time:477.6µs
frame:2595/5479  totaltime:1m43.8405035s  frame time:40.0259ms  delay_time:503.5µs
frame:2596/5479  totaltime:1m43.8804768s  frame time:39.9733ms  delay_time:476.8µs
frame:2597/5479  totaltime:1m43.9205033s  frame time:40.0265ms  delay_time:503.3µs
frame:2598/5479  totaltime:1m43.9605201s  frame time:40.0168ms  delay_time:520.1µs
frame:2599/5479  totaltime:1m44.000504s  frame time:39.9839ms  delay_time:504µs
frame:2600/5479  totaltime:1m44.040497s  frame time:39.993ms  delay_time:497µs
frame:2601/5479  totaltime:1m44.0805149s  frame time:40.0179ms  delay_time:514.9µs
frame:2602/5479  totaltime:1m44.1205033s  frame time:39.9884ms  delay_time:503.3µs
frame:2603/5479  totaltime:1m44.160477s  frame time:39.9737ms  delay_time:477µs
frame:2604/5479  totaltime:1m44.2005042s  frame time:40.0272ms  delay_time:504.2µs
frame:2605/5479  totaltime:1m44.2404767s  frame time:39.9725ms  delay_time:476.7µs
frame:2606/5479  totaltime:1m44.2805047s  frame time:40.028ms  delay_time:504.7µs
frame:2607/5479  totaltime:1m44.3204756s  frame time:39.9709ms  delay_time:475.6µs
frame:2608/5479  totaltime:1m44.3605035s  frame time:40.0279ms  delay_time:503.5µs
frame:2609/5479  totaltime:1m44.4005031s  frame time:39.9996ms  delay_time:503.1µs
frame:2610/5479  totaltime:1m44.4404745s  frame time:39.9714ms  delay_time:474.5µs
frame:2611/5479  totaltime:1m44.4805069s  frame time:40.0324ms  delay_time:506.9µs
frame:2612/5479  totaltime:1m44.5205019s  frame time:39.995ms  delay_time:501.9µs
frame:2613/5479  totaltime:1m44.5605094s  frame time:40.0075ms  delay_time:509.4µs
frame:2614/5479  totaltime:1m44.6005039s  frame time:39.9945ms  delay_time:503.9µs
frame:2615/5479  totaltime:1m44.6405034s  frame time:39.9995ms  delay_time:503.4µs
frame:2616/5479  totaltime:1m44.6805082s  frame time:40.0048ms  delay_time:508.2µs
frame:2617/5479  totaltime:1m44.7204982s  frame time:39.99ms  delay_time:498.2µs
frame:2618/5479  totaltime:1m44.7604779s  frame time:39.9797ms  delay_time:477.9µs
frame:2619/5479  totaltime:1m44.8004765s  frame time:39.9986ms  delay_time:476.5µs
frame:2620/5479  totaltime:1m44.8404984s  frame time:40.0219ms  delay_time:498.4µs
frame:2621/5479  totaltime:1m44.8805119s  frame time:40.0135ms  delay_time:511.9µs
frame:2622/5479  totaltime:1m44.9205098s  frame time:39.9979ms  delay_time:509.8µs
frame:2623/5479  totaltime:1m44.9604766s  frame time:39.9668ms  delay_time:476.6µs
frame:2624/5479  totaltime:1m45.0005177s  frame time:40.0411ms  delay_time:517.7µs
frame:2625/5479  totaltime:1m45.040656s  frame time:40.1383ms  delay_time:656µs
frame:2626/5479  totaltime:1m45.0806633s  frame time:40.0073ms  delay_time:663.3µs
frame:2627/5479  totaltime:1m45.1206295s  frame time:39.9662ms  delay_time:629.5µs
frame:2628/5479  totaltime:1m45.1606301s  frame time:40.0006ms  delay_time:630.1µs
frame:2629/5479  totaltime:1m45.2006269s  frame time:39.9968ms  delay_time:626.9µs
frame:2630/5479  totaltime:1m45.2406286s  frame time:40.0017ms  delay_time:628.6µs
frame:2631/5479  totaltime:1m45.280633s  frame time:40.0044ms  delay_time:633µs
frame:2632/5479  totaltime:1m45.3206286s  frame time:39.9956ms  delay_time:628.6µs
frame:2633/5479  totaltime:1m45.3606315s  frame time:40.0029ms  delay_time:631.5µs
frame:2634/5479  totaltime:1m45.4006572s  frame time:40.0257ms  delay_time:657.2µs
frame:2635/5479  totaltime:1m45.4406281s  frame time:39.9709ms  delay_time:628.1µs
frame:2636/5479  totaltime:1m45.4806566s  frame time:40.0285ms  delay_time:656.6µs
frame:2637/5479  totaltime:1m45.52063s  frame time:39.9734ms  delay_time:630µs
frame:2638/5479  totaltime:1m45.5606649s  frame time:40.0349ms  delay_time:664.9µs
frame:2639/5479  totaltime:1m45.6006321s  frame time:39.9672ms  delay_time:632.1µs
frame:2640/5479  totaltime:1m45.6406594s  frame time:40.0273ms  delay_time:659.4µs
frame:2641/5479  totaltime:1m45.6806517s  frame time:39.9923ms  delay_time:651.7µs
frame:2642/5479  totaltime:1m45.7206305s  frame time:39.9788ms  delay_time:630.5µs
frame:2643/5479  totaltime:1m45.7606262s  frame time:39.9957ms  delay_time:626.2µs
frame:2644/5479  totaltime:1m45.8006298s  frame time:40.0036ms  delay_time:629.8µs
frame:2645/5479  totaltime:1m45.8406294s  frame time:39.9996ms  delay_time:629.4µs
frame:2646/5479  totaltime:1m45.8806287s  frame time:39.9993ms  delay_time:628.7µs
frame:2647/5479  totaltime:1m45.9206573s  frame time:40.0286ms  delay_time:657.3µs
frame:2648/5479  totaltime:1m45.9606594s  frame time:40.0021ms  delay_time:659.4µs
frame:2649/5479  totaltime:1m46.000657s  frame time:39.9976ms  delay_time:657µs
frame:2650/5479  totaltime:1m46.0406583s  frame time:40.0013ms  delay_time:658.3µs
frame:2651/5479  totaltime:1m46.0806317s  frame time:39.9734ms  delay_time:631.7µs
frame:2652/5479  totaltime:1m46.1206263s  frame time:39.9946ms  delay_time:626.3µs
frame:2653/5479  totaltime:1m46.1606301s  frame time:40.0038ms  delay_time:630.1µs
frame:2654/5479  totaltime:1m46.2006584s  frame time:40.0283ms  delay_time:658.4µs
frame:2655/5479  totaltime:1m46.2406293s  frame time:39.9709ms  delay_time:629.3µs
frame:2656/5479  totaltime:1m46.2806586s  frame time:40.0293ms  delay_time:658.6µs
frame:2657/5479  totaltime:1m46.3206571s  frame time:39.9985ms  delay_time:657.1µs
frame:2658/5479  totaltime:1m46.3606574s  frame time:40.0003ms  delay_time:657.4µs
frame:2659/5479  totaltime:1m46.400657s  frame time:39.9996ms  delay_time:657µs
frame:2660/5479  totaltime:1m46.4406307s  frame time:39.9737ms  delay_time:630.7µs
frame:2661/5479  totaltime:1m46.4806579s  frame time:40.0272ms  delay_time:657.9µs
frame:2662/5479  totaltime:1m46.5206295s  frame time:39.9716ms  delay_time:629.5µs
frame:2663/5479  totaltime:1m46.5606694s  frame time:40.0399ms  delay_time:669.4µs
frame:2664/5479  totaltime:1m46.6006578s  frame time:39.9884ms  delay_time:657.8µs
frame:2665/5479  totaltime:1m46.6406569s  frame time:39.9991ms  delay_time:656.9µs
frame:2666/5479  totaltime:1m46.680629s  frame time:39.9721ms  delay_time:629µs
frame:2667/5479  totaltime:1m46.7206308s  frame time:40.0018ms  delay_time:630.8µs
frame:2668/5479  totaltime:1m46.7606491s  frame time:40.0183ms  delay_time:649.1µs
frame:2669/5479  totaltime:1m46.8006611s  frame time:40.012ms  delay_time:661.1µs
frame:2670/5479  totaltime:1m46.840656s  frame time:39.9949ms  delay_time:656µs
frame:2671/5479  totaltime:1m46.8806568s  frame time:40.0008ms  delay_time:656.8µs
frame:2672/5479  totaltime:1m46.9206608s  frame time:40.004ms  delay_time:660.8µs
frame:2673/5479  totaltime:1m46.9606278s  frame time:39.967ms  delay_time:627.8µs
frame:2674/5479  totaltime:1m47.0006576s  frame time:40.0298ms  delay_time:657.6µs
frame:2675/5479  totaltime:1m47.0406567s  frame time:39.9991ms  delay_time:656.7µs
frame:2676/5479  totaltime:1m47.0806308s  frame time:39.9741ms  delay_time:630.8µs
frame:2677/5479  totaltime:1m47.1206574s  frame time:40.0266ms  delay_time:657.4µs
frame:2678/5479  totaltime:1m47.1606291s  frame time:39.9717ms  delay_time:629.1µs
frame:2679/5479  totaltime:1m47.2006568s  frame time:40.0277ms  delay_time:656.8µs
frame:2680/5479  totaltime:1m47.2406306s  frame time:39.9738ms  delay_time:630.6µs
frame:2681/5479  totaltime:1m47.280661s  frame time:40.0304ms  delay_time:661µs
frame:2682/5479  totaltime:1m47.3206286s  frame time:39.9676ms  delay_time:628.6µs
frame:2683/5479  totaltime:1m47.3606565s  frame time:40.0279ms  delay_time:656.5µs
frame:2684/5479  totaltime:1m47.4006568s  frame time:40.0003ms  delay_time:656.8µs
frame:2685/5479  totaltime:1m47.4406305s  frame time:39.9737ms  delay_time:630.5µs
frame:2686/5479  totaltime:1m47.4806592s  frame time:40.0287ms  delay_time:659.2µs
frame:2687/5479  totaltime:1m47.520628s  frame time:39.9688ms  delay_time:628µs
frame:2688/5479  totaltime:1m47.5606648s  frame time:40.0368ms  delay_time:664.8µs
frame:2689/5479  totaltime:1m47.6006279s  frame time:39.9631ms  delay_time:627.9µs
frame:2690/5479  totaltime:1m47.6406625s  frame time:40.0346ms  delay_time:662.5µs
frame:2691/5479  totaltime:1m47.6806331s  frame time:39.9706ms  delay_time:633.1µs
frame:2692/5479  totaltime:1m47.7206307s  frame time:39.9976ms  delay_time:630.7µs
frame:2693/5479  totaltime:1m47.760663s  frame time:40.0323ms  delay_time:663µs
frame:2694/5479  totaltime:1m47.8006576s  frame time:39.9946ms  delay_time:657.6µs
frame:2695/5479  totaltime:1m47.8406272s  frame time:39.9696ms  delay_time:627.2µs
frame:2696/5479  totaltime:1m47.8806298s  frame time:40.0026ms  delay_time:629.8µs
frame:2697/5479  totaltime:1m47.9206638s  frame time:40.034ms  delay_time:663.8µs
frame:2698/5479  totaltime:1m47.9606287s  frame time:39.9649ms  delay_time:628.7µs
frame:2699/5479  totaltime:1m48.0006492s  frame time:40.0205ms  delay_time:649.2µs
frame:2700/5479  totaltime:1m48.0406303s  frame time:39.9811ms  delay_time:630.3µs
frame:2701/5479  totaltime:1m48.0806613s  frame time:40.031ms  delay_time:661.3µs
frame:2702/5479  totaltime:1m48.1206293s  frame time:39.968ms  delay_time:629.3µs
frame:2703/5479  totaltime:1m48.1606305s  frame time:40.0012ms  delay_time:630.5µs
frame:2704/5479  totaltime:1m48.2006567s  frame time:40.0262ms  delay_time:656.7µs
frame:2705/5479  totaltime:1m48.2406286s  frame time:39.9719ms  delay_time:628.6µs
frame:2706/5479  totaltime:1m48.280651s  frame time:40.0224ms  delay_time:651µs
frame:2707/5479  totaltime:1m48.3206574s  frame time:40.0064ms  delay_time:657.4µs
frame:2708/5479  totaltime:1m48.3606282s  frame time:39.9708ms  delay_time:628.2µs
frame:2709/5479  totaltime:1m48.400658s  frame time:40.0298ms  delay_time:658µs
frame:2710/5479  totaltime:1m48.4406301s  frame time:39.9721ms  delay_time:630.1µs
frame:2711/5479  totaltime:1m48.4806613s  frame time:40.0312ms  delay_time:661.3µs
frame:2712/5479  totaltime:1m48.5206278s  frame time:39.9665ms  delay_time:627.8µs
frame:2713/5479  totaltime:1m48.560657s  frame time:40.0292ms  delay_time:657µs
frame:2714/5479  totaltime:1m48.600649s  frame time:39.992ms  delay_time:649µs
frame:2715/5479  totaltime:1m48.6406566s  frame time:40.0076ms  delay_time:656.6µs
frame:2716/5479  totaltime:1m48.6806625s  frame time:40.0059ms  delay_time:662.5µs
frame:2717/5479  totaltime:1m48.7206565s  frame time:39.994ms  delay_time:656.5µs
frame:2718/5479  totaltime:1m48.7606561s  frame time:39.9996ms  delay_time:656.1µs
frame:2719/5479  totaltime:1m48.8006559s  frame time:39.9998ms  delay_time:655.9µs
frame:2720/5479  totaltime:1m48.8406612s  frame time:40.0053ms  delay_time:661.2µs
frame:2721/5479  totaltime:1m48.8806311s  frame time:39.9699ms  delay_time:631.1µs
frame:2722/5479  totaltime:1m48.9206262s  frame time:39.9951ms  delay_time:626.2µs
frame:2723/5479  totaltime:1m48.960628s  frame time:40.0018ms  delay_time:628µs
frame:2724/5479  totaltime:1m49.0006631s  frame time:40.0351ms  delay_time:663.1µs
frame:2725/5479  totaltime:1m49.0406564s  frame time:39.9933ms  delay_time:656.4µs
frame:2726/5479  totaltime:1m49.0806295s  frame time:39.9731ms  delay_time:629.5µs
frame:2727/5479  totaltime:1m49.1206298s  frame time:40.0003ms  delay_time:629.8µs
frame:2728/5479  totaltime:1m49.1606308s  frame time:40.001ms  delay_time:630.8µs
frame:2729/5479  totaltime:1m49.2006641s  frame time:40.0333ms  delay_time:664.1µs
frame:2730/5479  totaltime:1m49.2406568s  frame time:39.9927ms  delay_time:656.8µs
frame:2731/5479  totaltime:1m49.2806298s  frame time:39.973ms  delay_time:629.8µs
frame:2732/5479  totaltime:1m49.320649s  frame time:40.0192ms  delay_time:649µs
frame:2733/5479  totaltime:1m49.3606661s  frame time:40.0171ms  delay_time:666.1µs
frame:2734/5479  totaltime:1m49.4006298s  frame time:39.9637ms  delay_time:629.8µs
frame:2735/5479  totaltime:1m49.4406308s  frame time:40.001ms  delay_time:630.8µs
frame:2736/5479  totaltime:1m49.4806633s  frame time:40.0325ms  delay_time:663.3µs
frame:2737/5479  totaltime:1m49.5206294s  frame time:39.9661ms  delay_time:629.4µs
frame:2738/5479  totaltime:1m49.5606631s  frame time:40.0337ms  delay_time:663.1µs
frame:2739/5479  totaltime:1m49.600628s  frame time:39.9649ms  delay_time:628µs
frame:2740/5479  totaltime:1m49.6406263s  frame time:39.9983ms  delay_time:626.3µs
frame:2741/5479  totaltime:1m49.68063s  frame time:40.0037ms  delay_time:630µs
frame:2742/5479  totaltime:1m49.7206578s  frame time:40.0278ms  delay_time:657.8µs
frame:2743/5479  totaltime:1m49.7606565s  frame time:39.9987ms  delay_time:656.5µs
frame:2744/5479  totaltime:1m49.8006303s  frame time:39.9738ms  delay_time:630.3µs
frame:2745/5479  totaltime:1m49.8406685s  frame time:40.0382ms  delay_time:668.5µs
frame:2746/5479  totaltime:1m49.8806617s  frame time:39.9932ms  delay_time:661.7µs
frame:2747/5479  totaltime:1m49.9206645s  frame time:40.0028ms  delay_time:664.5µs
frame:2748/5479  totaltime:1m49.9606562s  frame time:39.9917ms  delay_time:656.2µs
frame:2749/5479  totaltime:1m50.0006569s  frame time:40.0007ms  delay_time:656.9µs
frame:2750/5479  totaltime:1m50.040657s  frame time:40.0001ms  delay_time:657µs
frame:2751/5479  totaltime:1m50.0806309s  frame time:39.9739ms  delay_time:630.9µs
frame:2752/5479  totaltime:1m50.1206561s  frame time:40.0252ms  delay_time:656.1µs
frame:2753/5479  totaltime:1m50.16063s  frame time:39.9739ms  delay_time:630µs
frame:2754/5479  totaltime:1m50.2006562s  frame time:40.0262ms  delay_time:656.2µs
frame:2755/5479  totaltime:1m50.2406565s  frame time:40.0003ms  delay_time:656.5µs
frame:2756/5479  totaltime:1m50.2806307s  frame time:39.9742ms  delay_time:630.7µs
frame:2757/5479  totaltime:1m50.3206642s  frame time:40.0335ms  delay_time:664.2µs
frame:2758/5479  totaltime:1m50.3606567s  frame time:39.9925ms  delay_time:656.7µs
frame:2759/5479  totaltime:1m50.4006575s  frame time:40.0008ms  delay_time:657.5µs
frame:2760/5479  totaltime:1m50.4406303s  frame time:39.9728ms  delay_time:630.3µs
frame:2761/5479  totaltime:1m50.4806301s  frame time:39.9998ms  delay_time:630.1µs
frame:2762/5479  totaltime:1m50.5206265s  frame time:39.9964ms  delay_time:626.5µs
frame:2763/5479  totaltime:1m50.5606567s  frame time:40.0302ms  delay_time:656.7µs
frame:2764/5479  totaltime:1m50.6006624s  frame time:40.0057ms  delay_time:662.4µs
frame:2765/5479  totaltime:1m50.6406641s  frame time:40.0017ms  delay_time:664.1µs
frame:2766/5479  totaltime:1m50.6806512s  frame time:39.9871ms  delay_time:651.2µs
frame:2767/5479  totaltime:1m50.7206286s  frame time:39.9774ms  delay_time:628.6µs
frame:2768/5479  totaltime:1m50.7606585s  frame time:40.0299ms  delay_time:658.5µs
frame:2769/5479  totaltime:1m50.800664s  frame time:40.0055ms  delay_time:664µs
frame:2770/5479  totaltime:1m50.8406696s  frame time:40.0056ms  delay_time:669.6µs
frame:2771/5479  totaltime:1m50.8806571s  frame time:39.9875ms  delay_time:657.1µs
frame:2772/5479  totaltime:1m50.9206284s  frame time:39.9713ms  delay_time:628.4µs
frame:2773/5479  totaltime:1m50.9606601s  frame time:40.0317ms  delay_time:660.1µs
frame:2774/5479  totaltime:1m51.0006629s  frame time:40.0028ms  delay_time:662.9µs
frame:2775/5479  totaltime:1m51.0406506s  frame time:39.9877ms  delay_time:650.6µs
frame:2776/5479  totaltime:1m51.0806308s  frame time:39.9802ms  delay_time:630.8µs
frame:2777/5479  totaltime:1m51.1206285s  frame time:39.9977ms  delay_time:628.5µs
frame:2778/5479  totaltime:1m51.1606667s  frame time:40.0382ms  delay_time:666.7µs
frame:2779/5479  totaltime:1m51.2006598s  frame time:39.9931ms  delay_time:659.8µs
frame:2780/5479  totaltime:1m51.2406285s  frame time:39.9687ms  delay_time:628.5µs
frame:2781/5479  totaltime:1m51.280659s  frame time:40.0305ms  delay_time:659µs
frame:2782/5479  totaltime:1m51.3206563s  frame time:39.9973ms  delay_time:656.3µs
frame:2783/5479  totaltime:1m51.3606629s  frame time:40.0066ms  delay_time:662.9µs
frame:2784/5479  totaltime:1m51.4006559s  frame time:39.993ms  delay_time:655.9µs
frame:2785/5479  totaltime:1m51.4406288s  frame time:39.9729ms  delay_time:628.8µs
frame:2786/5479  totaltime:1m51.4806581s  frame time:40.0293ms  delay_time:658.1µs
frame:2787/5479  totaltime:1m51.5206522s  frame time:39.9941ms  delay_time:652.2µs
frame:2788/5479  totaltime:1m51.5606495s  frame time:39.9973ms  delay_time:649.5µs
frame:2789/5479  totaltime:1m51.6006588s  frame time:40.0093ms  delay_time:658.8µs
frame:2790/5479  totaltime:1m51.6406575s  frame time:39.9987ms  delay_time:657.5µs
frame:2791/5479  totaltime:1m51.6806317s  frame time:39.9742ms  delay_time:631.7µs
frame:2792/5479  totaltime:1m51.7206274s  frame time:39.9957ms  delay_time:627.4µs
frame:2793/5479  totaltime:1m51.7606567s  frame time:40.0293ms  delay_time:656.7µs
frame:2794/5479  totaltime:1m51.8006288s  frame time:39.9721ms  delay_time:628.8µs
frame:2795/5479  totaltime:1m51.8406585s  frame time:40.0297ms  delay_time:658.5µs
frame:2796/5479  totaltime:1m51.8806299s  frame time:39.9714ms  delay_time:629.9µs
frame:2797/5479  totaltime:1m51.9206642s  frame time:40.0343ms  delay_time:664.2µs
frame:2798/5479  totaltime:1m51.9606297s  frame time:39.9655ms  delay_time:629.7µs
frame:2799/5479  totaltime:1m52.0006628s  frame time:40.0331ms  delay_time:662.8µs
frame:2800/5479  totaltime:1m52.0406561s  frame time:39.9933ms  delay_time:656.1µs
frame:2801/5479  totaltime:1m52.0806302s  frame time:39.9741ms  delay_time:630.2µs
frame:2802/5479  totaltime:1m52.1206297s  frame time:39.9995ms  delay_time:629.7µs
frame:2803/5479  totaltime:1m52.1606288s  frame time:39.9991ms  delay_time:628.8µs
frame:2804/5479  totaltime:1m52.2006262s  frame time:39.9974ms  delay_time:626.2µs
frame:2805/5479  totaltime:1m52.2406303s  frame time:40.0041ms  delay_time:630.3µs
frame:2806/5479  totaltime:1m52.2806576s  frame time:40.0273ms  delay_time:657.6µs
frame:2807/5479  totaltime:1m52.3206567s  frame time:39.9991ms  delay_time:656.7µs
frame:2808/5479  totaltime:1m52.3606562s  frame time:39.9995ms  delay_time:656.2µs
frame:2809/5479  totaltime:1m52.4006565s  frame time:40.0003ms  delay_time:656.5µs
frame:2810/5479  totaltime:1m52.440629s  frame time:39.9725ms  delay_time:629µs
frame:2811/5479  totaltime:1m52.4806574s  frame time:40.0284ms  delay_time:657.4µs
frame:2812/5479  totaltime:1m52.5206281s  frame time:39.9707ms  delay_time:628.1µs
frame:2813/5479  totaltime:1m52.5606551s  frame time:40.027ms  delay_time:655.1µs
frame:2814/5479  totaltime:1m52.6006267s  frame time:39.9716ms  delay_time:626.7µs
frame:2815/5479  totaltime:1m52.6406568s  frame time:40.0301ms  delay_time:656.8µs
frame:2816/5479  totaltime:1m52.6806564s  frame time:39.9996ms  delay_time:656.4µs
frame:2817/5479  totaltime:1m52.7206295s  frame time:39.9731ms  delay_time:629.5µs
frame:2818/5479  totaltime:1m52.7606563s  frame time:40.0268ms  delay_time:656.3µs
frame:2819/5479  totaltime:1m52.8006307s  frame time:39.9744ms  delay_time:630.7µs
frame:2820/5479  totaltime:1m52.8406622s  frame time:40.0315ms  delay_time:662.2µs
frame:2821/5479  totaltime:1m52.8806329s  frame time:39.9707ms  delay_time:632.9µs
frame:2822/5479  totaltime:1m52.9206565s  frame time:40.0236ms  delay_time:656.5µs
frame:2823/5479  totaltime:1m52.9606283s  frame time:39.9718ms  delay_time:628.3µs
frame:2824/5479  totaltime:1m53.0006568s  frame time:40.0285ms  delay_time:656.8µs
frame:2825/5479  totaltime:1m53.040657s  frame time:40.0002ms  delay_time:657µs
frame:2826/5479  totaltime:1m53.080631s  frame time:39.974ms  delay_time:631µs
frame:2827/5479  totaltime:1m53.1206266s  frame time:39.9956ms  delay_time:626.6µs
frame:2828/5479  totaltime:1m53.1606269s  frame time:40.0003ms  delay_time:626.9µs
frame:2829/5479  totaltime:1m53.2006597s  frame time:40.0328ms  delay_time:659.7µs
frame:2830/5479  totaltime:1m53.240628s  frame time:39.9683ms  delay_time:628µs
frame:2831/5479  totaltime:1m53.2806563s  frame time:40.0283ms  delay_time:656.3µs
frame:2832/5479  totaltime:1m53.3206298s  frame time:39.9735ms  delay_time:629.8µs
frame:2833/5479  totaltime:1m53.3606266s  frame time:39.9968ms  delay_time:626.6µs
frame:2834/5479  totaltime:1m53.4006542s  frame time:40.0276ms  delay_time:654.2µs
frame:2835/5479  totaltime:1m53.4406306s  frame time:39.9764ms  delay_time:630.6µs
frame:2836/5479  totaltime:1m53.4806569s  frame time:40.0263ms  delay_time:656.9µs
frame:2837/5479  totaltime:1m53.5206294s  frame time:39.9725ms  delay_time:629.4µs
frame:2838/5479  totaltime:1m53.5606575s  frame time:40.0281ms  delay_time:657.5µs
frame:2839/5479  totaltime:1m53.6006287s  frame time:39.9712ms  delay_time:628.7µs
frame:2840/5479  totaltime:1m53.6406563s  frame time:40.0276ms  delay_time:656.3µs
frame:2841/5479  totaltime:1m53.6806522s  frame time:39.9959ms  delay_time:652.2µs
frame:2842/5479  totaltime:1m53.7206267s  frame time:39.9745ms  delay_time:626.7µs
frame:2843/5479  totaltime:1m53.7606557s  frame time:40.029ms  delay_time:655.7µs
frame:2844/5479  totaltime:1m53.8006567s  frame time:40.001ms  delay_time:656.7µs
frame:2845/5479  totaltime:1m53.8406516s  frame time:39.9949ms  delay_time:651.6µs
frame:2846/5479  totaltime:1m53.8806296s  frame time:39.978ms  delay_time:629.6µs
frame:2847/5479  totaltime:1m53.9206262s  frame time:39.9966ms  delay_time:626.2µs
frame:2848/5479  totaltime:1m53.9606282s  frame time:40.002ms  delay_time:628.2µs
frame:2849/5479  totaltime:1m54.0006491s  frame time:40.0209ms  delay_time:649.1µs
frame:2850/5479  totaltime:1m54.040656s  frame time:40.0069ms  delay_time:656µs
frame:2851/5479  totaltime:1m54.080632s  frame time:39.976ms  delay_time:632µs
frame:2852/5479  totaltime:1m54.1206623s  frame time:40.0303ms  delay_time:662.3µs
frame:2853/5479  totaltime:1m54.1606264s  frame time:39.9641ms  delay_time:626.4µs
frame:2854/5479  totaltime:1m54.2006542s  frame time:40.0278ms  delay_time:654.2µs
frame:2855/5479  totaltime:1m54.2406265s  frame time:39.9723ms  delay_time:626.5µs
frame:2856/5479  totaltime:1m54.2806285s  frame time:40.002ms  delay_time:628.5µs
frame:2857/5479  totaltime:1m54.32063s  frame time:40.0015ms  delay_time:630µs
frame:2858/5479  totaltime:1m54.3606568s  frame time:40.0268ms  delay_time:656.8µs
frame:2859/5479  totaltime:1m54.4006268s  frame time:39.97ms  delay_time:626.8µs
frame:2860/5479  totaltime:1m54.4406286s  frame time:40.0018ms  delay_time:628.6µs
frame:2861/5479  totaltime:1m54.4806554s  frame time:40.0268ms  delay_time:655.4µs
frame:2862/5479  totaltime:1m54.5206265s  frame time:39.9711ms  delay_time:626.5µs
frame:2863/5479  totaltime:1m54.5606543s  frame time:40.0278ms  delay_time:654.3µs
frame:2864/5479  totaltime:1m54.6006558s  frame time:40.0015ms  delay_time:655.8µs
frame:2865/5479  totaltime:1m54.6406581s  frame time:40.0023ms  delay_time:658.1µs
frame:2866/5479  totaltime:1m54.6806572s  frame time:39.9991ms  delay_time:657.2µs
frame:2867/5479  totaltime:1m54.7206626s  frame time:40.0054ms  delay_time:662.6µs
frame:2868/5479  totaltime:1m54.7606577s  frame time:39.9951ms  delay_time:657.7µs
frame:2869/5479  totaltime:1m54.8006305s  frame time:39.9728ms  delay_time:630.5µs
frame:2870/5479  totaltime:1m54.8406498s  frame time:40.0193ms  delay_time:649.8µs
frame:2871/5479  totaltime:1m54.8806311s  frame time:39.9813ms  delay_time:631.1µs
frame:2872/5479  totaltime:1m54.9206567s  frame time:40.0256ms  delay_time:656.7µs
frame:2873/5479  totaltime:1m54.9606289s  frame time:39.9722ms  delay_time:628.9µs
frame:2874/5479  totaltime:1m55.0006571s  frame time:40.0282ms  delay_time:657.1µs
frame:2875/5479  totaltime:1m55.0406571s  frame time:40ms  delay_time:657.1µs
frame:2876/5479  totaltime:1m55.0806306s  frame time:39.9735ms  delay_time:630.6µs
frame:2877/5479  totaltime:1m55.1206561s  frame time:40.0255ms  delay_time:656.1µs
frame:2878/5479  totaltime:1m55.1606284s  frame time:39.9723ms  delay_time:628.4µs
frame:2879/5479  totaltime:1m55.2006571s  frame time:40.0287ms  delay_time:657.1µs
frame:2880/5479  totaltime:1m55.2406276s  frame time:39.9705ms  delay_time:627.6µs
frame:2881/5479  totaltime:1m55.2806568s  frame time:40.0292ms  delay_time:656.8µs
frame:2882/5479  totaltime:1m55.3206548s  frame time:39.998ms  delay_time:654.8µs
frame:2883/5479  totaltime:1m55.3606564s  frame time:40.0016ms  delay_time:656.4µs
frame:2884/5479  totaltime:1m55.4006622s  frame time:40.0058ms  delay_time:662.2µs
frame:2885/5479  totaltime:1m55.4406298s  frame time:39.9676ms  delay_time:629.8µs
frame:2886/5479  totaltime:1m55.4806564s  frame time:40.0266ms  delay_time:656.4µs
frame:2887/5479  totaltime:1m55.5206301s  frame time:39.9737ms  delay_time:630.1µs
frame:2888/5479  totaltime:1m55.5606652s  frame time:40.0351ms  delay_time:665.2µs
frame:2889/5479  totaltime:1m55.600628s  frame time:39.9628ms  delay_time:628µs
frame:2890/5479  totaltime:1m55.6406562s  frame time:40.0282ms  delay_time:656.2µs
frame:2891/5479  totaltime:1m55.680664s  frame time:40.0078ms  delay_time:664µs
frame:2892/5479  totaltime:1m55.7206569s  frame time:39.9929ms  delay_time:656.9µs
frame:2893/5479  totaltime:1m55.7606628s  frame time:40.0059ms  delay_time:662.8µs
frame:2894/5479  totaltime:1m55.8006306s  frame time:39.9678ms  delay_time:630.6µs
frame:2895/5479  totaltime:1m55.8406562s  frame time:40.0256ms  delay_time:656.2µs
frame:2896/5479  totaltime:1m55.8806299s  frame time:39.9737ms  delay_time:629.9µs
frame:2897/5479  totaltime:1m55.9206264s  frame time:39.9965ms  delay_time:626.4µs
frame:2898/5479  totaltime:1m55.9606287s  frame time:40.0023ms  delay_time:628.7µs
frame:2899/5479  totaltime:1m56.0006618s  frame time:40.0331ms  delay_time:661.8µs
frame:2900/5479  totaltime:1m56.0406552s  frame time:39.9934ms  delay_time:655.2µs
frame:2901/5479  totaltime:1m56.0806581s  frame time:40.0029ms  delay_time:658.1µs
frame:2902/5479  totaltime:1m56.1206561s  frame time:39.998ms  delay_time:656.1µs
frame:2903/5479  totaltime:1m56.1606562s  frame time:40.0001ms  delay_time:656.2µs
frame:2904/5479  totaltime:1m56.2006565s  frame time:40.0003ms  delay_time:656.5µs
frame:2905/5479  totaltime:1m56.2406296s  frame time:39.9731ms  delay_time:629.6µs
frame:2906/5479  totaltime:1m56.280663s  frame time:40.0334ms  delay_time:663µs
frame:2907/5479  totaltime:1m56.3206569s  frame time:39.9939ms  delay_time:656.9µs
frame:2908/5479  totaltime:1m56.3606566s  frame time:39.9997ms  delay_time:656.6µs
frame:2909/5479  totaltime:1m56.4006638s  frame time:40.0072ms  delay_time:663.8µs
frame:2910/5479  totaltime:1m56.4406302s  frame time:39.9664ms  delay_time:630.2µs
frame:2911/5479  totaltime:1m56.4806641s  frame time:40.0339ms  delay_time:664.1µs
frame:2912/5479  totaltime:1m56.5206289s  frame time:39.9648ms  delay_time:628.9µs
frame:2913/5479  totaltime:1m56.560656s  frame time:40.0271ms  delay_time:656µs
frame:2914/5479  totaltime:1m56.600629s  frame time:39.973ms  delay_time:629µs
frame:2915/5479  totaltime:1m56.6406563s  frame time:40.0273ms  delay_time:656.3µs
frame:2916/5479  totaltime:1m56.6806517s  frame time:39.9954ms  delay_time:651.7µs
frame:2917/5479  totaltime:1m56.7206275s  frame time:39.9758ms  delay_time:627.5µs
frame:2918/5479  totaltime:1m56.7606626s  frame time:40.0351ms  delay_time:662.6µs
frame:2919/5479  totaltime:1m56.8006612s  frame time:39.9986ms  delay_time:661.2µs
frame:2920/5479  totaltime:1m56.8406508s  frame time:39.9896ms  delay_time:650.8µs
frame:2921/5479  totaltime:1m56.8806305s  frame time:39.9797ms  delay_time:630.5µs
frame:2922/5479  totaltime:1m56.9206562s  frame time:40.0257ms  delay_time:656.2µs
frame:2923/5479  totaltime:1m56.9606564s  frame time:40.0002ms  delay_time:656.4µs
frame:2924/5479  totaltime:1m57.0006563s  frame time:39.9999ms  delay_time:656.3µs
frame:2925/5479  totaltime:1m57.0406288s  frame time:39.9725ms  delay_time:628.8µs
frame:2926/5479  totaltime:1m57.080657s  frame time:40.0282ms  delay_time:657µs
frame:2927/5479  totaltime:1m57.1206813s  frame time:40.0243ms  delay_time:681.3µs
frame:2928/5479  totaltime:1m57.1606289s  frame time:39.9476ms  delay_time:628.9µs
frame:2929/5479  totaltime:1m57.2006565s  frame time:40.0276ms  delay_time:656.5µs
frame:2930/5479  totaltime:1m57.2406533s  frame time:39.9968ms  delay_time:653.3µs
frame:2931/5479  totaltime:1m57.2806573s  frame time:40.004ms  delay_time:657.3µs
frame:2932/5479  totaltime:1m57.3206287s  frame time:39.9714ms  delay_time:628.7µs
frame:2933/5479  totaltime:1m57.3606306s  frame time:40.0019ms  delay_time:630.6µs
frame:2934/5479  totaltime:1m57.4006287s  frame time:39.9981ms  delay_time:628.7µs
frame:2935/5479  totaltime:1m57.4406298s  frame time:40.0011ms  delay_time:629.8µs
frame:2936/5479  totaltime:1m57.4806598s  frame time:40.03ms  delay_time:659.8µs
frame:2937/5479  totaltime:1m57.5206293s  frame time:39.9695ms  delay_time:629.3µs
frame:2938/5479  totaltime:1m57.5606279s  frame time:39.9986ms  delay_time:627.9µs
frame:2939/5479  totaltime:1m57.6006609s  frame time:40.033ms  delay_time:660.9µs
frame:2940/5479  totaltime:1m57.6406566s  frame time:39.9957ms  delay_time:656.6µs
frame:2941/5479  totaltime:1m57.6806318s  frame time:39.9752ms  delay_time:631.8µs
frame:2942/5479  totaltime:1m57.7206561s  frame time:40.0243ms  delay_time:656.1µs
frame:2943/5479  totaltime:1m57.7606281s  frame time:39.972ms  delay_time:628.1µs
frame:2944/5479  totaltime:1m57.8006297s  frame time:40.0016ms  delay_time:629.7µs
frame:2945/5479  totaltime:1m57.8406507s  frame time:40.021ms  delay_time:650.7µs
frame:2946/5479  totaltime:1m57.8806301s  frame time:39.9794ms  delay_time:630.1µs
frame:2947/5479  totaltime:1m57.9206614s  frame time:40.0313ms  delay_time:661.4µs
frame:2948/5479  totaltime:1m57.9606487s  frame time:39.9873ms  delay_time:648.7µs
frame:2949/5479  totaltime:1m58.0006571s  frame time:40.0084ms  delay_time:657.1µs
frame:2950/5479  totaltime:1m58.0406492s  frame time:39.9921ms  delay_time:649.2µs
frame:2951/5479  totaltime:1m58.0806303s  frame time:39.9811ms  delay_time:630.3µs
frame:2952/5479  totaltime:1m58.1206586s  frame time:40.0283ms  delay_time:658.6µs
frame:2953/5479  totaltime:1m58.1606306s  frame time:39.972ms  delay_time:630.6µs
frame:2954/5479  totaltime:1m58.2006582s  frame time:40.0276ms  delay_time:658.2µs
frame:2955/5479  totaltime:1m58.2406294s  frame time:39.9712ms  delay_time:629.4µs
frame:2956/5479  totaltime:1m58.2806571s  frame time:40.0277ms  delay_time:657.1µs
frame:2957/5479  totaltime:1m58.3206289s  frame time:39.9718ms  delay_time:628.9µs
frame:2958/5479  totaltime:1m58.3606627s  frame time:40.0338ms  delay_time:662.7µs
frame:2959/5479  totaltime:1m58.400657s  frame time:39.9943ms  delay_time:657µs
frame:2960/5479  totaltime:1m58.4406298s  frame time:39.9728ms  delay_time:629.8µs
frame:2961/5479  totaltime:1m58.4806569s  frame time:40.0271ms  delay_time:656.9µs
frame:2962/5479  totaltime:1m58.5206635s  frame time:40.0066ms  delay_time:663.5µs
frame:2963/5479  totaltime:1m58.5606563s  frame time:39.9928ms  delay_time:656.3µs
frame:2964/5479  totaltime:1m58.6006491s  frame time:39.9928ms  delay_time:649.1µs
frame:2965/5479  totaltime:1m58.6406628s  frame time:40.0137ms  delay_time:662.8µs
frame:2966/5479  totaltime:1m58.6806298s  frame time:39.967ms  delay_time:629.8µs
frame:2967/5479  totaltime:1m58.7206322s  frame time:40.0024ms  delay_time:632.2µs
frame:2968/5479  totaltime:1m58.7606565s  frame time:40.0243ms  delay_time:656.5µs
frame:2969/5479  totaltime:1m58.8006297s  frame time:39.9732ms  delay_time:629.7µs
frame:2970/5479  totaltime:1m58.8406578s  frame time:40.0281ms  delay_time:657.8µs
frame:2971/5479  totaltime:1m58.8806307s  frame time:39.9729ms  delay_time:630.7µs
frame:2972/5479  totaltime:1m58.9206298s  frame time:39.9991ms  delay_time:629.8µs
frame:2973/5479  totaltime:1m58.9606287s  frame time:39.9989ms  delay_time:628.7µs
frame:2974/5479  totaltime:1m59.0006263s  frame time:39.9976ms  delay_time:626.3µs
frame:2975/5479  totaltime:1m59.0406564s  frame time:40.0301ms  delay_time:656.4µs
frame:2976/5479  totaltime:1m59.0806527s  frame time:39.9963ms  delay_time:652.7µs
frame:2977/5479  totaltime:1m59.1206561s  frame time:40.0034ms  delay_time:656.1µs
frame:2978/5479  totaltime:1m59.1606284s  frame time:39.9723ms  delay_time:628.4µs
frame:2979/5479  totaltime:1m59.2006505s  frame time:40.0221ms  delay_time:650.5µs
frame:2980/5479  totaltime:1m59.2406277s  frame time:39.9772ms  delay_time:627.7µs
frame:2981/5479  totaltime:1m59.2806561s  frame time:40.0284ms  delay_time:656.1µs
frame:2982/5479  totaltime:1m59.3206564s  frame time:40.0003ms  delay_time:656.4µs
frame:2983/5479  totaltime:1m59.3606569s  frame time:40.0005ms  delay_time:656.9µs
frame:2984/5479  totaltime:1m59.4006589s  frame time:40.002ms  delay_time:658.9µs
frame:2985/5479  totaltime:1m59.44063s  frame time:39.9711ms  delay_time:630µs
frame:2986/5479  totaltime:1m59.4806587s  frame time:40.0287ms  delay_time:658.7µs
frame:2987/5479  totaltime:1m59.5206309s  frame time:39.9722ms  delay_time:630.9µs
frame:2988/5479  totaltime:1m59.5606567s  frame time:40.0258ms  delay_time:656.7µs
frame:2989/5479  totaltime:1m59.6006296s  frame time:39.9729ms  delay_time:629.6µs
frame:2990/5479  totaltime:1m59.6406263s  frame time:39.9967ms  delay_time:626.3µs
frame:2991/5479  totaltime:1m59.680657s  frame time:40.0307ms  delay_time:657µs
frame:2992/5479  totaltime:1m59.7206306s  frame time:39.9736ms  delay_time:630.6µs
frame:2993/5479  totaltime:1m59.7606566s  frame time:40.026ms  delay_time:656.6µs
frame:2994/5479  totaltime:1m59.8006313s  frame time:39.9747ms  delay_time:631.3µs
frame:2995/5479  totaltime:1m59.8406528s  frame time:40.0215ms  delay_time:652.8µs
frame:2996/5479  totaltime:1m59.8806325s  frame time:39.9797ms  delay_time:632.5µs
frame:2997/5479  totaltime:1m59.9206567s  frame time:40.0242ms  delay_time:656.7µs
frame:2998/5479  totaltime:1m59.9606577s  frame time:40.001ms  delay_time:657.7µs
frame:2999/5479  totaltime:2m0.0006568s  frame time:39.9991ms  delay_time:656.8µs
frame:3000/5479  totaltime:2m0.0406263s  frame time:39.9695ms  delay_time:626.3µs
frame:3001/5479  totaltime:2m0.0806569s  frame time:40.0306ms  delay_time:656.9µs
frame:3002/5479  totaltime:2m0.1206544s  frame time:39.9975ms  delay_time:654.4µs
frame:3003/5479  totaltime:2m0.1606278s  frame time:39.9734ms  delay_time:627.8µs
frame:3004/5479  totaltime:2m0.2006566s  frame time:40.0288ms  delay_time:656.6µs
frame:3005/5479  totaltime:2m0.2406293s  frame time:39.9727ms  delay_time:629.3µs
frame:3006/5479  totaltime:2m0.2806562s  frame time:40.0269ms  delay_time:656.2µs
frame:3007/5479  totaltime:2m0.3206263s  frame time:39.9701ms  delay_time:626.3µs
frame:3008/5479  totaltime:2m0.3606609s  frame time:40.0346ms  delay_time:660.9µs
frame:3009/5479  totaltime:2m0.400627s  frame time:39.9661ms  delay_time:627µs
frame:3010/5479  totaltime:2m0.4406307s  frame time:40.0037ms  delay_time:630.7µs
frame:3011/5479  totaltime:2m0.4806573s  frame time:40.0266ms  delay_time:657.3µs
frame:3012/5479  totaltime:2m0.5206304s  frame time:39.9731ms  delay_time:630.4µs
frame:3013/5479  totaltime:2m0.5606337s  frame time:40.0033ms  delay_time:633.7µs
frame:3014/5479  totaltime:2m0.6006641s  frame time:40.0304ms  delay_time:664.1µs
frame:3015/5479  totaltime:2m0.6406571s  frame time:39.993ms  delay_time:657.1µs
frame:3016/5479  totaltime:2m0.6806298s  frame time:39.9727ms  delay_time:629.8µs
frame:3017/5479  totaltime:2m0.7206279s  frame time:39.9981ms  delay_time:627.9µs
frame:3018/5479  totaltime:2m0.7606563s  frame time:40.0284ms  delay_time:656.3µs
frame:3019/5479  totaltime:2m0.8006306s  frame time:39.9743ms  delay_time:630.6µs
frame:3020/5479  totaltime:2m0.8406561s  frame time:40.0255ms  delay_time:656.1µs
frame:3021/5479  totaltime:2m0.8806293s  frame time:39.9732ms  delay_time:629.3µs
frame:3022/5479  totaltime:2m0.9206284s  frame time:39.9991ms  delay_time:628.4µs
frame:3023/5479  totaltime:2m0.9606284s  frame time:40ms  delay_time:628.4µs
frame:3024/5479  totaltime:2m1.0006564s  frame time:40.028ms  delay_time:656.4µs
frame:3025/5479  totaltime:2m1.0406489s  frame time:39.9925ms  delay_time:648.9µs
frame:3026/5479  totaltime:2m1.0806301s  frame time:39.9812ms  delay_time:630.1µs
frame:3027/5479  totaltime:2m1.1206566s  frame time:40.0265ms  delay_time:656.6µs
frame:3028/5479  totaltime:2m1.1606292s  frame time:39.9726ms  delay_time:629.2µs
frame:3029/5479  totaltime:2m1.2006569s  frame time:40.0277ms  delay_time:656.9µs
frame:3030/5479  totaltime:2m1.2406294s  frame time:39.9725ms  delay_time:629.4µs
frame:3031/5479  totaltime:2m1.2806633s  frame time:40.0339ms  delay_time:663.3µs
frame:3032/5479  totaltime:2m1.3206545s  frame time:39.9912ms  delay_time:654.5µs
frame:3033/5479  totaltime:2m1.3606567s  frame time:40.0022ms  delay_time:656.7µs
frame:3034/5479  totaltime:2m1.4006544s  frame time:39.9977ms  delay_time:654.4µs
frame:3035/5479  totaltime:2m1.4406309s  frame time:39.9765ms  delay_time:630.9µs
frame:3036/5479  totaltime:2m1.4806567s  frame time:40.0258ms  delay_time:656.7µs
frame:3037/5479  totaltime:2m1.5206272s  frame time:39.9705ms  delay_time:627.2µs
frame:3038/5479  totaltime:2m1.5606562s  frame time:40.029ms  delay_time:656.2µs
frame:3039/5479  totaltime:2m1.6006306s  frame time:39.9744ms  delay_time:630.6µs
frame:3040/5479  totaltime:2m1.6406564s  frame time:40.0258ms  delay_time:656.4µs
frame:3041/5479  totaltime:2m1.6806514s  frame time:39.995ms  delay_time:651.4µs
frame:3042/5479  totaltime:2m1.7206568s  frame time:40.0054ms  delay_time:656.8µs
frame:3043/5479  totaltime:2m1.7606567s  frame time:39.9999ms  delay_time:656.7µs
frame:3044/5479  totaltime:2m1.8006309s  frame time:39.9742ms  delay_time:630.9µs
frame:3045/5479  totaltime:2m1.840664s  frame time:40.0331ms  delay_time:664µs
frame:3046/5479  totaltime:2m1.88063s  frame time:39.966ms  delay_time:630µs
frame:3047/5479  totaltime:2m1.9206562s  frame time:40.0262ms  delay_time:656.2µs
frame:3048/5479  totaltime:2m1.9606278s  frame time:39.9716ms  delay_time:627.8µs
frame:3049/5479  totaltime:2m2.0006565s  frame time:40.0287ms  delay_time:656.5µs
frame:3050/5479  totaltime:2m2.040649s  frame time:39.9925ms  delay_time:649µs
frame:3051/5479  totaltime:2m2.080664s  frame time:40.015ms  delay_time:664µs
frame:3052/5479  totaltime:2m2.1206566s  frame time:39.9926ms  delay_time:656.6µs
frame:3053/5479  totaltime:2m2.1606297s  frame time:39.9731ms  delay_time:629.7µs
frame:3054/5479  totaltime:2m2.2006491s  frame time:40.0194ms  delay_time:649.1µs
frame:3055/5479  totaltime:2m2.2406639s  frame time:40.0148ms  delay_time:663.9µs
frame:3056/5479  totaltime:2m2.2806311s  frame time:39.9672ms  delay_time:631.1µs
frame:3057/5479  totaltime:2m2.3206633s  frame time:40.0322ms  delay_time:663.3µs
frame:3058/5479  totaltime:2m2.3606562s  frame time:39.9929ms  delay_time:656.2µs
frame:3059/5479  totaltime:2m2.4006561s  frame time:39.9999ms  delay_time:656.1µs
frame:3060/5479  totaltime:2m2.4406316s  frame time:39.9755ms  delay_time:631.6µs
frame:3061/5479  totaltime:2m2.4806517s  frame time:40.0201ms  delay_time:651.7µs
frame:3062/5479  totaltime:2m2.520628s  frame time:39.9763ms  delay_time:628µs
frame:3063/5479  totaltime:2m2.5606297s  frame time:40.0017ms  delay_time:629.7µs
frame:3064/5479  totaltime:2m2.6006554s  frame time:40.0257ms  delay_time:655.4µs
frame:3065/5479  totaltime:2m2.6406632s  frame time:40.0078ms  delay_time:663.2µs
frame:3066/5479  totaltime:2m2.6806572s  frame time:39.994ms  delay_time:657.2µs
frame:3067/5479  totaltime:2m2.7206307s  frame time:39.9735ms  delay_time:630.7µs
frame:3068/5479  totaltime:2m2.7606565s  frame time:40.0258ms  delay_time:656.5µs
frame:3069/5479  totaltime:2m2.8006277s  frame time:39.9712ms  delay_time:627.7µs
frame:3070/5479  totaltime:2m2.8406297s  frame time:40.002ms  delay_time:629.7µs
frame:3071/5479  totaltime:2m2.8806343s  frame time:40.0046ms  delay_time:634.3µs
frame:3072/5479  totaltime:2m2.920651s  frame time:40.0167ms  delay_time:651µs
frame:3073/5479  totaltime:2m2.9606276s  frame time:39.9766ms  delay_time:627.6µs
frame:3074/5479  totaltime:2m3.000657s  frame time:40.0294ms  delay_time:657µs
frame:3075/5479  totaltime:2m3.0406564s  frame time:39.9994ms  delay_time:656.4µs
frame:3076/5479  totaltime:2m3.0806696s  frame time:40.0132ms  delay_time:669.6µs
frame:3077/5479  totaltime:2m3.1206589s  frame time:39.9893ms  delay_time:658.9µs
frame:3078/5479  totaltime:2m3.1606309s  frame time:39.972ms  delay_time:630.9µs
frame:3079/5479  totaltime:2m3.2006588s  frame time:40.0279ms  delay_time:658.8µs
frame:3080/5479  totaltime:2m3.2406561s  frame time:39.9973ms  delay_time:656.1µs
frame:3081/5479  totaltime:2m3.2806517s  frame time:39.9956ms  delay_time:651.7µs
frame:3082/5479  totaltime:2m3.3206277s  frame time:39.976ms  delay_time:627.7µs
frame:3083/5479  totaltime:2m3.3606632s  frame time:40.0355ms  delay_time:663.2µs
frame:3084/5479  totaltime:2m3.4006562s  frame time:39.993ms  delay_time:656.2µs
frame:3085/5479  totaltime:2m3.440629s  frame time:39.9728ms  delay_time:629µs
frame:3086/5479  totaltime:2m3.4806581s  frame time:40.0291ms  delay_time:658.1µs
frame:3087/5479  totaltime:2m3.5206287s  frame time:39.9706ms  delay_time:628.7µs
frame:3088/5479  totaltime:2m3.5606575s  frame time:40.0288ms  delay_time:657.5µs
frame:3089/5479  totaltime:2m3.6006278s  frame time:39.9703ms  delay_time:627.8µs
frame:3090/5479  totaltime:2m3.6406567s  frame time:40.0289ms  delay_time:656.7µs
frame:3091/5479  totaltime:2m3.6806564s  frame time:39.9997ms  delay_time:656.4µs
frame:3092/5479  totaltime:2m3.7206614s  frame time:40.005ms  delay_time:661.4µs
frame:3093/5479  totaltime:2m3.7606293s  frame time:39.9679ms  delay_time:629.3µs
frame:3094/5479  totaltime:2m3.8006302s  frame time:40.0009ms  delay_time:630.2µs
frame:3095/5479  totaltime:2m3.8406635s  frame time:40.0333ms  delay_time:663.5µs
frame:3096/5479  totaltime:2m3.8806558s  frame time:39.9923ms  delay_time:655.8µs
frame:3097/5479  totaltime:2m3.9206563s  frame time:40.0005ms  delay_time:656.3µs
frame:3098/5479  totaltime:2m3.9606284s  frame time:39.9721ms  delay_time:628.4µs
frame:3099/5479  totaltime:2m4.0006561s  frame time:40.0277ms  delay_time:656.1µs
frame:3100/5479  totaltime:2m4.040663s  frame time:40.0069ms  delay_time:663µs
frame:3101/5479  totaltime:2m4.0806274s  frame time:39.9644ms  delay_time:627.4µs
frame:3102/5479  totaltime:2m4.1206573s  frame time:40.0299ms  delay_time:657.3µs
frame:3103/5479  totaltime:2m4.1606306s  frame time:39.9733ms  delay_time:630.6µs
frame:3104/5479  totaltime:2m4.200656s  frame time:40.0254ms  delay_time:656µs
frame:3105/5479  totaltime:2m4.240628s  frame time:39.972ms  delay_time:628µs
frame:3106/5479  totaltime:2m4.2806616s  frame time:40.0336ms  delay_time:661.6µs
frame:3107/5479  totaltime:2m4.3206634s  frame time:40.0018ms  delay_time:663.4µs
frame:3108/5479  totaltime:2m4.3606562s  frame time:39.9928ms  delay_time:656.2µs
frame:3109/5479  totaltime:2m4.4006551s  frame time:39.9989ms  delay_time:655.1µs
frame:3110/5479  totaltime:2m4.4406573s  frame time:40.0022ms  delay_time:657.3µs
frame:3111/5479  totaltime:2m4.480662s  frame time:40.0047ms  delay_time:662µs
frame:3112/5479  totaltime:2m4.5206628s  frame time:40.0008ms  delay_time:662.8µs
frame:3113/5479  totaltime:2m4.5606561s  frame time:39.9933ms  delay_time:656.1µs
frame:3114/5479  totaltime:2m4.6006556s  frame time:39.9995ms  delay_time:655.6µs
frame:3115/5479  totaltime:2m4.6406626s  frame time:40.007ms  delay_time:662.6µs
frame:3116/5479  totaltime:2m4.6806567s  frame time:39.9941ms  delay_time:656.7µs
frame:3117/5479  totaltime:2m4.7206611s  frame time:40.0044ms  delay_time:661.1µs
frame:3118/5479  totaltime:2m4.7606614s  frame time:40.0003ms  delay_time:661.4µs
frame:3119/5479  totaltime:2m4.8006299s  frame time:39.9685ms  delay_time:629.9µs
frame:3120/5479  totaltime:2m4.8406513s  frame time:40.0214ms  delay_time:651.3µs
frame:3121/5479  totaltime:2m4.8806329s  frame time:39.9816ms  delay_time:632.9µs
frame:3122/5479  totaltime:2m4.9206562s  frame time:40.0233ms  delay_time:656.2µs
frame:3123/5479  totaltime:2m4.9606545s  frame time:39.9983ms  delay_time:654.5µs
frame:3124/5479  totaltime:2m5.0006564s  frame time:40.0019ms  delay_time:656.4µs
frame:3125/5479  totaltime:2m5.0406601s  frame time:40.0037ms  delay_time:660.1µs
frame:3126/5479  totaltime:2m5.0806699s  frame time:40.0098ms  delay_time:669.9µs
frame:3127/5479  totaltime:2m5.1206541s  frame time:39.9842ms  delay_time:654.1µs
frame:3128/5479  totaltime:2m5.160628s  frame time:39.9739ms  delay_time:628µs
frame:3129/5479  totaltime:2m5.2006565s  frame time:40.0285ms  delay_time:656.5µs
frame:3130/5479  totaltime:2m5.240663s  frame time:40.0065ms  delay_time:663µs
frame:3131/5479  totaltime:2m5.2806619s  frame time:39.9989ms  delay_time:661.9µs
frame:3132/5479  totaltime:2m5.3206554s  frame time:39.9935ms  delay_time:655.4µs
frame:3133/5479  totaltime:2m5.3606587s  frame time:40.0033ms  delay_time:658.7µs
frame:3134/5479  totaltime:2m5.4006562s  frame time:39.9975ms  delay_time:656.2µs
frame:3135/5479  totaltime:2m5.4406431s  frame time:39.9869ms  delay_time:643.1µs
frame:3136/5479  totaltime:2m5.4806564s  frame time:40.0133ms  delay_time:656.4µs
frame:3137/5479  totaltime:2m5.5206626s  frame time:40.0062ms  delay_time:662.6µs
frame:3138/5479  totaltime:2m5.5606572s  frame time:39.9946ms  delay_time:657.2µs
frame:3139/5479  totaltime:2m5.600656s  frame time:39.9988ms  delay_time:656µs
frame:3140/5479  totaltime:2m5.6406567s  frame time:40.0007ms  delay_time:656.7µs
frame:3141/5479  totaltime:2m5.6806583s  frame time:40.0016ms  delay_time:658.3µs
frame:3142/5479  totaltime:2m5.7206299s  frame time:39.9716ms  delay_time:629.9µs
frame:3143/5479  totaltime:2m5.7606574s  frame time:40.0275ms  delay_time:657.4µs
frame:3144/5479  totaltime:2m5.800629s  frame time:39.9716ms  delay_time:629µs
frame:3145/5479  totaltime:2m5.8406564s  frame time:40.0274ms  delay_time:656.4µs
frame:3146/5479  totaltime:2m5.8806299s  frame time:39.9735ms  delay_time:629.9µs
frame:3147/5479  totaltime:2m5.9206626s  frame time:40.0327ms  delay_time:662.6µs
frame:3148/5479  totaltime:2m5.9606559s  frame time:39.9933ms  delay_time:655.9µs
frame:3149/5479  totaltime:2m6.0006566s  frame time:40.0007ms  delay_time:656.6µs
frame:3150/5479  totaltime:2m6.0406491s  frame time:39.9925ms  delay_time:649.1µs
frame:3151/5479  totaltime:2m6.0806275s  frame time:39.9784ms  delay_time:627.5µs
frame:3152/5479  totaltime:2m6.120663s  frame time:40.0355ms  delay_time:663µs
frame:3153/5479  totaltime:2m6.1606285s  frame time:39.9655ms  delay_time:628.5µs
frame:3154/5479  totaltime:2m6.2006563s  frame time:40.0278ms  delay_time:656.3µs
frame:3155/5479  totaltime:2m6.2406556s  frame time:39.9993ms  delay_time:655.6µs
frame:3156/5479  totaltime:2m6.2806573s  frame time:40.0017ms  delay_time:657.3µs
frame:3157/5479  totaltime:2m6.3206674s  frame time:40.0101ms  delay_time:667.4µs
frame:3158/5479  totaltime:2m6.3606565s  frame time:39.9891ms  delay_time:656.5µs
frame:3159/5479  totaltime:2m6.4006494s  frame time:39.9929ms  delay_time:649.4µs
frame:3160/5479  totaltime:2m6.4406308s  frame time:39.9814ms  delay_time:630.8µs
frame:3161/5479  totaltime:2m6.4806312s  frame time:40.0004ms  delay_time:631.2µs
frame:3162/5479  totaltime:2m6.5206543s  frame time:40.0231ms  delay_time:654.3µs
frame:3163/5479  totaltime:2m6.5606561s  frame time:40.0018ms  delay_time:656.1µs
frame:3164/5479  totaltime:2m6.6006277s  frame time:39.9716ms  delay_time:627.7µs
frame:3165/5479  totaltime:2m6.640663s  frame time:40.0353ms  delay_time:663µs
frame:3166/5479  totaltime:2m6.6806299s  frame time:39.9669ms  delay_time:629.9µs
frame:3167/5479  totaltime:2m6.7206306s  frame time:40.0007ms  delay_time:630.6µs
frame:3168/5479  totaltime:2m6.760656s  frame time:40.0254ms  delay_time:656µs
frame:3169/5479  totaltime:2m6.8006288s  frame time:39.9728ms  delay_time:628.8µs
frame:3170/5479  totaltime:2m6.8406279s  frame time:39.9991ms  delay_time:627.9µs
frame:3171/5479  totaltime:2m6.8806513s  frame time:40.0234ms  delay_time:651.3µs
frame:3172/5479  totaltime:2m6.9206566s  frame time:40.0053ms  delay_time:656.6µs
frame:3173/5479  totaltime:2m6.9606563s  frame time:39.9997ms  delay_time:656.3µs
frame:3174/5479  totaltime:2m7.0006625s  frame time:40.0062ms  delay_time:662.5µs
frame:3175/5479  totaltime:2m7.0406488s  frame time:39.9863ms  delay_time:648.8µs
frame:3176/5479  totaltime:2m7.0806289s  frame time:39.9801ms  delay_time:628.9µs
frame:3177/5479  totaltime:2m7.1206574s  frame time:40.0285ms  delay_time:657.4µs
frame:3178/5479  totaltime:2m7.1606298s  frame time:39.9724ms  delay_time:629.8µs
frame:3179/5479  totaltime:2m7.2006588s  frame time:40.029ms  delay_time:658.8µs
frame:3180/5479  totaltime:2m7.2406279s  frame time:39.9691ms  delay_time:627.9µs
frame:3181/5479  totaltime:2m7.2806565s  frame time:40.0286ms  delay_time:656.5µs
frame:3182/5479  totaltime:2m7.320654s  frame time:39.9975ms  delay_time:654µs
frame:3183/5479  totaltime:2m7.3606306s  frame time:39.9766ms  delay_time:630.6µs
frame:3184/5479  totaltime:2m7.400657s  frame time:40.0264ms  delay_time:657µs
frame:3185/5479  totaltime:2m7.4406308s  frame time:39.9738ms  delay_time:630.8µs
frame:3186/5479  totaltime:2m7.4806512s  frame time:40.0204ms  delay_time:651.2µs
frame:3187/5479  totaltime:2m7.5206297s  frame time:39.9785ms  delay_time:629.7µs
frame:3188/5479  totaltime:2m7.5606563s  frame time:40.0266ms  delay_time:656.3µs
frame:3189/5479  totaltime:2m7.6006579s  frame time:40.0016ms  delay_time:657.9µs
frame:3190/5479  totaltime:2m7.640657s  frame time:39.9991ms  delay_time:657µs
frame:3191/5479  totaltime:2m7.6806558s  frame time:39.9988ms  delay_time:655.8µs
frame:3192/5479  totaltime:2m7.720656s  frame time:40.0002ms  delay_time:656µs
frame:3193/5479  totaltime:2m7.7606613s  frame time:40.0053ms  delay_time:661.3µs
frame:3194/5479  totaltime:2m7.8006496s  frame time:39.9883ms  delay_time:649.6µs
frame:3195/5479  totaltime:2m7.8406566s  frame time:40.007ms  delay_time:656.6µs
frame:3196/5479  totaltime:2m7.8806298s  frame time:39.9732ms  delay_time:629.8µs
frame:3197/5479  totaltime:2m7.9206558s  frame time:40.026ms  delay_time:655.8µs
frame:3198/5479  totaltime:2m7.9606306s  frame time:39.9748ms  delay_time:630.6µs
frame:3199/5479  totaltime:2m8.0006564s  frame time:40.0258ms  delay_time:656.4µs
frame:3200/5479  totaltime:2m8.0406494s  frame time:39.993ms  delay_time:649.4µs
frame:3201/5479  totaltime:2m8.0806563s  frame time:40.0069ms  delay_time:656.3µs
frame:3202/5479  totaltime:2m8.1206293s  frame time:39.973ms  delay_time:629.3µs
frame:3203/5479  totaltime:2m8.1606278s  frame time:39.9985ms  delay_time:627.8µs
frame:3204/5479  totaltime:2m8.2006669s  frame time:40.0391ms  delay_time:666.9µs
frame:3205/5479  totaltime:2m8.2406272s  frame time:39.9603ms  delay_time:627.2µs
frame:3206/5479  totaltime:2m8.2806557s  frame time:40.0285ms  delay_time:655.7µs
frame:3207/5479  totaltime:2m8.3206597s  frame time:40.004ms  delay_time:659.7µs
frame:3208/5479  totaltime:2m8.3606565s  frame time:39.9968ms  delay_time:656.5µs
frame:3209/5479  totaltime:2m8.4006569s  frame time:40.0004ms  delay_time:656.9µs
frame:3210/5479  totaltime:2m8.44063s  frame time:39.9731ms  delay_time:630µs
frame:3211/5479  totaltime:2m8.480658s  frame time:40.028ms  delay_time:658µs
frame:3212/5479  totaltime:2m8.5206278s  frame time:39.9698ms  delay_time:627.8µs
frame:3213/5479  totaltime:2m8.5606288s  frame time:40.001ms  delay_time:628.8µs
frame:3214/5479  totaltime:2m8.6006278s  frame time:39.999ms  delay_time:627.8µs
frame:3215/5479  totaltime:2m8.6406292s  frame time:40.0014ms  delay_time:629.2µs
frame:3216/5479  totaltime:2m8.6806601s  frame time:40.0309ms  delay_time:660.1µs
frame:3217/5479  totaltime:2m8.7206629s  frame time:40.0028ms  delay_time:662.9µs
frame:3218/5479  totaltime:2m8.7606498s  frame time:39.9869ms  delay_time:649.8µs
frame:3219/5479  totaltime:2m8.8006566s  frame time:40.0068ms  delay_time:656.6µs
frame:3220/5479  totaltime:2m8.8406568s  frame time:40.0002ms  delay_time:656.8µs
frame:3221/5479  totaltime:2m8.8806298s  frame time:39.973ms  delay_time:629.8µs
frame:3222/5479  totaltime:2m8.9206564s  frame time:40.0266ms  delay_time:656.4µs
frame:3223/5479  totaltime:2m8.9606287s  frame time:39.9723ms  delay_time:628.7µs
frame:3224/5479  totaltime:2m9.0006565s  frame time:40.0278ms  delay_time:656.5µs
frame:3225/5479  totaltime:2m9.0406303s  frame time:39.9738ms  delay_time:630.3µs
frame:3226/5479  totaltime:2m9.0806637s  frame time:40.0334ms  delay_time:663.7µs
frame:3227/5479  totaltime:2m9.1206495s  frame time:39.9858ms  delay_time:649.5µs
frame:3228/5479  totaltime:2m9.1606287s  frame time:39.9792ms  delay_time:628.7µs
frame:3229/5479  totaltime:2m9.2006565s  frame time:40.0278ms  delay_time:656.5µs
frame:3230/5479  totaltime:2m9.2406549s  frame time:39.9984ms  delay_time:654.9µs
frame:3231/5479  totaltime:2m9.2806568s  frame time:40.0019ms  delay_time:656.8µs
frame:3232/5479  totaltime:2m9.3206291s  frame time:39.9723ms  delay_time:629.1µs
frame:3233/5479  totaltime:2m9.36063s  frame time:40.0009ms  delay_time:630µs
frame:3234/5479  totaltime:2m9.4006292s  frame time:39.9992ms  delay_time:629.2µs
frame:3235/5479  totaltime:2m9.4406311s  frame time:40.0019ms  delay_time:631.1µs
frame:3236/5479  totaltime:2m9.4806644s  frame time:40.0333ms  delay_time:664.4µs
frame:3237/5479  totaltime:2m9.5206557s  frame time:39.9913ms  delay_time:655.7µs
frame:3238/5479  totaltime:2m9.560649s  frame time:39.9933ms  delay_time:649µs
frame:3239/5479  totaltime:2m9.6006559s  frame time:40.0069ms  delay_time:655.9µs
frame:3240/5479  totaltime:2m9.6406264s  frame time:39.9705ms  delay_time:626.4µs
frame:3241/5479  totaltime:2m9.6806295s  frame time:40.0031ms  delay_time:629.5µs
frame:3242/5479  totaltime:2m9.7206585s  frame time:40.029ms  delay_time:658.5µs
frame:3243/5479  totaltime:2m9.7606561s  frame time:39.9976ms  delay_time:656.1µs
frame:3244/5479  totaltime:2m9.8006302s  frame time:39.9741ms  delay_time:630.2µs
frame:3245/5479  totaltime:2m9.8406569s  frame time:40.0267ms  delay_time:656.9µs
frame:3246/5479  totaltime:2m9.8806299s  frame time:39.973ms  delay_time:629.9µs
frame:3247/5479  totaltime:2m9.9206571s  frame time:40.0272ms  delay_time:657.1µs
frame:3248/5479  totaltime:2m9.960628s  frame time:39.9709ms  delay_time:628µs
frame:3249/5479  totaltime:2m10.0006561s  frame time:40.0281ms  delay_time:656.1µs
frame:3250/5479  totaltime:2m10.0406515s  frame time:39.9954ms  delay_time:651.5µs
frame:3251/5479  totaltime:2m10.0806306s  frame time:39.9791ms  delay_time:630.6µs
frame:3252/5479  totaltime:2m10.1206279s  frame time:39.9973ms  delay_time:627.9µs
frame:3253/5479  totaltime:2m10.160631s  frame time:40.0031ms  delay_time:631µs
frame:3254/5479  totaltime:2m10.2006629s  frame time:40.0319ms  delay_time:662.9µs
frame:3255/5479  totaltime:2m10.2406629s  frame time:40ms  delay_time:662.9µs
frame:3256/5479  totaltime:2m10.2806576s  frame time:39.9947ms  delay_time:657.6µs
frame:3257/5479  totaltime:2m10.3206287s  frame time:39.9711ms  delay_time:628.7µs
frame:3258/5479  totaltime:2m10.3606279s  frame time:39.9992ms  delay_time:627.9µs
frame:3259/5479  totaltime:2m10.4006288s  frame time:40.0009ms  delay_time:628.8µs
frame:3260/5479  totaltime:2m10.4406303s  frame time:40.0015ms  delay_time:630.3µs
frame:3261/5479  totaltime:2m10.480657s  frame time:40.0267ms  delay_time:657µs
frame:3262/5479  totaltime:2m10.5206289s  frame time:39.9719ms  delay_time:628.9µs
frame:3263/5479  totaltime:2m10.5606565s  frame time:40.0276ms  delay_time:656.5µs
frame:3264/5479  totaltime:2m10.6006271s  frame time:39.9706ms  delay_time:627.1µs
frame:3265/5479  totaltime:2m10.6406565s  frame time:40.0294ms  delay_time:656.5µs
frame:3266/5479  totaltime:2m10.6806509s  frame time:39.9944ms  delay_time:650.9µs
frame:3267/5479  totaltime:2m10.7206597s  frame time:40.0088ms  delay_time:659.7µs
frame:3268/5479  totaltime:2m10.7606608s  frame time:40.0011ms  delay_time:660.8µs
frame:3269/5479  totaltime:2m10.8006309s  frame time:39.9701ms  delay_time:630.9µs
frame:3270/5479  totaltime:2m10.8406624s  frame time:40.0315ms  delay_time:662.4µs
frame:3271/5479  totaltime:2m10.8806293s  frame time:39.9669ms  delay_time:629.3µs
frame:3272/5479  totaltime:2m10.9206632s  frame time:40.0339ms  delay_time:663.2µs
frame:3273/5479  totaltime:2m10.9606305s  frame time:39.9673ms  delay_time:630.5µs
frame:3274/5479  totaltime:2m11.00066s  frame time:40.0295ms  delay_time:660µs
frame:3275/5479  totaltime:2m11.0406286s  frame time:39.9686ms  delay_time:628.6µs
frame:3276/5479  totaltime:2m11.0806598s  frame time:40.0312ms  delay_time:659.8µs
frame:3277/5479  totaltime:2m11.1206565s  frame time:39.9967ms  delay_time:656.5µs
frame:3278/5479  totaltime:2m11.1606299s  frame time:39.9734ms  delay_time:629.9µs
frame:3279/5479  totaltime:2m11.2006565s  frame time:40.0266ms  delay_time:656.5µs
frame:3280/5479  totaltime:2m11.2406566s  frame time:40.0001ms  delay_time:656.6µs
frame:3281/5479  totaltime:2m11.2806573s  frame time:40.0007ms  delay_time:657.3µs
frame:3282/5479  totaltime:2m11.3206588s  frame time:40.0015ms  delay_time:658.8µs
frame:3283/5479  totaltime:2m11.3606295s  frame time:39.9707ms  delay_time:629.5µs
frame:3284/5479  totaltime:2m11.4006314s  frame time:40.0019ms  delay_time:631.4µs
frame:3285/5479  totaltime:2m11.44063s  frame time:39.9986ms  delay_time:630µs
frame:3286/5479  totaltime:2m11.4806309s  frame time:40.0009ms  delay_time:630.9µs
frame:3287/5479  totaltime:2m11.5206291s  frame time:39.9982ms  delay_time:629.1µs
frame:3288/5479  totaltime:2m11.5606271s  frame time:39.998ms  delay_time:627.1µs
frame:3289/5479  totaltime:2m11.6006293s  frame time:40.0022ms  delay_time:629.3µs
frame:3290/5479  totaltime:2m11.6406302s  frame time:40.0009ms  delay_time:630.2µs
frame:3291/5479  totaltime:2m11.6806306s  frame time:40.0004ms  delay_time:630.6µs
frame:3292/5479  totaltime:2m11.7206288s  frame time:39.9982ms  delay_time:628.8µs
frame:3293/5479  totaltime:2m11.7606575s  frame time:40.0287ms  delay_time:657.5µs
frame:3294/5479  totaltime:2m11.8006322s  frame time:39.9747ms  delay_time:632.2µs
frame:3295/5479  totaltime:2m11.8406291s  frame time:39.9969ms  delay_time:629.1µs
frame:3296/5479  totaltime:2m11.8806333s  frame time:40.0042ms  delay_time:633.3µs
frame:3297/5479  totaltime:2m11.9206569s  frame time:40.0236ms  delay_time:656.9µs
frame:3298/5479  totaltime:2m11.9606507s  frame time:39.9938ms  delay_time:650.7µs
frame:3299/5479  totaltime:2m12.0006294s  frame time:39.9787ms  delay_time:629.4µs
frame:3300/5479  totaltime:2m12.0406563s  frame time:40.0269ms  delay_time:656.3µs
frame:3301/5479  totaltime:2m12.0806646s  frame time:40.0083ms  delay_time:664.6µs
frame:3302/5479  totaltime:2m12.1206294s  frame time:39.9648ms  delay_time:629.4µs
frame:3303/5479  totaltime:2m12.1606307s  frame time:40.0013ms  delay_time:630.7µs
frame:3304/5479  totaltime:2m12.2006563s  frame time:40.0256ms  delay_time:656.3µs
frame:3305/5479  totaltime:2m12.240628s  frame time:39.9717ms  delay_time:628µs
frame:3306/5479  totaltime:2m12.2806517s  frame time:40.0237ms  delay_time:651.7µs
frame:3307/5479  totaltime:2m12.3206512s  frame time:39.9995ms  delay_time:651.2µs
frame:3308/5479  totaltime:2m12.360657s  frame time:40.0058ms  delay_time:657µs
frame:3309/5479  totaltime:2m12.4006301s  frame time:39.9731ms  delay_time:630.1µs
frame:3310/5479  totaltime:2m12.4406275s  frame time:39.9974ms  delay_time:627.5µs
frame:3311/5479  totaltime:2m12.4806566s  frame time:40.0291ms  delay_time:656.6µs
frame:3312/5479  totaltime:2m12.5206544s  frame time:39.9978ms  delay_time:654.4µs
frame:3313/5479  totaltime:2m12.5606509s  frame time:39.9965ms  delay_time:650.9µs
frame:3314/5479  totaltime:2m12.6006592s  frame time:40.0083ms  delay_time:659.2µs
frame:3315/5479  totaltime:2m12.6406269s  frame time:39.9677ms  delay_time:626.9µs
frame:3316/5479  totaltime:2m12.6806287s  frame time:40.0018ms  delay_time:628.7µs
frame:3317/5479  totaltime:2m12.7206631s  frame time:40.0344ms  delay_time:663.1µs
frame:3318/5479  totaltime:2m12.7606293s  frame time:39.9662ms  delay_time:629.3µs
frame:3319/5479  totaltime:2m12.8006305s  frame time:40.0012ms  delay_time:630.5µs
frame:3320/5479  totaltime:2m12.8406573s  frame time:40.0268ms  delay_time:657.3µs
frame:3321/5479  totaltime:2m12.880633s  frame time:39.9757ms  delay_time:633µs
frame:3322/5479  totaltime:2m12.9206564s  frame time:40.0234ms  delay_time:656.4µs
frame:3323/5479  totaltime:2m12.9606563s  frame time:39.9999ms  delay_time:656.3µs
frame:3324/5479  totaltime:2m13.0006568s  frame time:40.0005ms  delay_time:656.8µs
frame:3325/5479  totaltime:2m13.0406314s  frame time:39.9746ms  delay_time:631.4µs
frame:3326/5479  totaltime:2m13.0806307s  frame time:39.9993ms  delay_time:630.7µs
frame:3327/5479  totaltime:2m13.120627s  frame time:39.9963ms  delay_time:627µs
frame:3328/5479  totaltime:2m13.1606308s  frame time:40.0038ms  delay_time:630.8µs
frame:3329/5479  totaltime:2m13.2006564s  frame time:40.0256ms  delay_time:656.4µs
frame:3330/5479  totaltime:2m13.2406278s  frame time:39.9714ms  delay_time:627.8µs
frame:3331/5479  totaltime:2m13.2806338s  frame time:40.006ms  delay_time:633.8µs
frame:3332/5479  totaltime:2m13.3206314s  frame time:39.9976ms  delay_time:631.4µs
frame:3333/5479  totaltime:2m13.3606618s  frame time:40.0304ms  delay_time:661.8µs
frame:3334/5479  totaltime:2m13.4006521s  frame time:39.9903ms  delay_time:652.1µs
frame:3335/5479  totaltime:2m13.4406309s  frame time:39.9788ms  delay_time:630.9µs
frame:3336/5479  totaltime:2m13.4806588s  frame time:40.0279ms  delay_time:658.8µs
frame:3337/5479  totaltime:2m13.5206622s  frame time:40.0034ms  delay_time:662.2µs
frame:3338/5479  totaltime:2m13.560656s  frame time:39.9938ms  delay_time:656µs
frame:3339/5479  totaltime:2m13.6006577s  frame time:40.0017ms  delay_time:657.7µs
frame:3340/5479  totaltime:2m13.6406318s  frame time:39.9741ms  delay_time:631.8µs
frame:3341/5479  totaltime:2m13.6806588s  frame time:40.027ms  delay_time:658.8µs
frame:3342/5479  totaltime:2m13.7206498s  frame time:39.991ms  delay_time:649.8µs
frame:3343/5479  totaltime:2m13.7606565s  frame time:40.0067ms  delay_time:656.5µs
frame:3344/5479  totaltime:2m13.8006569s  frame time:40.0004ms  delay_time:656.9µs
frame:3345/5479  totaltime:2m13.8406564s  frame time:39.9995ms  delay_time:656.4µs
frame:3346/5479  totaltime:2m13.8806299s  frame time:39.9735ms  delay_time:629.9µs
frame:3347/5479  totaltime:2m13.9206624s  frame time:40.0325ms  delay_time:662.4µs
frame:3348/5479  totaltime:2m13.9606562s  frame time:39.9938ms  delay_time:656.2µs
frame:3349/5479  totaltime:2m14.000657s  frame time:40.0008ms  delay_time:657µs
frame:3350/5479  totaltime:2m14.0406564s  frame time:39.9994ms  delay_time:656.4µs
frame:3351/5479  totaltime:2m14.0806646s  frame time:40.0082ms  delay_time:664.6µs
frame:3352/5479  totaltime:2m14.1206567s  frame time:39.9921ms  delay_time:656.7µs
frame:3353/5479  totaltime:2m14.1606287s  frame time:39.972ms  delay_time:628.7µs
frame:3354/5479  totaltime:2m14.2006565s  frame time:40.0278ms  delay_time:656.5µs
frame:3355/5479  totaltime:2m14.2406309s  frame time:39.9744ms  delay_time:630.9µs
frame:3356/5479  totaltime:2m14.2806563s  frame time:40.0254ms  delay_time:656.3µs
frame:3357/5479  totaltime:2m14.3206269s  frame time:39.9706ms  delay_time:626.9µs
frame:3358/5479  totaltime:2m14.3606267s  frame time:39.9998ms  delay_time:626.7µs
frame:3359/5479  totaltime:2m14.4006268s  frame time:40.0001ms  delay_time:626.8µs
frame:3360/5479  totaltime:2m14.4406284s  frame time:40.0016ms  delay_time:628.4µs
frame:3361/5479  totaltime:2m14.4806303s  frame time:40.0019ms  delay_time:630.3µs
frame:3362/5479  totaltime:2m14.5206302s  frame time:39.9999ms  delay_time:630.2µs
frame:3363/5479  totaltime:2m14.560662s  frame time:40.0318ms  delay_time:662µs
frame:3364/5479  totaltime:2m14.600628s  frame time:39.966ms  delay_time:628µs
frame:3365/5479  totaltime:2m14.6406632s  frame time:40.0352ms  delay_time:663.2µs
frame:3366/5479  totaltime:2m14.6806567s  frame time:39.9935ms  delay_time:656.7µs
frame:3367/5479  totaltime:2m14.7206291s  frame time:39.9724ms  delay_time:629.1µs
frame:3368/5479  totaltime:2m14.7606293s  frame time:40.0002ms  delay_time:629.3µs
frame:3369/5479  totaltime:2m14.8006308s  frame time:40.0015ms  delay_time:630.8µs
frame:3370/5479  totaltime:2m14.8406266s  frame time:39.9958ms  delay_time:626.6µs
frame:3371/5479  totaltime:2m14.8806281s  frame time:40.0015ms  delay_time:628.1µs
frame:3372/5479  totaltime:2m14.920627s  frame time:39.9989ms  delay_time:627µs
frame:3373/5479  totaltime:2m14.9606289s  frame time:40.0019ms  delay_time:628.9µs
frame:3374/5479  totaltime:2m15.0006265s  frame time:39.9976ms  delay_time:626.5µs
frame:3375/5479  totaltime:2m15.0406587s  frame time:40.0322ms  delay_time:658.7µs
frame:3376/5479  totaltime:2m15.08063s  frame time:39.9713ms  delay_time:630µs
frame:3377/5479  totaltime:2m15.1206295s  frame time:39.9995ms  delay_time:629.5µs
frame:3378/5479  totaltime:2m15.1606269s  frame time:39.9974ms  delay_time:626.9µs
frame:3379/5479  totaltime:2m15.2006556s  frame time:40.0287ms  delay_time:655.6µs
frame:3380/5479  totaltime:2m15.2406261s  frame time:39.9705ms  delay_time:626.1µs
frame:3381/5479  totaltime:2m15.2806671s  frame time:40.041ms  delay_time:667.1µs
frame:3382/5479  totaltime:2m15.3206301s  frame time:39.963ms  delay_time:630.1µs
frame:3383/5479  totaltime:2m15.360664s  frame time:40.0339ms  delay_time:664µs
frame:3384/5479  totaltime:2m15.4006563s  frame time:39.9923ms  delay_time:656.3µs
frame:3385/5479  totaltime:2m15.4406306s  frame time:39.9743ms  delay_time:630.6µs
frame:3386/5479  totaltime:2m15.4806564s  frame time:40.0258ms  delay_time:656.4µs
frame:3387/5479  totaltime:2m15.5206298s  frame time:39.9734ms  delay_time:629.8µs
frame:3388/5479  totaltime:2m15.5606634s  frame time:40.0336ms  delay_time:663.4µs
frame:3389/5479  totaltime:2m15.6006298s  frame time:39.9664ms  delay_time:629.8µs
frame:3390/5479  totaltime:2m15.6406293s  frame time:39.9995ms  delay_time:629.3µs
frame:3391/5479  totaltime:2m15.6806287s  frame time:39.9994ms  delay_time:628.7µs
frame:3392/5479  totaltime:2m15.7206292s  frame time:40.0005ms  delay_time:629.2µs
frame:3393/5479  totaltime:2m15.7606567s  frame time:40.0275ms  delay_time:656.7µs
frame:3394/5479  totaltime:2m15.8006278s  frame time:39.9711ms  delay_time:627.8µs
frame:3395/5479  totaltime:2m15.8406264s  frame time:39.9986ms  delay_time:626.4µs
frame:3396/5479  totaltime:2m15.8806291s  frame time:40.0027ms  delay_time:629.1µs
frame:3397/5479  totaltime:2m15.9206276s  frame time:39.9985ms  delay_time:627.6µs
frame:3398/5479  totaltime:2m15.9606615s  frame time:40.0339ms  delay_time:661.5µs
frame:3399/5479  totaltime:2m16.0006295s  frame time:39.968ms  delay_time:629.5µs
frame:3400/5479  totaltime:2m16.0406567s  frame time:40.0272ms  delay_time:656.7µs
frame:3401/5479  totaltime:2m16.0806333s  frame time:39.9766ms  delay_time:633.3µs
frame:3402/5479  totaltime:2m16.1206553s  frame time:40.022ms  delay_time:655.3µs
frame:3403/5479  totaltime:2m16.160629s  frame time:39.9737ms  delay_time:629µs
frame:3404/5479  totaltime:2m16.200657s  frame time:40.028ms  delay_time:657µs
frame:3405/5479  totaltime:2m16.2406489s  frame time:39.9919ms  delay_time:648.9µs
frame:3406/5479  totaltime:2m16.2806587s  frame time:40.0098ms  delay_time:658.7µs
frame:3407/5479  totaltime:2m16.3206277s  frame time:39.969ms  delay_time:627.7µs
frame:3408/5479  totaltime:2m16.360628s  frame time:40.0003ms  delay_time:628µs
frame:3409/5479  totaltime:2m16.4006296s  frame time:40.0016ms  delay_time:629.6µs
frame:3410/5479  totaltime:2m16.4406373s  frame time:40.0077ms  delay_time:637.3µs
frame:3411/5479  totaltime:2m16.4809344s  frame time:40.2971ms  delay_time:934.4µs
frame:3412/5479  totaltime:2m16.5204211s  frame time:39.4867ms  delay_time:421.1µs
frame:3413/5479  totaltime:2m16.5604254s  frame time:40.0043ms  delay_time:425.4µs
frame:3414/5479  totaltime:2m16.600399s  frame time:39.9736ms  delay_time:399µs
frame:3415/5479  totaltime:2m16.6403973s  frame time:39.9983ms  delay_time:397.3µs
frame:3416/5479  totaltime:2m16.680398s  frame time:40.0007ms  delay_time:398µs
frame:3417/5479  totaltime:2m16.7204315s  frame time:40.0335ms  delay_time:431.5µs
frame:3418/5479  totaltime:2m16.7604259s  frame time:39.9944ms  delay_time:425.9µs
frame:3419/5479  totaltime:2m16.8004313s  frame time:40.0054ms  delay_time:431.3µs
frame:3420/5479  totaltime:2m16.8404252s  frame time:39.9939ms  delay_time:425.2µs
frame:3421/5479  totaltime:2m16.8803985s  frame time:39.9733ms  delay_time:398.5µs
frame:3422/5479  totaltime:2m16.9204253s  frame time:40.0268ms  delay_time:425.3µs
frame:3423/5479  totaltime:2m16.960426s  frame time:40.0007ms  delay_time:426µs
frame:3424/5479  totaltime:2m17.0004374s  frame time:40.0114ms  delay_time:437.4µs
frame:3425/5479  totaltime:2m17.0404252s  frame time:39.9878ms  delay_time:425.2µs
frame:3426/5479  totaltime:2m17.0803967s  frame time:39.9715ms  delay_time:396.7µs
frame:3427/5479  totaltime:2m17.1204259s  frame time:40.0292ms  delay_time:425.9µs
frame:3428/5479  totaltime:2m17.1603984s  frame time:39.9725ms  delay_time:398.4µs
frame:3429/5479  totaltime:2m17.2004324s  frame time:40.034ms  delay_time:432.4µs
frame:3430/5479  totaltime:2m17.2403984s  frame time:39.966ms  delay_time:398.4µs
frame:3431/5479  totaltime:2m17.2803994s  frame time:40.001ms  delay_time:399.4µs
frame:3432/5479  totaltime:2m17.3204323s  frame time:40.0329ms  delay_time:432.3µs
frame:3433/5479  totaltime:2m17.3604321s  frame time:39.9998ms  delay_time:432.1µs
frame:3434/5479  totaltime:2m17.4004242s  frame time:39.9921ms  delay_time:424.2µs
frame:3435/5479  totaltime:2m17.4403973s  frame time:39.9731ms  delay_time:397.3µs
frame:3436/5479  totaltime:2m17.4803993s  frame time:40.002ms  delay_time:399.3µs
frame:3437/5479  totaltime:2m17.5203984s  frame time:39.9991ms  delay_time:398.4µs
frame:3438/5479  totaltime:2m17.5604317s  frame time:40.0333ms  delay_time:431.7µs
frame:3439/5479  totaltime:2m17.6003993s  frame time:39.9676ms  delay_time:399.3µs
frame:3440/5479  totaltime:2m17.6404268s  frame time:40.0275ms  delay_time:426.8µs
frame:3441/5479  totaltime:2m17.6803975s  frame time:39.9707ms  delay_time:397.5µs
frame:3442/5479  totaltime:2m17.7203964s  frame time:39.9989ms  delay_time:396.4µs
frame:3443/5479  totaltime:2m17.760417s  frame time:40.0206ms  delay_time:417µs
frame:3444/5479  totaltime:2m17.8004246s  frame time:40.0076ms  delay_time:424.6µs
frame:3445/5479  totaltime:2m17.8404175s  frame time:39.9929ms  delay_time:417.5µs
frame:3446/5479  totaltime:2m17.8803957s  frame time:39.9782ms  delay_time:395.7µs
frame:3447/5479  totaltime:2m17.9204296s  frame time:40.0339ms  delay_time:429.6µs
frame:3448/5479  totaltime:2m17.9604182s  frame time:39.9886ms  delay_time:418.2µs
frame:3449/5479  totaltime:2m18.0003964s  frame time:39.9782ms  delay_time:396.4µs
frame:3450/5479  totaltime:2m18.0403978s  frame time:40.0014ms  delay_time:397.8µs
frame:3451/5479  totaltime:2m18.0803994s  frame time:40.0016ms  delay_time:399.4µs
frame:3452/5479  totaltime:2m18.1204249s  frame time:40.0255ms  delay_time:424.9µs
frame:3453/5479  totaltime:2m18.1603982s  frame time:39.9733ms  delay_time:398.2µs
frame:3454/5479  totaltime:2m18.2004246s  frame time:40.0264ms  delay_time:424.6µs
frame:3455/5479  totaltime:2m18.2404241s  frame time:39.9995ms  delay_time:424.1µs
frame:3456/5479  totaltime:2m18.2803993s  frame time:39.9752ms  delay_time:399.3µs
frame:3457/5479  totaltime:2m18.3204253s  frame time:40.026ms  delay_time:425.3µs
frame:3458/5479  totaltime:2m18.3603993s  frame time:39.974ms  delay_time:399.3µs
frame:3459/5479  totaltime:2m18.4004258s  frame time:40.0265ms  delay_time:425.8µs
frame:3460/5479  totaltime:2m18.4403992s  frame time:39.9734ms  delay_time:399.2µs
frame:3461/5479  totaltime:2m18.4803994s  frame time:40.0002ms  delay_time:399.4µs
frame:3462/5479  totaltime:2m18.520399s  frame time:39.9996ms  delay_time:399µs
frame:3463/5479  totaltime:2m18.5604245s  frame time:40.0255ms  delay_time:424.5µs
frame:3464/5479  totaltime:2m18.6003988s  frame time:39.9743ms  delay_time:398.8µs
frame:3465/5479  totaltime:2m18.6404271s  frame time:40.0283ms  delay_time:427.1µs
frame:3466/5479  totaltime:2m18.6804024s  frame time:39.9753ms  delay_time:402.4µs
frame:3467/5479  totaltime:2m18.7203992s  frame time:39.9968ms  delay_time:399.2µs
frame:3468/5479  totaltime:2m18.7604253s  frame time:40.0261ms  delay_time:425.3µs
frame:3469/5479  totaltime:2m18.8003992s  frame time:39.9739ms  delay_time:399.2µs
frame:3470/5479  totaltime:2m18.8404006s  frame time:40.0014ms  delay_time:400.6µs
frame:3471/5479  totaltime:2m18.8804026s  frame time:40.002ms  delay_time:402.6µs
frame:3472/5479  totaltime:2m18.9203996s  frame time:39.997ms  delay_time:399.6µs
frame:3473/5479  totaltime:2m18.9604319s  frame time:40.0323ms  delay_time:431.9µs
frame:3474/5479  totaltime:2m19.0004276s  frame time:39.9957ms  delay_time:427.6µs
frame:3475/5479  totaltime:2m19.040425s  frame time:39.9974ms  delay_time:425µs
frame:3476/5479  totaltime:2m19.0803992s  frame time:39.9742ms  delay_time:399.2µs
frame:3477/5479  totaltime:2m19.1204331s  frame time:40.0339ms  delay_time:433.1µs
frame:3478/5479  totaltime:2m19.1603985s  frame time:39.9654ms  delay_time:398.5µs
frame:3479/5479  totaltime:2m19.2004252s  frame time:40.0267ms  delay_time:425.2µs
frame:3480/5479  totaltime:2m19.2403992s  frame time:39.974ms  delay_time:399.2µs
frame:3481/5479  totaltime:2m19.2804482s  frame time:40.049ms  delay_time:448.2µs
frame:3482/5479  totaltime:2m19.3204183s  frame time:39.9701ms  delay_time:418.3µs
frame:3483/5479  totaltime:2m19.3604225s  frame time:40.0042ms  delay_time:422.5µs
frame:3484/5479  totaltime:2m19.4003977s  frame time:39.9752ms  delay_time:397.7µs
frame:3485/5479  totaltime:2m19.4403985s  frame time:40.0008ms  delay_time:398.5µs
frame:3486/5479  totaltime:2m19.4804258s  frame time:40.0273ms  delay_time:425.8µs
frame:3487/5479  totaltime:2m19.5203949s  frame time:39.9691ms  delay_time:394.9µs
frame:3488/5479  totaltime:2m19.5604249s  frame time:40.03ms  delay_time:424.9µs
frame:3489/5479  totaltime:2m19.6003966s  frame time:39.9717ms  delay_time:396.6µs
frame:3490/5479  totaltime:2m19.6403964s  frame time:39.9998ms  delay_time:396.4µs
frame:3491/5479  totaltime:2m19.6803987s  frame time:40.0023ms  delay_time:398.7µs
frame:3492/5479  totaltime:2m19.7203993s  frame time:40.0006ms  delay_time:399.3µs
frame:3493/5479  totaltime:2m19.7604323s  frame time:40.033ms  delay_time:432.3µs
frame:3494/5479  totaltime:2m19.8003991s  frame time:39.9668ms  delay_time:399.1µs
frame:3495/5479  totaltime:2m19.8404326s  frame time:40.0335ms  delay_time:432.6µs
frame:3496/5479  totaltime:2m19.8803991s  frame time:39.9665ms  delay_time:399.1µs
frame:3497/5479  totaltime:2m19.9204248s  frame time:40.0257ms  delay_time:424.8µs
frame:3498/5479  totaltime:2m19.9603965s  frame time:39.9717ms  delay_time:396.5µs
frame:3499/5479  totaltime:2m20.0004252s  frame time:40.0287ms  delay_time:425.2µs
frame:3500/5479  totaltime:2m20.0404177s  frame time:39.9925ms  delay_time:417.7µs
frame:3501/5479  totaltime:2m20.080399s  frame time:39.9813ms  delay_time:399µs
frame:3502/5479  totaltime:2m20.1204252s  frame time:40.0262ms  delay_time:425.2µs
frame:3503/5479  totaltime:2m20.1603949s  frame time:39.9697ms  delay_time:394.9µs
frame:3504/5479  totaltime:2m20.2004244s  frame time:40.0295ms  delay_time:424.4µs
frame:3505/5479  totaltime:2m20.2404232s  frame time:39.9988ms  delay_time:423.2µs
frame:3506/5479  totaltime:2m20.2804371s  frame time:40.0139ms  delay_time:437.1µs
frame:3507/5479  totaltime:2m20.3203998s  frame time:39.9627ms  delay_time:399.8µs
frame:3508/5479  totaltime:2m20.3604269s  frame time:40.0271ms  delay_time:426.9µs
frame:3509/5479  totaltime:2m20.4003997s  frame time:39.9728ms  delay_time:399.7µs
frame:3510/5479  totaltime:2m20.4403974s  frame time:39.9977ms  delay_time:397.4µs
frame:3511/5479  totaltime:2m20.4803997s  frame time:40.0023ms  delay_time:399.7µs
frame:3512/5479  totaltime:2m20.5203997s  frame time:40ms  delay_time:399.7µs
frame:3513/5479  totaltime:2m20.5604001s  frame time:40.0004ms  delay_time:400.1µs
frame:3514/5479  totaltime:2m20.6003997s  frame time:39.9996ms  delay_time:399.7µs
frame:3515/5479  totaltime:2m20.6403986s  frame time:39.9989ms  delay_time:398.6µs
frame:3516/5479  totaltime:2m20.6804249s  frame time:40.0263ms  delay_time:424.9µs
frame:3517/5479  totaltime:2m20.7204016s  frame time:39.9767ms  delay_time:401.6µs
frame:3518/5479  totaltime:2m20.7604317s  frame time:40.0301ms  delay_time:431.7µs
frame:3519/5479  totaltime:2m20.8003992s  frame time:39.9675ms  delay_time:399.2µs
frame:3520/5479  totaltime:2m20.8404008s  frame time:40.0016ms  delay_time:400.8µs
frame:3521/5479  totaltime:2m20.8803986s  frame time:39.9978ms  delay_time:398.6µs
frame:3522/5479  totaltime:2m20.920425s  frame time:40.0264ms  delay_time:425µs
frame:3523/5479  totaltime:2m20.960399s  frame time:39.974ms  delay_time:399µs
frame:3524/5479  totaltime:2m21.0004257s  frame time:40.0267ms  delay_time:425.7µs
frame:3525/5479  totaltime:2m21.04043s  frame time:40.0043ms  delay_time:430µs
frame:3526/5479  totaltime:2m21.0804003s  frame time:39.9703ms  delay_time:400.3µs
frame:3527/5479  totaltime:2m21.1204296s  frame time:40.0293ms  delay_time:429.6µs
frame:3528/5479  totaltime:2m21.1603977s  frame time:39.9681ms  delay_time:397.7µs
frame:3529/5479  totaltime:2m21.2004225s  frame time:40.0248ms  delay_time:422.5µs
frame:3530/5479  totaltime:2m21.2404358s  frame time:40.0133ms  delay_time:435.8µs
frame:3531/5479  totaltime:2m21.2803996s  frame time:39.9638ms  delay_time:399.6µs
frame:3532/5479  totaltime:2m21.3204249s  frame time:40.0253ms  delay_time:424.9µs
frame:3533/5479  totaltime:2m21.3603953s  frame time:39.9704ms  delay_time:395.3µs
frame:3534/5479  totaltime:2m21.4003967s  frame time:40.0014ms  delay_time:396.7µs
frame:3535/5479  totaltime:2m21.4403968s  frame time:40.0001ms  delay_time:396.8µs
frame:3536/5479  totaltime:2m21.480396s  frame time:39.9992ms  delay_time:396µs
frame:3537/5479  totaltime:2m21.5203967s  frame time:40.0007ms  delay_time:396.7µs
frame:3538/5479  totaltime:2m21.5604249s  frame time:40.0282ms  delay_time:424.9µs
frame:3539/5479  totaltime:2m21.600423s  frame time:39.9981ms  delay_time:423µs
frame:3540/5479  totaltime:2m21.6404256s  frame time:40.0026ms  delay_time:425.6µs
frame:3541/5479  totaltime:2m21.6804248s  frame time:39.9992ms  delay_time:424.8µs
frame:3542/5479  totaltime:2m21.7203949s  frame time:39.9701ms  delay_time:394.9µs
frame:3543/5479  totaltime:2m21.7603954s  frame time:40.0005ms  delay_time:395.4µs
frame:3544/5479  totaltime:2m21.8003953s  frame time:39.9999ms  delay_time:395.3µs
frame:3545/5479  totaltime:2m21.8403968s  frame time:40.0015ms  delay_time:396.8µs
frame:3546/5479  totaltime:2m21.8803954s  frame time:39.9986ms  delay_time:395.4µs
frame:3547/5479  totaltime:2m21.9203968s  frame time:40.0014ms  delay_time:396.8µs
frame:3548/5479  totaltime:2m21.9604249s  frame time:40.0281ms  delay_time:424.9µs
frame:3549/5479  totaltime:2m22.0004348s  frame time:40.0099ms  delay_time:434.8µs
frame:3550/5479  totaltime:2m22.0404253s  frame time:39.9905ms  delay_time:425.3µs
frame:3551/5479  totaltime:2m22.0803986s  frame time:39.9733ms  delay_time:398.6µs
frame:3552/5479  totaltime:2m22.1204251s  frame time:40.0265ms  delay_time:425.1µs
frame:3553/5479  totaltime:2m22.1603975s  frame time:39.9724ms  delay_time:397.5µs
frame:3554/5479  totaltime:2m22.2003952s  frame time:39.9977ms  delay_time:395.2µs
frame:3555/5479  totaltime:2m22.2403949s  frame time:39.9997ms  delay_time:394.9µs
frame:3556/5479  totaltime:2m22.2804239s  frame time:40.029ms  delay_time:423.9µs
frame:3557/5479  totaltime:2m22.3203965s  frame time:39.9726ms  delay_time:396.5µs
frame:3558/5479  totaltime:2m22.3603979s  frame time:40.0014ms  delay_time:397.9µs
frame:3559/5479  totaltime:2m22.4004273s  frame time:40.0294ms  delay_time:427.3µs
frame:3560/5479  totaltime:2m22.4403987s  frame time:39.9714ms  delay_time:398.7µs
frame:3561/5479  totaltime:2m22.4804251s  frame time:40.0264ms  delay_time:425.1µs
frame:3562/5479  totaltime:2m22.5203984s  frame time:39.9733ms  delay_time:398.4µs
frame:3563/5479  totaltime:2m22.560395s  frame time:39.9966ms  delay_time:395µs
frame:3564/5479  totaltime:2m22.600395s  frame time:40ms  delay_time:395µs
frame:3565/5479  totaltime:2m22.6404244s  frame time:40.0294ms  delay_time:424.4µs
frame:3566/5479  totaltime:2m22.6804002s  frame time:39.9758ms  delay_time:400.2µs
frame:3567/5479  totaltime:2m22.7204258s  frame time:40.0256ms  delay_time:425.8µs
frame:3568/5479  totaltime:2m22.7604247s  frame time:39.9989ms  delay_time:424.7µs
frame:3569/5479  totaltime:2m22.8004179s  frame time:39.9932ms  delay_time:417.9µs
frame:3570/5479  totaltime:2m22.8403949s  frame time:39.977ms  delay_time:394.9µs
frame:3571/5479  totaltime:2m22.880397s  frame time:40.0021ms  delay_time:397µs
frame:3572/5479  totaltime:2m22.9203974s  frame time:40.0004ms  delay_time:397.4µs
frame:3573/5479  totaltime:2m22.9603972s  frame time:39.9998ms  delay_time:397.2µs
frame:3574/5479  totaltime:2m23.0003948s  frame time:39.9976ms  delay_time:394.8µs
frame:3575/5479  totaltime:2m23.0403969s  frame time:40.0021ms  delay_time:396.9µs
frame:3576/5479  totaltime:2m23.0803994s  frame time:40.0025ms  delay_time:399.4µs
frame:3577/5479  totaltime:2m23.1203948s  frame time:39.9954ms  delay_time:394.8µs
frame:3578/5479  totaltime:2m23.1603971s  frame time:40.0023ms  delay_time:397.1µs
frame:3579/5479  totaltime:2m23.2003949s  frame time:39.9978ms  delay_time:394.9µs
frame:3580/5479  totaltime:2m23.2403965s  frame time:40.0016ms  delay_time:396.5µs
frame:3581/5479  totaltime:2m23.2804255s  frame time:40.029ms  delay_time:425.5µs
frame:3582/5479  totaltime:2m23.3203966s  frame time:39.9711ms  delay_time:396.6µs
frame:3583/5479  totaltime:2m23.3603954s  frame time:39.9988ms  delay_time:395.4µs
frame:3584/5479  totaltime:2m23.4003975s  frame time:40.0021ms  delay_time:397.5µs
frame:3585/5479  totaltime:2m23.4403972s  frame time:39.9997ms  delay_time:397.2µs
frame:3586/5479  totaltime:2m23.4804262s  frame time:40.029ms  delay_time:426.2µs
frame:3587/5479  totaltime:2m23.5204321s  frame time:40.0059ms  delay_time:432.1µs
frame:3588/5479  totaltime:2m23.5604249s  frame time:39.9928ms  delay_time:424.9µs
frame:3589/5479  totaltime:2m23.6003983s  frame time:39.9734ms  delay_time:398.3µs
frame:3590/5479  totaltime:2m23.640425s  frame time:40.0267ms  delay_time:425µs
frame:3591/5479  totaltime:2m23.6803993s  frame time:39.9743ms  delay_time:399.3µs
frame:3592/5479  totaltime:2m23.7203964s  frame time:39.9971ms  delay_time:396.4µs
frame:3593/5479  totaltime:2m23.7604249s  frame time:40.0285ms  delay_time:424.9µs
frame:3594/5479  totaltime:2m23.800395s  frame time:39.9701ms  delay_time:395µs
frame:3595/5479  totaltime:2m23.8404239s  frame time:40.0289ms  delay_time:423.9µs
frame:3596/5479  totaltime:2m23.8803984s  frame time:39.9745ms  delay_time:398.4µs
frame:3597/5479  totaltime:2m23.9204298s  frame time:40.0314ms  delay_time:429.8µs
frame:3598/5479  totaltime:2m23.9604251s  frame time:39.9953ms  delay_time:425.1µs
frame:3599/5479  totaltime:2m24.0003966s  frame time:39.9715ms  delay_time:396.6µs
frame:3600/5479  totaltime:2m24.0404284s  frame time:40.0318ms  delay_time:428.4µs
frame:3601/5479  totaltime:2m24.0804334s  frame time:40.005ms  delay_time:433.4µs
frame:3602/5479  totaltime:2m24.1204317s  frame time:39.9983ms  delay_time:431.7µs
frame:3603/5479  totaltime:2m24.1603992s  frame time:39.9675ms  delay_time:399.2µs
frame:3604/5479  totaltime:2m24.200398s  frame time:39.9988ms  delay_time:398µs
frame:3605/5479  totaltime:2m24.2403965s  frame time:39.9985ms  delay_time:396.5µs
frame:3606/5479  totaltime:2m24.2804253s  frame time:40.0288ms  delay_time:425.3µs
frame:3607/5479  totaltime:2m24.3204179s  frame time:39.9926ms  delay_time:417.9µs
frame:3608/5479  totaltime:2m24.3604257s  frame time:40.0078ms  delay_time:425.7µs
frame:3609/5479  totaltime:2m24.4004256s  frame time:39.9999ms  delay_time:425.6µs
frame:3610/5479  totaltime:2m24.4403976s  frame time:39.972ms  delay_time:397.6µs
frame:3611/5479  totaltime:2m24.4804252s  frame time:40.0276ms  delay_time:425.2µs
frame:3612/5479  totaltime:2m24.5204311s  frame time:40.0059ms  delay_time:431.1µs
frame:3613/5479  totaltime:2m24.5604247s  frame time:39.9936ms  delay_time:424.7µs
frame:3614/5479  totaltime:2m24.6003981s  frame time:39.9734ms  delay_time:398.1µs
frame:3615/5479  totaltime:2m24.6404315s  frame time:40.0334ms  delay_time:431.5µs
frame:3616/5479  totaltime:2m24.6803984s  frame time:39.9669ms  delay_time:398.4µs
frame:3617/5479  totaltime:2m24.720402s  frame time:40.0036ms  delay_time:402µs
frame:3618/5479  totaltime:2m24.760425s  frame time:40.023ms  delay_time:425µs
frame:3619/5479  totaltime:2m24.8003982s  frame time:39.9732ms  delay_time:398.2µs
frame:3620/5479  totaltime:2m24.8403979s  frame time:39.9997ms  delay_time:397.9µs
frame:3621/5479  totaltime:2m24.880399s  frame time:40.0011ms  delay_time:399µs
frame:3622/5479  totaltime:2m24.9204249s  frame time:40.0259ms  delay_time:424.9µs
frame:3623/5479  totaltime:2m24.9603973s  frame time:39.9724ms  delay_time:397.3µs
frame:3624/5479  totaltime:2m25.0004247s  frame time:40.0274ms  delay_time:424.7µs
frame:3625/5479  totaltime:2m25.0404273s  frame time:40.0026ms  delay_time:427.3µs
frame:3626/5479  totaltime:2m25.080399s  frame time:39.9717ms  delay_time:399µs
frame:3627/5479  totaltime:2m25.1203979s  frame time:39.9989ms  delay_time:397.9µs
frame:3628/5479  totaltime:2m25.1604195s  frame time:40.0216ms  delay_time:419.5µs
frame:3629/5479  totaltime:2m25.2004251s  frame time:40.0056ms  delay_time:425.1µs
frame:3630/5479  totaltime:2m25.2403963s  frame time:39.9712ms  delay_time:396.3µs
frame:3631/5479  totaltime:2m25.2804247s  frame time:40.0284ms  delay_time:424.7µs
frame:3632/5479  totaltime:2m25.3204188s  frame time:39.9941ms  delay_time:418.8µs
frame:3633/5479  totaltime:2m25.360425s  frame time:40.0062ms  delay_time:425µs
frame:3634/5479  totaltime:2m25.400428s  frame time:40.003ms  delay_time:428µs
frame:3635/5479  totaltime:2m25.4403992s  frame time:39.9712ms  delay_time:399.2µs
frame:3636/5479  totaltime:2m25.4804322s  frame time:40.033ms  delay_time:432.2µs
frame:3637/5479  totaltime:2m25.5204351s  frame time:40.0029ms  delay_time:435.1µs
frame:3638/5479  totaltime:2m25.5604247s  frame time:39.9896ms  delay_time:424.7µs
frame:3639/5479  totaltime:2m25.600425s  frame time:40.0003ms  delay_time:425µs
frame:3640/5479  totaltime:2m25.6404247s  frame time:39.9997ms  delay_time:424.7µs
frame:3641/5479  totaltime:2m25.6804289s  frame time:40.0042ms  delay_time:428.9µs
frame:3642/5479  totaltime:2m25.7203992s  frame time:39.9703ms  delay_time:399.2µs
frame:3643/5479  totaltime:2m25.7604253s  frame time:40.0261ms  delay_time:425.3µs
frame:3644/5479  totaltime:2m25.8004252s  frame time:39.9999ms  delay_time:425.2µs
frame:3645/5479  totaltime:2m25.8404257s  frame time:40.0005ms  delay_time:425.7µs
frame:3646/5479  totaltime:2m25.8804256s  frame time:39.9999ms  delay_time:425.6µs
frame:3647/5479  totaltime:2m25.9204262s  frame time:40.0006ms  delay_time:426.2µs
frame:3648/5479  totaltime:2m25.9604176s  frame time:39.9914ms  delay_time:417.6µs
frame:3649/5479  totaltime:2m26.000425s  frame time:40.0074ms  delay_time:425µs
frame:3650/5479  totaltime:2m26.0403979s  frame time:39.9729ms  delay_time:397.9µs
frame:3651/5479  totaltime:2m26.0804316s  frame time:40.0337ms  delay_time:431.6µs
frame:3652/5479  totaltime:2m26.1204271s  frame time:39.9955ms  delay_time:427.1µs
frame:3653/5479  totaltime:2m26.1603981s  frame time:39.971ms  delay_time:398.1µs
frame:3654/5479  totaltime:2m26.2004257s  frame time:40.0276ms  delay_time:425.7µs
frame:3655/5479  totaltime:2m26.2404002s  frame time:39.9745ms  delay_time:400.2µs
frame:3656/5479  totaltime:2m26.2804256s  frame time:40.0254ms  delay_time:425.6µs
frame:3657/5479  totaltime:2m26.3203982s  frame time:39.9726ms  delay_time:398.2µs
frame:3658/5479  totaltime:2m26.3604283s  frame time:40.0301ms  delay_time:428.3µs
frame:3659/5479  totaltime:2m26.4004259s  frame time:39.9976ms  delay_time:425.9µs
frame:3660/5479  totaltime:2m26.4403982s  frame time:39.9723ms  delay_time:398.2µs
frame:3661/5479  totaltime:2m26.4804261s  frame time:40.0279ms  delay_time:426.1µs
frame:3662/5479  totaltime:2m26.5203963s  frame time:39.9702ms  delay_time:396.3µs
frame:3663/5479  totaltime:2m26.5603972s  frame time:40.0009ms  delay_time:397.2µs
frame:3664/5479  totaltime:2m26.6003963s  frame time:39.9991ms  delay_time:396.3µs
frame:3665/5479  totaltime:2m26.6404251s  frame time:40.0288ms  delay_time:425.1µs
frame:3666/5479  totaltime:2m26.6804311s  frame time:40.006ms  delay_time:431.1µs
frame:3667/5479  totaltime:2m26.7204131s  frame time:39.982ms  delay_time:413.1µs
frame:3668/5479  totaltime:2m26.7603987s  frame time:39.9856ms  delay_time:398.7µs
frame:3669/5479  totaltime:2m26.8003972s  frame time:39.9985ms  delay_time:397.2µs
frame:3670/5479  totaltime:2m26.8404248s  frame time:40.0276ms  delay_time:424.8µs
frame:3671/5479  totaltime:2m26.8803986s  frame time:39.9738ms  delay_time:398.6µs
frame:3672/5479  totaltime:2m26.9204259s  frame time:40.0273ms  delay_time:425.9µs
frame:3673/5479  totaltime:2m26.9603963s  frame time:39.9704ms  delay_time:396.3µs
frame:3674/5479  totaltime:2m27.000427s  frame time:40.0307ms  delay_time:427µs
frame:3675/5479  totaltime:2m27.0404327s  frame time:40.0057ms  delay_time:432.7µs
frame:3676/5479  totaltime:2m27.0804267s  frame time:39.994ms  delay_time:426.7µs
frame:3677/5479  totaltime:2m27.1204248s  frame time:39.9981ms  delay_time:424.8µs
frame:3678/5479  totaltime:2m27.1603983s  frame time:39.9735ms  delay_time:398.3µs
frame:3679/5479  totaltime:2m27.2004251s  frame time:40.0268ms  delay_time:425.1µs
frame:3680/5479  totaltime:2m27.2404177s  frame time:39.9926ms  delay_time:417.7µs
frame:3681/5479  totaltime:2m27.2804247s  frame time:40.007ms  delay_time:424.7µs
frame:3682/5479  totaltime:2m27.3204245s  frame time:39.9998ms  delay_time:424.5µs
frame:3683/5479  totaltime:2m27.3604211s  frame time:39.9966ms  delay_time:421.1µs
frame:3684/5479  totaltime:2m27.4004257s  frame time:40.0046ms  delay_time:425.7µs
frame:3685/5479  totaltime:2m27.4403993s  frame time:39.9736ms  delay_time:399.3µs
frame:3686/5479  totaltime:2m27.4804249s  frame time:40.0256ms  delay_time:424.9µs
frame:3687/5479  totaltime:2m27.5204056s  frame time:39.9807ms  delay_time:405.6µs
frame:3688/5479  totaltime:2m27.5604303s  frame time:40.0247ms  delay_time:430.3µs
frame:3689/5479  totaltime:2m27.6003972s  frame time:39.9669ms  delay_time:397.2µs
frame:3690/5479  totaltime:2m27.6404346s  frame time:40.0374ms  delay_time:434.6µs
frame:3691/5479  totaltime:2m27.680425s  frame time:39.9904ms  delay_time:425µs
frame:3692/5479  totaltime:2m27.7204245s  frame time:39.9995ms  delay_time:424.5µs
frame:3693/5479  totaltime:2m27.7604249s  frame time:40.0004ms  delay_time:424.9µs
frame:3694/5479  totaltime:2m27.8003988s  frame time:39.9739ms  delay_time:398.8µs
frame:3695/5479  totaltime:2m27.8403955s  frame time:39.9967ms  delay_time:395.5µs
frame:3696/5479  totaltime:2m27.8803987s  frame time:40.0032ms  delay_time:398.7µs
frame:3697/5479  totaltime:2m27.9204318s  frame time:40.0331ms  delay_time:431.8µs
frame:3698/5479  totaltime:2m27.9604285s  frame time:39.9967ms  delay_time:428.5µs
frame:3699/5479  totaltime:2m28.0004256s  frame time:39.9971ms  delay_time:425.6µs
frame:3700/5479  totaltime:2m28.0404298s  frame time:40.0042ms  delay_time:429.8µs
frame:3701/5479  totaltime:2m28.0803962s  frame time:39.9664ms  delay_time:396.2µs
frame:3702/5479  totaltime:2m28.1204259s  frame time:40.0297ms  delay_time:425.9µs
frame:3703/5479  totaltime:2m28.1603965s  frame time:39.9706ms  delay_time:396.5µs
frame:3704/5479  totaltime:2m28.2004319s  frame time:40.0354ms  delay_time:431.9µs
frame:3705/5479  totaltime:2m28.2403973s  frame time:39.9654ms  delay_time:397.3µs
frame:3706/5479  totaltime:2m28.2803984s  frame time:40.0011ms  delay_time:398.4µs
frame:3707/5479  totaltime:2m28.3204019s  frame time:40.0035ms  delay_time:401.9µs
frame:3708/5479  totaltime:2m28.3603989s  frame time:39.997ms  delay_time:398.9µs
frame:3709/5479  totaltime:2m28.4003998s  frame time:40.0009ms  delay_time:399.8µs
frame:3710/5479  totaltime:2m28.4403977s  frame time:39.9979ms  delay_time:397.7µs
frame:3711/5479  totaltime:2m28.4804329s  frame time:40.0352ms  delay_time:432.9µs
frame:3712/5479  totaltime:2m28.5204347s  frame time:40.0018ms  delay_time:434.7µs
frame:3713/5479  totaltime:2m28.5604254s  frame time:39.9907ms  delay_time:425.4µs
frame:3714/5479  totaltime:2m28.6004227s  frame time:39.9973ms  delay_time:422.7µs
frame:3715/5479  totaltime:2m28.640425s  frame time:40.0023ms  delay_time:425µs
frame:3716/5479  totaltime:2m28.6804205s  frame time:39.9955ms  delay_time:420.5µs
frame:3717/5479  totaltime:2m28.7203991s  frame time:39.9786ms  delay_time:399.1µs
frame:3718/5479  totaltime:2m28.7604301s  frame time:40.031ms  delay_time:430.1µs
frame:3719/5479  totaltime:2m28.8003994s  frame time:39.9693ms  delay_time:399.4µs
frame:3720/5479  totaltime:2m28.8404318s  frame time:40.0324ms  delay_time:431.8µs
frame:3721/5479  totaltime:2m28.8804026s  frame time:39.9708ms  delay_time:402.6µs
frame:3722/5479  totaltime:2m28.9204258s  frame time:40.0232ms  delay_time:425.8µs
frame:3723/5479  totaltime:2m28.9603996s  frame time:39.9738ms  delay_time:399.6µs
frame:3724/5479  totaltime:2m29.0004312s  frame time:40.0316ms  delay_time:431.2µs
frame:3725/5479  totaltime:2m29.0404248s  frame time:39.9936ms  delay_time:424.8µs
frame:3726/5479  totaltime:2m29.0803993s  frame time:39.9745ms  delay_time:399.3µs
frame:3727/5479  totaltime:2m29.1204247s  frame time:40.0254ms  delay_time:424.7µs
frame:3728/5479  totaltime:2m29.1603996s  frame time:39.9749ms  delay_time:399.6µs
frame:3729/5479  totaltime:2m29.2003949s  frame time:39.9953ms  delay_time:394.9µs
frame:3730/5479  totaltime:2m29.2403981s  frame time:40.0032ms  delay_time:398.1µs
frame:3731/5479  totaltime:2m29.280402s  frame time:40.0039ms  delay_time:402µs
frame:3732/5479  totaltime:2m29.3204078s  frame time:40.0058ms  delay_time:407.8µs
frame:3733/5479  totaltime:2m29.3603982s  frame time:39.9904ms  delay_time:398.2µs
frame:3734/5479  totaltime:2m29.4003978s  frame time:39.9996ms  delay_time:397.8µs
frame:3735/5479  totaltime:2m29.4404235s  frame time:40.0257ms  delay_time:423.5µs
frame:3736/5479  totaltime:2m29.4804001s  frame time:39.9766ms  delay_time:400.1µs
frame:3737/5479  totaltime:2m29.5203999s  frame time:39.9998ms  delay_time:399.9µs
frame:3738/5479  totaltime:2m29.5603976s  frame time:39.9977ms  delay_time:397.6µs
frame:3739/5479  totaltime:2m29.6003997s  frame time:40.0021ms  delay_time:399.7µs
frame:3740/5479  totaltime:2m29.6403995s  frame time:39.9998ms  delay_time:399.5µs
frame:3741/5479  totaltime:2m29.6803996s  frame time:40.0001ms  delay_time:399.6µs
frame:3742/5479  totaltime:2m29.7203995s  frame time:39.9999ms  delay_time:399.5µs
frame:3743/5479  totaltime:2m29.7604294s  frame time:40.0299ms  delay_time:429.4µs
frame:3744/5479  totaltime:2m29.8003992s  frame time:39.9698ms  delay_time:399.2µs
frame:3745/5479  totaltime:2m29.8403976s  frame time:39.9984ms  delay_time:397.6µs
frame:3746/5479  totaltime:2m29.8804207s  frame time:40.0231ms  delay_time:420.7µs
frame:3747/5479  totaltime:2m29.920425s  frame time:40.0043ms  delay_time:425µs
frame:3748/5479  totaltime:2m29.9603964s  frame time:39.9714ms  delay_time:396.4µs
frame:3749/5479  totaltime:2m30.0004247s  frame time:40.0283ms  delay_time:424.7µs
frame:3750/5479  totaltime:2m30.0404318s  frame time:40.0071ms  delay_time:431.8µs
frame:3751/5479  totaltime:2m30.0803992s  frame time:39.9674ms  delay_time:399.2µs
frame:3752/5479  totaltime:2m30.1203986s  frame time:39.9994ms  delay_time:398.6µs
frame:3753/5479  totaltime:2m30.1603997s  frame time:40.0011ms  delay_time:399.7µs
frame:3754/5479  totaltime:2m30.2004295s  frame time:40.0298ms  delay_time:429.5µs
frame:3755/5479  totaltime:2m30.2403964s  frame time:39.9669ms  delay_time:396.4µs
frame:3756/5479  totaltime:2m30.2804277s  frame time:40.0313ms  delay_time:427.7µs
frame:3757/5479  totaltime:2m30.3204382s  frame time:40.0105ms  delay_time:438.2µs
frame:3758/5479  totaltime:2m30.3604252s  frame time:39.987ms  delay_time:425.2µs
frame:3759/5479  totaltime:2m30.4004s  frame time:39.9748ms  delay_time:400µs
frame:3760/5479  totaltime:2m30.4403967s  frame time:39.9967ms  delay_time:396.7µs
frame:3761/5479  totaltime:2m30.4803999s  frame time:40.0032ms  delay_time:399.9µs
frame:3762/5479  totaltime:2m30.5203995s  frame time:39.9996ms  delay_time:399.5µs
frame:3763/5479  totaltime:2m30.5603983s  frame time:39.9988ms  delay_time:398.3µs
frame:3764/5479  totaltime:2m30.6003989s  frame time:40.0006ms  delay_time:398.9µs
frame:3765/5479  totaltime:2m30.6404335s  frame time:40.0346ms  delay_time:433.5µs
frame:3766/5479  totaltime:2m30.6804348s  frame time:40.0013ms  delay_time:434.8µs
frame:3767/5479  totaltime:2m30.7204191s  frame time:39.9843ms  delay_time:419.1µs
frame:3768/5479  totaltime:2m30.7603987s  frame time:39.9796ms  delay_time:398.7µs
frame:3769/5479  totaltime:2m30.800398s  frame time:39.9993ms  delay_time:398µs
frame:3770/5479  totaltime:2m30.8404312s  frame time:40.0332ms  delay_time:431.2µs
frame:3771/5479  totaltime:2m30.8803995s  frame time:39.9683ms  delay_time:399.5µs
frame:3772/5479  totaltime:2m30.9203979s  frame time:39.9984ms  delay_time:397.9µs
frame:3773/5479  totaltime:2m30.9603981s  frame time:40.0002ms  delay_time:398.1µs
frame:3774/5479  totaltime:2m31.0003981s  frame time:40ms  delay_time:398.1µs
frame:3775/5479  totaltime:2m31.040398s  frame time:39.9999ms  delay_time:398µs
frame:3776/5479  totaltime:2m31.0803982s  frame time:40.0002ms  delay_time:398.2µs
frame:3777/5479  totaltime:2m31.120398s  frame time:39.9998ms  delay_time:398µs
frame:3778/5479  totaltime:2m31.1603974s  frame time:39.9994ms  delay_time:397.4µs
frame:3779/5479  totaltime:2m31.2004257s  frame time:40.0283ms  delay_time:425.7µs
frame:3780/5479  totaltime:2m31.2403975s  frame time:39.9718ms  delay_time:397.5µs
frame:3781/5479  totaltime:2m31.2804254s  frame time:40.0279ms  delay_time:425.4µs
frame:3782/5479  totaltime:2m31.3204217s  frame time:39.9963ms  delay_time:421.7µs
frame:3783/5479  totaltime:2m31.3603985s  frame time:39.9768ms  delay_time:398.5µs
frame:3784/5479  totaltime:2m31.4004248s  frame time:40.0263ms  delay_time:424.8µs
frame:3785/5479  totaltime:2m31.4403991s  frame time:39.9743ms  delay_time:399.1µs
frame:3786/5479  totaltime:2m31.4804319s  frame time:40.0328ms  delay_time:431.9µs
frame:3787/5479  totaltime:2m31.5203992s  frame time:39.9673ms  delay_time:399.2µs
frame:3788/5479  totaltime:2m31.5604251s  frame time:40.0259ms  delay_time:425.1µs
frame:3789/5479  totaltime:2m31.600399s  frame time:39.9739ms  delay_time:399µs
frame:3790/5479  totaltime:2m31.6404258s  frame time:40.0268ms  delay_time:425.8µs
frame:3791/5479  totaltime:2m31.680428s  frame time:40.0022ms  delay_time:428µs
frame:3792/5479  totaltime:2m31.7203961s  frame time:39.9681ms  delay_time:396.1µs
frame:3793/5479  totaltime:2m31.7603982s  frame time:40.0021ms  delay_time:398.2µs
frame:3794/5479  totaltime:2m31.8004022s  frame time:40.004ms  delay_time:402.2µs
frame:3795/5479  totaltime:2m31.8403964s  frame time:39.9942ms  delay_time:396.4µs
frame:3796/5479  totaltime:2m31.8803966s  frame time:40.0002ms  delay_time:396.6µs
frame:3797/5479  totaltime:2m31.9203956s  frame time:39.999ms  delay_time:395.6µs
frame:3798/5479  totaltime:2m31.9603963s  frame time:40.0007ms  delay_time:396.3µs
frame:3799/5479  totaltime:2m32.0003965s  frame time:40.0002ms  delay_time:396.5µs
frame:3800/5479  totaltime:2m32.0403974s  frame time:40.0009ms  delay_time:397.4µs
frame:3801/5479  totaltime:2m32.0803965s  frame time:39.9991ms  delay_time:396.5µs
frame:3802/5479  totaltime:2m32.1203975s  frame time:40.001ms  delay_time:397.5µs
frame:3803/5479  totaltime:2m32.1603976s  frame time:40.0001ms  delay_time:397.6µs
frame:3804/5479  totaltime:2m32.2003968s  frame time:39.9992ms  delay_time:396.8µs
frame:3805/5479  totaltime:2m32.2403998s  frame time:40.003ms  delay_time:399.8µs
frame:3806/5479  totaltime:2m32.2803994s  frame time:39.9996ms  delay_time:399.4µs
frame:3807/5479  totaltime:2m32.3203963s  frame time:39.9969ms  delay_time:396.3µs
frame:3808/5479  totaltime:2m32.3603964s  frame time:40.0001ms  delay_time:396.4µs
frame:3809/5479  totaltime:2m32.4003984s  frame time:40.002ms  delay_time:398.4µs
frame:3810/5479  totaltime:2m32.4403978s  frame time:39.9994ms  delay_time:397.8µs
frame:3811/5479  totaltime:2m32.4803971s  frame time:39.9993ms  delay_time:397.1µs
frame:3812/5479  totaltime:2m32.5203991s  frame time:40.002ms  delay_time:399.1µs
frame:3813/5479  totaltime:2m32.5603969s  frame time:39.9978ms  delay_time:396.9µs
frame:3814/5479  totaltime:2m32.6003967s  frame time:39.9998ms  delay_time:396.7µs
frame:3815/5479  totaltime:2m32.6403981s  frame time:40.0014ms  delay_time:398.1µs
frame:3816/5479  totaltime:2m32.6803994s  frame time:40.0013ms  delay_time:399.4µs
frame:3817/5479  totaltime:2m32.720397s  frame time:39.9976ms  delay_time:397µs
frame:3818/5479  totaltime:2m32.7603968s  frame time:39.9998ms  delay_time:396.8µs
frame:3819/5479  totaltime:2m32.8003977s  frame time:40.0009ms  delay_time:397.7µs
frame:3820/5479  totaltime:2m32.8403983s  frame time:40.0006ms  delay_time:398.3µs
frame:3821/5479  totaltime:2m32.8803975s  frame time:39.9992ms  delay_time:397.5µs
frame:3822/5479  totaltime:2m32.9203982s  frame time:40.0007ms  delay_time:398.2µs
frame:3823/5479  totaltime:2m32.9603975s  frame time:39.9993ms  delay_time:397.5µs
frame:3824/5479  totaltime:2m33.0003981s  frame time:40.0006ms  delay_time:398.1µs
frame:3825/5479  totaltime:2m33.0404267s  frame time:40.0286ms  delay_time:426.7µs
frame:3826/5479  totaltime:2m33.0804001s  frame time:39.9734ms  delay_time:400.1µs
frame:3827/5479  totaltime:2m33.1203964s  frame time:39.9963ms  delay_time:396.4µs
frame:3828/5479  totaltime:2m33.160397s  frame time:40.0006ms  delay_time:397µs
frame:3829/5479  totaltime:2m33.20043s  frame time:40.033ms  delay_time:430µs
frame:3830/5479  totaltime:2m33.2404s  frame time:39.97ms  delay_time:400µs
frame:3831/5479  totaltime:2m33.2804259s  frame time:40.0259ms  delay_time:425.9µs
frame:3832/5479  totaltime:2m33.3203982s  frame time:39.9723ms  delay_time:398.2µs
frame:3833/5479  totaltime:2m33.3603985s  frame time:40.0003ms  delay_time:398.5µs
frame:3834/5479  totaltime:2m33.4004321s  frame time:40.0336ms  delay_time:432.1µs
frame:3835/5479  totaltime:2m33.4403994s  frame time:39.9673ms  delay_time:399.4µs
frame:3836/5479  totaltime:2m33.4803996s  frame time:40.0002ms  delay_time:399.6µs
frame:3837/5479  totaltime:2m33.5204251s  frame time:40.0255ms  delay_time:425.1µs
frame:3838/5479  totaltime:2m33.560399s  frame time:39.9739ms  delay_time:399µs
frame:3839/5479  totaltime:2m33.6003982s  frame time:39.9992ms  delay_time:398.2µs
frame:3840/5479  totaltime:2m33.6403981s  frame time:39.9999ms  delay_time:398.1µs
frame:3841/5479  totaltime:2m33.6803962s  frame time:39.9981ms  delay_time:396.2µs
frame:3842/5479  totaltime:2m33.720398s  frame time:40.0018ms  delay_time:398µs
frame:3843/5479  totaltime:2m33.760398s  frame time:40ms  delay_time:398µs
frame:3844/5479  totaltime:2m33.8003984s  frame time:40.0004ms  delay_time:398.4µs
frame:3845/5479  totaltime:2m33.8403975s  frame time:39.9991ms  delay_time:397.5µs
frame:3846/5479  totaltime:2m33.8803982s  frame time:40.0007ms  delay_time:398.2µs
frame:3847/5479  totaltime:2m33.9203981s  frame time:39.9999ms  delay_time:398.1µs
frame:3848/5479  totaltime:2m33.9603982s  frame time:40.0001ms  delay_time:398.2µs
frame:3849/5479  totaltime:2m34.0003986s  frame time:40.0004ms  delay_time:398.6µs
frame:3850/5479  totaltime:2m34.0404248s  frame time:40.0262ms  delay_time:424.8µs
frame:3851/5479  totaltime:2m34.0803992s  frame time:39.9744ms  delay_time:399.2µs
frame:3852/5479  totaltime:2m34.1203973s  frame time:39.9981ms  delay_time:397.3µs
frame:3853/5479  totaltime:2m34.160398s  frame time:40.0007ms  delay_time:398µs
frame:3854/5479  totaltime:2m34.2003964s  frame time:39.9984ms  delay_time:396.4µs
frame:3855/5479  totaltime:2m34.2403992s  frame time:40.0028ms  delay_time:399.2µs
frame:3856/5479  totaltime:2m34.2804261s  frame time:40.0269ms  delay_time:426.1µs
frame:3857/5479  totaltime:2m34.3204271s  frame time:40.001ms  delay_time:427.1µs
frame:3858/5479  totaltime:2m34.3604005s  frame time:39.9734ms  delay_time:400.5µs
frame:3859/5479  totaltime:2m34.4004248s  frame time:40.0243ms  delay_time:424.8µs
frame:3860/5479  totaltime:2m34.4403994s  frame time:39.9746ms  delay_time:399.4µs
frame:3861/5479  totaltime:2m34.4804306s  frame time:40.0312ms  delay_time:430.6µs
frame:3862/5479  totaltime:2m34.5204226s  frame time:39.992ms  delay_time:422.6µs
frame:3863/5479  totaltime:2m34.5604262s  frame time:40.0036ms  delay_time:426.2µs
frame:3864/5479  totaltime:2m34.6003974s  frame time:39.9712ms  delay_time:397.4µs
frame:3865/5479  totaltime:2m34.6403978s  frame time:40.0004ms  delay_time:397.8µs
frame:3866/5479  totaltime:2m34.6803973s  frame time:39.9995ms  delay_time:397.3µs
frame:3867/5479  totaltime:2m34.7204251s  frame time:40.0278ms  delay_time:425.1µs
frame:3868/5479  totaltime:2m34.7603949s  frame time:39.9698ms  delay_time:394.9µs
frame:3869/5479  totaltime:2m34.8004248s  frame time:40.0299ms  delay_time:424.8µs
frame:3870/5479  totaltime:2m34.8404253s  frame time:40.0005ms  delay_time:425.3µs
frame:3871/5479  totaltime:2m34.8803987s  frame time:39.9734ms  delay_time:398.7µs
frame:3872/5479  totaltime:2m34.9204252s  frame time:40.0265ms  delay_time:425.2µs
frame:3873/5479  totaltime:2m34.9604234s  frame time:39.9982ms  delay_time:423.4µs
frame:3874/5479  totaltime:2m35.0004253s  frame time:40.0019ms  delay_time:425.3µs
frame:3875/5479  totaltime:2m35.0404314s  frame time:40.0061ms  delay_time:431.4µs
frame:3876/5479  totaltime:2m35.0804253s  frame time:39.9939ms  delay_time:425.3µs
frame:3877/5479  totaltime:2m35.1204254s  frame time:40.0001ms  delay_time:425.4µs
frame:3878/5479  totaltime:2m35.1603965s  frame time:39.9711ms  delay_time:396.5µs
frame:3879/5479  totaltime:2m35.200431s  frame time:40.0345ms  delay_time:431µs
frame:3880/5479  totaltime:2m35.2403959s  frame time:39.9649ms  delay_time:395.9µs
frame:3881/5479  totaltime:2m35.2804312s  frame time:40.0353ms  delay_time:431.2µs
frame:3882/5479  totaltime:2m35.3204183s  frame time:39.9871ms  delay_time:418.3µs
frame:3883/5479  totaltime:2m35.3603993s  frame time:39.981ms  delay_time:399.3µs
frame:3884/5479  totaltime:2m35.4003985s  frame time:39.9992ms  delay_time:398.5µs
frame:3885/5479  totaltime:2m35.4403986s  frame time:40.0001ms  delay_time:398.6µs
frame:3886/5479  totaltime:2m35.480425s  frame time:40.0264ms  delay_time:425µs
frame:3887/5479  totaltime:2m35.5204007s  frame time:39.9757ms  delay_time:400.7µs
frame:3888/5479  totaltime:2m35.5603975s  frame time:39.9968ms  delay_time:397.5µs
frame:3889/5479  totaltime:2m35.6003985s  frame time:40.001ms  delay_time:398.5µs
frame:3890/5479  totaltime:2m35.6403972s  frame time:39.9987ms  delay_time:397.2µs
frame:3891/5479  totaltime:2m35.6803991s  frame time:40.0019ms  delay_time:399.1µs
frame:3892/5479  totaltime:2m35.7203988s  frame time:39.9997ms  delay_time:398.8µs
frame:3893/5479  totaltime:2m35.760399s  frame time:40.0002ms  delay_time:399µs
frame:3894/5479  totaltime:2m35.800398s  frame time:39.999ms  delay_time:398µs
frame:3895/5479  totaltime:2m35.8403972s  frame time:39.9992ms  delay_time:397.2µs
frame:3896/5479  totaltime:2m35.8804017s  frame time:40.0045ms  delay_time:401.7µs
frame:3897/5479  totaltime:2m35.9203979s  frame time:39.9962ms  delay_time:397.9µs
frame:3898/5479  totaltime:2m35.9603985s  frame time:40.0006ms  delay_time:398.5µs
frame:3899/5479  totaltime:2m36.0003995s  frame time:40.001ms  delay_time:399.5µs
frame:3900/5479  totaltime:2m36.0403981s  frame time:39.9986ms  delay_time:398.1µs
frame:3901/5479  totaltime:2m36.0803955s  frame time:39.9974ms  delay_time:395.5µs
frame:3902/5479  totaltime:2m36.1204282s  frame time:40.0327ms  delay_time:428.2µs
frame:3903/5479  totaltime:2m36.1603973s  frame time:39.9691ms  delay_time:397.3µs
frame:3904/5479  totaltime:2m36.2003987s  frame time:40.0014ms  delay_time:398.7µs
frame:3905/5479  totaltime:2m36.2403957s  frame time:39.997ms  delay_time:395.7µs
frame:3906/5479  totaltime:2m36.2804264s  frame time:40.0307ms  delay_time:426.4µs
frame:3907/5479  totaltime:2m36.3204056s  frame time:39.9792ms  delay_time:405.6µs
frame:3908/5479  totaltime:2m36.3604001s  frame time:39.9945ms  delay_time:400.1µs
frame:3909/5479  totaltime:2m36.4004008s  frame time:40.0007ms  delay_time:400.8µs
frame:3910/5479  totaltime:2m36.4403988s  frame time:39.998ms  delay_time:398.8µs
frame:3911/5479  totaltime:2m36.4804066s  frame time:40.0078ms  delay_time:406.6µs
frame:3912/5479  totaltime:2m36.5203984s  frame time:39.9918ms  delay_time:398.4µs
frame:3913/5479  totaltime:2m36.5603994s  frame time:40.001ms  delay_time:399.4µs
frame:3914/5479  totaltime:2m36.6003967s  frame time:39.9973ms  delay_time:396.7µs
frame:3915/5479  totaltime:2m36.640426s  frame time:40.0293ms  delay_time:426µs
frame:3916/5479  totaltime:2m36.6803961s  frame time:39.9701ms  delay_time:396.1µs
frame:3917/5479  totaltime:2m36.7204251s  frame time:40.029ms  delay_time:425.1µs
frame:3918/5479  totaltime:2m36.760397s  frame time:39.9719ms  delay_time:397µs
frame:3919/5479  totaltime:2m36.8003983s  frame time:40.0013ms  delay_time:398.3µs
frame:3920/5479  totaltime:2m36.8404249s  frame time:40.0266ms  delay_time:424.9µs
frame:3921/5479  totaltime:2m36.8803986s  frame time:39.9737ms  delay_time:398.6µs
frame:3922/5479  totaltime:2m36.9204255s  frame time:40.0269ms  delay_time:425.5µs
frame:3923/5479  totaltime:2m36.9604191s  frame time:39.9936ms  delay_time:419.1µs
frame:3924/5479  totaltime:2m37.0004323s  frame time:40.0132ms  delay_time:432.3µs
frame:3925/5479  totaltime:2m37.040425s  frame time:39.9927ms  delay_time:425µs
frame:3926/5479  totaltime:2m37.0803993s  frame time:39.9743ms  delay_time:399.3µs
frame:3927/5479  totaltime:2m37.1204254s  frame time:40.0261ms  delay_time:425.4µs
frame:3928/5479  totaltime:2m37.1603951s  frame time:39.9697ms  delay_time:395.1µs
frame:3929/5479  totaltime:2m37.2004306s  frame time:40.0355ms  delay_time:430.6µs
frame:3930/5479  totaltime:2m37.2404208s  frame time:39.9902ms  delay_time:420.8µs
frame:3931/5479  totaltime:2m37.2804505s  frame time:40.0297ms  delay_time:450.5µs
frame:3932/5479  totaltime:2m37.3203985s  frame time:39.948ms  delay_time:398.5µs
frame:3933/5479  totaltime:2m37.3604038s  frame time:40.0053ms  delay_time:403.8µs
frame:3934/5479  totaltime:2m37.4003964s  frame time:39.9926ms  delay_time:396.4µs
frame:3935/5479  totaltime:2m37.4403993s  frame time:40.0029ms  delay_time:399.3µs
frame:3936/5479  totaltime:2m37.480401s  frame time:40.0017ms  delay_time:401µs
frame:3937/5479  totaltime:2m37.5204196s  frame time:40.0186ms  delay_time:419.6µs
frame:3938/5479  totaltime:2m37.5604248s  frame time:40.0052ms  delay_time:424.8µs
frame:3939/5479  totaltime:2m37.6004196s  frame time:39.9948ms  delay_time:419.6µs
frame:3940/5479  totaltime:2m37.640427s  frame time:40.0074ms  delay_time:427µs
frame:3941/5479  totaltime:2m37.6803986s  frame time:39.9716ms  delay_time:398.6µs
frame:3942/5479  totaltime:2m37.7204362s  frame time:40.0376ms  delay_time:436.2µs
frame:3943/5479  totaltime:2m37.7604296s  frame time:39.9934ms  delay_time:429.6µs
frame:3944/5479  totaltime:2m37.8003993s  frame time:39.9697ms  delay_time:399.3µs
frame:3945/5479  totaltime:2m37.8404251s  frame time:40.0258ms  delay_time:425.1µs
frame:3946/5479  totaltime:2m37.8803987s  frame time:39.9736ms  delay_time:398.7µs
frame:3947/5479  totaltime:2m37.9204257s  frame time:40.027ms  delay_time:425.7µs
frame:3948/5479  totaltime:2m37.9604279s  frame time:40.0022ms  delay_time:427.9µs
frame:3949/5479  totaltime:2m38.0004311s  frame time:40.0032ms  delay_time:431.1µs
frame:3950/5479  totaltime:2m38.0404414s  frame time:40.0103ms  delay_time:441.4µs
frame:3951/5479  totaltime:2m38.0804008s  frame time:39.9594ms  delay_time:400.8µs
frame:3952/5479  totaltime:2m38.1204248s  frame time:40.024ms  delay_time:424.8µs
frame:3953/5479  totaltime:2m38.1603983s  frame time:39.9735ms  delay_time:398.3µs
frame:3954/5479  totaltime:2m38.2004255s  frame time:40.0272ms  delay_time:425.5µs
frame:3955/5479  totaltime:2m38.2404254s  frame time:39.9999ms  delay_time:425.4µs
frame:3956/5479  totaltime:2m38.28044s  frame time:40.0146ms  delay_time:440µs
frame:3957/5479  totaltime:2m38.3203962s  frame time:39.9562ms  delay_time:396.2µs
frame:3958/5479  totaltime:2m38.3604206s  frame time:40.0244ms  delay_time:420.6µs
frame:3959/5479  totaltime:2m38.4003971s  frame time:39.9765ms  delay_time:397.1µs
frame:3960/5479  totaltime:2m38.4403964s  frame time:39.9993ms  delay_time:396.4µs
frame:3961/5479  totaltime:2m38.4803958s  frame time:39.9994ms  delay_time:395.8µs
frame:3962/5479  totaltime:2m38.5203965s  frame time:40.0007ms  delay_time:396.5µs
frame:3963/5479  totaltime:2m38.5604249s  frame time:40.0284ms  delay_time:424.9µs
frame:3964/5479  totaltime:2m38.6004332s  frame time:40.0083ms  delay_time:433.2µs
frame:3965/5479  totaltime:2m38.6403949s  frame time:39.9617ms  delay_time:394.9µs
frame:3966/5479  totaltime:2m38.6804024s  frame time:40.0075ms  delay_time:402.4µs
frame:3967/5479  totaltime:2m38.7203996s  frame time:39.9972ms  delay_time:399.6µs
frame:3968/5479  totaltime:2m38.7604297s  frame time:40.0301ms  delay_time:429.7µs
frame:3969/5479  totaltime:2m38.8004001s  frame time:39.9704ms  delay_time:400.1µs
frame:3970/5479  totaltime:2m38.8404251s  frame time:40.025ms  delay_time:425.1µs
frame:3971/5479  totaltime:2m38.8803991s  frame time:39.974ms  delay_time:399.1µs
frame:3972/5479  totaltime:2m38.920427s  frame time:40.0279ms  delay_time:427µs
frame:3973/5479  totaltime:2m38.9603983s  frame time:39.9713ms  delay_time:398.3µs
frame:3974/5479  totaltime:2m39.0004365s  frame time:40.0382ms  delay_time:436.5µs
frame:3975/5479  totaltime:2m39.0404248s  frame time:39.9883ms  delay_time:424.8µs
frame:3976/5479  totaltime:2m39.0804277s  frame time:40.0029ms  delay_time:427.7µs
frame:3977/5479  totaltime:2m39.1204195s  frame time:39.9918ms  delay_time:419.5µs
frame:3978/5479  totaltime:2m39.1603992s  frame time:39.9797ms  delay_time:399.2µs
frame:3979/5479  totaltime:2m39.2004251s  frame time:40.0259ms  delay_time:425.1µs
frame:3980/5479  totaltime:2m39.2403983s  frame time:39.9732ms  delay_time:398.3µs
frame:3981/5479  totaltime:2m39.2804364s  frame time:40.0381ms  delay_time:436.4µs
frame:3982/5479  totaltime:2m39.3203961s  frame time:39.9597ms  delay_time:396.1µs
frame:3983/5479  totaltime:2m39.3603995s  frame time:40.0034ms  delay_time:399.5µs
frame:3984/5479  totaltime:2m39.4004262s  frame time:40.0267ms  delay_time:426.2µs
frame:3985/5479  totaltime:2m39.4403993s  frame time:39.9731ms  delay_time:399.3µs
frame:3986/5479  totaltime:2m39.4803996s  frame time:40.0003ms  delay_time:399.6µs
frame:3987/5479  totaltime:2m39.5203965s  frame time:39.9969ms  delay_time:396.5µs
frame:3988/5479  totaltime:2m39.5604312s  frame time:40.0347ms  delay_time:431.2µs
frame:3989/5479  totaltime:2m39.6004246s  frame time:39.9934ms  delay_time:424.6µs
frame:3990/5479  totaltime:2m39.640396s  frame time:39.9714ms  delay_time:396µs
frame:3991/5479  totaltime:2m39.6803993s  frame time:40.0033ms  delay_time:399.3µs
frame:3992/5479  totaltime:2m39.7204248s  frame time:40.0255ms  delay_time:424.8µs
frame:3993/5479  totaltime:2m39.7603971s  frame time:39.9723ms  delay_time:397.1µs
frame:3994/5479  totaltime:2m39.8003968s  frame time:39.9997ms  delay_time:396.8µs
frame:3995/5479  totaltime:2m39.8403969s  frame time:40.0001ms  delay_time:396.9µs
frame:3996/5479  totaltime:2m39.8803968s  frame time:39.9999ms  delay_time:396.8µs
frame:3997/5479  totaltime:2m39.9203973s  frame time:40.0005ms  delay_time:397.3µs
frame:3998/5479  totaltime:2m39.9603998s  frame time:40.0025ms  delay_time:399.8µs
frame:3999/5479  totaltime:2m40.0003999s  frame time:40.0001ms  delay_time:399.9µs
frame:4000/5479  totaltime:2m40.0404253s  frame time:40.0254ms  delay_time:425.3µs
frame:4001/5479  totaltime:2m40.0803985s  frame time:39.9732ms  delay_time:398.5µs
frame:4002/5479  totaltime:2m40.1203993s  frame time:40.0008ms  delay_time:399.3µs
frame:4003/5479  totaltime:2m40.1603994s  frame time:40.0001ms  delay_time:399.4µs
frame:4004/5479  totaltime:2m40.2004298s  frame time:40.018ms  delay_time:429.8µs
frame:4005/5479  totaltime:2m40.2403933s  frame time:39.9635ms  delay_time:393.3µs
frame:4006/5479  totaltime:2m40.280426s  frame time:40.0327ms  delay_time:426µs
frame:4007/5479  totaltime:2m40.3204219s  frame time:39.9959ms  delay_time:421.9µs
frame:4008/5479  totaltime:2m40.3604218s  frame time:39.9999ms  delay_time:421.8µs
frame:4009/5479  totaltime:2m40.4003941s  frame time:39.9723ms  delay_time:394.1µs
frame:4010/5479  totaltime:2m40.4403953s  frame time:40.0012ms  delay_time:395.3µs
frame:4011/5479  totaltime:2m40.4804243s  frame time:40.029ms  delay_time:424.3µs
frame:4012/5479  totaltime:2m40.5203957s  frame time:39.9714ms  delay_time:395.7µs
frame:4013/5479  totaltime:2m40.5604218s  frame time:40.0261ms  delay_time:421.8µs
frame:4014/5479  totaltime:2m40.6003961s  frame time:39.9743ms  delay_time:396.1µs
frame:4015/5479  totaltime:2m40.6404298s  frame time:40.0337ms  delay_time:429.8µs
frame:4016/5479  totaltime:2m40.6804332s  frame time:40.0034ms  delay_time:433.2µs
frame:4017/5479  totaltime:2m40.720422s  frame time:39.9888ms  delay_time:422µs
frame:4018/5479  totaltime:2m40.7604217s  frame time:39.9997ms  delay_time:421.7µs
frame:4019/5479  totaltime:2m40.8003971s  frame time:39.9754ms  delay_time:397.1µs
frame:4020/5479  totaltime:2m40.840425s  frame time:40.0279ms  delay_time:425µs
frame:4021/5479  totaltime:2m40.8803955s  frame time:39.9705ms  delay_time:395.5µs
frame:4022/5479  totaltime:2m40.9203922s  frame time:39.9967ms  delay_time:392.2µs
frame:4023/5479  totaltime:2m40.9603915s  frame time:39.9993ms  delay_time:391.5µs
frame:4024/5479  totaltime:2m41.000422s  frame time:40.0305ms  delay_time:422µs
frame:4025/5479  totaltime:2m41.0404276s  frame time:40.0056ms  delay_time:427.6µs
frame:4026/5479  totaltime:2m41.0804272s  frame time:39.9996ms  delay_time:427.2µs
frame:4027/5479  totaltime:2m41.1204223s  frame time:39.9951ms  delay_time:422.3µs
frame:4028/5479  totaltime:2m41.160396s  frame time:39.9737ms  delay_time:396µs
frame:4029/5479  totaltime:2m41.2004289s  frame time:40.0329ms  delay_time:428.9µs
frame:4030/5479  totaltime:2m41.2403931s  frame time:39.9642ms  delay_time:393.1µs
frame:4031/5479  totaltime:2m41.2803963s  frame time:40.0032ms  delay_time:396.3µs
frame:4032/5479  totaltime:2m41.3203916s  frame time:39.9953ms  delay_time:391.6µs
frame:4033/5479  totaltime:2m41.3604219s  frame time:40.0303ms  delay_time:421.9µs
frame:4034/5479  totaltime:2m41.4004303s  frame time:40.0084ms  delay_time:430.3µs
frame:4035/5479  totaltime:2m41.4403956s  frame time:39.9653ms  delay_time:395.6µs
frame:4036/5479  totaltime:2m41.4804228s  frame time:40.0272ms  delay_time:422.8µs
frame:4037/5479  totaltime:2m41.5203943s  frame time:39.9715ms  delay_time:394.3µs
frame:4038/5479  totaltime:2m41.5604224s  frame time:40.0281ms  delay_time:422.4µs
frame:4039/5479  totaltime:2m41.6003953s  frame time:39.9729ms  delay_time:395.3µs
frame:4040/5479  totaltime:2m41.6404408s  frame time:40.0455ms  delay_time:440.8µs
frame:4041/5479  totaltime:2m41.6804484s  frame time:40.0076ms  delay_time:448.4µs
frame:4042/5479  totaltime:2m41.7203962s  frame time:39.9478ms  delay_time:396.2µs
frame:4043/5479  totaltime:2m41.7604214s  frame time:40.0252ms  delay_time:421.4µs
frame:4044/5479  totaltime:2m41.8004272s  frame time:40.0058ms  delay_time:427.2µs
frame:4045/5479  totaltime:2m41.8403921s  frame time:39.9649ms  delay_time:392.1µs
frame:4046/5479  totaltime:2m41.8803961s  frame time:40.004ms  delay_time:396.1µs
frame:4047/5479  totaltime:2m41.9204287s  frame time:40.0326ms  delay_time:428.7µs
frame:4048/5479  totaltime:2m41.9603961s  frame time:39.9674ms  delay_time:396.1µs
frame:4049/5479  totaltime:2m42.0004272s  frame time:40.0311ms  delay_time:427.2µs
frame:4050/5479  totaltime:2m42.0403921s  frame time:39.9649ms  delay_time:392.1µs
frame:4051/5479  totaltime:2m42.0804254s  frame time:40.0333ms  delay_time:425.4µs
frame:4052/5479  totaltime:2m42.1203957s  frame time:39.9703ms  delay_time:395.7µs
frame:4053/5479  totaltime:2m42.1603947s  frame time:39.999ms  delay_time:394.7µs
frame:4054/5479  totaltime:2m42.2003915s  frame time:39.9968ms  delay_time:391.5µs
frame:4055/5479  totaltime:2m42.2403931s  frame time:40.0016ms  delay_time:393.1µs
frame:4056/5479  totaltime:2m42.2803942s  frame time:40.0011ms  delay_time:394.2µs
frame:4057/5479  totaltime:2m42.320427s  frame time:40.0328ms  delay_time:427µs
frame:4058/5479  totaltime:2m42.3604352s  frame time:40.0082ms  delay_time:435.2µs
frame:4059/5479  totaltime:2m42.4004269s  frame time:39.9917ms  delay_time:426.9µs
frame:4060/5479  totaltime:2m42.4403951s  frame time:39.9682ms  delay_time:395.1µs
frame:4061/5479  totaltime:2m42.4803962s  frame time:40.0011ms  delay_time:396.2µs
frame:4062/5479  totaltime:2m42.5203958s  frame time:39.9996ms  delay_time:395.8µs
frame:4063/5479  totaltime:2m42.5604219s  frame time:40.0261ms  delay_time:421.9µs
frame:4064/5479  totaltime:2m42.6003952s  frame time:39.9733ms  delay_time:395.2µs
frame:4065/5479  totaltime:2m42.6404284s  frame time:40.0332ms  delay_time:428.4µs
frame:4066/5479  totaltime:2m42.6804221s  frame time:39.9937ms  delay_time:422.1µs
frame:4067/5479  totaltime:2m42.7204336s  frame time:40.0115ms  delay_time:433.6µs
frame:4068/5479  totaltime:2m42.7604218s  frame time:39.9882ms  delay_time:421.8µs
frame:4069/5479  totaltime:2m42.800394s  frame time:39.9722ms  delay_time:394µs
frame:4070/5479  totaltime:2m42.8404324s  frame time:40.0384ms  delay_time:432.4µs
frame:4071/5479  totaltime:2m42.880398s  frame time:39.9656ms  delay_time:398µs
frame:4072/5479  totaltime:2m42.9203915s  frame time:39.9935ms  delay_time:391.5µs
frame:4073/5479  totaltime:2m42.9604378s  frame time:40.0463ms  delay_time:437.8µs
frame:4074/5479  totaltime:2m43.0004229s  frame time:39.9851ms  delay_time:422.9µs
frame:4075/5479  totaltime:2m43.0404222s  frame time:39.9993ms  delay_time:422.2µs
frame:4076/5479  totaltime:2m43.0803963s  frame time:39.9741ms  delay_time:396.3µs
frame:4077/5479  totaltime:2m43.1204254s  frame time:40.0291ms  delay_time:425.4µs
frame:4078/5479  totaltime:2m43.1603934s  frame time:39.968ms  delay_time:393.4µs
frame:4079/5479  totaltime:2m43.2004221s  frame time:40.0287ms  delay_time:422.1µs
frame:4080/5479  totaltime:2m43.2403932s  frame time:39.9711ms  delay_time:393.2µs
frame:4081/5479  totaltime:2m43.2803962s  frame time:40.003ms  delay_time:396.2µs
frame:4082/5479  totaltime:2m43.3203917s  frame time:39.9955ms  delay_time:391.7µs
frame:4083/5479  totaltime:2m43.3604217s  frame time:40.03ms  delay_time:421.7µs
frame:4084/5479  totaltime:2m43.4004255s  frame time:40.0038ms  delay_time:425.5µs
frame:4085/5479  totaltime:2m43.440396s  frame time:39.9705ms  delay_time:396µs
frame:4086/5479  totaltime:2m43.4803963s  frame time:40.0003ms  delay_time:396.3µs
frame:4087/5479  totaltime:2m43.520394s  frame time:39.9977ms  delay_time:394µs
frame:4088/5479  totaltime:2m43.5603933s  frame time:39.9993ms  delay_time:393.3µs
frame:4089/5479  totaltime:2m43.6003936s  frame time:40.0003ms  delay_time:393.6µs
frame:4090/5479  totaltime:2m43.6404278s  frame time:40.0342ms  delay_time:427.8µs
frame:4091/5479  totaltime:2m43.6803975s  frame time:39.9697ms  delay_time:397.5µs
frame:4092/5479  totaltime:2m43.7203938s  frame time:39.9963ms  delay_time:393.8µs
frame:4093/5479  totaltime:2m43.7604267s  frame time:40.0329ms  delay_time:426.7µs
frame:4094/5479  totaltime:2m43.8004278s  frame time:40.0011ms  delay_time:427.8µs
frame:4095/5479  totaltime:2m43.8404227s  frame time:39.9949ms  delay_time:422.7µs
frame:4096/5479  totaltime:2m43.8803968s  frame time:39.9741ms  delay_time:396.8µs
frame:4097/5479  totaltime:2m43.9204253s  frame time:40.0285ms  delay_time:425.3µs
frame:4098/5479  totaltime:2m43.9603921s  frame time:39.9668ms  delay_time:392.1µs
frame:4099/5479  totaltime:2m44.0004228s  frame time:40.0307ms  delay_time:422.8µs
frame:4100/5479  totaltime:2m44.0404156s  frame time:39.9928ms  delay_time:415.6µs
frame:4101/5479  totaltime:2m44.0804259s  frame time:40.0103ms  delay_time:425.9µs
frame:4102/5479  totaltime:2m44.1204223s  frame time:39.9964ms  delay_time:422.3µs
frame:4103/5479  totaltime:2m44.1603917s  frame time:39.9694ms  delay_time:391.7µs
frame:4104/5479  totaltime:2m44.200393s  frame time:40.0013ms  delay_time:393µs
frame:4105/5479  totaltime:2m44.2404197s  frame time:40.0267ms  delay_time:419.7µs
frame:4106/5479  totaltime:2m44.2803945s  frame time:39.9748ms  delay_time:394.5µs
frame:4107/5479  totaltime:2m44.3204214s  frame time:40.0269ms  delay_time:421.4µs
frame:4108/5479  totaltime:2m44.3603937s  frame time:39.9723ms  delay_time:393.7µs
frame:4109/5479  totaltime:2m44.4003959s  frame time:40.0022ms  delay_time:395.9µs
frame:4110/5479  totaltime:2m44.4403959s  frame time:40ms  delay_time:395.9µs
frame:4111/5479  totaltime:2m44.4803947s  frame time:39.9988ms  delay_time:394.7µs
frame:4112/5479  totaltime:2m44.5203937s  frame time:39.999ms  delay_time:393.7µs
frame:4113/5479  totaltime:2m44.5604225s  frame time:40.0288ms  delay_time:422.5µs
frame:4114/5479  totaltime:2m44.6003943s  frame time:39.9718ms  delay_time:394.3µs
frame:4115/5479  totaltime:2m44.6403917s  frame time:39.9974ms  delay_time:391.7µs
frame:4116/5479  totaltime:2m44.6804241s  frame time:40.0324ms  delay_time:424.1µs
frame:4117/5479  totaltime:2m44.7203989s  frame time:39.9748ms  delay_time:398.9µs
frame:4118/5479  totaltime:2m44.7604299s  frame time:40.031ms  delay_time:429.9µs
frame:4119/5479  totaltime:2m44.8003941s  frame time:39.9642ms  delay_time:394.1µs
frame:4120/5479  totaltime:2m44.8403959s  frame time:40.0018ms  delay_time:395.9µs
frame:4121/5479  totaltime:2m44.8803964s  frame time:40.0005ms  delay_time:396.4µs
frame:4122/5479  totaltime:2m44.9204143s  frame time:40.0179ms  delay_time:414.3µs
frame:4123/5479  totaltime:2m44.9603933s  frame time:39.979ms  delay_time:393.3µs
frame:4124/5479  totaltime:2m45.0003952s  frame time:40.0019ms  delay_time:395.2µs
frame:4125/5479  totaltime:2m45.0403917s  frame time:39.9965ms  delay_time:391.7µs
frame:4126/5479  totaltime:2m45.080395s  frame time:40.0033ms  delay_time:395µs
frame:4127/5479  totaltime:2m45.1203942s  frame time:39.9992ms  delay_time:394.2µs
frame:4128/5479  totaltime:2m45.1603951s  frame time:40.0009ms  delay_time:395.1µs
frame:4129/5479  totaltime:2m45.2003952s  frame time:40.0001ms  delay_time:395.2µs
frame:4130/5479  totaltime:2m45.2404306s  frame time:40.0354ms  delay_time:430.6µs
frame:4131/5479  totaltime:2m45.2804647s  frame time:40.0341ms  delay_time:464.7µs
frame:4132/5479  totaltime:2m45.3204278s  frame time:39.9631ms  delay_time:427.8µs
frame:4133/5479  totaltime:2m45.3604281s  frame time:40.0003ms  delay_time:428.1µs
frame:4134/5479  totaltime:2m45.4004286s  frame time:40.0005ms  delay_time:428.6µs
frame:4135/5479  totaltime:2m45.4404287s  frame time:40.0001ms  delay_time:428.7µs
frame:4136/5479  totaltime:2m45.4804313s  frame time:40.0026ms  delay_time:431.3µs
frame:4137/5479  totaltime:2m45.5204314s  frame time:40.0001ms  delay_time:431.4µs
frame:4138/5479  totaltime:2m45.5604661s  frame time:40.0347ms  delay_time:466.1µs
frame:4139/5479  totaltime:2m45.6004728s  frame time:40.0067ms  delay_time:472.8µs
frame:4140/5479  totaltime:2m45.6404725s  frame time:39.9997ms  delay_time:472.5µs
frame:4141/5479  totaltime:2m45.6804649s  frame time:39.9924ms  delay_time:464.9µs
frame:4142/5479  totaltime:2m45.720428s  frame time:39.9631ms  delay_time:428µs
frame:4143/5479  totaltime:2m45.7604615s  frame time:40.0335ms  delay_time:461.5µs
frame:4144/5479  totaltime:2m45.8004285s  frame time:39.967ms  delay_time:428.5µs
frame:4145/5479  totaltime:2m45.8404282s  frame time:39.9997ms  delay_time:428.2µs
frame:4146/5479  totaltime:2m45.8804294s  frame time:40.0012ms  delay_time:429.4µs
frame:4147/5479  totaltime:2m45.9204577s  frame time:40.0283ms  delay_time:457.7µs
frame:4148/5479  totaltime:2m45.9604284s  frame time:39.9707ms  delay_time:428.4µs
frame:4149/5479  totaltime:2m46.0004567s  frame time:40.0283ms  delay_time:456.7µs
frame:4150/5479  totaltime:2m46.0404286s  frame time:39.9719ms  delay_time:428.6µs
frame:4151/5479  totaltime:2m46.0804313s  frame time:40.0027ms  delay_time:431.3µs
frame:4152/5479  totaltime:2m46.1204278s  frame time:39.9965ms  delay_time:427.8µs
frame:4153/5479  totaltime:2m46.1604278s  frame time:40ms  delay_time:427.8µs
frame:4154/5479  totaltime:2m46.2004288s  frame time:40.001ms  delay_time:428.8µs
frame:4155/5479  totaltime:2m46.2404278s  frame time:39.999ms  delay_time:427.8µs
frame:4156/5479  totaltime:2m46.2804286s  frame time:40.0008ms  delay_time:428.6µs
frame:4157/5479  totaltime:2m46.3204284s  frame time:39.9998ms  delay_time:428.4µs
frame:4158/5479  totaltime:2m46.3604329s  frame time:40.0045ms  delay_time:432.9µs
frame:4159/5479  totaltime:2m46.4004665s  frame time:40.0336ms  delay_time:466.5µs
frame:4160/5479  totaltime:2m46.4404279s  frame time:39.9614ms  delay_time:427.9µs
frame:4161/5479  totaltime:2m46.4804512s  frame time:40.0233ms  delay_time:451.2µs
frame:4162/5479  totaltime:2m46.5204318s  frame time:39.9806ms  delay_time:431.8µs
frame:4163/5479  totaltime:2m46.5604576s  frame time:40.0258ms  delay_time:457.6µs
frame:4164/5479  totaltime:2m46.6004289s  frame time:39.9713ms  delay_time:428.9µs
frame:4165/5479  totaltime:2m46.6404524s  frame time:40.0235ms  delay_time:452.4µs
frame:4166/5479  totaltime:2m46.6804327s  frame time:39.9803ms  delay_time:432.7µs
frame:4167/5479  totaltime:2m46.7204301s  frame time:39.9974ms  delay_time:430.1µs
frame:4168/5479  totaltime:2m46.7604311s  frame time:40.001ms  delay_time:431.1µs
frame:4169/5479  totaltime:2m46.8004345s  frame time:40.0034ms  delay_time:434.5µs
frame:4170/5479  totaltime:2m46.8404585s  frame time:40.024ms  delay_time:458.5µs
frame:4171/5479  totaltime:2m46.8804357s  frame time:39.9772ms  delay_time:435.7µs
frame:4172/5479  totaltime:2m46.9204284s  frame time:39.9927ms  delay_time:428.4µs
frame:4173/5479  totaltime:2m46.960429s  frame time:40.0006ms  delay_time:429µs
frame:4174/5479  totaltime:2m47.0004641s  frame time:40.0351ms  delay_time:464.1µs
frame:4175/5479  totaltime:2m47.0404641s  frame time:40ms  delay_time:464.1µs
frame:4176/5479  totaltime:2m47.0804344s  frame time:39.9703ms  delay_time:434.4µs
frame:4177/5479  totaltime:2m47.1204321s  frame time:39.9977ms  delay_time:432.1µs
frame:4178/5479  totaltime:2m47.1604324s  frame time:40.0003ms  delay_time:432.4µs
frame:4179/5479  totaltime:2m47.2004321s  frame time:39.9997ms  delay_time:432.1µs
frame:4180/5479  totaltime:2m47.2404327s  frame time:40.0006ms  delay_time:432.7µs
frame:4181/5479  totaltime:2m47.2804323s  frame time:39.9996ms  delay_time:432.3µs
frame:4182/5479  totaltime:2m47.3204627s  frame time:40.0304ms  delay_time:462.7µs
frame:4183/5479  totaltime:2m47.3604325s  frame time:39.9698ms  delay_time:432.5µs
frame:4184/5479  totaltime:2m47.4004626s  frame time:40.0301ms  delay_time:462.6µs
frame:4185/5479  totaltime:2m47.4404326s  frame time:39.97ms  delay_time:432.6µs
frame:4186/5479  totaltime:2m47.4804327s  frame time:40.0001ms  delay_time:432.7µs
frame:4187/5479  totaltime:2m47.5204281s  frame time:39.9954ms  delay_time:428.1µs
frame:4188/5479  totaltime:2m47.5604277s  frame time:39.9996ms  delay_time:427.7µs
frame:4189/5479  totaltime:2m47.6004285s  frame time:40.0008ms  delay_time:428.5µs
frame:4190/5479  totaltime:2m47.6404279s  frame time:39.9994ms  delay_time:427.9µs
frame:4191/5479  totaltime:2m47.6804309s  frame time:40.003ms  delay_time:430.9µs
frame:4192/5479  totaltime:2m47.7204293s  frame time:39.9984ms  delay_time:429.3µs
frame:4193/5479  totaltime:2m47.760433s  frame time:40.0037ms  delay_time:433µs
frame:4194/5479  totaltime:2m47.8004654s  frame time:40.0324ms  delay_time:465.4µs
frame:4195/5479  totaltime:2m47.8404589s  frame time:39.9935ms  delay_time:458.9µs
frame:4196/5479  totaltime:2m47.8804354s  frame time:39.9765ms  delay_time:435.4µs
frame:4197/5479  totaltime:2m47.9204338s  frame time:39.9984ms  delay_time:433.8µs
frame:4198/5479  totaltime:2m47.9604305s  frame time:39.9967ms  delay_time:430.5µs
frame:4199/5479  totaltime:2m48.0004304s  frame time:39.9999ms  delay_time:430.4µs
frame:4200/5479  totaltime:2m48.0404373s  frame time:40.0069ms  delay_time:437.3µs
frame:4201/5479  totaltime:2m48.0804357s  frame time:39.9984ms  delay_time:435.7µs
frame:4202/5479  totaltime:2m48.1204357s  frame time:40ms  delay_time:435.7µs
frame:4203/5479  totaltime:2m48.1604362s  frame time:40.0005ms  delay_time:436.2µs
frame:4204/5479  totaltime:2m48.200444s  frame time:40.0078ms  delay_time:444µs
frame:4205/5479  totaltime:2m48.2404313s  frame time:39.9873ms  delay_time:431.3µs
frame:4206/5479  totaltime:2m48.2804326s  frame time:40.0013ms  delay_time:432.6µs
frame:4207/5479  totaltime:2m48.3204352s  frame time:40.0026ms  delay_time:435.2µs
frame:4208/5479  totaltime:2m48.3604348s  frame time:39.9996ms  delay_time:434.8µs
frame:4209/5479  totaltime:2m48.4004305s  frame time:39.9957ms  delay_time:430.5µs
frame:4210/5479  totaltime:2m48.4404329s  frame time:40.0024ms  delay_time:432.9µs
frame:4211/5479  totaltime:2m48.4804301s  frame time:39.9972ms  delay_time:430.1µs
frame:4212/5479  totaltime:2m48.5204327s  frame time:40.0026ms  delay_time:432.7µs
frame:4213/5479  totaltime:2m48.5604295s  frame time:39.9968ms  delay_time:429.5µs
frame:4214/5479  totaltime:2m48.6004584s  frame time:40.0289ms  delay_time:458.4µs
frame:4215/5479  totaltime:2m48.6404644s  frame time:40.006ms  delay_time:464.4µs
frame:4216/5479  totaltime:2m48.6804642s  frame time:39.9998ms  delay_time:464.2µs
frame:4217/5479  totaltime:2m48.7204574s  frame time:39.9932ms  delay_time:457.4µs
frame:4218/5479  totaltime:2m48.7604301s  frame time:39.9727ms  delay_time:430.1µs
frame:4219/5479  totaltime:2m48.8004319s  frame time:40.0018ms  delay_time:431.9µs
frame:4220/5479  totaltime:2m48.8404637s  frame time:40.0318ms  delay_time:463.7µs
frame:4221/5479  totaltime:2m48.8804319s  frame time:39.9682ms  delay_time:431.9µs
frame:4222/5479  totaltime:2m48.9204582s  frame time:40.0263ms  delay_time:458.2µs
frame:4223/5479  totaltime:2m48.9604313s  frame time:39.9731ms  delay_time:431.3µs
frame:4224/5479  totaltime:2m49.0004348s  frame time:40.0035ms  delay_time:434.8µs
frame:4225/5479  totaltime:2m49.0404322s  frame time:39.9974ms  delay_time:432.2µs
frame:4226/5479  totaltime:2m49.0804313s  frame time:39.9991ms  delay_time:431.3µs
frame:4227/5479  totaltime:2m49.1204337s  frame time:40.0024ms  delay_time:433.7µs
frame:4228/5479  totaltime:2m49.1604356s  frame time:40.0019ms  delay_time:435.6µs
frame:4229/5479  totaltime:2m49.2004299s  frame time:39.9943ms  delay_time:429.9µs
frame:4230/5479  totaltime:2m49.2404282s  frame time:39.9983ms  delay_time:428.2µs
frame:4231/5479  totaltime:2m49.2804622s  frame time:40.034ms  delay_time:462.2µs
frame:4232/5479  totaltime:2m49.3204354s  frame time:39.9732ms  delay_time:435.4µs
frame:4233/5479  totaltime:2m49.3604348s  frame time:39.9994ms  delay_time:434.8µs
frame:4234/5479  totaltime:2m49.4004285s  frame time:39.9937ms  delay_time:428.5µs
frame:4235/5479  totaltime:2m49.440433s  frame time:40.0045ms  delay_time:433µs
frame:4236/5479  totaltime:2m49.4804309s  frame time:39.9979ms  delay_time:430.9µs
frame:4237/5479  totaltime:2m49.5204336s  frame time:40.0027ms  delay_time:433.6µs
frame:4238/5479  totaltime:2m49.5604307s  frame time:39.9971ms  delay_time:430.7µs
frame:4239/5479  totaltime:2m49.6004298s  frame time:39.9991ms  delay_time:429.8µs
frame:4240/5479  totaltime:2m49.6404299s  frame time:40.0001ms  delay_time:429.9µs
frame:4241/5479  totaltime:2m49.6804331s  frame time:40.0032ms  delay_time:433.1µs
frame:4242/5479  totaltime:2m49.7204314s  frame time:39.9983ms  delay_time:431.4µs
frame:4243/5479  totaltime:2m49.7604322s  frame time:40.0008ms  delay_time:432.2µs
frame:4244/5479  totaltime:2m49.8004315s  frame time:39.9993ms  delay_time:431.5µs
frame:4245/5479  totaltime:2m49.8404328s  frame time:40.0013ms  delay_time:432.8µs
frame:4246/5479  totaltime:2m49.8804345s  frame time:40.0017ms  delay_time:434.5µs
frame:4247/5479  totaltime:2m49.920432s  frame time:39.9975ms  delay_time:432µs
frame:4248/5479  totaltime:2m49.9604486s  frame time:40.0166ms  delay_time:448.6µs
frame:4249/5479  totaltime:2m50.0004342s  frame time:39.9856ms  delay_time:434.2µs
frame:4250/5479  totaltime:2m50.0404365s  frame time:40.0023ms  delay_time:436.5µs
frame:4251/5479  totaltime:2m50.080431s  frame time:39.9945ms  delay_time:431µs
frame:4252/5479  totaltime:2m50.1204324s  frame time:40.0014ms  delay_time:432.4µs
frame:4253/5479  totaltime:2m50.1604299s  frame time:39.9975ms  delay_time:429.9µs
frame:4254/5479  totaltime:2m50.2004305s  frame time:40.0006ms  delay_time:430.5µs
frame:4255/5479  totaltime:2m50.2404292s  frame time:39.9987ms  delay_time:429.2µs
frame:4256/5479  totaltime:2m50.2804366s  frame time:40.0074ms  delay_time:436.6µs
frame:4257/5479  totaltime:2m50.3204349s  frame time:39.9983ms  delay_time:434.9µs
frame:4258/5479  totaltime:2m50.3604307s  frame time:39.9958ms  delay_time:430.7µs
frame:4259/5479  totaltime:2m50.4004314s  frame time:40.0007ms  delay_time:431.4µs
frame:4260/5479  totaltime:2m50.4404324s  frame time:40.001ms  delay_time:432.4µs
frame:4261/5479  totaltime:2m50.4804382s  frame time:40.0058ms  delay_time:438.2µs
frame:4262/5479  totaltime:2m50.5204347s  frame time:39.9965ms  delay_time:434.7µs
frame:4263/5479  totaltime:2m50.5604576s  frame time:40.0229ms  delay_time:457.6µs
frame:4264/5479  totaltime:2m50.6004341s  frame time:39.9765ms  delay_time:434.1µs
frame:4265/5479  totaltime:2m50.6404584s  frame time:40.0243ms  delay_time:458.4µs
frame:4266/5479  totaltime:2m50.6804301s  frame time:39.9717ms  delay_time:430.1µs
frame:4267/5479  totaltime:2m50.7204285s  frame time:39.9984ms  delay_time:428.5µs
frame:4268/5479  totaltime:2m50.760459s  frame time:40.0305ms  delay_time:459µs
frame:4269/5479  totaltime:2m50.8004286s  frame time:39.9696ms  delay_time:428.6µs
frame:4270/5479  totaltime:2m50.8404621s  frame time:40.0335ms  delay_time:462.1µs
frame:4271/5479  totaltime:2m50.8804328s  frame time:39.9707ms  delay_time:432.8µs
frame:4272/5479  totaltime:2m50.9204576s  frame time:40.0248ms  delay_time:457.6µs
frame:4273/5479  totaltime:2m50.9604326s  frame time:39.975ms  delay_time:432.6µs
frame:4274/5479  totaltime:2m51.0004323s  frame time:39.9997ms  delay_time:432.3µs
frame:4275/5479  totaltime:2m51.0404279s  frame time:39.9956ms  delay_time:427.9µs
frame:4276/5479  totaltime:2m51.0804314s  frame time:40.0035ms  delay_time:431.4µs
frame:4277/5479  totaltime:2m51.1204583s  frame time:40.0269ms  delay_time:458.3µs
frame:4278/5479  totaltime:2m51.1604316s  frame time:39.9733ms  delay_time:431.6µs
frame:4279/5479  totaltime:2m51.2004303s  frame time:39.9987ms  delay_time:430.3µs
frame:4280/5479  totaltime:2m51.240432s  frame time:40.0017ms  delay_time:432µs
frame:4281/5479  totaltime:2m51.2804295s  frame time:39.9975ms  delay_time:429.5µs
frame:4282/5479  totaltime:2m51.3204315s  frame time:40.002ms  delay_time:431.5µs
frame:4283/5479  totaltime:2m51.3604579s  frame time:40.0264ms  delay_time:457.9µs
frame:4284/5479  totaltime:2m51.4004279s  frame time:39.97ms  delay_time:427.9µs
frame:4285/5479  totaltime:2m51.4404322s  frame time:40.0043ms  delay_time:432.2µs
frame:4286/5479  totaltime:2m51.4804286s  frame time:39.9964ms  delay_time:428.6µs
frame:4287/5479  totaltime:2m51.5204299s  frame time:40.0013ms  delay_time:429.9µs
frame:4288/5479  totaltime:2m51.5604283s  frame time:39.9984ms  delay_time:428.3µs
frame:4289/5479  totaltime:2m51.6004303s  frame time:40.002ms  delay_time:430.3µs
frame:4290/5479  totaltime:2m51.6404584s  frame time:40.0281ms  delay_time:458.4µs
frame:4291/5479  totaltime:2m51.6804319s  frame time:39.9735ms  delay_time:431.9µs
frame:4292/5479  totaltime:2m51.7204585s  frame time:40.0266ms  delay_time:458.5µs
frame:4293/5479  totaltime:2m51.7604582s  frame time:39.9997ms  delay_time:458.2µs
frame:4294/5479  totaltime:2m51.8004327s  frame time:39.9745ms  delay_time:432.7µs
frame:4295/5479  totaltime:2m51.840458s  frame time:40.0253ms  delay_time:458µs
frame:4296/5479  totaltime:2m51.8804303s  frame time:39.9723ms  delay_time:430.3µs
frame:4297/5479  totaltime:2m51.9204643s  frame time:40.034ms  delay_time:464.3µs
frame:4298/5479  totaltime:2m51.9604295s  frame time:39.9652ms  delay_time:429.5µs
frame:4299/5479  totaltime:2m52.0004657s  frame time:40.0362ms  delay_time:465.7µs
frame:4300/5479  totaltime:2m52.0404663s  frame time:40.0006ms  delay_time:466.3µs
frame:4301/5479  totaltime:2m52.0804327s  frame time:39.9664ms  delay_time:432.7µs
frame:4302/5479  totaltime:2m52.1204309s  frame time:39.9982ms  delay_time:430.9µs
frame:4303/5479  totaltime:2m52.1604291s  frame time:39.9982ms  delay_time:429.1µs
frame:4304/5479  totaltime:2m52.2004282s  frame time:39.9991ms  delay_time:428.2µs
frame:4305/5479  totaltime:2m52.2404289s  frame time:40.0007ms  delay_time:428.9µs
frame:4306/5479  totaltime:2m52.2804323s  frame time:40.0034ms  delay_time:432.3µs
frame:4307/5479  totaltime:2m52.3204362s  frame time:40.0039ms  delay_time:436.2µs
frame:4308/5479  totaltime:2m52.3604308s  frame time:39.9946ms  delay_time:430.8µs
frame:4309/5479  totaltime:2m52.4004716s  frame time:40.0408ms  delay_time:471.6µs
frame:4310/5479  totaltime:2m52.4404343s  frame time:39.9627ms  delay_time:434.3µs
frame:4311/5479  totaltime:2m52.4804591s  frame time:40.0248ms  delay_time:459.1µs
frame:4312/5479  totaltime:2m52.5204328s  frame time:39.9737ms  delay_time:432.8µs
frame:4313/5479  totaltime:2m52.5604575s  frame time:40.0247ms  delay_time:457.5µs
frame:4314/5479  totaltime:2m52.6004316s  frame time:39.9741ms  delay_time:431.6µs
frame:4315/5479  totaltime:2m52.6404575s  frame time:40.0259ms  delay_time:457.5µs
frame:4316/5479  totaltime:2m52.6804647s  frame time:40.0072ms  delay_time:464.7µs
frame:4317/5479  totaltime:2m52.7204583s  frame time:39.9936ms  delay_time:458.3µs
frame:4318/5479  totaltime:2m52.7604584s  frame time:40.0001ms  delay_time:458.4µs
frame:4319/5479  totaltime:2m52.800431s  frame time:39.9726ms  delay_time:431µs
frame:4320/5479  totaltime:2m52.8404612s  frame time:40.0302ms  delay_time:461.2µs
frame:4321/5479  totaltime:2m52.8804328s  frame time:39.9716ms  delay_time:432.8µs
frame:4322/5479  totaltime:2m52.9204662s  frame time:40.0334ms  delay_time:466.2µs
frame:4323/5479  totaltime:2m52.9604642s  frame time:39.998ms  delay_time:464.2µs
frame:4324/5479  totaltime:2m53.000431s  frame time:39.9668ms  delay_time:431µs
frame:4325/5479  totaltime:2m53.0404584s  frame time:40.0274ms  delay_time:458.4µs
frame:4326/5479  totaltime:2m53.0804583s  frame time:39.9999ms  delay_time:458.3µs
frame:4327/5479  totaltime:2m53.1204576s  frame time:39.9993ms  delay_time:457.6µs
frame:4328/5479  totaltime:2m53.1604378s  frame time:39.9802ms  delay_time:437.8µs
frame:4329/5479  totaltime:2m53.2004649s  frame time:40.0271ms  delay_time:464.9µs
frame:4330/5479  totaltime:2m53.2404607s  frame time:39.9958ms  delay_time:460.7µs
frame:4331/5479  totaltime:2m53.2804676s  frame time:40.0069ms  delay_time:467.6µs
frame:4332/5479  totaltime:2m53.3204575s  frame time:39.9899ms  delay_time:457.5µs
frame:4333/5479  totaltime:2m53.3604327s  frame time:39.9752ms  delay_time:432.7µs
frame:4334/5479  totaltime:2m53.4004351s  frame time:40.0024ms  delay_time:435.1µs
frame:4335/5479  totaltime:2m53.4404696s  frame time:40.0345ms  delay_time:469.6µs
frame:4336/5479  totaltime:2m53.4804329s  frame time:39.9633ms  delay_time:432.9µs
frame:4337/5479  totaltime:2m53.520433s  frame time:40.0001ms  delay_time:433µs
frame:4338/5479  totaltime:2m53.5604596s  frame time:40.0266ms  delay_time:459.6µs
frame:4339/5479  totaltime:2m53.6004515s  frame time:39.9919ms  delay_time:451.5µs
frame:4340/5479  totaltime:2m53.6404577s  frame time:40.0062ms  delay_time:457.7µs
frame:4341/5479  totaltime:2m53.6804576s  frame time:39.9999ms  delay_time:457.6µs
frame:4342/5479  totaltime:2m53.7204579s  frame time:40.0003ms  delay_time:457.9µs
frame:4343/5479  totaltime:2m53.7604302s  frame time:39.9723ms  delay_time:430.2µs
frame:4344/5479  totaltime:2m53.8004322s  frame time:40.002ms  delay_time:432.2µs
frame:4345/5479  totaltime:2m53.840458s  frame time:40.0258ms  delay_time:458µs
frame:4346/5479  totaltime:2m53.8804323s  frame time:39.9743ms  delay_time:432.3µs
frame:4347/5479  totaltime:2m53.9204691s  frame time:40.0368ms  delay_time:469.1µs
frame:4348/5479  totaltime:2m53.9604293s  frame time:39.9602ms  delay_time:429.3µs
frame:4349/5479  totaltime:2m54.0004646s  frame time:40.0353ms  delay_time:464.6µs
frame:4350/5479  totaltime:2m54.0404292s  frame time:39.9646ms  delay_time:429.2µs
frame:4351/5479  totaltime:2m54.0804332s  frame time:40.004ms  delay_time:433.2µs
frame:4352/5479  totaltime:2m54.1204577s  frame time:40.0245ms  delay_time:457.7µs
frame:4353/5479  totaltime:2m54.1604313s  frame time:39.9736ms  delay_time:431.3µs
frame:4354/5479  totaltime:2m54.2004329s  frame time:40.0016ms  delay_time:432.9µs
frame:4355/5479  totaltime:2m54.2404294s  frame time:39.9965ms  delay_time:429.4µs
frame:4356/5479  totaltime:2m54.2804581s  frame time:40.0287ms  delay_time:458.1µs
frame:4357/5479  totaltime:2m54.3204295s  frame time:39.9714ms  delay_time:429.5µs
frame:4358/5479  totaltime:2m54.3604333s  frame time:40.0038ms  delay_time:433.3µs
frame:4359/5479  totaltime:2m54.4004335s  frame time:40.0002ms  delay_time:433.5µs
frame:4360/5479  totaltime:2m54.4404306s  frame time:39.9971ms  delay_time:430.6µs
frame:4361/5479  totaltime:2m54.4804313s  frame time:40.0007ms  delay_time:431.3µs
frame:4362/5479  totaltime:2m54.5204297s  frame time:39.9984ms  delay_time:429.7µs
frame:4363/5479  totaltime:2m54.5604644s  frame time:40.0347ms  delay_time:464.4µs
frame:4364/5479  totaltime:2m54.6004302s  frame time:39.9658ms  delay_time:430.2µs
frame:4365/5479  totaltime:2m54.6404634s  frame time:40.0332ms  delay_time:463.4µs
frame:4366/5479  totaltime:2m54.6804335s  frame time:39.9701ms  delay_time:433.5µs
frame:4367/5479  totaltime:2m54.720428s  frame time:39.9945ms  delay_time:428µs
frame:4368/5479  totaltime:2m54.7604598s  frame time:40.0318ms  delay_time:459.8µs
frame:4369/5479  totaltime:2m54.8004311s  frame time:39.9713ms  delay_time:431.1µs
frame:4370/5479  totaltime:2m54.8404601s  frame time:40.029ms  delay_time:460.1µs
frame:4371/5479  totaltime:2m54.8804343s  frame time:39.9742ms  delay_time:434.3µs
frame:4372/5479  totaltime:2m54.9204644s  frame time:40.0301ms  delay_time:464.4µs
frame:4373/5479  totaltime:2m54.9604322s  frame time:39.9678ms  delay_time:432.2µs
frame:4374/5479  totaltime:2m55.0004583s  frame time:40.0261ms  delay_time:458.3µs
frame:4375/5479  totaltime:2m55.0404303s  frame time:39.972ms  delay_time:430.3µs
frame:4376/5479  totaltime:2m55.0804335s  frame time:40.0032ms  delay_time:433.5µs
frame:4377/5479  totaltime:2m55.1204294s  frame time:39.9959ms  delay_time:429.4µs
frame:4378/5479  totaltime:2m55.1604328s  frame time:40.0034ms  delay_time:432.8µs
frame:4379/5479  totaltime:2m55.200431s  frame time:39.9982ms  delay_time:431µs
frame:4380/5479  totaltime:2m55.240477s  frame time:40.046ms  delay_time:477µs
frame:4381/5479  totaltime:2m55.2805025s  frame time:40.0255ms  delay_time:502.5µs
frame:4382/5479  totaltime:2m55.320504s  frame time:40.0015ms  delay_time:504µs
frame:4383/5479  totaltime:2m55.360477s  frame time:39.973ms  delay_time:477µs
frame:4384/5479  totaltime:2m55.4005025s  frame time:40.0255ms  delay_time:502.5µs
frame:4385/5479  totaltime:2m55.4404764s  frame time:39.9739ms  delay_time:476.4µs
frame:4386/5479  totaltime:2m55.4805026s  frame time:40.0262ms  delay_time:502.6µs
frame:4387/5479  totaltime:2m55.5205093s  frame time:40.0067ms  delay_time:509.3µs
frame:4388/5479  totaltime:2m55.5605025s  frame time:39.9932ms  delay_time:502.5µs
frame:4389/5479  totaltime:2m55.6004743s  frame time:39.9718ms  delay_time:474.3µs
frame:4390/5479  totaltime:2m55.6405021s  frame time:40.0278ms  delay_time:502.1µs
frame:4391/5479  totaltime:2m55.6805028s  frame time:40.0007ms  delay_time:502.8µs
frame:4392/5479  totaltime:2m55.7205053s  frame time:40.0025ms  delay_time:505.3µs
frame:4393/5479  totaltime:2m55.7605018s  frame time:39.9965ms  delay_time:501.8µs
frame:4394/5479  totaltime:2m55.8004761s  frame time:39.9743ms  delay_time:476.1µs
frame:4395/5479  totaltime:2m55.8405022s  frame time:40.0261ms  delay_time:502.2µs
frame:4396/5479  totaltime:2m55.8804969s  frame time:39.9947ms  delay_time:496.9µs
frame:4397/5479  totaltime:2m55.9205029s  frame time:40.006ms  delay_time:502.9µs
frame:4398/5479  totaltime:2m55.9604964s  frame time:39.9935ms  delay_time:496.4µs
frame:4399/5479  totaltime:2m56.0005022s  frame time:40.0058ms  delay_time:502.2µs
frame:4400/5479  totaltime:2m56.0404754s  frame time:39.9732ms  delay_time:475.4µs
frame:4401/5479  totaltime:2m56.0804785s  frame time:40.0031ms  delay_time:478.5µs
frame:4402/5479  totaltime:2m56.1204952s  frame time:40.0167ms  delay_time:495.2µs
frame:4403/5479  totaltime:2m56.1604738s  frame time:39.9786ms  delay_time:473.8µs
frame:4404/5479  totaltime:2m56.2005026s  frame time:40.0288ms  delay_time:502.6µs
frame:4405/5479  totaltime:2m56.2404981s  frame time:39.9955ms  delay_time:498.1µs
frame:4406/5479  totaltime:2m56.2805023s  frame time:40.0042ms  delay_time:502.3µs
frame:4407/5479  totaltime:2m56.3204749s  frame time:39.9726ms  delay_time:474.9µs
frame:4408/5479  totaltime:2m56.3604771s  frame time:40.0022ms  delay_time:477.1µs
frame:4409/5479  totaltime:2m56.4005002s  frame time:40.0231ms  delay_time:500.2µs
frame:4410/5479  totaltime:2m56.440477s  frame time:39.9768ms  delay_time:477µs
frame:4411/5479  totaltime:2m56.4805024s  frame time:40.0254ms  delay_time:502.4µs
frame:4412/5479  totaltime:2m56.5204769s  frame time:39.9745ms  delay_time:476.9µs
frame:4413/5479  totaltime:2m56.5604731s  frame time:39.9962ms  delay_time:473.1µs
frame:4414/5479  totaltime:2m56.6005053s  frame time:40.0322ms  delay_time:505.3µs
frame:4415/5479  totaltime:2m56.6405108s  frame time:40.0055ms  delay_time:510.8µs
frame:4416/5479  totaltime:2m56.6804771s  frame time:39.9663ms  delay_time:477.1µs
frame:4417/5479  totaltime:2m56.7204769s  frame time:39.9998ms  delay_time:476.9µs
frame:4418/5479  totaltime:2m56.7605021s  frame time:40.0252ms  delay_time:502.1µs
frame:4419/5479  totaltime:2m56.8004961s  frame time:39.994ms  delay_time:496.1µs
frame:4420/5479  totaltime:2m56.8405033s  frame time:40.0072ms  delay_time:503.3µs
frame:4421/5479  totaltime:2m56.8804757s  frame time:39.9724ms  delay_time:475.7µs
frame:4422/5479  totaltime:2m56.9205024s  frame time:40.0267ms  delay_time:502.4µs
frame:4423/5479  totaltime:2m56.9604959s  frame time:39.9935ms  delay_time:495.9µs
frame:4424/5479  totaltime:2m57.0005024s  frame time:40.0065ms  delay_time:502.4µs
frame:4425/5479  totaltime:2m57.0405031s  frame time:40.0007ms  delay_time:503.1µs
frame:4426/5479  totaltime:2m57.0804767s  frame time:39.9736ms  delay_time:476.7µs
frame:4427/5479  totaltime:2m57.1204726s  frame time:39.9959ms  delay_time:472.6µs
frame:4428/5479  totaltime:2m57.1604761s  frame time:40.0035ms  delay_time:476.1µs
frame:4429/5479  totaltime:2m57.2005075s  frame time:40.0314ms  delay_time:507.5µs
frame:4430/5479  totaltime:2m57.2405019s  frame time:39.9944ms  delay_time:501.9µs
frame:4431/5479  totaltime:2m57.2805023s  frame time:40.0004ms  delay_time:502.3µs
frame:4432/5479  totaltime:2m57.3204751s  frame time:39.9728ms  delay_time:475.1µs
frame:4433/5479  totaltime:2m57.3605027s  frame time:40.0276ms  delay_time:502.7µs
frame:4434/5479  totaltime:2m57.4004774s  frame time:39.9747ms  delay_time:477.4µs
frame:4435/5479  totaltime:2m57.4405021s  frame time:40.0247ms  delay_time:502.1µs
frame:4436/5479  totaltime:2m57.480503s  frame time:40.0009ms  delay_time:503µs
frame:4437/5479  totaltime:2m57.520503s  frame time:40ms  delay_time:503µs
frame:4438/5479  totaltime:2m57.5605025s  frame time:39.9995ms  delay_time:502.5µs
frame:4439/5479  totaltime:2m57.6004794s  frame time:39.9769ms  delay_time:479.4µs
frame:4440/5479  totaltime:2m57.6404757s  frame time:39.9963ms  delay_time:475.7µs
frame:4441/5479  totaltime:2m57.6804978s  frame time:40.0221ms  delay_time:497.8µs
frame:4442/5479  totaltime:2m57.7205022s  frame time:40.0044ms  delay_time:502.2µs
frame:4443/5479  totaltime:2m57.7605024s  frame time:40.0002ms  delay_time:502.4µs
frame:4444/5479  totaltime:2m57.8004764s  frame time:39.974ms  delay_time:476.4µs
frame:4445/5479  totaltime:2m57.8404762s  frame time:39.9998ms  delay_time:476.2µs
frame:4446/5479  totaltime:2m57.8804764s  frame time:40.0002ms  delay_time:476.4µs
frame:4447/5479  totaltime:2m57.9205056s  frame time:40.0292ms  delay_time:505.6µs
frame:4448/5479  totaltime:2m57.9604741s  frame time:39.9685ms  delay_time:474.1µs
frame:4449/5479  totaltime:2m58.0005055s  frame time:40.0314ms  delay_time:505.5µs
frame:4450/5479  totaltime:2m58.0404963s  frame time:39.9908ms  delay_time:496.3µs
frame:4451/5479  totaltime:2m58.0804771s  frame time:39.9808ms  delay_time:477.1µs
frame:4452/5479  totaltime:2m58.1205026s  frame time:40.0255ms  delay_time:502.6µs
frame:4453/5479  totaltime:2m58.1604964s  frame time:39.9938ms  delay_time:496.4µs
frame:4454/5479  totaltime:2m58.2004805s  frame time:39.9841ms  delay_time:480.5µs
frame:4455/5479  totaltime:2m58.2405048s  frame time:40.0243ms  delay_time:504.8µs
frame:4456/5479  totaltime:2m58.2805033s  frame time:39.9985ms  delay_time:503.3µs
frame:4457/5479  totaltime:2m58.3204978s  frame time:39.9945ms  delay_time:497.8µs
frame:4458/5479  totaltime:2m58.3605026s  frame time:40.0048ms  delay_time:502.6µs
frame:4459/5479  totaltime:2m58.4004751s  frame time:39.9725ms  delay_time:475.1µs
frame:4460/5479  totaltime:2m58.4404785s  frame time:40.0034ms  delay_time:478.5µs
frame:4461/5479  totaltime:2m58.4805027s  frame time:40.0242ms  delay_time:502.7µs
frame:4462/5479  totaltime:2m58.5204789s  frame time:39.9762ms  delay_time:478.9µs
frame:4463/5479  totaltime:2m58.5605047s  frame time:40.0258ms  delay_time:504.7µs
frame:4464/5479  totaltime:2m58.6005013s  frame time:39.9966ms  delay_time:501.3µs
frame:4465/5479  totaltime:2m58.6405053s  frame time:40.004ms  delay_time:505.3µs
frame:4466/5479  totaltime:2m58.6804968s  frame time:39.9915ms  delay_time:496.8µs
frame:4467/5479  totaltime:2m58.720503s  frame time:40.0062ms  delay_time:503µs
frame:4468/5479  totaltime:2m58.7605087s  frame time:40.0057ms  delay_time:508.7µs
frame:4469/5479  totaltime:2m58.8004976s  frame time:39.9889ms  delay_time:497.6µs
frame:4470/5479  totaltime:2m58.8405025s  frame time:40.0049ms  delay_time:502.5µs
frame:4471/5479  totaltime:2m58.8804747s  frame time:39.9722ms  delay_time:474.7µs
frame:4472/5479  totaltime:2m58.9204758s  frame time:40.0011ms  delay_time:475.8µs
frame:4473/5479  totaltime:2m58.9604761s  frame time:40.0003ms  delay_time:476.1µs
frame:4474/5479  totaltime:2m59.0005025s  frame time:40.0264ms  delay_time:502.5µs
frame:4475/5479  totaltime:2m59.0405029s  frame time:40.0004ms  delay_time:502.9µs
frame:4476/5479  totaltime:2m59.0804819s  frame time:39.979ms  delay_time:481.9µs
frame:4477/5479  totaltime:2m59.1205023s  frame time:40.0204ms  delay_time:502.3µs
frame:4478/5479  totaltime:2m59.1604776s  frame time:39.9753ms  delay_time:477.6µs
frame:4479/5479  totaltime:2m59.2004964s  frame time:40.0188ms  delay_time:496.4µs
frame:4480/5479  totaltime:2m59.240517s  frame time:40.0206ms  delay_time:517µs
frame:4481/5479  totaltime:2m59.2804765s  frame time:39.9595ms  delay_time:476.5µs
frame:4482/5479  totaltime:2m59.3205077s  frame time:40.0312ms  delay_time:507.7µs
frame:4483/5479  totaltime:2m59.3605022s  frame time:39.9945ms  delay_time:502.2µs
frame:4484/5479  totaltime:2m59.4004952s  frame time:39.993ms  delay_time:495.2µs
frame:4485/5479  totaltime:2m59.4404742s  frame time:39.979ms  delay_time:474.2µs
frame:4486/5479  totaltime:2m59.4805109s  frame time:40.0367ms  delay_time:510.9µs
frame:4487/5479  totaltime:2m59.5204773s  frame time:39.9664ms  delay_time:477.3µs
frame:4488/5479  totaltime:2m59.5604952s  frame time:40.0179ms  delay_time:495.2µs
frame:4489/5479  totaltime:2m59.6004749s  frame time:39.9797ms  delay_time:474.9µs
frame:4490/5479  totaltime:2m59.6405098s  frame time:40.0349ms  delay_time:509.8µs
frame:4491/5479  totaltime:2m59.6805075s  frame time:39.9977ms  delay_time:507.5µs
frame:4492/5479  totaltime:2m59.720477s  frame time:39.9695ms  delay_time:477µs
frame:4493/5479  totaltime:2m59.7605026s  frame time:40.0256ms  delay_time:502.6µs
frame:4494/5479  totaltime:2m59.8004751s  frame time:39.9725ms  delay_time:475.1µs
frame:4495/5479  totaltime:2m59.840506s  frame time:40.0309ms  delay_time:506µs
frame:4496/5479  totaltime:2m59.8805028s  frame time:39.9968ms  delay_time:502.8µs
frame:4497/5479  totaltime:2m59.9205057s  frame time:40.0029ms  delay_time:505.7µs
frame:4498/5479  totaltime:2m59.9604814s  frame time:39.9757ms  delay_time:481.4µs
frame:4499/5479  totaltime:3m0.0005071s  frame time:40.0257ms  delay_time:507.1µs
frame:4500/5479  totaltime:3m0.0405106s  frame time:40.0035ms  delay_time:510.6µs
frame:4501/5479  totaltime:3m0.0805027s  frame time:39.9921ms  delay_time:502.7µs
frame:4502/5479  totaltime:3m0.1205216s  frame time:40.0189ms  delay_time:521.6µs
frame:4503/5479  totaltime:3m0.1604753s  frame time:39.9537ms  delay_time:475.3µs
frame:4504/5479  totaltime:3m0.2005027s  frame time:40.0274ms  delay_time:502.7µs
frame:4505/5479  totaltime:3m0.2404973s  frame time:39.9946ms  delay_time:497.3µs
frame:4506/5479  totaltime:3m0.2805029s  frame time:40.0056ms  delay_time:502.9µs
frame:4507/5479  totaltime:3m0.3204754s  frame time:39.9725ms  delay_time:475.4µs
frame:4508/5479  totaltime:3m0.3605049s  frame time:40.0295ms  delay_time:504.9µs
frame:4509/5479  totaltime:3m0.4005024s  frame time:39.9975ms  delay_time:502.4µs
frame:4510/5479  totaltime:3m0.4404764s  frame time:39.974ms  delay_time:476.4µs
frame:4511/5479  totaltime:3m0.4805037s  frame time:40.0273ms  delay_time:503.7µs
frame:4512/5479  totaltime:3m0.5205022s  frame time:39.9985ms  delay_time:502.2µs
frame:4513/5479  totaltime:3m0.5604743s  frame time:39.9721ms  delay_time:474.3µs
frame:4514/5479  totaltime:3m0.6004741s  frame time:39.9998ms  delay_time:474.1µs
frame:4515/5479  totaltime:3m0.640509s  frame time:40.0349ms  delay_time:509µs
frame:4516/5479  totaltime:3m0.6804771s  frame time:39.9681ms  delay_time:477.1µs
frame:4517/5479  totaltime:3m0.7205071s  frame time:40.03ms  delay_time:507.1µs
frame:4518/5479  totaltime:3m0.7604761s  frame time:39.969ms  delay_time:476.1µs
frame:4519/5479  totaltime:3m0.8004759s  frame time:39.9998ms  delay_time:475.9µs
frame:4520/5479  totaltime:3m0.8404753s  frame time:39.9994ms  delay_time:475.3µs
frame:4521/5479  totaltime:3m0.8804766s  frame time:40.0013ms  delay_time:476.6µs
frame:4522/5479  totaltime:3m0.9204772s  frame time:40.0006ms  delay_time:477.2µs
frame:4523/5479  totaltime:3m0.9604762s  frame time:39.999ms  delay_time:476.2µs
frame:4524/5479  totaltime:3m1.0004748s  frame time:39.9986ms  delay_time:474.8µs
frame:4525/5479  totaltime:3m1.0405031s  frame time:40.0283ms  delay_time:503.1µs
frame:4526/5479  totaltime:3m1.0804774s  frame time:39.9743ms  delay_time:477.4µs
frame:4527/5479  totaltime:3m1.1204955s  frame time:40.0181ms  delay_time:495.5µs
frame:4528/5479  totaltime:3m1.1605027s  frame time:40.0072ms  delay_time:502.7µs
frame:4529/5479  totaltime:3m1.2005033s  frame time:40.0006ms  delay_time:503.3µs
frame:4530/5479  totaltime:3m1.2404761s  frame time:39.9728ms  delay_time:476.1µs
frame:4531/5479  totaltime:3m1.2804771s  frame time:40.001ms  delay_time:477.1µs
frame:4532/5479  totaltime:3m1.3204961s  frame time:40.019ms  delay_time:496.1µs
frame:4533/5479  totaltime:3m1.3604733s  frame time:39.9772ms  delay_time:473.3µs
frame:4534/5479  totaltime:3m1.4004744s  frame time:40.0011ms  delay_time:474.4µs
frame:4535/5479  totaltime:3m1.4404729s  frame time:39.9985ms  delay_time:472.9µs
frame:4536/5479  totaltime:3m1.4805021s  frame time:40.0292ms  delay_time:502.1µs
frame:4537/5479  totaltime:3m1.5205076s  frame time:40.0055ms  delay_time:507.6µs
frame:4538/5479  totaltime:3m1.5605036s  frame time:39.996ms  delay_time:503.6µs
frame:4539/5479  totaltime:3m1.6004744s  frame time:39.9708ms  delay_time:474.4µs
frame:4540/5479  totaltime:3m1.6405089s  frame time:40.0345ms  delay_time:508.9µs
frame:4541/5479  totaltime:3m1.6804761s  frame time:39.9672ms  delay_time:476.1µs
frame:4542/5479  totaltime:3m1.7204768s  frame time:40.0007ms  delay_time:476.8µs
frame:4543/5479  totaltime:3m1.7605026s  frame time:40.0258ms  delay_time:502.6µs
frame:4544/5479  totaltime:3m1.8004793s  frame time:39.9767ms  delay_time:479.3µs
frame:4545/5479  totaltime:3m1.8405088s  frame time:40.0295ms  delay_time:508.8µs
frame:4546/5479  totaltime:3m1.8804764s  frame time:39.9676ms  delay_time:476.4µs
frame:4547/5479  totaltime:3m1.920478s  frame time:40.0016ms  delay_time:478µs
frame:4548/5479  totaltime:3m1.9604772s  frame time:39.9992ms  delay_time:477.2µs
frame:4549/5479  totaltime:3m2.0005095s  frame time:40.0323ms  delay_time:509.5µs
frame:4550/5479  totaltime:3m2.0404792s  frame time:39.9697ms  delay_time:479.2µs
frame:4551/5479  totaltime:3m2.0805025s  frame time:40.0233ms  delay_time:502.5µs
frame:4552/5479  totaltime:3m2.1205031s  frame time:40.0006ms  delay_time:503.1µs
frame:4553/5479  totaltime:3m2.1605076s  frame time:40.0045ms  delay_time:507.6µs
frame:4554/5479  totaltime:3m2.2004766s  frame time:39.969ms  delay_time:476.6µs
frame:4555/5479  totaltime:3m2.2405004s  frame time:40.0238ms  delay_time:500.4µs
frame:4556/5479  totaltime:3m2.2805112s  frame time:40.0108ms  delay_time:511.2µs
frame:4557/5479  totaltime:3m2.3204758s  frame time:39.9646ms  delay_time:475.8µs
frame:4558/5479  totaltime:3m2.3605128s  frame time:40.037ms  delay_time:512.8µs
frame:4559/5479  totaltime:3m2.4004726s  frame time:39.9598ms  delay_time:472.6µs
frame:4560/5479  totaltime:3m2.4404795s  frame time:40.0069ms  delay_time:479.5µs
frame:4561/5479  totaltime:3m2.4805058s  frame time:40.0263ms  delay_time:505.8µs
frame:4562/5479  totaltime:3m2.5204955s  frame time:39.9897ms  delay_time:495.5µs
frame:4563/5479  totaltime:3m2.5605031s  frame time:40.0076ms  delay_time:503.1µs
frame:4564/5479  totaltime:3m2.6004761s  frame time:39.973ms  delay_time:476.1µs
frame:4565/5479  totaltime:3m2.640476s  frame time:39.9999ms  delay_time:476µs
frame:4566/5479  totaltime:3m2.6804981s  frame time:40.0221ms  delay_time:498.1µs
frame:4567/5479  totaltime:3m2.7205022s  frame time:40.0041ms  delay_time:502.2µs
frame:4568/5479  totaltime:3m2.7605105s  frame time:40.0083ms  delay_time:510.5µs
frame:4569/5479  totaltime:3m2.8005111s  frame time:40.0006ms  delay_time:511.1µs
frame:4570/5479  totaltime:3m2.8405493s  frame time:40.0382ms  delay_time:549.3µs
frame:4571/5479  totaltime:3m2.8805102s  frame time:39.9609ms  delay_time:510.2µs
frame:4572/5479  totaltime:3m2.9205067s  frame time:39.9965ms  delay_time:506.7µs
frame:4573/5479  totaltime:3m2.9605068s  frame time:40.0001ms  delay_time:506.8µs
frame:4574/5479  totaltime:3m3.0005067s  frame time:39.9999ms  delay_time:506.7µs
frame:4575/5479  totaltime:3m3.0405081s  frame time:40.0014ms  delay_time:508.1µs
frame:4576/5479  totaltime:3m3.0805086s  frame time:40.0005ms  delay_time:508.6µs
frame:4577/5479  totaltime:3m3.1205068s  frame time:39.9982ms  delay_time:506.8µs
frame:4578/5479  totaltime:3m3.1605082s  frame time:40.0014ms  delay_time:508.2µs
frame:4579/5479  totaltime:3m3.2005068s  frame time:39.9986ms  delay_time:506.8µs
frame:4580/5479  totaltime:3m3.2405072s  frame time:40.0004ms  delay_time:507.2µs
frame:4581/5479  totaltime:3m3.2805067s  frame time:39.9995ms  delay_time:506.7µs
frame:4582/5479  totaltime:3m3.3205073s  frame time:40.0006ms  delay_time:507.3µs
frame:4583/5479  totaltime:3m3.3605096s  frame time:40.0023ms  delay_time:509.6µs
frame:4584/5479  totaltime:3m3.4005066s  frame time:39.997ms  delay_time:506.6µs
frame:4585/5479  totaltime:3m3.4405068s  frame time:40.0002ms  delay_time:506.8µs
frame:4586/5479  totaltime:3m3.4805088s  frame time:40.002ms  delay_time:508.8µs
frame:4587/5479  totaltime:3m3.520536s  frame time:40.0272ms  delay_time:536µs
frame:4588/5479  totaltime:3m3.5605362s  frame time:40.0002ms  delay_time:536.2µs
frame:4589/5479  totaltime:3m3.6005367s  frame time:40.0005ms  delay_time:536.7µs
frame:4590/5479  totaltime:3m3.6405072s  frame time:39.9705ms  delay_time:507.2µs
frame:4591/5479  totaltime:3m3.6805387s  frame time:40.0315ms  delay_time:538.7µs
frame:4592/5479  totaltime:3m3.7205375s  frame time:39.9988ms  delay_time:537.5µs
frame:4593/5479  totaltime:3m3.7605294s  frame time:39.9919ms  delay_time:529.4µs
frame:4594/5479  totaltime:3m3.800512s  frame time:39.9826ms  delay_time:512µs
frame:4595/5479  totaltime:3m3.8405434s  frame time:40.0314ms  delay_time:543.4µs
frame:4596/5479  totaltime:3m3.8805414s  frame time:39.998ms  delay_time:541.4µs
frame:4597/5479  totaltime:3m3.9205411s  frame time:39.9997ms  delay_time:541.1µs
frame:4598/5479  totaltime:3m3.9605067s  frame time:39.9656ms  delay_time:506.7µs
frame:4599/5479  totaltime:3m4.0005342s  frame time:40.0275ms  delay_time:534.2µs
frame:4600/5479  totaltime:3m4.0405362s  frame time:40.002ms  delay_time:536.2µs
frame:4601/5479  totaltime:3m4.0805476s  frame time:40.0114ms  delay_time:547.6µs
frame:4602/5479  totaltime:3m4.1205291s  frame time:39.9815ms  delay_time:529.1µs
frame:4603/5479  totaltime:3m4.1605366s  frame time:40.0075ms  delay_time:536.6µs
frame:4604/5479  totaltime:3m4.2005066s  frame time:39.97ms  delay_time:506.6µs
frame:4605/5479  totaltime:3m4.2405279s  frame time:40.0213ms  delay_time:527.9µs
frame:4606/5479  totaltime:3m4.2805369s  frame time:40.009ms  delay_time:536.9µs
frame:4607/5479  totaltime:3m4.3205096s  frame time:39.9727ms  delay_time:509.6µs
frame:4608/5479  totaltime:3m4.3605108s  frame time:40.0012ms  delay_time:510.8µs
frame:4609/5479  totaltime:3m4.4005361s  frame time:40.0253ms  delay_time:536.1µs
frame:4610/5479  totaltime:3m4.440511s  frame time:39.9749ms  delay_time:511µs
frame:4611/5479  totaltime:3m4.4805368s  frame time:40.0258ms  delay_time:536.8µs
frame:4612/5479  totaltime:3m4.520537s  frame time:40.0002ms  delay_time:537µs
frame:4613/5479  totaltime:3m4.5605365s  frame time:39.9995ms  delay_time:536.5µs
frame:4614/5479  totaltime:3m4.6005369s  frame time:40.0004ms  delay_time:536.9µs
frame:4615/5479  totaltime:3m4.640543s  frame time:40.0061ms  delay_time:543µs
frame:4616/5479  totaltime:3m4.6805449s  frame time:40.0019ms  delay_time:544.9µs
frame:4617/5479  totaltime:3m4.7205102s  frame time:39.9653ms  delay_time:510.2µs
frame:4618/5479  totaltime:3m4.7605417s  frame time:40.0315ms  delay_time:541.7µs
frame:4619/5479  totaltime:3m4.8005371s  frame time:39.9954ms  delay_time:537.1µs
frame:4620/5479  totaltime:3m4.8405414s  frame time:40.0043ms  delay_time:541.4µs
frame:4621/5479  totaltime:3m4.8805368s  frame time:39.9954ms  delay_time:536.8µs
frame:4622/5479  totaltime:3m4.9205292s  frame time:39.9924ms  delay_time:529.2µs
frame:4623/5479  totaltime:3m4.9605362s  frame time:40.007ms  delay_time:536.2µs
frame:4624/5479  totaltime:3m5.0005361s  frame time:39.9999ms  delay_time:536.1µs
frame:4625/5479  totaltime:3m5.040536s  frame time:39.9999ms  delay_time:536µs
frame:4626/5479  totaltime:3m5.0805109s  frame time:39.9749ms  delay_time:510.9µs
frame:4627/5479  totaltime:3m5.1205098s  frame time:39.9989ms  delay_time:509.8µs
frame:4628/5479  totaltime:3m5.1605363s  frame time:40.0265ms  delay_time:536.3µs
frame:4629/5479  totaltime:3m5.2005367s  frame time:40.0004ms  delay_time:536.7µs
frame:4630/5479  totaltime:3m5.2405435s  frame time:40.0068ms  delay_time:543.5µs
frame:4631/5479  totaltime:3m5.2805069s  frame time:39.9634ms  delay_time:506.9µs
frame:4632/5479  totaltime:3m5.3205386s  frame time:40.0317ms  delay_time:538.6µs
frame:4633/5479  totaltime:3m5.3605131s  frame time:39.9745ms  delay_time:513.1µs
frame:4634/5479  totaltime:3m5.4005364s  frame time:40.0233ms  delay_time:536.4µs
frame:4635/5479  totaltime:3m5.4405112s  frame time:39.9748ms  delay_time:511.2µs
frame:4636/5479  totaltime:3m5.4805434s  frame time:40.0322ms  delay_time:543.4µs
frame:4637/5479  totaltime:3m5.5205365s  frame time:39.9931ms  delay_time:536.5µs
frame:4638/5479  totaltime:3m5.5605362s  frame time:39.9997ms  delay_time:536.2µs
frame:4639/5479  totaltime:3m5.6005451s  frame time:40.0089ms  delay_time:545.1µs
frame:4640/5479  totaltime:3m5.6405097s  frame time:39.9646ms  delay_time:509.7µs
frame:4641/5479  totaltime:3m5.6805373s  frame time:40.0276ms  delay_time:537.3µs
frame:4642/5479  totaltime:3m5.720536s  frame time:39.9987ms  delay_time:536µs
frame:4643/5479  totaltime:3m5.7605317s  frame time:39.9957ms  delay_time:531.7µs
frame:4644/5479  totaltime:3m5.8005109s  frame time:39.9792ms  delay_time:510.9µs
frame:4645/5479  totaltime:3m5.8405372s  frame time:40.0263ms  delay_time:537.2µs
frame:4646/5479  totaltime:3m5.8805314s  frame time:39.9942ms  delay_time:531.4µs
frame:4647/5479  totaltime:3m5.9205366s  frame time:40.0052ms  delay_time:536.6µs
frame:4648/5479  totaltime:3m5.9605441s  frame time:40.0075ms  delay_time:544.1µs
frame:4649/5479  totaltime:3m6.0005363s  frame time:39.9922ms  delay_time:536.3µs
frame:4650/5479  totaltime:3m6.0405305s  frame time:39.9942ms  delay_time:530.5µs
frame:4651/5479  totaltime:3m6.0805109s  frame time:39.9804ms  delay_time:510.9µs
frame:4652/5479  totaltime:3m6.1205099s  frame time:39.999ms  delay_time:509.9µs
frame:4653/5479  totaltime:3m6.1605431s  frame time:40.0332ms  delay_time:543.1µs
frame:4654/5479  totaltime:3m6.2005068s  frame time:39.9637ms  delay_time:506.8µs
frame:4655/5479  totaltime:3m6.2405344s  frame time:40.0276ms  delay_time:534.4µs
frame:4656/5479  totaltime:3m6.280542s  frame time:40.0076ms  delay_time:542µs
frame:4657/5479  totaltime:3m6.3205306s  frame time:39.9886ms  delay_time:530.6µs
frame:4658/5479  totaltime:3m6.3605108s  frame time:39.9802ms  delay_time:510.8µs
frame:4659/5479  totaltime:3m6.4005363s  frame time:40.0255ms  delay_time:536.3µs
frame:4660/5479  totaltime:3m6.4405438s  frame time:40.0075ms  delay_time:543.8µs
frame:4661/5479  totaltime:3m6.4805424s  frame time:39.9986ms  delay_time:542.4µs
frame:4662/5479  totaltime:3m6.5205449s  frame time:40.0025ms  delay_time:544.9µs
frame:4663/5479  totaltime:3m6.5605361s  frame time:39.9912ms  delay_time:536.1µs
frame:4664/5479  totaltime:3m6.6005325s  frame time:39.9964ms  delay_time:532.5µs
frame:4665/5479  totaltime:3m6.6405366s  frame time:40.0041ms  delay_time:536.6µs
frame:4666/5479  totaltime:3m6.6805427s  frame time:40.0061ms  delay_time:542.7µs
frame:4667/5479  totaltime:3m6.7205102s  frame time:39.9675ms  delay_time:510.2µs
frame:4668/5479  totaltime:3m6.7605427s  frame time:40.0325ms  delay_time:542.7µs
frame:4669/5479  totaltime:3m6.8005092s  frame time:39.9665ms  delay_time:509.2µs
frame:4670/5479  totaltime:3m6.840539s  frame time:40.0298ms  delay_time:539µs
frame:4671/5479  totaltime:3m6.8805372s  frame time:39.9982ms  delay_time:537.2µs
frame:4672/5479  totaltime:3m6.9205384s  frame time:40.0012ms  delay_time:538.4µs
frame:4673/5479  totaltime:3m6.9605434s  frame time:40.005ms  delay_time:543.4µs
frame:4674/5479  totaltime:3m7.0005362s  frame time:39.9928ms  delay_time:536.2µs
frame:4675/5479  totaltime:3m7.0405116s  frame time:39.9754ms  delay_time:511.6µs
frame:4676/5479  totaltime:3m7.0805092s  frame time:39.9976ms  delay_time:509.2µs
frame:4677/5479  totaltime:3m7.1205364s  frame time:40.0272ms  delay_time:536.4µs
frame:4678/5479  totaltime:3m7.1605108s  frame time:39.9744ms  delay_time:510.8µs
frame:4679/5479  totaltime:3m7.2005294s  frame time:40.0186ms  delay_time:529.4µs
frame:4680/5479  totaltime:3m7.2405386s  frame time:40.0092ms  delay_time:538.6µs
frame:4681/5479  totaltime:3m7.2805365s  frame time:39.9979ms  delay_time:536.5µs
frame:4682/5479  totaltime:3m7.3205294s  frame time:39.9929ms  delay_time:529.4µs
frame:4683/5479  totaltime:3m7.3605154s  frame time:39.986ms  delay_time:515.4µs
frame:4684/5479  totaltime:3m7.4005362s  frame time:40.0208ms  delay_time:536.2µs
frame:4685/5479  totaltime:3m7.4405418s  frame time:40.0056ms  delay_time:541.8µs
frame:4686/5479  totaltime:3m7.4805378s  frame time:39.996ms  delay_time:537.8µs
frame:4687/5479  totaltime:3m7.5205398s  frame time:40.002ms  delay_time:539.8µs
frame:4688/5479  totaltime:3m7.5605437s  frame time:40.0039ms  delay_time:543.7µs
frame:4689/5479  totaltime:3m7.6005084s  frame time:39.9647ms  delay_time:508.4µs
frame:4690/5479  totaltime:3m7.6405381s  frame time:40.0297ms  delay_time:538.1µs
frame:4691/5479  totaltime:3m7.680536s  frame time:39.9979ms  delay_time:536µs
frame:4692/5479  totaltime:3m7.7205369s  frame time:40.0009ms  delay_time:536.9µs
frame:4693/5479  totaltime:3m7.7605428s  frame time:40.0059ms  delay_time:542.8µs
frame:4694/5479  totaltime:3m7.8005366s  frame time:39.9938ms  delay_time:536.6µs
frame:4695/5479  totaltime:3m7.8405362s  frame time:39.9996ms  delay_time:536.2µs
frame:4696/5479  totaltime:3m7.8805307s  frame time:39.9945ms  delay_time:530.7µs
frame:4697/5479  totaltime:3m7.9205306s  frame time:39.9999ms  delay_time:530.6µs
frame:4698/5479  totaltime:3m7.9605426s  frame time:40.012ms  delay_time:542.6µs
frame:4699/5479  totaltime:3m8.0005428s  frame time:40.0002ms  delay_time:542.8µs
frame:4700/5479  totaltime:3m8.0405367s  frame time:39.9939ms  delay_time:536.7µs
frame:4701/5479  totaltime:3m8.0805106s  frame time:39.9739ms  delay_time:510.6µs
frame:4702/5479  totaltime:3m8.1205067s  frame time:39.9961ms  delay_time:506.7µs
frame:4703/5479  totaltime:3m8.1605292s  frame time:40.0225ms  delay_time:529.2µs
frame:4704/5479  totaltime:3m8.2005401s  frame time:40.0109ms  delay_time:540.1µs
frame:4705/5479  totaltime:3m8.2405414s  frame time:40.0013ms  delay_time:541.4µs
frame:4706/5479  totaltime:3m8.2805366s  frame time:39.9952ms  delay_time:536.6µs
frame:4707/5479  totaltime:3m8.3205318s  frame time:39.9952ms  delay_time:531.8µs
frame:4708/5479  totaltime:3m8.3605364s  frame time:40.0046ms  delay_time:536.4µs
frame:4709/5479  totaltime:3m8.4005368s  frame time:40.0004ms  delay_time:536.8µs
frame:4710/5479  totaltime:3m8.4405101s  frame time:39.9733ms  delay_time:510.1µs
frame:4711/5479  totaltime:3m8.4805425s  frame time:40.0324ms  delay_time:542.5µs
frame:4712/5479  totaltime:3m8.5205382s  frame time:39.9957ms  delay_time:538.2µs
frame:4713/5479  totaltime:3m8.5605365s  frame time:39.9983ms  delay_time:536.5µs
frame:4714/5479  totaltime:3m8.6005465s  frame time:40.01ms  delay_time:546.5µs
frame:4715/5479  totaltime:3m8.6405376s  frame time:39.9911ms  delay_time:537.6µs
frame:4716/5479  totaltime:3m8.6805428s  frame time:40.0052ms  delay_time:542.8µs
frame:4717/5479  totaltime:3m8.7205292s  frame time:39.9864ms  delay_time:529.2µs
frame:4718/5479  totaltime:3m8.760538s  frame time:40.0088ms  delay_time:538µs
frame:4719/5479  totaltime:3m8.8005424s  frame time:40.0044ms  delay_time:542.4µs
frame:4720/5479  totaltime:3m8.8405378s  frame time:39.9954ms  delay_time:537.8µs
frame:4721/5479  totaltime:3m8.880537s  frame time:39.9992ms  delay_time:537µs
frame:4722/5479  totaltime:3m8.9205428s  frame time:40.0058ms  delay_time:542.8µs
frame:4723/5479  totaltime:3m8.9605428s  frame time:40ms  delay_time:542.8µs
frame:4724/5479  totaltime:3m9.0005136s  frame time:39.9708ms  delay_time:513.6µs
frame:4725/5479  totaltime:3m9.0405121s  frame time:39.9985ms  delay_time:512.1µs
frame:4726/5479  totaltime:3m9.0805171s  frame time:40.005ms  delay_time:517.1µs
frame:4727/5479  totaltime:3m9.1205068s  frame time:39.9897ms  delay_time:506.8µs
frame:4728/5479  totaltime:3m9.1605091s  frame time:40.0023ms  delay_time:509.1µs
frame:4729/5479  totaltime:3m9.200508s  frame time:39.9989ms  delay_time:508µs
frame:4730/5479  totaltime:3m9.2405297s  frame time:40.0217ms  delay_time:529.7µs
frame:4731/5479  totaltime:3m9.2805073s  frame time:39.9776ms  delay_time:507.3µs
frame:4732/5479  totaltime:3m9.3205068s  frame time:39.9995ms  delay_time:506.8µs
frame:4733/5479  totaltime:3m9.3605306s  frame time:40.0238ms  delay_time:530.6µs
frame:4734/5479  totaltime:3m9.4005349s  frame time:40.0043ms  delay_time:534.9µs
frame:4735/5479  totaltime:3m9.4405114s  frame time:39.9765ms  delay_time:511.4µs
frame:4736/5479  totaltime:3m9.4805529s  frame time:40.0415ms  delay_time:552.9µs
frame:4737/5479  totaltime:3m9.520536s  frame time:39.9831ms  delay_time:536µs
frame:4738/5479  totaltime:3m9.5605429s  frame time:40.0069ms  delay_time:542.9µs
frame:4739/5479  totaltime:3m9.6005331s  frame time:39.9902ms  delay_time:533.1µs
frame:4740/5479  totaltime:3m9.6405311s  frame time:39.998ms  delay_time:531.1µs
frame:4741/5479  totaltime:3m9.6805365s  frame time:40.0054ms  delay_time:536.5µs
frame:4742/5479  totaltime:3m9.7205113s  frame time:39.9748ms  delay_time:511.3µs
frame:4743/5479  totaltime:3m9.7605369s  frame time:40.0256ms  delay_time:536.9µs
frame:4744/5479  totaltime:3m9.8005119s  frame time:39.975ms  delay_time:511.9µs
frame:4745/5479  totaltime:3m9.8405068s  frame time:39.9949ms  delay_time:506.8µs
frame:4746/5479  totaltime:3m9.8805078s  frame time:40.001ms  delay_time:507.8µs
frame:4747/5479  totaltime:3m9.9205067s  frame time:39.9989ms  delay_time:506.7µs
frame:4748/5479  totaltime:3m9.9605075s  frame time:40.0008ms  delay_time:507.5µs
frame:4749/5479  totaltime:3m10.0005068s  frame time:39.9993ms  delay_time:506.8µs
frame:4750/5479  totaltime:3m10.0405075s  frame time:40.0007ms  delay_time:507.5µs
frame:4751/5479  totaltime:3m10.0805077s  frame time:40.0002ms  delay_time:507.7µs
frame:4752/5479  totaltime:3m10.120509s  frame time:40.0013ms  delay_time:509µs
frame:4753/5479  totaltime:3m10.1605068s  frame time:39.9978ms  delay_time:506.8µs
frame:4754/5479  totaltime:3m10.2005073s  frame time:40.0005ms  delay_time:507.3µs
frame:4755/5479  totaltime:3m10.2405067s  frame time:39.9994ms  delay_time:506.7µs
frame:4756/5479  totaltime:3m10.2805083s  frame time:40.0016ms  delay_time:508.3µs
frame:4757/5479  totaltime:3m10.3205068s  frame time:39.9985ms  delay_time:506.8µs
frame:4758/5479  totaltime:3m10.360507s  frame time:40.0002ms  delay_time:507µs
frame:4759/5479  totaltime:3m10.4005068s  frame time:39.9998ms  delay_time:506.8µs
frame:4760/5479  totaltime:3m10.4405087s  frame time:40.0019ms  delay_time:508.7µs
frame:4761/5479  totaltime:3m10.4805096s  frame time:40.0009ms  delay_time:509.6µs
frame:4762/5479  totaltime:3m10.520507s  frame time:39.9974ms  delay_time:507µs
frame:4763/5479  totaltime:3m10.5605067s  frame time:39.9997ms  delay_time:506.7µs
frame:4764/5479  totaltime:3m10.6005082s  frame time:40.0015ms  delay_time:508.2µs
frame:4765/5479  totaltime:3m10.6405067s  frame time:39.9985ms  delay_time:506.7µs
frame:4766/5479  totaltime:3m10.6805087s  frame time:40.002ms  delay_time:508.7µs
frame:4767/5479  totaltime:3m10.7205085s  frame time:39.9998ms  delay_time:508.5µs
frame:4768/5479  totaltime:3m10.7605074s  frame time:39.9989ms  delay_time:507.4µs
frame:4769/5479  totaltime:3m10.8005072s  frame time:39.9998ms  delay_time:507.2µs
frame:4770/5479  totaltime:3m10.8405074s  frame time:40.0002ms  delay_time:507.4µs
frame:4771/5479  totaltime:3m10.8805131s  frame time:40.0057ms  delay_time:513.1µs
frame:4772/5479  totaltime:3m10.9205067s  frame time:39.9936ms  delay_time:506.7µs
frame:4773/5479  totaltime:3m10.9605067s  frame time:40ms  delay_time:506.7µs
frame:4774/5479  totaltime:3m11.0005072s  frame time:40.0005ms  delay_time:507.2µs
frame:4775/5479  totaltime:3m11.0405067s  frame time:39.9995ms  delay_time:506.7µs
frame:4776/5479  totaltime:3m11.0805079s  frame time:40.0012ms  delay_time:507.9µs
frame:4777/5479  totaltime:3m11.1205068s  frame time:39.9989ms  delay_time:506.8µs
frame:4778/5479  totaltime:3m11.1605067s  frame time:39.9999ms  delay_time:506.7µs
frame:4779/5479  totaltime:3m11.2005082s  frame time:40.0015ms  delay_time:508.2µs
frame:4780/5479  totaltime:3m11.2405085s  frame time:40.0003ms  delay_time:508.5µs
frame:4781/5479  totaltime:3m11.2805373s  frame time:40.0288ms  delay_time:537.3µs
frame:4782/5479  totaltime:3m11.3205363s  frame time:39.999ms  delay_time:536.3µs
frame:4783/5479  totaltime:3m11.3605361s  frame time:39.9998ms  delay_time:536.1µs
frame:4784/5479  totaltime:3m11.4005392s  frame time:40.0031ms  delay_time:539.2µs
frame:4785/5479  totaltime:3m11.4405418s  frame time:40.0026ms  delay_time:541.8µs
frame:4786/5479  totaltime:3m11.4805465s  frame time:40.0047ms  delay_time:546.5µs
frame:4787/5479  totaltime:3m11.52053s  frame time:39.9835ms  delay_time:530µs
frame:4788/5479  totaltime:3m11.5605405s  frame time:40.0105ms  delay_time:540.5µs
frame:4789/5479  totaltime:3m11.6005321s  frame time:39.9916ms  delay_time:532.1µs
frame:4790/5479  totaltime:3m11.640537s  frame time:40.0049ms  delay_time:537µs
frame:4791/5479  totaltime:3m11.6805385s  frame time:40.0015ms  delay_time:538.5µs
frame:4792/5479  totaltime:3m11.7205434s  frame time:40.0049ms  delay_time:543.4µs
frame:4793/5479  totaltime:3m11.7605425s  frame time:39.9991ms  delay_time:542.5µs
frame:4794/5479  totaltime:3m11.8005379s  frame time:39.9954ms  delay_time:537.9µs
frame:4795/5479  totaltime:3m11.8405443s  frame time:40.0064ms  delay_time:544.3µs
frame:4796/5479  totaltime:3m11.8805128s  frame time:39.9685ms  delay_time:512.8µs
frame:4797/5479  totaltime:3m11.9205361s  frame time:40.0233ms  delay_time:536.1µs
frame:4798/5479  totaltime:3m11.9605411s  frame time:40.005ms  delay_time:541.1µs
frame:4799/5479  totaltime:3m12.0005302s  frame time:39.9891ms  delay_time:530.2µs
frame:4800/5479  totaltime:3m12.040536s  frame time:40.0058ms  delay_time:536µs
frame:4801/5479  totaltime:3m12.0805108s  frame time:39.9748ms  delay_time:510.8µs
frame:4802/5479  totaltime:3m12.1205089s  frame time:39.9981ms  delay_time:508.9µs
frame:4803/5479  totaltime:3m12.1605292s  frame time:40.0203ms  delay_time:529.2µs
frame:4804/5479  totaltime:3m12.2005292s  frame time:40ms  delay_time:529.2µs
frame:4805/5479  totaltime:3m12.240539s  frame time:40.0098ms  delay_time:539µs
frame:4806/5479  totaltime:3m12.2805368s  frame time:39.9978ms  delay_time:536.8µs
frame:4807/5479  totaltime:3m12.3205369s  frame time:40.0001ms  delay_time:536.9µs
frame:4808/5479  totaltime:3m12.3605361s  frame time:39.9992ms  delay_time:536.1µs
frame:4809/5479  totaltime:3m12.4005358s  frame time:39.9997ms  delay_time:535.8µs
frame:4810/5479  totaltime:3m12.4405108s  frame time:39.975ms  delay_time:510.8µs
frame:4811/5479  totaltime:3m12.4805388s  frame time:40.028ms  delay_time:538.8µs
frame:4812/5479  totaltime:3m12.5205096s  frame time:39.9708ms  delay_time:509.6µs
frame:4813/5479  totaltime:3m12.5605324s  frame time:40.0228ms  delay_time:532.4µs
frame:4814/5479  totaltime:3m12.6005109s  frame time:39.9785ms  delay_time:510.9µs
frame:4815/5479  totaltime:3m12.6405359s  frame time:40.025ms  delay_time:535.9µs
frame:4816/5479  totaltime:3m12.6805119s  frame time:39.976ms  delay_time:511.9µs
frame:4817/5479  totaltime:3m12.7205434s  frame time:40.0315ms  delay_time:543.4µs
frame:4818/5479  totaltime:3m12.7605084s  frame time:39.965ms  delay_time:508.4µs
frame:4819/5479  totaltime:3m12.8005093s  frame time:40.0009ms  delay_time:509.3µs
frame:4820/5479  totaltime:3m12.840536s  frame time:40.0267ms  delay_time:536µs
frame:4821/5479  totaltime:3m12.880511s  frame time:39.975ms  delay_time:511µs
frame:4822/5479  totaltime:3m12.9205297s  frame time:40.0187ms  delay_time:529.7µs
frame:4823/5479  totaltime:3m12.9605109s  frame time:39.9812ms  delay_time:510.9µs
frame:4824/5479  totaltime:3m13.0005368s  frame time:40.0259ms  delay_time:536.8µs
frame:4825/5479  totaltime:3m13.0405292s  frame time:39.9924ms  delay_time:529.2µs
frame:4826/5479  totaltime:3m13.0805117s  frame time:39.9825ms  delay_time:511.7µs
frame:4827/5479  totaltime:3m13.1205386s  frame time:40.0269ms  delay_time:538.6µs
frame:4828/5479  totaltime:3m13.1605415s  frame time:40.0029ms  delay_time:541.5µs
frame:4829/5479  totaltime:3m13.2005372s  frame time:39.9957ms  delay_time:537.2µs
frame:4830/5479  totaltime:3m13.240537s  frame time:39.9998ms  delay_time:537µs
frame:4831/5479  totaltime:3m13.2805432s  frame time:40.0062ms  delay_time:543.2µs
frame:4832/5479  totaltime:3m13.32051s  frame time:39.9668ms  delay_time:510µs
frame:4833/5479  totaltime:3m13.360513s  frame time:40.003ms  delay_time:513µs
frame:4834/5479  totaltime:3m13.4005076s  frame time:39.9946ms  delay_time:507.6µs
frame:4835/5479  totaltime:3m13.4405102s  frame time:40.0026ms  delay_time:510.2µs
frame:4836/5479  totaltime:3m13.4805426s  frame time:40.0324ms  delay_time:542.6µs
frame:4837/5479  totaltime:3m13.5205373s  frame time:39.9947ms  delay_time:537.3µs
frame:4838/5479  totaltime:3m13.5605104s  frame time:39.9731ms  delay_time:510.4µs
frame:4839/5479  totaltime:3m13.6005082s  frame time:39.9978ms  delay_time:508.2µs
frame:4840/5479  totaltime:3m13.6405292s  frame time:40.021ms  delay_time:529.2µs
frame:4841/5479  totaltime:3m13.6805367s  frame time:40.0075ms  delay_time:536.7µs
frame:4842/5479  totaltime:3m13.720548s  frame time:40.0113ms  delay_time:548µs
frame:4843/5479  totaltime:3m13.7605365s  frame time:39.9885ms  delay_time:536.5µs
frame:4844/5479  totaltime:3m13.8005439s  frame time:40.0074ms  delay_time:543.9µs
frame:4845/5479  totaltime:3m13.8405476s  frame time:40.0037ms  delay_time:547.6µs
frame:4846/5479  totaltime:3m13.8805487s  frame time:40.0011ms  delay_time:548.7µs
frame:4847/5479  totaltime:3m13.9205096s  frame time:39.9609ms  delay_time:509.6µs
frame:4848/5479  totaltime:3m13.9605138s  frame time:40.0042ms  delay_time:513.8µs
frame:4849/5479  totaltime:3m14.0005363s  frame time:40.0225ms  delay_time:536.3µs
frame:4850/5479  totaltime:3m14.040514s  frame time:39.9777ms  delay_time:514µs
frame:4851/5479  totaltime:3m14.0805111s  frame time:39.9971ms  delay_time:511.1µs
frame:4852/5479  totaltime:3m14.1205378s  frame time:40.0267ms  delay_time:537.8µs
frame:4853/5479  totaltime:3m14.1605329s  frame time:39.9951ms  delay_time:532.9µs
frame:4854/5479  totaltime:3m14.2005088s  frame time:39.9759ms  delay_time:508.8µs
frame:4855/5479  totaltime:3m14.2405307s  frame time:40.0219ms  delay_time:530.7µs
frame:4856/5479  totaltime:3m14.2805375s  frame time:40.0068ms  delay_time:537.5µs
frame:4857/5479  totaltime:3m14.3205082s  frame time:39.9707ms  delay_time:508.2µs
frame:4858/5479  totaltime:3m14.3605428s  frame time:40.0346ms  delay_time:542.8µs
frame:4859/5479  totaltime:3m14.4005455s  frame time:40.0027ms  delay_time:545.5µs
frame:4860/5479  totaltime:3m14.4405074s  frame time:39.9619ms  delay_time:507.4µs
frame:4861/5479  totaltime:3m14.4805369s  frame time:40.0295ms  delay_time:536.9µs
frame:4862/5479  totaltime:3m14.5205083s  frame time:39.9714ms  delay_time:508.3µs
frame:4863/5479  totaltime:3m14.5605106s  frame time:40.0023ms  delay_time:510.6µs
frame:4864/5479  totaltime:3m14.6005088s  frame time:39.9982ms  delay_time:508.8µs
frame:4865/5479  totaltime:3m14.6405083s  frame time:39.9995ms  delay_time:508.3µs
frame:4866/5479  totaltime:3m14.6805117s  frame time:40.0034ms  delay_time:511.7µs
frame:4867/5479  totaltime:3m14.7205117s  frame time:40ms  delay_time:511.7µs
frame:4868/5479  totaltime:3m14.7605103s  frame time:39.9986ms  delay_time:510.3µs
frame:4869/5479  totaltime:3m14.8005099s  frame time:39.9996ms  delay_time:509.9µs
frame:4870/5479  totaltime:3m14.840512s  frame time:40.0021ms  delay_time:512µs
frame:4871/5479  totaltime:3m14.8805443s  frame time:40.0323ms  delay_time:544.3µs
frame:4872/5479  totaltime:3m14.9205445s  frame time:40.0002ms  delay_time:544.5µs
frame:4873/5479  totaltime:3m14.9605344s  frame time:39.9899ms  delay_time:534.4µs
frame:4874/5479  totaltime:3m15.0005364s  frame time:40.002ms  delay_time:536.4µs
frame:4875/5479  totaltime:3m15.0405368s  frame time:40.0004ms  delay_time:536.8µs
frame:4876/5479  totaltime:3m15.080537s  frame time:40.0002ms  delay_time:537µs
frame:4877/5479  totaltime:3m15.1205433s  frame time:40.0063ms  delay_time:543.3µs
frame:4878/5479  totaltime:3m15.1605419s  frame time:39.9986ms  delay_time:541.9µs
frame:4879/5479  totaltime:3m15.2005094s  frame time:39.9675ms  delay_time:509.4µs
frame:4880/5479  totaltime:3m15.240544s  frame time:40.0346ms  delay_time:544µs
frame:4881/5479  totaltime:3m15.2805363s  frame time:39.9923ms  delay_time:536.3µs
frame:4882/5479  totaltime:3m15.3205366s  frame time:40.0003ms  delay_time:536.6µs
frame:4883/5479  totaltime:3m15.3605363s  frame time:39.9997ms  delay_time:536.3µs
frame:4884/5479  totaltime:3m15.4005362s  frame time:39.9999ms  delay_time:536.2µs
frame:4885/5479  totaltime:3m15.4405413s  frame time:40.0051ms  delay_time:541.3µs
frame:4886/5479  totaltime:3m15.4805425s  frame time:40.0012ms  delay_time:542.5µs
frame:4887/5479  totaltime:3m15.520537s  frame time:39.9945ms  delay_time:537µs
frame:4888/5479  totaltime:3m15.5605086s  frame time:39.9716ms  delay_time:508.6µs
frame:4889/5479  totaltime:3m15.6005108s  frame time:40.0022ms  delay_time:510.8µs
frame:4890/5479  totaltime:3m15.6405433s  frame time:40.0325ms  delay_time:543.3µs
frame:4891/5479  totaltime:3m15.6805367s  frame time:39.9934ms  delay_time:536.7µs
frame:4892/5479  totaltime:3m15.7205334s  frame time:39.9967ms  delay_time:533.4µs
frame:4893/5479  totaltime:3m15.7605428s  frame time:40.0094ms  delay_time:542.8µs
frame:4894/5479  totaltime:3m15.8005363s  frame time:39.9935ms  delay_time:536.3µs
frame:4895/5479  totaltime:3m15.8405071s  frame time:39.9708ms  delay_time:507.1µs
frame:4896/5479  totaltime:3m15.88051s  frame time:40.0029ms  delay_time:510µs
frame:4897/5479  totaltime:3m15.9205363s  frame time:40.0263ms  delay_time:536.3µs
frame:4898/5479  totaltime:3m15.9605364s  frame time:40.0001ms  delay_time:536.4µs
frame:4899/5479  totaltime:3m16.0005362s  frame time:39.9998ms  delay_time:536.2µs
frame:4900/5479  totaltime:3m16.0405377s  frame time:40.0015ms  delay_time:537.7µs
frame:4901/5479  totaltime:3m16.0805106s  frame time:39.9729ms  delay_time:510.6µs
frame:4902/5479  totaltime:3m16.1205362s  frame time:40.0256ms  delay_time:536.2µs
frame:4903/5479  totaltime:3m16.1605367s  frame time:40.0005ms  delay_time:536.7µs
frame:4904/5479  totaltime:3m16.2005365s  frame time:39.9998ms  delay_time:536.5µs
frame:4905/5479  totaltime:3m16.2405364s  frame time:39.9999ms  delay_time:536.4µs
frame:4906/5479  totaltime:3m16.280537s  frame time:40.0006ms  delay_time:537µs
frame:4907/5479  totaltime:3m16.3205288s  frame time:39.9918ms  delay_time:528.8µs
frame:4908/5479  totaltime:3m16.3605425s  frame time:40.0137ms  delay_time:542.5µs
frame:4909/5479  totaltime:3m16.4005416s  frame time:39.9991ms  delay_time:541.6µs
frame:4910/5479  totaltime:3m16.440511s  frame time:39.9694ms  delay_time:511µs
frame:4911/5479  totaltime:3m16.4805444s  frame time:40.0334ms  delay_time:544.4µs
frame:4912/5479  totaltime:3m16.5205418s  frame time:39.9974ms  delay_time:541.8µs
frame:4913/5479  totaltime:3m16.5605362s  frame time:39.9944ms  delay_time:536.2µs
frame:4914/5479  totaltime:3m16.6005083s  frame time:39.9721ms  delay_time:508.3µs
frame:4915/5479  totaltime:3m16.6405366s  frame time:40.0283ms  delay_time:536.6µs
frame:4916/5479  totaltime:3m16.6805449s  frame time:40.0083ms  delay_time:544.9µs
frame:4917/5479  totaltime:3m16.7205341s  frame time:39.9892ms  delay_time:534.1µs
frame:4918/5479  totaltime:3m16.7605306s  frame time:39.9965ms  delay_time:530.6µs
frame:4919/5479  totaltime:3m16.8005365s  frame time:40.0059ms  delay_time:536.5µs
frame:4920/5479  totaltime:3m16.8405366s  frame time:40.0001ms  delay_time:536.6µs
frame:4921/5479  totaltime:3m16.8805371s  frame time:40.0005ms  delay_time:537.1µs
frame:4922/5479  totaltime:3m16.9205066s  frame time:39.9695ms  delay_time:506.6µs
frame:4923/5479  totaltime:3m16.9605067s  frame time:40.0001ms  delay_time:506.7µs
frame:4924/5479  totaltime:3m17.0005072s  frame time:40.0005ms  delay_time:507.2µs
frame:4925/5479  totaltime:3m17.0405102s  frame time:40.003ms  delay_time:510.2µs
frame:4926/5479  totaltime:3m17.0805073s  frame time:39.9971ms  delay_time:507.3µs
frame:4927/5479  totaltime:3m17.1205071s  frame time:39.9998ms  delay_time:507.1µs
frame:4928/5479  totaltime:3m17.160507s  frame time:39.9999ms  delay_time:507µs
frame:4929/5479  totaltime:3m17.2005066s  frame time:39.9996ms  delay_time:506.6µs
frame:4930/5479  totaltime:3m17.2405066s  frame time:40ms  delay_time:506.6µs
frame:4931/5479  totaltime:3m17.2805086s  frame time:40.002ms  delay_time:508.6µs
frame:4932/5479  totaltime:3m17.3205067s  frame time:39.9981ms  delay_time:506.7µs
frame:4933/5479  totaltime:3m17.3605069s  frame time:40.0002ms  delay_time:506.9µs
frame:4934/5479  totaltime:3m17.4005088s  frame time:40.0019ms  delay_time:508.8µs
frame:4935/5479  totaltime:3m17.4405068s  frame time:39.998ms  delay_time:506.8µs
frame:4936/5479  totaltime:3m17.4805069s  frame time:40.0001ms  delay_time:506.9µs
frame:4937/5479  totaltime:3m17.5205085s  frame time:40.0016ms  delay_time:508.5µs
frame:4938/5479  totaltime:3m17.5605071s  frame time:39.9986ms  delay_time:507.1µs
frame:4939/5479  totaltime:3m17.6005362s  frame time:40.0291ms  delay_time:536.2µs
frame:4940/5479  totaltime:3m17.6405378s  frame time:40.0016ms  delay_time:537.8µs
frame:4941/5479  totaltime:3m17.6805364s  frame time:39.9986ms  delay_time:536.4µs
frame:4942/5479  totaltime:3m17.7205111s  frame time:39.9747ms  delay_time:511.1µs
frame:4943/5479  totaltime:3m17.7605374s  frame time:40.0263ms  delay_time:537.4µs
frame:4944/5479  totaltime:3m17.8005091s  frame time:39.9717ms  delay_time:509.1µs
frame:4945/5479  totaltime:3m17.8405426s  frame time:40.0335ms  delay_time:542.6µs
frame:4946/5479  totaltime:3m17.8805068s  frame time:39.9642ms  delay_time:506.8µs
frame:4947/5479  totaltime:3m17.9205362s  frame time:40.0294ms  delay_time:536.2µs
frame:4948/5479  totaltime:3m17.9605364s  frame time:40.0002ms  delay_time:536.4µs
frame:4949/5479  totaltime:3m18.0005365s  frame time:40.0001ms  delay_time:536.5µs
frame:4950/5479  totaltime:3m18.0405115s  frame time:39.975ms  delay_time:511.5µs
frame:4951/5479  totaltime:3m18.0805155s  frame time:40.004ms  delay_time:515.5µs
frame:4952/5479  totaltime:3m18.1205067s  frame time:39.9912ms  delay_time:506.7µs
frame:4953/5479  totaltime:3m18.1605083s  frame time:40.0016ms  delay_time:508.3µs
frame:4954/5479  totaltime:3m18.2005361s  frame time:40.0278ms  delay_time:536.1µs
frame:4955/5479  totaltime:3m18.240532s  frame time:39.9959ms  delay_time:532µs
frame:4956/5479  totaltime:3m18.2805365s  frame time:40.0045ms  delay_time:536.5µs
frame:4957/5479  totaltime:3m18.3205291s  frame time:39.9926ms  delay_time:529.1µs
frame:4958/5479  totaltime:3m18.3605365s  frame time:40.0074ms  delay_time:536.5µs
frame:4959/5479  totaltime:3m18.4005463s  frame time:40.0098ms  delay_time:546.3µs
frame:4960/5479  totaltime:3m18.4405108s  frame time:39.9645ms  delay_time:510.8µs
frame:4961/5479  totaltime:3m18.4805308s  frame time:40.02ms  delay_time:530.8µs
frame:4962/5479  totaltime:3m18.5205319s  frame time:40.0011ms  delay_time:531.9µs
frame:4963/5479  totaltime:3m18.5605124s  frame time:39.9805ms  delay_time:512.4µs
frame:4964/5479  totaltime:3m18.6005083s  frame time:39.9959ms  delay_time:508.3µs
frame:4965/5479  totaltime:3m18.6405364s  frame time:40.0281ms  delay_time:536.4µs
frame:4966/5479  totaltime:3m18.6805079s  frame time:39.9715ms  delay_time:507.9µs
frame:4967/5479  totaltime:3m18.7205108s  frame time:40.0029ms  delay_time:510.8µs
frame:4968/5479  totaltime:3m18.7605387s  frame time:40.0279ms  delay_time:538.7µs
frame:4969/5479  totaltime:3m18.800509s  frame time:39.9703ms  delay_time:509µs
frame:4970/5479  totaltime:3m18.8405096s  frame time:40.0006ms  delay_time:509.6µs
frame:4971/5479  totaltime:3m18.88051s  frame time:40.0004ms  delay_time:510µs
frame:4972/5479  totaltime:3m18.920536s  frame time:40.026ms  delay_time:536µs
frame:4973/5479  totaltime:3m18.9605089s  frame time:39.9729ms  delay_time:508.9µs
frame:4974/5479  totaltime:3m19.0005426s  frame time:40.0337ms  delay_time:542.6µs
frame:4975/5479  totaltime:3m19.0405068s  frame time:39.9642ms  delay_time:506.8µs
frame:4976/5479  totaltime:3m19.0805096s  frame time:40.0028ms  delay_time:509.6µs
frame:4977/5479  totaltime:3m19.1205421s  frame time:40.0325ms  delay_time:542.1µs
frame:4978/5479  totaltime:3m19.1605092s  frame time:39.9671ms  delay_time:509.2µs
frame:4979/5479  totaltime:3m19.2005361s  frame time:40.0269ms  delay_time:536.1µs
frame:4980/5479  totaltime:3m19.2405413s  frame time:40.0052ms  delay_time:541.3µs
frame:4981/5479  totaltime:3m19.2805361s  frame time:39.9948ms  delay_time:536.1µs
frame:4982/5479  totaltime:3m19.3205294s  frame time:39.9933ms  delay_time:529.4µs
frame:4983/5479  totaltime:3m19.3605069s  frame time:39.9775ms  delay_time:506.9µs
frame:4984/5479  totaltime:3m19.4005372s  frame time:40.0303ms  delay_time:537.2µs
frame:4985/5479  totaltime:3m19.4405086s  frame time:39.9714ms  delay_time:508.6µs
frame:4986/5479  totaltime:3m19.4805373s  frame time:40.0287ms  delay_time:537.3µs
frame:4987/5479  totaltime:3m19.5205113s  frame time:39.974ms  delay_time:511.3µs
frame:4988/5479  totaltime:3m19.5605095s  frame time:39.9982ms  delay_time:509.5µs
frame:4989/5479  totaltime:3m19.600542s  frame time:40.0325ms  delay_time:542µs
frame:4990/5479  totaltime:3m19.6405104s  frame time:39.9684ms  delay_time:510.4µs
frame:4991/5479  totaltime:3m19.6805434s  frame time:40.033ms  delay_time:543.4µs
frame:4992/5479  totaltime:3m19.7205113s  frame time:39.9679ms  delay_time:511.3µs
frame:4993/5479  totaltime:3m19.7605066s  frame time:39.9953ms  delay_time:506.6µs
frame:4994/5479  totaltime:3m19.800529s  frame time:40.0224ms  delay_time:529µs
frame:4995/5479  totaltime:3m19.8405372s  frame time:40.0082ms  delay_time:537.2µs
frame:4996/5479  totaltime:3m19.8805367s  frame time:39.9995ms  delay_time:536.7µs
frame:4997/5479  totaltime:3m19.9205295s  frame time:39.9928ms  delay_time:529.5µs
frame:4998/5479  totaltime:3m19.960545s  frame time:40.0155ms  delay_time:545µs
frame:4999/5479  totaltime:3m20.0005068s  frame time:39.9618ms  delay_time:506.8µs
frame:5000/5479  totaltime:3m20.0405067s  frame time:39.9999ms  delay_time:506.7µs
frame:5001/5479  totaltime:3m20.0805353s  frame time:40.0286ms  delay_time:535.3µs
frame:5002/5479  totaltime:3m20.1205465s  frame time:40.0112ms  delay_time:546.5µs
frame:5003/5479  totaltime:3m20.1605123s  frame time:39.9658ms  delay_time:512.3µs
frame:5004/5479  totaltime:3m20.2005293s  frame time:40.017ms  delay_time:529.3µs
frame:5005/5479  totaltime:3m20.2405111s  frame time:39.9818ms  delay_time:511.1µs
frame:5006/5479  totaltime:3m20.2805364s  frame time:40.0253ms  delay_time:536.4µs
frame:5007/5479  totaltime:3m20.3205081s  frame time:39.9717ms  delay_time:508.1µs
frame:5008/5479  totaltime:3m20.3605392s  frame time:40.0311ms  delay_time:539.2µs
frame:5009/5479  totaltime:3m20.4005443s  frame time:40.0051ms  delay_time:544.3µs
frame:5010/5479  totaltime:3m20.4405077s  frame time:39.9634ms  delay_time:507.7µs
frame:5011/5479  totaltime:3m20.480537s  frame time:40.0293ms  delay_time:537µs
frame:5012/5479  totaltime:3m20.5205119s  frame time:39.9749ms  delay_time:511.9µs
frame:5013/5479  totaltime:3m20.5605096s  frame time:39.9977ms  delay_time:509.6µs
frame:5014/5479  totaltime:3m20.6005084s  frame time:39.9988ms  delay_time:508.4µs
frame:5015/5479  totaltime:3m20.6405092s  frame time:40.0008ms  delay_time:509.2µs
frame:5016/5479  totaltime:3m20.6805361s  frame time:40.0269ms  delay_time:536.1µs
frame:5017/5479  totaltime:3m20.7205136s  frame time:39.9775ms  delay_time:513.6µs
frame:5018/5479  totaltime:3m20.7605322s  frame time:40.0186ms  delay_time:532.2µs
frame:5019/5479  totaltime:3m20.8005368s  frame time:40.0046ms  delay_time:536.8µs
frame:5020/5479  totaltime:3m20.8405084s  frame time:39.9716ms  delay_time:508.4µs
frame:5021/5479  totaltime:3m20.8805091s  frame time:40.0007ms  delay_time:509.1µs
frame:5022/5479  totaltime:3m20.9205103s  frame time:40.0012ms  delay_time:510.3µs
frame:5023/5479  totaltime:3m20.9605304s  frame time:40.0201ms  delay_time:530.4µs
frame:5024/5479  totaltime:3m21.0005102s  frame time:39.9798ms  delay_time:510.2µs
frame:5025/5479  totaltime:3m21.0405303s  frame time:40.0201ms  delay_time:530.3µs
frame:5026/5479  totaltime:3m21.0805071s  frame time:39.9768ms  delay_time:507.1µs
frame:5027/5479  totaltime:3m21.1205283s  frame time:40.0212ms  delay_time:528.3µs
frame:5028/5479  totaltime:3m21.1605068s  frame time:39.9785ms  delay_time:506.8µs
frame:5029/5479  totaltime:3m21.2005066s  frame time:39.9998ms  delay_time:506.6µs
frame:5030/5479  totaltime:3m21.2405067s  frame time:40.0001ms  delay_time:506.7µs
frame:5031/5479  totaltime:3m21.2805067s  frame time:40ms  delay_time:506.7µs
frame:5032/5479  totaltime:3m21.3205072s  frame time:40.0005ms  delay_time:507.2µs
frame:5033/5479  totaltime:3m21.360537s  frame time:40.0298ms  delay_time:537µs
frame:5034/5479  totaltime:3m21.4005066s  frame time:39.9696ms  delay_time:506.6µs
frame:5035/5479  totaltime:3m21.4405067s  frame time:40.0001ms  delay_time:506.7µs
frame:5036/5479  totaltime:3m21.4805069s  frame time:40.0002ms  delay_time:506.9µs
frame:5037/5479  totaltime:3m21.5205067s  frame time:39.9998ms  delay_time:506.7µs
frame:5038/5479  totaltime:3m21.5605067s  frame time:40ms  delay_time:506.7µs
frame:5039/5479  totaltime:3m21.6005068s  frame time:40.0001ms  delay_time:506.8µs
frame:5040/5479  totaltime:3m21.6405069s  frame time:40.0001ms  delay_time:506.9µs
frame:5041/5479  totaltime:3m21.6805081s  frame time:40.0012ms  delay_time:508.1µs
frame:5042/5479  totaltime:3m21.7205076s  frame time:39.9995ms  delay_time:507.6µs
frame:5043/5479  totaltime:3m21.7605071s  frame time:39.9995ms  delay_time:507.1µs
frame:5044/5479  totaltime:3m21.8005067s  frame time:39.9996ms  delay_time:506.7µs
frame:5045/5479  totaltime:3m21.8405078s  frame time:40.0011ms  delay_time:507.8µs
frame:5046/5479  totaltime:3m21.8805068s  frame time:39.999ms  delay_time:506.8µs
frame:5047/5479  totaltime:3m21.9205067s  frame time:39.9999ms  delay_time:506.7µs
frame:5048/5479  totaltime:3m21.9605068s  frame time:40.0001ms  delay_time:506.8µs
frame:5049/5479  totaltime:3m22.0005067s  frame time:39.9999ms  delay_time:506.7µs
frame:5050/5479  totaltime:3m22.0405086s  frame time:40.0019ms  delay_time:508.6µs
frame:5051/5479  totaltime:3m22.0805072s  frame time:39.9986ms  delay_time:507.2µs
frame:5052/5479  totaltime:3m22.1205069s  frame time:39.9997ms  delay_time:506.9µs
frame:5053/5479  totaltime:3m22.1605071s  frame time:40.0002ms  delay_time:507.1µs
frame:5054/5479  totaltime:3m22.200507s  frame time:39.9999ms  delay_time:507µs
frame:5055/5479  totaltime:3m22.2405078s  frame time:40.0008ms  delay_time:507.8µs
frame:5056/5479  totaltime:3m22.2805077s  frame time:39.9999ms  delay_time:507.7µs
frame:5057/5479  totaltime:3m22.3205076s  frame time:39.9999ms  delay_time:507.6µs
frame:5058/5479  totaltime:3m22.3605076s  frame time:40ms  delay_time:507.6µs
frame:5059/5479  totaltime:3m22.4005075s  frame time:39.9999ms  delay_time:507.5µs
frame:5060/5479  totaltime:3m22.4405071s  frame time:39.9996ms  delay_time:507.1µs
frame:5061/5479  totaltime:3m22.4805086s  frame time:40.0015ms  delay_time:508.6µs
frame:5062/5479  totaltime:3m22.5205072s  frame time:39.9986ms  delay_time:507.2µs
frame:5063/5479  totaltime:3m22.5605067s  frame time:39.9995ms  delay_time:506.7µs
frame:5064/5479  totaltime:3m22.6005069s  frame time:40.0002ms  delay_time:506.9µs
frame:5065/5479  totaltime:3m22.6405087s  frame time:40.0018ms  delay_time:508.7µs
frame:5066/5479  totaltime:3m22.680536s  frame time:40.0273ms  delay_time:536µs
frame:5067/5479  totaltime:3m22.7205069s  frame time:39.9709ms  delay_time:506.9µs
frame:5068/5479  totaltime:3m22.7605074s  frame time:40.0005ms  delay_time:507.4µs
frame:5069/5479  totaltime:3m22.8005067s  frame time:39.9993ms  delay_time:506.7µs
frame:5070/5479  totaltime:3m22.8405075s  frame time:40.0008ms  delay_time:507.5µs
frame:5071/5479  totaltime:3m22.8805092s  frame time:40.0017ms  delay_time:509.2µs
frame:5072/5479  totaltime:3m22.9205066s  frame time:39.9974ms  delay_time:506.6µs
frame:5073/5479  totaltime:3m22.9605068s  frame time:40.0002ms  delay_time:506.8µs
frame:5074/5479  totaltime:3m23.0005066s  frame time:39.9998ms  delay_time:506.6µs
frame:5075/5479  totaltime:3m23.0405067s  frame time:40.0001ms  delay_time:506.7µs
frame:5076/5479  totaltime:3m23.0805087s  frame time:40.002ms  delay_time:508.7µs
frame:5077/5479  totaltime:3m23.1205066s  frame time:39.9979ms  delay_time:506.6µs
frame:5078/5479  totaltime:3m23.1605068s  frame time:40.0002ms  delay_time:506.8µs
frame:5079/5479  totaltime:3m23.2005077s  frame time:40.0009ms  delay_time:507.7µs
frame:5080/5479  totaltime:3m23.2405364s  frame time:40.0287ms  delay_time:536.4µs
frame:5081/5479  totaltime:3m23.2805369s  frame time:40.0005ms  delay_time:536.9µs
frame:5082/5479  totaltime:3m23.3205066s  frame time:39.9697ms  delay_time:506.6µs
frame:5083/5479  totaltime:3m23.3605087s  frame time:40.0021ms  delay_time:508.7µs
frame:5084/5479  totaltime:3m23.4005067s  frame time:39.998ms  delay_time:506.7µs
frame:5085/5479  totaltime:3m23.4405069s  frame time:40.0002ms  delay_time:506.9µs
frame:5086/5479  totaltime:3m23.4805081s  frame time:40.0012ms  delay_time:508.1µs
frame:5087/5479  totaltime:3m23.5205066s  frame time:39.9985ms  delay_time:506.6µs
frame:5088/5479  totaltime:3m23.560507s  frame time:40.0004ms  delay_time:507µs
frame:5089/5479  totaltime:3m23.6005091s  frame time:40.0021ms  delay_time:509.1µs
frame:5090/5479  totaltime:3m23.6405369s  frame time:40.0278ms  delay_time:536.9µs
frame:5091/5479  totaltime:3m23.6805068s  frame time:39.9699ms  delay_time:506.8µs
frame:5092/5479  totaltime:3m23.7205065s  frame time:39.9997ms  delay_time:506.5µs
frame:5093/5479  totaltime:3m23.7605073s  frame time:40.0008ms  delay_time:507.3µs
frame:5094/5479  totaltime:3m23.8005123s  frame time:40.005ms  delay_time:512.3µs
frame:5095/5479  totaltime:3m23.8405073s  frame time:39.995ms  delay_time:507.3µs
frame:5096/5479  totaltime:3m23.8805087s  frame time:40.0014ms  delay_time:508.7µs
frame:5097/5479  totaltime:3m23.9205363s  frame time:40.0276ms  delay_time:536.3µs
frame:5098/5479  totaltime:3m23.9605309s  frame time:39.9946ms  delay_time:530.9µs
frame:5099/5479  totaltime:3m24.0005363s  frame time:40.0054ms  delay_time:536.3µs
frame:5100/5479  totaltime:3m24.0405362s  frame time:39.9999ms  delay_time:536.2µs
frame:5101/5479  totaltime:3m24.0805472s  frame time:40.011ms  delay_time:547.2µs
frame:5102/5479  totaltime:3m24.1205369s  frame time:39.9897ms  delay_time:536.9µs
frame:5103/5479  totaltime:3m24.1605444s  frame time:40.0075ms  delay_time:544.4µs
frame:5104/5479  totaltime:3m24.2005361s  frame time:39.9917ms  delay_time:536.1µs
frame:5105/5479  totaltime:3m24.2405346s  frame time:39.9985ms  delay_time:534.6µs
frame:5106/5479  totaltime:3m24.2805428s  frame time:40.0082ms  delay_time:542.8µs
frame:5107/5479  totaltime:3m24.3205361s  frame time:39.9933ms  delay_time:536.1µs
frame:5108/5479  totaltime:3m24.3605361s  frame time:40ms  delay_time:536.1µs
frame:5109/5479  totaltime:3m24.4005396s  frame time:40.0035ms  delay_time:539.6µs
frame:5110/5479  totaltime:3m24.44051s  frame time:39.9704ms  delay_time:510µs
frame:5111/5479  totaltime:3m24.4805387s  frame time:40.0287ms  delay_time:538.7µs
frame:5112/5479  totaltime:3m24.5205498s  frame time:40.0111ms  delay_time:549.8µs
frame:5113/5479  totaltime:3m24.560536s  frame time:39.9862ms  delay_time:536µs
frame:5114/5479  totaltime:3m24.6005429s  frame time:40.0069ms  delay_time:542.9µs
frame:5115/5479  totaltime:3m24.6405372s  frame time:39.9943ms  delay_time:537.2µs
frame:5116/5479  totaltime:3m24.6805104s  frame time:39.9732ms  delay_time:510.4µs
frame:5117/5479  totaltime:3m24.7205113s  frame time:40.0009ms  delay_time:511.3µs
frame:5118/5479  totaltime:3m24.76053s  frame time:40.0187ms  delay_time:530µs
frame:5119/5479  totaltime:3m24.8005084s  frame time:39.9784ms  delay_time:508.4µs
frame:5120/5479  totaltime:3m24.8405105s  frame time:40.0021ms  delay_time:510.5µs
frame:5121/5479  totaltime:3m24.8805331s  frame time:40.0226ms  delay_time:533.1µs
frame:5122/5479  totaltime:3m24.9205374s  frame time:40.0043ms  delay_time:537.4µs
frame:5123/5479  totaltime:3m24.9605334s  frame time:39.996ms  delay_time:533.4µs
frame:5124/5479  totaltime:3m25.000544s  frame time:40.0106ms  delay_time:544µs
frame:5125/5479  totaltime:3m25.0405368s  frame time:39.9928ms  delay_time:536.8µs
frame:5126/5479  totaltime:3m25.080511s  frame time:39.9742ms  delay_time:511µs
frame:5127/5479  totaltime:3m25.1205069s  frame time:39.9959ms  delay_time:506.9µs
frame:5128/5479  totaltime:3m25.1605345s  frame time:40.0276ms  delay_time:534.5µs
frame:5129/5479  totaltime:3m25.2005369s  frame time:40.0024ms  delay_time:536.9µs
frame:5130/5479  totaltime:3m25.24051s  frame time:39.9731ms  delay_time:510µs
frame:5131/5479  totaltime:3m25.2805362s  frame time:40.0262ms  delay_time:536.2µs
frame:5132/5479  totaltime:3m25.320508s  frame time:39.9718ms  delay_time:508µs
frame:5133/5479  totaltime:3m25.3605377s  frame time:40.0297ms  delay_time:537.7µs
frame:5134/5479  totaltime:3m25.4005429s  frame time:40.0052ms  delay_time:542.9µs
frame:5135/5479  totaltime:3m25.4405111s  frame time:39.9682ms  delay_time:511.1µs
frame:5136/5479  totaltime:3m25.4805341s  frame time:40.023ms  delay_time:534.1µs
frame:5137/5479  totaltime:3m25.5205417s  frame time:40.0076ms  delay_time:541.7µs
frame:5138/5479  totaltime:3m25.5605383s  frame time:39.9966ms  delay_time:538.3µs
frame:5139/5479  totaltime:3m25.6005303s  frame time:39.992ms  delay_time:530.3µs
frame:5140/5479  totaltime:3m25.6405361s  frame time:40.0058ms  delay_time:536.1µs
frame:5141/5479  totaltime:3m25.6805427s  frame time:40.0066ms  delay_time:542.7µs
frame:5142/5479  totaltime:3m25.7205107s  frame time:39.968ms  delay_time:510.7µs
frame:5143/5479  totaltime:3m25.7605105s  frame time:39.9998ms  delay_time:510.5µs
frame:5144/5479  totaltime:3m25.8005449s  frame time:40.0344ms  delay_time:544.9µs
frame:5145/5479  totaltime:3m25.8405375s  frame time:39.9926ms  delay_time:537.5µs
frame:5146/5479  totaltime:3m25.8805099s  frame time:39.9724ms  delay_time:509.9µs
frame:5147/5479  totaltime:3m25.9205412s  frame time:40.0313ms  delay_time:541.2µs
frame:5148/5479  totaltime:3m25.9605362s  frame time:39.995ms  delay_time:536.2µs
frame:5149/5479  totaltime:3m26.000548s  frame time:40.0118ms  delay_time:548µs
frame:5150/5479  totaltime:3m26.0405105s  frame time:39.9625ms  delay_time:510.5µs
frame:5151/5479  totaltime:3m26.0805465s  frame time:40.036ms  delay_time:546.5µs
frame:5152/5479  totaltime:3m26.1205092s  frame time:39.9627ms  delay_time:509.2µs
frame:5153/5479  totaltime:3m26.1605434s  frame time:40.0342ms  delay_time:543.4µs
frame:5154/5479  totaltime:3m26.2005291s  frame time:39.9857ms  delay_time:529.1µs
frame:5155/5479  totaltime:3m26.2405418s  frame time:40.0127ms  delay_time:541.8µs
frame:5156/5479  totaltime:3m26.2805365s  frame time:39.9947ms  delay_time:536.5µs
frame:5157/5479  totaltime:3m26.3205321s  frame time:39.9956ms  delay_time:532.1µs
frame:5158/5479  totaltime:3m26.3605073s  frame time:39.9752ms  delay_time:507.3µs
frame:5159/5479  totaltime:3m26.4005389s  frame time:40.0316ms  delay_time:538.9µs
frame:5160/5479  totaltime:3m26.4405091s  frame time:39.9702ms  delay_time:509.1µs
frame:5161/5479  totaltime:3m26.4805381s  frame time:40.029ms  delay_time:538.1µs
frame:5162/5479  totaltime:3m26.5205426s  frame time:40.0045ms  delay_time:542.6µs
frame:5163/5479  totaltime:3m26.560537s  frame time:39.9944ms  delay_time:537µs
frame:5164/5479  totaltime:3m26.6005358s  frame time:39.9988ms  delay_time:535.8µs
frame:5165/5479  totaltime:3m26.640538s  frame time:40.0022ms  delay_time:538µs
frame:5166/5479  totaltime:3m26.6805431s  frame time:40.0051ms  delay_time:543.1µs
frame:5167/5479  totaltime:3m26.7205075s  frame time:39.9644ms  delay_time:507.5µs
frame:5168/5479  totaltime:3m26.7605369s  frame time:40.0294ms  delay_time:536.9µs
frame:5169/5479  totaltime:3m26.8005365s  frame time:39.9996ms  delay_time:536.5µs
frame:5170/5479  totaltime:3m26.8405361s  frame time:39.9996ms  delay_time:536.1µs
frame:5171/5479  totaltime:3m26.8805307s  frame time:39.9946ms  delay_time:530.7µs
frame:5172/5479  totaltime:3m26.9205365s  frame time:40.0058ms  delay_time:536.5µs
frame:5173/5479  totaltime:3m26.9605325s  frame time:39.996ms  delay_time:532.5µs
frame:5174/5479  totaltime:3m27.0005368s  frame time:40.0043ms  delay_time:536.8µs
frame:5175/5479  totaltime:3m27.0405111s  frame time:39.9743ms  delay_time:511.1µs
frame:5176/5479  totaltime:3m27.0805129s  frame time:40.0018ms  delay_time:512.9µs
frame:5177/5479  totaltime:3m27.1205423s  frame time:40.0294ms  delay_time:542.3µs
frame:5178/5479  totaltime:3m27.1605084s  frame time:39.9661ms  delay_time:508.4µs
frame:5179/5479  totaltime:3m27.200543s  frame time:40.0346ms  delay_time:543µs
frame:5180/5479  totaltime:3m27.2405371s  frame time:39.9941ms  delay_time:537.1µs
frame:5181/5479  totaltime:3m27.2805362s  frame time:39.9991ms  delay_time:536.2µs
frame:5182/5479  totaltime:3m27.3205371s  frame time:40.0009ms  delay_time:537.1µs
frame:5183/5479  totaltime:3m27.360536s  frame time:39.9989ms  delay_time:536µs
frame:5184/5479  totaltime:3m27.4005427s  frame time:40.0067ms  delay_time:542.7µs
frame:5185/5479  totaltime:3m27.4405114s  frame time:39.9687ms  delay_time:511.4µs
frame:5186/5479  totaltime:3m27.4805362s  frame time:40.0248ms  delay_time:536.2µs
frame:5187/5479  totaltime:3m27.5205431s  frame time:40.0069ms  delay_time:543.1µs
frame:5188/5479  totaltime:3m27.5605428s  frame time:39.9997ms  delay_time:542.8µs
frame:5189/5479  totaltime:3m27.6005423s  frame time:39.9995ms  delay_time:542.3µs
frame:5190/5479  totaltime:3m27.6405364s  frame time:39.9941ms  delay_time:536.4µs
frame:5191/5479  totaltime:3m27.6805366s  frame time:40.0002ms  delay_time:536.6µs
frame:5192/5479  totaltime:3m27.7205424s  frame time:40.0058ms  delay_time:542.4µs
frame:5193/5479  totaltime:3m27.7605376s  frame time:39.9952ms  delay_time:537.6µs
frame:5194/5479  totaltime:3m27.800538s  frame time:40.0004ms  delay_time:538µs
frame:5195/5479  totaltime:3m27.8405371s  frame time:39.9991ms  delay_time:537.1µs
frame:5196/5479  totaltime:3m27.8805115s  frame time:39.9744ms  delay_time:511.5µs
frame:5197/5479  totaltime:3m27.9205372s  frame time:40.0257ms  delay_time:537.2µs
frame:5198/5479  totaltime:3m27.9605118s  frame time:39.9746ms  delay_time:511.8µs
frame:5199/5479  totaltime:3m28.0005376s  frame time:40.0258ms  delay_time:537.6µs
frame:5200/5479  totaltime:3m28.040536s  frame time:39.9984ms  delay_time:536µs
frame:5201/5479  totaltime:3m28.0805078s  frame time:39.9718ms  delay_time:507.8µs
frame:5202/5479  totaltime:3m28.1205367s  frame time:40.0289ms  delay_time:536.7µs
frame:5203/5479  totaltime:3m28.1605328s  frame time:39.9961ms  delay_time:532.8µs
frame:5204/5479  totaltime:3m28.2005426s  frame time:40.0098ms  delay_time:542.6µs
frame:5205/5479  totaltime:3m28.2406213s  frame time:40.0787ms  delay_time:621.3µs
frame:5206/5479  totaltime:3m28.280622s  frame time:40.0007ms  delay_time:622µs
frame:5207/5479  totaltime:3m28.3206083s  frame time:39.9863ms  delay_time:608.3µs
frame:5208/5479  totaltime:3m28.360622s  frame time:40.0137ms  delay_time:622µs
frame:5209/5479  totaltime:3m28.4006166s  frame time:39.9946ms  delay_time:616.6µs
frame:5210/5479  totaltime:3m28.4405899s  frame time:39.9733ms  delay_time:589.9µs
frame:5211/5479  totaltime:3m28.4805857s  frame time:39.9958ms  delay_time:585.7µs
frame:5212/5479  totaltime:3m28.5206219s  frame time:40.0362ms  delay_time:621.9µs
frame:5213/5479  totaltime:3m28.5605887s  frame time:39.9668ms  delay_time:588.7µs
frame:5214/5479  totaltime:3m28.6005895s  frame time:40.0008ms  delay_time:589.5µs
frame:5215/5479  totaltime:3m28.6406213s  frame time:40.0318ms  delay_time:621.3µs
frame:5216/5479  totaltime:3m28.6806161s  frame time:39.9948ms  delay_time:616.1µs
frame:5217/5479  totaltime:3m28.7205897s  frame time:39.9736ms  delay_time:589.7µs
frame:5218/5479  totaltime:3m28.7606067s  frame time:40.017ms  delay_time:606.7µs
frame:5219/5479  totaltime:3m28.8005904s  frame time:39.9837ms  delay_time:590.4µs
frame:5220/5479  totaltime:3m28.8406155s  frame time:40.0251ms  delay_time:615.5µs
frame:5221/5479  totaltime:3m28.8806218s  frame time:40.0063ms  delay_time:621.8µs
frame:5222/5479  totaltime:3m28.9206231s  frame time:40.0013ms  delay_time:623.1µs
frame:5223/5479  totaltime:3m28.9606154s  frame time:39.9923ms  delay_time:615.4µs
frame:5224/5479  totaltime:3m29.0006223s  frame time:40.0069ms  delay_time:622.3µs
frame:5225/5479  totaltime:3m29.0405893s  frame time:39.967ms  delay_time:589.3µs
frame:5226/5479  totaltime:3m29.0806222s  frame time:40.0329ms  delay_time:622.2µs
frame:5227/5479  totaltime:3m29.120622s  frame time:39.9998ms  delay_time:622µs
frame:5228/5479  totaltime:3m29.1606214s  frame time:39.9994ms  delay_time:621.4µs
frame:5229/5479  totaltime:3m29.2006219s  frame time:40.0005ms  delay_time:621.9µs
frame:5230/5479  totaltime:3m29.2405954s  frame time:39.9735ms  delay_time:595.4µs
frame:5231/5479  totaltime:3m29.2806233s  frame time:40.0279ms  delay_time:623.3µs
frame:5232/5479  totaltime:3m29.3205881s  frame time:39.9648ms  delay_time:588.1µs
frame:5233/5479  totaltime:3m29.3606218s  frame time:40.0337ms  delay_time:621.8µs
frame:5234/5479  totaltime:3m29.4006164s  frame time:39.9946ms  delay_time:616.4µs
frame:5235/5479  totaltime:3m29.4405903s  frame time:39.9739ms  delay_time:590.3µs
frame:5236/5479  totaltime:3m29.4806222s  frame time:40.0319ms  delay_time:622.2µs
frame:5237/5479  totaltime:3m29.5206156s  frame time:39.9934ms  delay_time:615.6µs
frame:5238/5479  totaltime:3m29.5606215s  frame time:40.0059ms  delay_time:621.5µs
frame:5239/5479  totaltime:3m29.6005872s  frame time:39.9657ms  delay_time:587.2µs
frame:5240/5479  totaltime:3m29.6406213s  frame time:40.0341ms  delay_time:621.3µs
frame:5241/5479  totaltime:3m29.6806208s  frame time:39.9995ms  delay_time:620.8µs
frame:5242/5479  totaltime:3m29.7205875s  frame time:39.9667ms  delay_time:587.5µs
frame:5243/5479  totaltime:3m29.7606214s  frame time:40.0339ms  delay_time:621.4µs
frame:5244/5479  totaltime:3m29.8006144s  frame time:39.993ms  delay_time:614.4µs
frame:5245/5479  totaltime:3m29.8406212s  frame time:40.0068ms  delay_time:621.2µs
frame:5246/5479  totaltime:3m29.8806215s  frame time:40.0003ms  delay_time:621.5µs
frame:5247/5479  totaltime:3m29.9206217s  frame time:40.0002ms  delay_time:621.7µs
frame:5248/5479  totaltime:3m29.9606254s  frame time:40.0037ms  delay_time:625.4µs
frame:5249/5479  totaltime:3m30.0006229s  frame time:39.9975ms  delay_time:622.9µs
frame:5250/5479  totaltime:3m30.0406135s  frame time:39.9906ms  delay_time:613.5µs
frame:5251/5479  totaltime:3m30.0805917s  frame time:39.9782ms  delay_time:591.7µs
frame:5252/5479  totaltime:3m30.1206195s  frame time:40.0278ms  delay_time:619.5µs
frame:5253/5479  totaltime:3m30.1606203s  frame time:40.0008ms  delay_time:620.3µs
frame:5254/5479  totaltime:3m30.2006246s  frame time:40.0043ms  delay_time:624.6µs
frame:5255/5479  totaltime:3m30.2406237s  frame time:39.9991ms  delay_time:623.7µs
frame:5256/5479  totaltime:3m30.280631s  frame time:40.0073ms  delay_time:631µs
frame:5257/5479  totaltime:3m30.3206149s  frame time:39.9839ms  delay_time:614.9µs
frame:5258/5479  totaltime:3m30.3606225s  frame time:40.0076ms  delay_time:622.5µs
frame:5259/5479  totaltime:3m30.4006276s  frame time:40.0051ms  delay_time:627.6µs
frame:5260/5479  totaltime:3m30.4405914s  frame time:39.9638ms  delay_time:591.4µs
frame:5261/5479  totaltime:3m30.4806217s  frame time:40.0303ms  delay_time:621.7µs
frame:5262/5479  totaltime:3m30.5205855s  frame time:39.9638ms  delay_time:585.5µs
frame:5263/5479  totaltime:3m30.5606224s  frame time:40.0369ms  delay_time:622.4µs
frame:5264/5479  totaltime:3m30.6006233s  frame time:40.0009ms  delay_time:623.3µs
frame:5265/5479  totaltime:3m30.640622s  frame time:39.9987ms  delay_time:622µs
frame:5266/5479  totaltime:3m30.6806216s  frame time:39.9996ms  delay_time:621.6µs
frame:5267/5479  totaltime:3m30.7206218s  frame time:40.0002ms  delay_time:621.8µs
frame:5268/5479  totaltime:3m30.7606218s  frame time:40ms  delay_time:621.8µs
frame:5269/5479  totaltime:3m30.8006152s  frame time:39.9934ms  delay_time:615.2µs
frame:5270/5479  totaltime:3m30.8406227s  frame time:40.0075ms  delay_time:622.7µs
frame:5271/5479  totaltime:3m30.8806205s  frame time:39.9978ms  delay_time:620.5µs
frame:5272/5479  totaltime:3m30.9205855s  frame time:39.965ms  delay_time:585.5µs
frame:5273/5479  totaltime:3m30.96062s  frame time:40.0345ms  delay_time:620µs
frame:5274/5479  totaltime:3m31.000625s  frame time:40.005ms  delay_time:625µs
frame:5275/5479  totaltime:3m31.0406215s  frame time:39.9965ms  delay_time:621.5µs
frame:5276/5479  totaltime:3m31.0805891s  frame time:39.9676ms  delay_time:589.1µs
frame:5277/5479  totaltime:3m31.1205885s  frame time:39.9994ms  delay_time:588.5µs
frame:5278/5479  totaltime:3m31.1605901s  frame time:40.0016ms  delay_time:590.1µs
frame:5279/5479  totaltime:3m31.2005886s  frame time:39.9985ms  delay_time:588.6µs
frame:5280/5479  totaltime:3m31.2406228s  frame time:40.0342ms  delay_time:622.8µs
frame:5281/5479  totaltime:3m31.2806215s  frame time:39.9987ms  delay_time:621.5µs
frame:5282/5479  totaltime:3m31.3205856s  frame time:39.9641ms  delay_time:585.6µs
frame:5283/5479  totaltime:3m31.3606289s  frame time:40.0433ms  delay_time:628.9µs
frame:5284/5479  totaltime:3m31.4006213s  frame time:39.9924ms  delay_time:621.3µs
frame:5285/5479  totaltime:3m31.4405897s  frame time:39.9684ms  delay_time:589.7µs
frame:5286/5479  totaltime:3m31.4806237s  frame time:40.034ms  delay_time:623.7µs
frame:5287/5479  totaltime:3m31.5206219s  frame time:39.9982ms  delay_time:621.9µs
frame:5288/5479  totaltime:3m31.5606154s  frame time:39.9935ms  delay_time:615.4µs
frame:5289/5479  totaltime:3m31.6006148s  frame time:39.9994ms  delay_time:614.8µs
frame:5290/5479  totaltime:3m31.6406214s  frame time:40.0066ms  delay_time:621.4µs
frame:5291/5479  totaltime:3m31.6806218s  frame time:40.0004ms  delay_time:621.8µs
frame:5292/5479  totaltime:3m31.7206221s  frame time:40.0003ms  delay_time:622.1µs
frame:5293/5479  totaltime:3m31.7606156s  frame time:39.9935ms  delay_time:615.6µs
frame:5294/5479  totaltime:3m31.800623s  frame time:40.0074ms  delay_time:623µs
frame:5295/5479  totaltime:3m31.8406218s  frame time:39.9988ms  delay_time:621.8µs
frame:5296/5479  totaltime:3m31.8806081s  frame time:39.9863ms  delay_time:608.1µs
frame:5297/5479  totaltime:3m31.920622s  frame time:40.0139ms  delay_time:622µs
frame:5298/5479  totaltime:3m31.9606224s  frame time:40.0004ms  delay_time:622.4µs
frame:5299/5479  totaltime:3m32.0006215s  frame time:39.9991ms  delay_time:621.5µs
frame:5300/5479  totaltime:3m32.0406084s  frame time:39.9869ms  delay_time:608.4µs
frame:5301/5479  totaltime:3m32.0806217s  frame time:40.0133ms  delay_time:621.7µs
frame:5302/5479  totaltime:3m32.1206157s  frame time:39.994ms  delay_time:615.7µs
frame:5303/5479  totaltime:3m32.1606267s  frame time:40.011ms  delay_time:626.7µs
frame:5304/5479  totaltime:3m32.2006226s  frame time:39.9959ms  delay_time:622.6µs
frame:5305/5479  totaltime:3m32.2406163s  frame time:39.9937ms  delay_time:616.3µs
frame:5306/5479  totaltime:3m32.2806223s  frame time:40.006ms  delay_time:622.3µs
frame:5307/5479  totaltime:3m32.3205856s  frame time:39.9633ms  delay_time:585.6µs
frame:5308/5479  totaltime:3m32.3606213s  frame time:40.0357ms  delay_time:621.3µs
frame:5309/5479  totaltime:3m32.400615s  frame time:39.9937ms  delay_time:615µs
frame:5310/5479  totaltime:3m32.4405898s  frame time:39.9748ms  delay_time:589.8µs
frame:5311/5479  totaltime:3m32.4806224s  frame time:40.0326ms  delay_time:622.4µs
frame:5312/5479  totaltime:3m32.5205889s  frame time:39.9665ms  delay_time:588.9µs
frame:5313/5479  totaltime:3m32.5606219s  frame time:40.033ms  delay_time:621.9µs
frame:5314/5479  totaltime:3m32.6005886s  frame time:39.9667ms  delay_time:588.6µs
frame:5315/5479  totaltime:3m32.6406154s  frame time:40.0268ms  delay_time:615.4µs
frame:5316/5479  totaltime:3m32.6805875s  frame time:39.9721ms  delay_time:587.5µs
frame:5317/5479  totaltime:3m32.7205876s  frame time:40.0001ms  delay_time:587.6µs
frame:5318/5479  totaltime:3m32.7605873s  frame time:39.9997ms  delay_time:587.3µs
frame:5319/5479  totaltime:3m32.8005874s  frame time:40.0001ms  delay_time:587.4µs
frame:5320/5479  totaltime:3m32.8405873s  frame time:39.9999ms  delay_time:587.3µs
frame:5321/5479  totaltime:3m32.8806198s  frame time:40.0325ms  delay_time:619.8µs
frame:5322/5479  totaltime:3m32.9205872s  frame time:39.9674ms  delay_time:587.2µs
frame:5323/5479  totaltime:3m32.9606154s  frame time:40.0282ms  delay_time:615.4µs
frame:5324/5479  totaltime:3m33.0006224s  frame time:40.007ms  delay_time:622.4µs
frame:5325/5479  totaltime:3m33.0406147s  frame time:39.9923ms  delay_time:614.7µs
frame:5326/5479  totaltime:3m33.0806104s  frame time:39.9957ms  delay_time:610.4µs
frame:5327/5479  totaltime:3m33.1206229s  frame time:40.0125ms  delay_time:622.9µs
frame:5328/5479  totaltime:3m33.1605872s  frame time:39.9643ms  delay_time:587.2µs
frame:5329/5479  totaltime:3m33.2005924s  frame time:40.0052ms  delay_time:592.4µs
frame:5330/5479  totaltime:3m33.2405915s  frame time:39.9991ms  delay_time:591.5µs
frame:5331/5479  totaltime:3m33.280595s  frame time:40.0035ms  delay_time:595µs
frame:5332/5479  totaltime:3m33.3206096s  frame time:40.0146ms  delay_time:609.6µs
frame:5333/5479  totaltime:3m33.3605872s  frame time:39.9776ms  delay_time:587.2µs
frame:5334/5479  totaltime:3m33.400589s  frame time:40.0018ms  delay_time:589µs
frame:5335/5479  totaltime:3m33.4405883s  frame time:39.9993ms  delay_time:588.3µs
frame:5336/5479  totaltime:3m33.4806216s  frame time:40.0333ms  delay_time:621.6µs
frame:5337/5479  totaltime:3m33.5206221s  frame time:40.0005ms  delay_time:622.1µs
frame:5338/5479  totaltime:3m33.560624s  frame time:40.0019ms  delay_time:624µs
frame:5339/5479  totaltime:3m33.6005879s  frame time:39.9639ms  delay_time:587.9µs
frame:5340/5479  totaltime:3m33.6406215s  frame time:40.0336ms  delay_time:621.5µs
frame:5341/5479  totaltime:3m33.6806216s  frame time:40.0001ms  delay_time:621.6µs
frame:5342/5479  totaltime:3m33.7206251s  frame time:40.0035ms  delay_time:625.1µs
frame:5343/5479  totaltime:3m33.7606215s  frame time:39.9964ms  delay_time:621.5µs
frame:5344/5479  totaltime:3m33.800589s  frame time:39.9675ms  delay_time:589µs
frame:5345/5479  totaltime:3m33.8406215s  frame time:40.0325ms  delay_time:621.5µs
frame:5346/5479  totaltime:3m33.8805899s  frame time:39.9684ms  delay_time:589.9µs
frame:5347/5479  totaltime:3m33.9206228s  frame time:40.0329ms  delay_time:622.8µs
frame:5348/5479  totaltime:3m33.9606218s  frame time:39.999ms  delay_time:621.8µs
frame:5349/5479  totaltime:3m34.0006321s  frame time:40.0103ms  delay_time:632.1µs
frame:5350/5479  totaltime:3m34.0406245s  frame time:39.9924ms  delay_time:624.5µs
frame:5351/5479  totaltime:3m34.080623s  frame time:39.9985ms  delay_time:623µs
frame:5352/5479  totaltime:3m34.1206241s  frame time:40.0011ms  delay_time:624.1µs
frame:5353/5479  totaltime:3m34.1606185s  frame time:39.9944ms  delay_time:618.5µs
frame:5354/5479  totaltime:3m34.200587s  frame time:39.9685ms  delay_time:587µs
frame:5355/5479  totaltime:3m34.2406156s  frame time:40.0286ms  delay_time:615.6µs
frame:5356/5479  totaltime:3m34.2805926s  frame time:39.977ms  delay_time:592.6µs
frame:5357/5479  totaltime:3m34.3205926s  frame time:40ms  delay_time:592.6µs
frame:5358/5479  totaltime:3m34.3605907s  frame time:39.9981ms  delay_time:590.7µs
frame:5359/5479  totaltime:3m34.4006117s  frame time:40.021ms  delay_time:611.7µs
frame:5360/5479  totaltime:3m34.4405873s  frame time:39.9756ms  delay_time:587.3µs
frame:5361/5479  totaltime:3m34.4806226s  frame time:40.0353ms  delay_time:622.6µs
frame:5362/5479  totaltime:3m34.5206185s  frame time:39.9959ms  delay_time:618.5µs
frame:5363/5479  totaltime:3m34.5606206s  frame time:40.0021ms  delay_time:620.6µs
frame:5364/5479  totaltime:3m34.600616s  frame time:39.9954ms  delay_time:616µs
frame:5365/5479  totaltime:3m34.6406152s  frame time:39.9992ms  delay_time:615.2µs
frame:5366/5479  totaltime:3m34.6805931s  frame time:39.9779ms  delay_time:593.1µs
frame:5367/5479  totaltime:3m34.7205868s  frame time:39.9937ms  delay_time:586.8µs
frame:5368/5479  totaltime:3m34.7606155s  frame time:40.0287ms  delay_time:615.5µs
frame:5369/5479  totaltime:3m34.8006229s  frame time:40.0074ms  delay_time:622.9µs
frame:5370/5479  totaltime:3m34.8406219s  frame time:39.999ms  delay_time:621.9µs
frame:5371/5479  totaltime:3m34.8805894s  frame time:39.9675ms  delay_time:589.4µs
frame:5372/5479  totaltime:3m34.9206224s  frame time:40.033ms  delay_time:622.4µs
frame:5373/5479  totaltime:3m34.9606304s  frame time:40.008ms  delay_time:630.4µs
frame:5374/5479  totaltime:3m35.0006215s  frame time:39.9911ms  delay_time:621.5µs
frame:5375/5479  totaltime:3m35.0406082s  frame time:39.9867ms  delay_time:608.2µs
frame:5376/5479  totaltime:3m35.0805915s  frame time:39.9833ms  delay_time:591.5µs
frame:5377/5479  totaltime:3m35.1205868s  frame time:39.9953ms  delay_time:586.8µs
frame:5378/5479  totaltime:3m35.1606203s  frame time:40.0335ms  delay_time:620.3µs
frame:5379/5479  totaltime:3m35.2005924s  frame time:39.9721ms  delay_time:592.4µs
frame:5380/5479  totaltime:3m35.2405857s  frame time:39.9933ms  delay_time:585.7µs
frame:5381/5479  totaltime:3m35.2806271s  frame time:40.0414ms  delay_time:627.1µs
frame:5382/5479  totaltime:3m35.3206132s  frame time:39.9861ms  delay_time:613.2µs
frame:5383/5479  totaltime:3m35.360587s  frame time:39.9738ms  delay_time:587µs
frame:5384/5479  totaltime:3m35.4006139s  frame time:40.0269ms  delay_time:613.9µs
frame:5385/5479  totaltime:3m35.440588s  frame time:39.9741ms  delay_time:588µs
frame:5386/5479  totaltime:3m35.4806124s  frame time:40.0244ms  delay_time:612.4µs
frame:5387/5479  totaltime:3m35.5206163s  frame time:40.0039ms  delay_time:616.3µs
frame:5388/5479  totaltime:3m35.5606214s  frame time:40.0051ms  delay_time:621.4µs
frame:5389/5479  totaltime:3m35.6005871s  frame time:39.9657ms  delay_time:587.1µs
frame:5390/5479  totaltime:3m35.6406214s  frame time:40.0343ms  delay_time:621.4µs
frame:5391/5479  totaltime:3m35.6806223s  frame time:40.0009ms  delay_time:622.3µs
frame:5392/5479  totaltime:3m35.720587s  frame time:39.9647ms  delay_time:587µs
frame:5393/5479  totaltime:3m35.7606237s  frame time:40.0367ms  delay_time:623.7µs
frame:5394/5479  totaltime:3m35.8005867s  frame time:39.963ms  delay_time:586.7µs
frame:5395/5479  totaltime:3m35.8405873s  frame time:40.0006ms  delay_time:587.3µs
frame:5396/5479  totaltime:3m35.8806225s  frame time:40.0352ms  delay_time:622.5µs
frame:5397/5479  totaltime:3m35.9206303s  frame time:40.0078ms  delay_time:630.3µs
frame:5398/5479  totaltime:3m35.9606215s  frame time:39.9912ms  delay_time:621.5µs
frame:5399/5479  totaltime:3m36.0006218s  frame time:40.0003ms  delay_time:621.8µs
frame:5400/5479  totaltime:3m36.0405887s  frame time:39.9669ms  delay_time:588.7µs
frame:5401/5479  totaltime:3m36.0806223s  frame time:40.0336ms  delay_time:622.3µs
frame:5402/5479  totaltime:3m36.1206218s  frame time:39.9995ms  delay_time:621.8µs
frame:5403/5479  totaltime:3m36.1606188s  frame time:39.997ms  delay_time:618.8µs
frame:5404/5479  totaltime:3m36.2005925s  frame time:39.9737ms  delay_time:592.5µs
frame:5405/5479  totaltime:3m36.2406245s  frame time:40.032ms  delay_time:624.5µs
frame:5406/5479  totaltime:3m36.2805891s  frame time:39.9646ms  delay_time:589.1µs
frame:5407/5479  totaltime:3m36.320616s  frame time:40.0269ms  delay_time:616µs
frame:5408/5479  totaltime:3m36.3605863s  frame time:39.9703ms  delay_time:586.3µs
frame:5409/5479  totaltime:3m36.4005883s  frame time:40.002ms  delay_time:588.3µs
frame:5410/5479  totaltime:3m36.4405904s  frame time:40.0021ms  delay_time:590.4µs
frame:5411/5479  totaltime:3m36.4805905s  frame time:40.0001ms  delay_time:590.5µs
frame:5412/5479  totaltime:3m36.52059s  frame time:39.9995ms  delay_time:590µs
frame:5413/5479  totaltime:3m36.5605901s  frame time:40.0001ms  delay_time:590.1µs
frame:5414/5479  totaltime:3m36.6005887s  frame time:39.9986ms  delay_time:588.7µs
frame:5415/5479  totaltime:3m36.6406238s  frame time:40.0351ms  delay_time:623.8µs
frame:5416/5479  totaltime:3m36.6805903s  frame time:39.9665ms  delay_time:590.3µs
frame:5417/5479  totaltime:3m36.7205873s  frame time:39.997ms  delay_time:587.3µs
frame:5418/5479  totaltime:3m36.760625s  frame time:40.0377ms  delay_time:625µs
frame:5419/5479  totaltime:3m36.8005888s  frame time:39.9638ms  delay_time:588.8µs
frame:5420/5479  totaltime:3m36.840628s  frame time:40.0392ms  delay_time:628µs
frame:5421/5479  totaltime:3m36.880592s  frame time:39.964ms  delay_time:592µs
frame:5422/5479  totaltime:3m36.9206157s  frame time:40.0237ms  delay_time:615.7µs
frame:5423/5479  totaltime:3m36.9606155s  frame time:39.9998ms  delay_time:615.5µs
frame:5424/5479  totaltime:3m37.0006214s  frame time:40.0059ms  delay_time:621.4µs
frame:5425/5479  totaltime:3m37.040616s  frame time:39.9946ms  delay_time:616µs
frame:5426/5479  totaltime:3m37.0806229s  frame time:40.0069ms  delay_time:622.9µs
frame:5427/5479  totaltime:3m37.1206239s  frame time:40.001ms  delay_time:623.9µs
frame:5428/5479  totaltime:3m37.1606184s  frame time:39.9945ms  delay_time:618.4µs
frame:5429/5479  totaltime:3m37.2006225s  frame time:40.0041ms  delay_time:622.5µs
frame:5430/5479  totaltime:3m37.2406162s  frame time:39.9937ms  delay_time:616.2µs
frame:5431/5479  totaltime:3m37.2806218s  frame time:40.0056ms  delay_time:621.8µs
frame:5432/5479  totaltime:3m37.3206247s  frame time:40.0029ms  delay_time:624.7µs
frame:5433/5479  totaltime:3m37.3606232s  frame time:39.9985ms  delay_time:623.2µs
frame:5434/5479  totaltime:3m37.4006228s  frame time:39.9996ms  delay_time:622.8µs
frame:5435/5479  totaltime:3m37.4405911s  frame time:39.9683ms  delay_time:591.1µs
frame:5436/5479  totaltime:3m37.4805934s  frame time:40.0023ms  delay_time:593.4µs
frame:5437/5479  totaltime:3m37.5205898s  frame time:39.9964ms  delay_time:589.8µs
frame:5438/5479  totaltime:3m37.5606218s  frame time:40.032ms  delay_time:621.8µs
frame:5439/5479  totaltime:3m37.6006237s  frame time:40.0019ms  delay_time:623.7µs
frame:5440/5479  totaltime:3m37.6406214s  frame time:39.9977ms  delay_time:621.4µs
frame:5441/5479  totaltime:3m37.68059s  frame time:39.9686ms  delay_time:590µs
frame:5442/5479  totaltime:3m37.7205899s  frame time:39.9999ms  delay_time:589.9µs
frame:5443/5479  totaltime:3m37.7606187s  frame time:40.0288ms  delay_time:618.7µs
frame:5444/5479  totaltime:3m37.8006172s  frame time:39.9985ms  delay_time:617.2µs
frame:5445/5479  totaltime:3m37.8406245s  frame time:40.0073ms  delay_time:624.5µs
frame:5446/5479  totaltime:3m37.8806162s  frame time:39.9917ms  delay_time:616.2µs
frame:5447/5479  totaltime:3m37.9206149s  frame time:39.9987ms  delay_time:614.9µs
frame:5448/5479  totaltime:3m37.9606216s  frame time:40.0067ms  delay_time:621.6µs
frame:5449/5479  totaltime:3m38.0006129s  frame time:39.9913ms  delay_time:612.9µs
frame:5450/5479  totaltime:3m38.0405856s  frame time:39.9727ms  delay_time:585.6µs
frame:5451/5479  totaltime:3m38.080625s  frame time:40.0394ms  delay_time:625µs
frame:5452/5479  totaltime:3m38.1206218s  frame time:39.9968ms  delay_time:621.8µs
frame:5453/5479  totaltime:3m38.1605899s  frame time:39.9681ms  delay_time:589.9µs
frame:5454/5479  totaltime:3m38.2006219s  frame time:40.032ms  delay_time:621.9µs
frame:5455/5479  totaltime:3m38.2406201s  frame time:39.9982ms  delay_time:620.1µs
frame:5456/5479  totaltime:3m38.2806186s  frame time:39.9985ms  delay_time:618.6µs
frame:5457/5479  totaltime:3m38.3206116s  frame time:39.993ms  delay_time:611.6µs
frame:5458/5479  totaltime:3m38.3606215s  frame time:40.0099ms  delay_time:621.5µs
frame:5459/5479  totaltime:3m38.400619s  frame time:39.9975ms  delay_time:619µs
frame:5460/5479  totaltime:3m38.4405904s  frame time:39.9714ms  delay_time:590.4µs
frame:5461/5479  totaltime:3m38.4805875s  frame time:39.9971ms  delay_time:587.5µs
frame:5462/5479  totaltime:3m38.5206237s  frame time:40.0362ms  delay_time:623.7µs
frame:5463/5479  totaltime:3m38.5605855s  frame time:39.9618ms  delay_time:585.5µs
frame:5464/5479  totaltime:3m38.6006218s  frame time:40.0363ms  delay_time:621.8µs
frame:5465/5479  totaltime:3m38.6406172s  frame time:39.9954ms  delay_time:617.2µs
frame:5466/5479  totaltime:3m38.6806238s  frame time:40.0066ms  delay_time:623.8µs
frame:5467/5479  totaltime:3m38.7206334s  frame time:40.0096ms  delay_time:633.4µs
frame:5468/5479  totaltime:3m38.7606215s  frame time:39.9881ms  delay_time:621.5µs
frame:5469/5479  totaltime:3m38.8006239s  frame time:40.0024ms  delay_time:623.9µs
frame:5470/5479  totaltime:3m38.8405873s  frame time:39.9634ms  delay_time:587.3µs
frame:5471/5479  totaltime:3m38.8805893s  frame time:40.002ms  delay_time:589.3µs
frame:5472/5479  totaltime:3m38.9206225s  frame time:40.0332ms  delay_time:622.5µs
frame:5473/5479  totaltime:3m38.9606257s  frame time:40.0032ms  delay_time:625.7µs
frame:5474/5479  totaltime:3m39.0006274s  frame time:40.0017ms  delay_time:627.4µs
frame:5475/5479  totaltime:3m39.040623s  frame time:39.9956ms  delay_time:623µs
frame:5476/5479  totaltime:3m39.0806216s  frame time:39.9986ms  delay_time:621.6µs
frame:5477/5479  totaltime:3m39.1206262s  frame time:40.0046ms  delay_time:626.2µs
frame:5478/5479  totaltime:3m39.1606237s  frame time:39.9975ms  delay_time:623.7µs
